2024.05.22 13:31:19, В системе найдена строка на сумму 2101 за 2024-03-25 от плательщика с ИНН 7207022846 и КПП 720345017 в ЭД Сведения о поступивших от юридических лиц платежах №14 от 2024-05-14 на сумму 37223581.86, соответствующий блок сообщения не будет обработан
2024.05.22 13:31:19, Строка пропущена. Связывание со входящим документом № 17 ЭД "Сведения о поступивших от юридических лиц платежах" № 14 ID = 1000224841. 
2024.05.22 13:31:19, В системе найдена строка на сумму 5161 за 2024-03-25 от плательщика с ИНН 5407051167 и КПП 720345001 в ЭД Сведения о поступивших от юридических лиц платежах №14 от 2024-05-14 на сумму 37223581.86, соответствующий блок сообщения не будет обработан
2024.05.22 13:31:19, Строка пропущена. Связывание со входящим документом № 17 ЭД "Сведения о поступивших от юридических лиц платежах" № 14 ID = 1000224841. 
2024.05.22 13:31:19, В системе найдена строка на сумму 2.11 за 2024-03-25 от плательщика с ИНН 7202186706 и КПП 720301001 в ЭД Сведения о поступивших от юридических лиц платежах №14 от 2024-05-14 на сумму 37223581.86, соответствующий блок сообщения не будет обработан
2024.05.22 13:31:19, Строка пропущена. Связывание со входящим документом № 17 ЭД "Сведения о поступивших от юридических лиц платежах" № 14 ID = 1000224841. 
2024.05.22 13:31:19, В системе найдена строка на сумму -0.12 за 2024-03-25 от плательщика с ИНН 7203277829 и КПП 720301001 в ЭД Сведения о поступивших от юридических лиц платежах №14 от 2024-05-14 на сумму 37223581.86, соответствующий блок сообщения не будет обработан
2024.05.22 13:31:19, Строка пропущена. Связывание со входящим документом № 17 ЭД "Сведения о поступивших от юридических лиц платежах" № 14 ID = 1000224841. 
2024.05.22 13:31:19, В системе найдена строка на сумму 22659 за 2024-03-25 от плательщика с ИНН 7202204070 и КПП 720301001 в ЭД Сведения о поступивших от юридических лиц платежах №14 от 2024-05-14 на сумму 37223581.86, соответствующий блок сообщения не будет обработан
2024.05.22 13:31:19, Строка пропущена. Связывание со входящим документом № 17 ЭД "Сведения о поступивших от юридических лиц платежах" № 14 ID = 1000224841. 
2024.05.22 13:31:19, В системе найдена строка на сумму 290515 за 2024-03-25 от плательщика с ИНН 7203149680 и КПП 720301001 в ЭД Сведения о поступивших от юридических лиц платежах №14 от 2024-05-14 на сумму 37223581.86, соответствующий блок сообщения не будет обработан
2024.05.22 13:31:19, Строка пропущена. Связывание со входящим документом № 17 ЭД "Сведения о поступивших от юридических лиц платежах" № 14 ID = 1000224841. 
2024.05.22 13:31:19, В системе найдена строка на сумму -3157 за 2024-03-25 от плательщика с ИНН 7203304536 и КПП 720301001 в ЭД Сведения о поступивших от юридических лиц платежах №14 от 2024-05-14 на сумму 37223581.86, соответствующий блок сообщения не будет обработан
2024.05.22 13:31:19, Строка пропущена. Связывание со входящим документом № 17 ЭД "Сведения о поступивших от юридических лиц платежах" № 14 ID = 1000224841. 
2024.05.22 13:31:19, В системе найдена строка на сумму 1443 за 2024-03-25 от плательщика с ИНН 7203375632 и КПП 720301001 в ЭД Сведения о поступивших от юридических лиц платежах №14 от 2024-05-14 на сумму 37223581.86, соответствующий блок сообщения не будет обработан
2024.05.22 13:31:19, Строка пропущена. Связывание со входящим документом № 17 ЭД "Сведения о поступивших от юридических лиц платежах" № 14 ID = 1000224841. 
2024.05.22 13:31:19, В системе найдена строка на сумму 174921 за 2024-03-25 от плательщика с ИНН 7203446266 и КПП 720301001 в ЭД Сведения о поступивших от юридических лиц платежах №14 от 2024-05-14 на сумму 37223581.86, соответствующий блок сообщения не будет обработан
2024.05.22 13:31:19, Строка пропущена. Связывание со входящим документом № 17 ЭД "Сведения о поступивших от юридических лиц платежах" № 14 ID = 1000224841. 
2024.05.22 13:31:19, В системе найдена строка на сумму 473.02 за 2024-03-25 от плательщика с ИНН 7203468044 и КПП 720301001 в ЭД Сведения о поступивших от юридических лиц платежах №14 от 2024-05-14 на сумму 37223581.86, соответствующий блок сообщения не будет обработан
2024.05.22 13:31:19, Строка пропущена. Связывание со входящим документом № 17 ЭД "Сведения о поступивших от юридических лиц платежах" № 14 ID = 1000224841. 
2024.05.22 13:31:19, В системе найдена строка на сумму 1973 за 2024-03-25 от плательщика с ИНН 7203471086 и КПП 720301001 в ЭД Сведения о поступивших от юридических лиц платежах №14 от 2024-05-14 на сумму 37223581.86, соответствующий блок сообщения не будет обработан
2024.05.22 13:31:19, Строка пропущена. Связывание со входящим документом № 17 ЭД "Сведения о поступивших от юридических лиц платежах" № 14 ID = 1000224841. 
2024.05.22 13:31:19, В системе найдена строка на сумму -29904 за 2024-03-25 от плательщика с ИНН 7203508378 и КПП 720301001 в ЭД Сведения о поступивших от юридических лиц платежах №14 от 2024-05-14 на сумму 37223581.86, соответствующий блок сообщения не будет обработан
2024.05.22 13:31:19, Строка пропущена. Связывание со входящим документом № 17 ЭД "Сведения о поступивших от юридических лиц платежах" № 14 ID = 1000224841. 
2024.05.22 13:31:19, В системе найдена строка на сумму 673 за 2024-03-25 от плательщика с ИНН 7203513201 и КПП 720301001 в ЭД Сведения о поступивших от юридических лиц платежах №14 от 2024-05-14 на сумму 37223581.86, соответствующий блок сообщения не будет обработан
2024.05.22 13:31:19, Строка пропущена. Связывание со входящим документом № 17 ЭД "Сведения о поступивших от юридических лиц платежах" № 14 ID = 1000224841. 
2024.05.22 13:31:19, В системе найдена строка на сумму 5833.94 за 2024-03-25 от плательщика с ИНН 7203537629 и КПП 720301001 в ЭД Сведения о поступивших от юридических лиц платежах №14 от 2024-05-14 на сумму 37223581.86, соответствующий блок сообщения не будет обработан
2024.05.22 13:31:19, Строка пропущена. Связывание со входящим документом № 17 ЭД "Сведения о поступивших от юридических лиц платежах" № 14 ID = 1000224841. 
2024.05.22 13:31:19, В системе найдена строка на сумму -2668 за 2024-03-25 от плательщика с ИНН 2723098376 и КПП 720343001 в ЭД Сведения о поступивших от юридических лиц платежах №14 от 2024-05-14 на сумму 37223581.86, соответствующий блок сообщения не будет обработан
2024.05.22 13:31:19, Строка пропущена. Связывание со входящим документом № 17 ЭД "Сведения о поступивших от юридических лиц платежах" № 14 ID = 1000224841. 
2024.05.22 13:31:19, В системе найдена строка на сумму 10309 за 2024-03-25 от плательщика с ИНН 7202226388 и КПП 720301001 в ЭД Сведения о поступивших от юридических лиц платежах №14 от 2024-05-14 на сумму 37223581.86, соответствующий блок сообщения не будет обработан
2024.05.22 13:31:19, Строка пропущена. Связывание со входящим документом № 17 ЭД "Сведения о поступивших от юридических лиц платежах" № 14 ID = 1000224841. 
2024.05.22 13:31:19, В системе найдена строка на сумму 695.99 за 2024-03-25 от плательщика с ИНН 7203271055 и КПП 720301001 в ЭД Сведения о поступивших от юридических лиц платежах №14 от 2024-05-14 на сумму 37223581.86, соответствующий блок сообщения не будет обработан
2024.05.22 13:31:19, Строка пропущена. Связывание со входящим документом № 17 ЭД "Сведения о поступивших от юридических лиц платежах" № 14 ID = 1000224841. 
2024.05.22 13:31:19, В системе найдена строка на сумму 451718.27 за 2024-03-25 от плательщика с ИНН 7203271182 и КПП 720301001 в ЭД Сведения о поступивших от юридических лиц платежах №14 от 2024-05-14 на сумму 37223581.86, соответствующий блок сообщения не будет обработан
2024.05.22 13:31:19, Строка пропущена. Связывание со входящим документом № 17 ЭД "Сведения о поступивших от юридических лиц платежах" № 14 ID = 1000224841. 
2024.05.22 13:31:19, В системе найдена строка на сумму -423890 за 2024-03-25 от плательщика с ИНН 2462032699 и КПП 720301001 в ЭД Сведения о поступивших от юридических лиц платежах №14 от 2024-05-14 на сумму 37223581.86, соответствующий блок сообщения не будет обработан
2024.05.22 13:31:19, Строка пропущена. Связывание со входящим документом № 17 ЭД "Сведения о поступивших от юридических лиц платежах" № 14 ID = 1000224841. 
2024.05.22 13:31:19, В системе найдена строка на сумму 0.58 за 2024-03-25 от плательщика с ИНН 7202206832 и КПП 720301001 в ЭД Сведения о поступивших от юридических лиц платежах №14 от 2024-05-14 на сумму 37223581.86, соответствующий блок сообщения не будет обработан
2024.05.22 13:31:19, Строка пропущена. Связывание со входящим документом № 17 ЭД "Сведения о поступивших от юридических лиц платежах" № 14 ID = 1000224841. 
2024.05.22 13:31:19, В системе найдена строка на сумму -22964 за 2024-03-25 от плательщика с ИНН 7202207018 и КПП 720301001 в ЭД Сведения о поступивших от юридических лиц платежах №14 от 2024-05-14 на сумму 37223581.86, соответствующий блок сообщения не будет обработан
2024.05.22 13:31:19, Строка пропущена. Связывание со входящим документом № 17 ЭД "Сведения о поступивших от юридических лиц платежах" № 14 ID = 1000224841. 
2024.05.22 13:31:19, В системе найдена строка на сумму 54122 за 2024-03-25 от плательщика с ИНН 7202230070 и КПП 720301001 в ЭД Сведения о поступивших от юридических лиц платежах №14 от 2024-05-14 на сумму 37223581.86, соответствующий блок сообщения не будет обработан
2024.05.22 13:31:19, Строка пропущена. Связывание со входящим документом № 17 ЭД "Сведения о поступивших от юридических лиц платежах" № 14 ID = 1000224841. 
2024.05.22 13:31:19, В системе найдена строка на сумму 55959 за 2024-03-25 от плательщика с ИНН 1639041210 и КПП 720345001 в ЭД Сведения о поступивших от юридических лиц платежах №14 от 2024-05-14 на сумму 37223581.86, соответствующий блок сообщения не будет обработан
2024.05.22 13:31:19, Строка пропущена. Связывание со входящим документом № 17 ЭД "Сведения о поступивших от юридических лиц платежах" № 14 ID = 1000224841. 
2024.05.22 13:31:19, В системе найдена строка на сумму 7879 за 2024-03-25 от плательщика с ИНН 7202207314 и КПП 720301001 в ЭД Сведения о поступивших от юридических лиц платежах №14 от 2024-05-14 на сумму 37223581.86, соответствующий блок сообщения не будет обработан
2024.05.22 13:31:19, Строка пропущена. Связывание со входящим документом № 17 ЭД "Сведения о поступивших от юридических лиц платежах" № 14 ID = 1000224841. 
2024.05.22 13:31:19, В системе найдена строка на сумму 52121 за 2024-03-25 от плательщика с ИНН 7203209152 и КПП 720301001 в ЭД Сведения о поступивших от юридических лиц платежах №14 от 2024-05-14 на сумму 37223581.86, соответствующий блок сообщения не будет обработан
2024.05.22 13:31:19, Строка пропущена. Связывание со входящим документом № 17 ЭД "Сведения о поступивших от юридических лиц платежах" № 14 ID = 1000224841. 
2024.05.22 13:31:19, В системе найдена строка на сумму 12249.64 за 2024-03-25 от плательщика с ИНН 8601024096 и КПП 720301001 в ЭД Сведения о поступивших от юридических лиц платежах №14 от 2024-05-14 на сумму 37223581.86, соответствующий блок сообщения не будет обработан
2024.05.22 13:31:19, Строка пропущена. Связывание со входящим документом № 17 ЭД "Сведения о поступивших от юридических лиц платежах" № 14 ID = 1000224841. 
2024.05.22 13:31:19, В системе найдена строка на сумму -13411 за 2024-03-25 от плательщика с ИНН 7203234712 и КПП 720301001 в ЭД Сведения о поступивших от юридических лиц платежах №14 от 2024-05-14 на сумму 37223581.86, соответствующий блок сообщения не будет обработан
2024.05.22 13:31:19, Строка пропущена. Связывание со входящим документом № 17 ЭД "Сведения о поступивших от юридических лиц платежах" № 14 ID = 1000224841. 
2024.05.22 13:31:19, В системе найдена строка на сумму 9418 за 2024-03-25 от плательщика с ИНН 7204120500 и КПП 720301001 в ЭД Сведения о поступивших от юридических лиц платежах №14 от 2024-05-14 на сумму 37223581.86, соответствующий блок сообщения не будет обработан
2024.05.22 13:31:19, Строка пропущена. Связывание со входящим документом № 17 ЭД "Сведения о поступивших от юридических лиц платежах" № 14 ID = 1000224841. 
2024.05.22 13:31:19, В системе найдена строка на сумму 55020.14 за 2024-03-25 от плательщика с ИНН 7202180983 и КПП 720301001 в ЭД Сведения о поступивших от юридических лиц платежах №14 от 2024-05-14 на сумму 37223581.86, соответствующий блок сообщения не будет обработан
2024.05.22 13:31:19, Строка пропущена. Связывание со входящим документом № 17 ЭД "Сведения о поступивших от юридических лиц платежах" № 14 ID = 1000224841. 
2024.05.22 13:31:19, В системе найдена строка на сумму 102049 за 2024-03-25 от плательщика с ИНН 7709828703 и КПП 720345002 в ЭД Сведения о поступивших от юридических лиц платежах №14 от 2024-05-14 на сумму 37223581.86, соответствующий блок сообщения не будет обработан
2024.05.22 13:31:19, Строка пропущена. Связывание со входящим документом № 17 ЭД "Сведения о поступивших от юридических лиц платежах" № 14 ID = 1000224841. 
2024.05.22 13:31:19, В системе найдена строка на сумму 6715 за 2024-03-25 от плательщика с ИНН 4221030378 и КПП 720345002 в ЭД Сведения о поступивших от юридических лиц платежах №14 от 2024-05-14 на сумму 37223581.86, соответствующий блок сообщения не будет обработан
2024.05.22 13:31:19, Строка пропущена. Связывание со входящим документом № 17 ЭД "Сведения о поступивших от юридических лиц платежах" № 14 ID = 1000224841. 
2024.05.22 13:31:19, В системе найдена строка на сумму 2302 за 2024-03-25 от плательщика с ИНН 7203147611 и КПП 720301001 в ЭД Сведения о поступивших от юридических лиц платежах №14 от 2024-05-14 на сумму 37223581.86, соответствующий блок сообщения не будет обработан
2024.05.22 13:31:19, Строка пропущена. Связывание со входящим документом № 17 ЭД "Сведения о поступивших от юридических лиц платежах" № 14 ID = 1000224841. 
2024.05.22 13:31:19, В системе найдена строка на сумму -23050 за 2024-03-25 от плательщика с ИНН 7203147611 и КПП 720301001 в ЭД Сведения о поступивших от юридических лиц платежах №14 от 2024-05-14 на сумму 37223581.86, соответствующий блок сообщения не будет обработан
2024.05.22 13:31:19, Строка пропущена. Связывание со входящим документом № 17 ЭД "Сведения о поступивших от юридических лиц платежах" № 14 ID = 1000224841. 
2024.05.22 13:31:19, В системе найдена строка на сумму 15152 за 2024-03-25 от плательщика с ИНН 4501146505 и КПП 720345001 в ЭД Сведения о поступивших от юридических лиц платежах №14 от 2024-05-14 на сумму 37223581.86, соответствующий блок сообщения не будет обработан
2024.05.22 13:31:19, Строка пропущена. Связывание со входящим документом № 17 ЭД "Сведения о поступивших от юридических лиц платежах" № 14 ID = 1000224841. 
2024.05.22 13:31:19, В системе найдена строка на сумму 1495 за 2024-03-25 от плательщика с ИНН 7203246490 и КПП 720301001 в ЭД Сведения о поступивших от юридических лиц платежах №14 от 2024-05-14 на сумму 37223581.86, соответствующий блок сообщения не будет обработан
2024.05.22 13:31:19, Строка пропущена. Связывание со входящим документом № 17 ЭД "Сведения о поступивших от юридических лиц платежах" № 14 ID = 1000224841. 
2024.05.22 13:31:19, В системе найдена строка на сумму 20336 за 2024-03-25 от плательщика с ИНН 5029159762 и КПП 720345006 в ЭД Сведения о поступивших от юридических лиц платежах №14 от 2024-05-14 на сумму 37223581.86, соответствующий блок сообщения не будет обработан
2024.05.22 13:31:19, Строка пропущена. Связывание со входящим документом № 17 ЭД "Сведения о поступивших от юридических лиц платежах" № 14 ID = 1000224841. 
2024.05.22 13:31:19, В системе найдена строка на сумму -30602 за 2024-03-25 от плательщика с ИНН 7202227529 и КПП 720301001 в ЭД Сведения о поступивших от юридических лиц платежах №14 от 2024-05-14 на сумму 37223581.86, соответствующий блок сообщения не будет обработан
2024.05.22 13:31:19, Строка пропущена. Связывание со входящим документом № 17 ЭД "Сведения о поступивших от юридических лиц платежах" № 14 ID = 1000224841. 
2024.05.22 13:31:19, В системе найдена строка на сумму -25816 за 2024-03-25 от плательщика с ИНН 7203271560 и КПП 720301001 в ЭД Сведения о поступивших от юридических лиц платежах №14 от 2024-05-14 на сумму 37223581.86, соответствующий блок сообщения не будет обработан
2024.05.22 13:31:19, Строка пропущена. Связывание со входящим документом № 17 ЭД "Сведения о поступивших от юридических лиц платежах" № 14 ID = 1000224841. 
2024.05.22 13:31:19, В системе найдена строка на сумму 1495 за 2024-03-25 от плательщика с ИНН 7204175410 и КПП 720301001 в ЭД Сведения о поступивших от юридических лиц платежах №14 от 2024-05-14 на сумму 37223581.86, соответствующий блок сообщения не будет обработан
2024.05.22 13:31:19, Строка пропущена. Связывание со входящим документом № 17 ЭД "Сведения о поступивших от юридических лиц платежах" № 14 ID = 1000224841. 
2024.05.22 13:31:19, В системе найдена строка на сумму 2552 за 2024-03-25 от плательщика с ИНН 7203235963 и КПП 720301001 в ЭД Сведения о поступивших от юридических лиц платежах №14 от 2024-05-14 на сумму 37223581.86, соответствующий блок сообщения не будет обработан
2024.05.22 13:31:19, Строка пропущена. Связывание со входящим документом № 17 ЭД "Сведения о поступивших от юридических лиц платежах" № 14 ID = 1000224841. 
2024.05.22 13:31:19, В системе найдена строка на сумму -15838 за 2024-03-25 от плательщика с ИНН 7202198187 и КПП 720301001 в ЭД Сведения о поступивших от юридических лиц платежах №14 от 2024-05-14 на сумму 37223581.86, соответствующий блок сообщения не будет обработан
2024.05.22 13:31:19, Строка пропущена. Связывание со входящим документом № 17 ЭД "Сведения о поступивших от юридических лиц платежах" № 14 ID = 1000224841. 
2024.05.22 13:31:19, В системе найдена строка на сумму -921.22 за 2024-03-25 от плательщика с ИНН 7203236195 и КПП 720301001 в ЭД Сведения о поступивших от юридических лиц платежах №14 от 2024-05-14 на сумму 37223581.86, соответствующий блок сообщения не будет обработан
2024.05.22 13:31:19, Строка пропущена. Связывание со входящим документом № 17 ЭД "Сведения о поступивших от юридических лиц платежах" № 14 ID = 1000224841. 
2024.05.22 13:31:19, В системе найдена строка на сумму 4338 за 2024-03-25 от плательщика с ИНН 7204178041 и КПП 720301001 в ЭД Сведения о поступивших от юридических лиц платежах №14 от 2024-05-14 на сумму 37223581.86, соответствующий блок сообщения не будет обработан
2024.05.22 13:31:19, Строка пропущена. Связывание со входящим документом № 17 ЭД "Сведения о поступивших от юридических лиц платежах" № 14 ID = 1000224841. 
2024.05.22 13:31:19, В системе найдена строка на сумму 12525 за 2024-03-25 от плательщика с ИНН 8905036819 и КПП 720301001 в ЭД Сведения о поступивших от юридических лиц платежах №14 от 2024-05-14 на сумму 37223581.86, соответствующий блок сообщения не будет обработан
2024.05.22 13:31:19, Строка пропущена. Связывание со входящим документом № 17 ЭД "Сведения о поступивших от юридических лиц платежах" № 14 ID = 1000224841. 
2024.05.22 13:31:19, В системе найдена строка на сумму 458819.61 за 2024-03-25 от плательщика с ИНН 3906134785 и КПП 720301001 в ЭД Сведения о поступивших от юридических лиц платежах №14 от 2024-05-14 на сумму 37223581.86, соответствующий блок сообщения не будет обработан
2024.05.22 13:31:19, Строка пропущена. Связывание со входящим документом № 17 ЭД "Сведения о поступивших от юридических лиц платежах" № 14 ID = 1000224841. 
2024.05.22 13:31:19, В системе найдена строка на сумму 35257 за 2024-03-25 от плательщика с ИНН 7202201351 и КПП 720301001 в ЭД Сведения о поступивших от юридических лиц платежах №14 от 2024-05-14 на сумму 37223581.86, соответствующий блок сообщения не будет обработан
2024.05.22 13:31:19, Строка пропущена. Связывание со входящим документом № 17 ЭД "Сведения о поступивших от юридических лиц платежах" № 14 ID = 1000224841. 
2024.05.22 13:31:19, В системе найдена строка на сумму 50386 за 2024-03-25 от плательщика с ИНН 7203241068 и КПП 720301001 в ЭД Сведения о поступивших от юридических лиц платежах №14 от 2024-05-14 на сумму 37223581.86, соответствующий блок сообщения не будет обработан
2024.05.22 13:31:19, Строка пропущена. Связывание со входящим документом № 17 ЭД "Сведения о поступивших от юридических лиц платежах" № 14 ID = 1000224841. 
2024.05.22 13:31:19, В системе найдена строка на сумму 3367 за 2024-03-25 от плательщика с ИНН 7204178764 и КПП 720301001 в ЭД Сведения о поступивших от юридических лиц платежах №14 от 2024-05-14 на сумму 37223581.86, соответствующий блок сообщения не будет обработан
2024.05.22 13:31:19, Строка пропущена. Связывание со входящим документом № 17 ЭД "Сведения о поступивших от юридических лиц платежах" № 14 ID = 1000224841. 
2024.05.22 13:31:19, В системе найдена строка на сумму 28395 за 2024-03-25 от плательщика с ИНН 7104516875 и КПП 713045001 в ЭД Сведения о поступивших от юридических лиц платежах №14 от 2024-05-14 на сумму 37223581.86, соответствующий блок сообщения не будет обработан
2024.05.22 13:31:19, Строка пропущена. Связывание со входящим документом № 17 ЭД "Сведения о поступивших от юридических лиц платежах" № 14 ID = 1000224841. 
2024.05.22 13:31:19, В системе найдена строка на сумму -85 за 2024-03-25 от плательщика с ИНН 7202224133 и КПП 720301001 в ЭД Сведения о поступивших от юридических лиц платежах №14 от 2024-05-14 на сумму 37223581.86, соответствующий блок сообщения не будет обработан
2024.05.22 13:31:19, Строка пропущена. Связывание со входящим документом № 17 ЭД "Сведения о поступивших от юридических лиц платежах" № 14 ID = 1000224841. 
2024.05.22 13:31:19, В системе найдена строка на сумму 24344.09 за 2024-03-25 от плательщика с ИНН 7202210846 и КПП 720301001 в ЭД Сведения о поступивших от юридических лиц платежах №14 от 2024-05-14 на сумму 37223581.86, соответствующий блок сообщения не будет обработан
2024.05.22 13:31:19, Строка пропущена. Связывание со входящим документом № 17 ЭД "Сведения о поступивших от юридических лиц платежах" № 14 ID = 1000224841. 
2024.05.22 13:31:19, В системе найдена строка на сумму 22463 за 2024-03-25 от плательщика с ИНН 7204177418 и КПП 720301001 в ЭД Сведения о поступивших от юридических лиц платежах №14 от 2024-05-14 на сумму 37223581.86, соответствующий блок сообщения не будет обработан
2024.05.22 13:31:19, Строка пропущена. Связывание со входящим документом № 17 ЭД "Сведения о поступивших от юридических лиц платежах" № 14 ID = 1000224841. 
2024.05.22 13:31:19, В системе найдена строка на сумму 13.01 за 2024-03-25 от плательщика с ИНН 7203249780 и КПП 720301001 в ЭД Сведения о поступивших от юридических лиц платежах №14 от 2024-05-14 на сумму 37223581.86, соответствующий блок сообщения не будет обработан
2024.05.22 13:31:19, Строка пропущена. Связывание со входящим документом № 17 ЭД "Сведения о поступивших от юридических лиц платежах" № 14 ID = 1000224841. 
2024.05.22 13:31:19, В системе найдена строка на сумму 3299.22 за 2024-03-25 от плательщика с ИНН 7204175629 и КПП 720301001 в ЭД Сведения о поступивших от юридических лиц платежах №14 от 2024-05-14 на сумму 37223581.86, соответствующий блок сообщения не будет обработан
2024.05.22 13:31:19, Строка пропущена. Связывание со входящим документом № 17 ЭД "Сведения о поступивших от юридических лиц платежах" № 14 ID = 1000224841. 
2024.05.22 13:31:19, В системе найдена строка на сумму 220814 за 2024-03-25 от плательщика с ИНН 6678002197 и КПП 720345001 в ЭД Сведения о поступивших от юридических лиц платежах №14 от 2024-05-14 на сумму 37223581.86, соответствующий блок сообщения не будет обработан
2024.05.22 13:31:19, Строка пропущена. Связывание со входящим документом № 17 ЭД "Сведения о поступивших от юридических лиц платежах" № 14 ID = 1000224841. 
2024.05.22 13:31:19, В системе найдена строка на сумму 70500 за 2024-03-25 от плательщика с ИНН 7202201136 и КПП 720301001 в ЭД Сведения о поступивших от юридических лиц платежах №14 от 2024-05-14 на сумму 37223581.86, соответствующий блок сообщения не будет обработан
2024.05.22 13:31:19, Строка пропущена. Связывание со входящим документом № 17 ЭД "Сведения о поступивших от юридических лиц платежах" № 14 ID = 1000224841. 
2024.05.22 13:31:19, В системе найдена строка на сумму -45448 за 2024-03-25 от плательщика с ИНН 7202201217 и КПП 720301001 в ЭД Сведения о поступивших от юридических лиц платежах №14 от 2024-05-14 на сумму 37223581.86, соответствующий блок сообщения не будет обработан
2024.05.22 13:31:19, Строка пропущена. Связывание со входящим документом № 17 ЭД "Сведения о поступивших от юридических лиц платежах" № 14 ID = 1000224841. 
2024.05.22 13:31:19, В системе найдена строка на сумму 27504.86 за 2024-03-25 от плательщика с ИНН 7203240770 и КПП 720301001 в ЭД Сведения о поступивших от юридических лиц платежах №14 от 2024-05-14 на сумму 37223581.86, соответствующий блок сообщения не будет обработан
2024.05.22 13:31:19, Строка пропущена. Связывание со входящим документом № 17 ЭД "Сведения о поступивших от юридических лиц платежах" № 14 ID = 1000224841. 
2024.05.22 13:31:19, В системе найдена строка на сумму 9632 за 2024-03-25 от плательщика с ИНН 7202170086 и КПП 720301001 в ЭД Сведения о поступивших от юридических лиц платежах №14 от 2024-05-14 на сумму 37223581.86, соответствующий блок сообщения не будет обработан
2024.05.22 13:31:19, Строка пропущена. Связывание со входящим документом № 17 ЭД "Сведения о поступивших от юридических лиц платежах" № 14 ID = 1000224841. 
2024.05.22 13:31:19, В системе найдена строка на сумму 413.95 за 2024-03-25 от плательщика с ИНН 7204117673 и КПП 720301001 в ЭД Сведения о поступивших от юридических лиц платежах №14 от 2024-05-14 на сумму 37223581.86, соответствующий блок сообщения не будет обработан
2024.05.22 13:31:19, Строка пропущена. Связывание со входящим документом № 17 ЭД "Сведения о поступивших от юридических лиц платежах" № 14 ID = 1000224841. 
2024.05.22 13:31:19, В системе найдена строка на сумму 79 за 2024-03-25 от плательщика с ИНН 7204117673 и КПП 720301001 в ЭД Сведения о поступивших от юридических лиц платежах №14 от 2024-05-14 на сумму 37223581.86, соответствующий блок сообщения не будет обработан
2024.05.22 13:31:19, Строка пропущена. Связывание со входящим документом № 17 ЭД "Сведения о поступивших от юридических лиц платежах" № 14 ID = 1000224841. 
2024.05.22 13:31:19, В системе найдена строка на сумму 9851 за 2024-03-25 от плательщика с ИНН 8603132121 и КПП 720301001 в ЭД Сведения о поступивших от юридических лиц платежах №14 от 2024-05-14 на сумму 37223581.86, соответствующий блок сообщения не будет обработан
2024.05.22 13:31:19, Строка пропущена. Связывание со входящим документом № 17 ЭД "Сведения о поступивших от юридических лиц платежах" № 14 ID = 1000224841. 
2024.05.22 13:31:19, В системе найдена строка на сумму 2078 за 2024-03-25 от плательщика с ИНН 7204158623 и КПП 720301001 в ЭД Сведения о поступивших от юридических лиц платежах №14 от 2024-05-14 на сумму 37223581.86, соответствующий блок сообщения не будет обработан
2024.05.22 13:31:19, Строка пропущена. Связывание со входящим документом № 17 ЭД "Сведения о поступивших от юридических лиц платежах" № 14 ID = 1000224841. 
2024.05.22 13:31:19, В системе найдена строка на сумму 1144 за 2024-03-25 от плательщика с ИНН 7202211938 и КПП 720301001 в ЭД Сведения о поступивших от юридических лиц платежах №14 от 2024-05-14 на сумму 37223581.86, соответствующий блок сообщения не будет обработан
2024.05.22 13:31:19, Строка пропущена. Связывание со входящим документом № 17 ЭД "Сведения о поступивших от юридических лиц платежах" № 14 ID = 1000224841. 
2024.05.22 13:31:26, Добавление строки. Связывание со входящим документом № 17 ЭД "Сведения о поступивших от юридических лиц платежах" № 14 ID= 1000224841. 
2024.05.22 13:31:26, В системе найдена строка на сумму -38937 за 2024-03-25 от плательщика с ИНН 7202166940 и КПП 720301001 в ЭД Сведения о поступивших от юридических лиц платежах №14 от 2024-05-14 на сумму 37263581.86, соответствующий блок сообщения не будет обработан
2024.05.22 13:31:26, Строка пропущена. Связывание со входящим документом № 17 ЭД "Сведения о поступивших от юридических лиц платежах" № 14 ID = 1000224841. 
2024.05.22 13:31:26, В системе найдена строка на сумму -347082 за 2024-03-25 от плательщика с ИНН 5407474910 и КПП 720345001 в ЭД Сведения о поступивших от юридических лиц платежах №14 от 2024-05-14 на сумму 37263581.86, соответствующий блок сообщения не будет обработан
2024.05.22 13:31:26, Строка пропущена. Связывание со входящим документом № 17 ЭД "Сведения о поступивших от юридических лиц платежах" № 14 ID = 1000224841. 
2024.05.22 13:31:26, В системе найдена строка на сумму -25493 за 2024-03-25 от плательщика с ИНН 7202233314 и КПП 720301001 в ЭД Сведения о поступивших от юридических лиц платежах №14 от 2024-05-14 на сумму 37263581.86, соответствующий блок сообщения не будет обработан
2024.05.22 13:31:26, Строка пропущена. Связывание со входящим документом № 17 ЭД "Сведения о поступивших от юридических лиц платежах" № 14 ID = 1000224841. 
2024.05.22 13:31:26, В системе найдена строка на сумму 647.04 за 2024-03-25 от плательщика с ИНН 7203202196 и КПП 720301001 в ЭД Сведения о поступивших от юридических лиц платежах №14 от 2024-05-14 на сумму 37263581.86, соответствующий блок сообщения не будет обработан
2024.05.22 13:31:26, Строка пропущена. Связывание со входящим документом № 17 ЭД "Сведения о поступивших от юридических лиц платежах" № 14 ID = 1000224841. 
2024.05.22 13:31:26, В системе найдена строка на сумму 200000 за 2024-03-25 от плательщика с ИНН 7202125647 и КПП 720301001 в ЭД Сведения о поступивших от юридических лиц платежах №14 от 2024-05-14 на сумму 37263581.86, соответствующий блок сообщения не будет обработан
2024.05.22 13:31:26, Строка пропущена. Связывание со входящим документом № 17 ЭД "Сведения о поступивших от юридических лиц платежах" № 14 ID = 1000224841. 
2024.05.22 13:31:26, В системе найдена строка на сумму 4406 за 2024-03-25 от плательщика с ИНН 7202125735 и КПП 720301001 в ЭД Сведения о поступивших от юридических лиц платежах №14 от 2024-05-14 на сумму 37263581.86, соответствующий блок сообщения не будет обработан
2024.05.22 13:31:26, Строка пропущена. Связывание со входящим документом № 17 ЭД "Сведения о поступивших от юридических лиц платежах" № 14 ID = 1000224841. 
2024.05.22 13:31:26, В системе найдена строка на сумму 20.02 за 2024-03-25 от плательщика с ИНН 7202125735 и КПП 720301001 в ЭД Сведения о поступивших от юридических лиц платежах №14 от 2024-05-14 на сумму 37263581.86, соответствующий блок сообщения не будет обработан
2024.05.22 13:31:26, Строка пропущена. Связывание со входящим документом № 17 ЭД "Сведения о поступивших от юридических лиц платежах" № 14 ID = 1000224841. 
2024.05.22 13:31:26, В системе найдена строка на сумму 2765 за 2024-03-25 от плательщика с ИНН 7202147827 и КПП 720301001 в ЭД Сведения о поступивших от юридических лиц платежах №14 от 2024-05-14 на сумму 37263581.86, соответствующий блок сообщения не будет обработан
2024.05.22 13:31:26, Строка пропущена. Связывание со входящим документом № 17 ЭД "Сведения о поступивших от юридических лиц платежах" № 14 ID = 1000224841. 
2024.05.22 13:31:26, В системе найдена строка на сумму 3885 за 2024-03-25 от плательщика с ИНН 7203181556 и КПП 720301001 в ЭД Сведения о поступивших от юридических лиц платежах №14 от 2024-05-14 на сумму 37263581.86, соответствующий блок сообщения не будет обработан
2024.05.22 13:31:26, Строка пропущена. Связывание со входящим документом № 17 ЭД "Сведения о поступивших от юридических лиц платежах" № 14 ID = 1000224841. 
2024.05.22 13:31:26, В системе найдена строка на сумму 28967.14 за 2024-03-25 от плательщика с ИНН 7204102500 и КПП 720301001 в ЭД Сведения о поступивших от юридических лиц платежах №14 от 2024-05-14 на сумму 37263581.86, соответствующий блок сообщения не будет обработан
2024.05.22 13:31:26, Строка пропущена. Связывание со входящим документом № 17 ЭД "Сведения о поступивших от юридических лиц платежах" № 14 ID = 1000224841. 
2024.05.22 13:31:26, В системе найдена строка на сумму 18095 за 2024-03-25 от плательщика с ИНН 7204157330 и КПП 720301001 в ЭД Сведения о поступивших от юридических лиц платежах №14 от 2024-05-14 на сумму 37263581.86, соответствующий блок сообщения не будет обработан
2024.05.22 13:31:26, Строка пропущена. Связывание со входящим документом № 17 ЭД "Сведения о поступивших от юридических лиц платежах" № 14 ID = 1000224841. 
2024.05.22 13:31:26, В системе найдена строка на сумму 2706 за 2024-03-25 от плательщика с ИНН 7203149961 и КПП 720301001 в ЭД Сведения о поступивших от юридических лиц платежах №14 от 2024-05-14 на сумму 37263581.86, соответствующий блок сообщения не будет обработан
2024.05.22 13:31:26, Строка пропущена. Связывание со входящим документом № 17 ЭД "Сведения о поступивших от юридических лиц платежах" № 14 ID = 1000224841. 
2024.05.22 13:31:26, В системе найдена строка на сумму -31 за 2024-03-25 от плательщика с ИНН 7203150100 и КПП 720301001 в ЭД Сведения о поступивших от юридических лиц платежах №14 от 2024-05-14 на сумму 37263581.86, соответствующий блок сообщения не будет обработан
2024.05.22 13:31:26, Строка пропущена. Связывание со входящим документом № 17 ЭД "Сведения о поступивших от юридических лиц платежах" № 14 ID = 1000224841. 
2024.05.22 13:31:26, В системе найдена строка на сумму 518 за 2024-03-25 от плательщика с ИНН 7202127394 и КПП 720301001 в ЭД Сведения о поступивших от юридических лиц платежах №14 от 2024-05-14 на сумму 37263581.86, соответствующий блок сообщения не будет обработан
2024.05.22 13:31:26, Строка пропущена. Связывание со входящим документом № 17 ЭД "Сведения о поступивших от юридических лиц платежах" № 14 ID = 1000224841. 
2024.05.22 13:31:26, В системе найдена строка на сумму -11738.83 за 2024-03-25 от плательщика с ИНН 7204084594 и КПП 720301001 в ЭД Сведения о поступивших от юридических лиц платежах №14 от 2024-05-14 на сумму 37263581.86, соответствующий блок сообщения не будет обработан
2024.05.22 13:31:26, Строка пропущена. Связывание со входящим документом № 17 ЭД "Сведения о поступивших от юридических лиц платежах" № 14 ID = 1000224841. 
2024.05.22 13:31:26, В системе найдена строка на сумму 201270 за 2024-03-25 от плательщика с ИНН 7224032562 и КПП 720301001 в ЭД Сведения о поступивших от юридических лиц платежах №14 от 2024-05-14 на сумму 37263581.86, соответствующий блок сообщения не будет обработан
2024.05.22 13:31:26, Строка пропущена. Связывание со входящим документом № 17 ЭД "Сведения о поступивших от юридических лиц платежах" № 14 ID = 1000224841. 
2024.05.22 13:31:26, В системе найдена строка на сумму 13545 за 2024-03-25 от плательщика с ИНН 7224032587 и КПП 720301001 в ЭД Сведения о поступивших от юридических лиц платежах №14 от 2024-05-14 на сумму 37263581.86, соответствующий блок сообщения не будет обработан
2024.05.22 13:31:26, Строка пропущена. Связывание со входящим документом № 17 ЭД "Сведения о поступивших от юридических лиц платежах" № 14 ID = 1000224841. 
2024.05.22 13:31:26, В системе найдена строка на сумму -95397.85 за 2024-03-25 от плательщика с ИНН 7202148740 и КПП 720301001 в ЭД Сведения о поступивших от юридических лиц платежах №14 от 2024-05-14 на сумму 37263581.86, соответствующий блок сообщения не будет обработан
2024.05.22 13:31:26, Строка пропущена. Связывание со входящим документом № 17 ЭД "Сведения о поступивших от юридических лиц платежах" № 14 ID = 1000224841. 
2024.05.22 13:31:26, В системе найдена строка на сумму 3439 за 2024-03-25 от плательщика с ИНН 7203151858 и КПП 720301001 в ЭД Сведения о поступивших от юридических лиц платежах №14 от 2024-05-14 на сумму 37263581.86, соответствующий блок сообщения не будет обработан
2024.05.22 13:31:26, Строка пропущена. Связывание со входящим документом № 17 ЭД "Сведения о поступивших от юридических лиц платежах" № 14 ID = 1000224841. 
2024.05.22 13:31:26, В системе найдена строка на сумму 620166 за 2024-03-25 от плательщика с ИНН 7202148796 и КПП 720301001 в ЭД Сведения о поступивших от юридических лиц платежах №14 от 2024-05-14 на сумму 37263581.86, соответствующий блок сообщения не будет обработан
2024.05.22 13:31:26, Строка пропущена. Связывание со входящим документом № 17 ЭД "Сведения о поступивших от юридических лиц платежах" № 14 ID = 1000224841. 
2024.05.22 13:31:26, В системе найдена строка на сумму 1880 за 2024-03-25 от плательщика с ИНН 7203151985 и КПП 720301001 в ЭД Сведения о поступивших от юридических лиц платежах №14 от 2024-05-14 на сумму 37263581.86, соответствующий блок сообщения не будет обработан
2024.05.22 13:31:26, Строка пропущена. Связывание со входящим документом № 17 ЭД "Сведения о поступивших от юридических лиц платежах" № 14 ID = 1000224841. 
2024.05.22 13:31:26, В системе найдена строка на сумму 21642 за 2024-03-25 от плательщика с ИНН 7203091493 и КПП 720301001 в ЭД Сведения о поступивших от юридических лиц платежах №14 от 2024-05-14 на сумму 37263581.86, соответствующий блок сообщения не будет обработан
2024.05.22 13:31:26, Строка пропущена. Связывание со входящим документом № 17 ЭД "Сведения о поступивших от юридических лиц платежах" № 14 ID = 1000224841. 
2024.05.22 13:31:26, В системе найдена строка на сумму 2217 за 2024-03-25 от плательщика с ИНН 7204100013 и КПП 720301001 в ЭД Сведения о поступивших от юридических лиц платежах №14 от 2024-05-14 на сумму 37263581.86, соответствующий блок сообщения не будет обработан
2024.05.22 13:31:26, Строка пропущена. Связывание со входящим документом № 17 ЭД "Сведения о поступивших от юридических лиц платежах" № 14 ID = 1000224841. 
2024.05.22 13:31:26, В системе найдена строка на сумму 150 за 2024-03-25 от плательщика с ИНН 7203183031 и КПП 720301001 в ЭД Сведения о поступивших от юридических лиц платежах №14 от 2024-05-14 на сумму 37263581.86, соответствующий блок сообщения не будет обработан
2024.05.22 13:31:26, Строка пропущена. Связывание со входящим документом № 17 ЭД "Сведения о поступивших от юридических лиц платежах" № 14 ID = 1000224841. 
2024.05.22 13:31:26, В системе найдена строка на сумму 6563 за 2024-03-25 от плательщика с ИНН 7204086633 и КПП 720301001 в ЭД Сведения о поступивших от юридических лиц платежах №14 от 2024-05-14 на сумму 37263581.86, соответствующий блок сообщения не будет обработан
2024.05.22 13:31:26, Строка пропущена. Связывание со входящим документом № 17 ЭД "Сведения о поступивших от юридических лиц платежах" № 14 ID = 1000224841. 
2024.05.22 13:31:26, В системе найдена строка на сумму 32.95 за 2024-03-25 от плательщика с ИНН 7202153690 и КПП 720301001 в ЭД Сведения о поступивших от юридических лиц платежах №14 от 2024-05-14 на сумму 37263581.86, соответствующий блок сообщения не будет обработан
2024.05.22 13:31:26, Строка пропущена. Связывание со входящим документом № 17 ЭД "Сведения о поступивших от юридических лиц платежах" № 14 ID = 1000224841. 
2024.05.22 13:31:26, В системе найдена строка на сумму 16328 за 2024-03-25 от плательщика с ИНН 7203178031 и КПП 720301001 в ЭД Сведения о поступивших от юридических лиц платежах №14 от 2024-05-14 на сумму 37263581.86, соответствующий блок сообщения не будет обработан
2024.05.22 13:31:26, Строка пропущена. Связывание со входящим документом № 17 ЭД "Сведения о поступивших от юридических лиц платежах" № 14 ID = 1000224841. 
2024.05.22 13:31:26, В системе найдена строка на сумму 2250 за 2024-03-25 от плательщика с ИНН 7202153806 и КПП 720301001 в ЭД Сведения о поступивших от юридических лиц платежах №14 от 2024-05-14 на сумму 37263581.86, соответствующий блок сообщения не будет обработан
2024.05.22 13:31:26, Строка пропущена. Связывание со входящим документом № 17 ЭД "Сведения о поступивших от юридических лиц платежах" № 14 ID = 1000224841. 
2024.05.22 13:31:26, В системе найдена строка на сумму 20445 за 2024-03-25 от плательщика с ИНН 7202154285 и КПП 720301001 в ЭД Сведения о поступивших от юридических лиц платежах №14 от 2024-05-14 на сумму 37263581.86, соответствующий блок сообщения не будет обработан
2024.05.22 13:31:26, Строка пропущена. Связывание со входящим документом № 17 ЭД "Сведения о поступивших от юридических лиц платежах" № 14 ID = 1000224841. 
2024.05.22 13:31:26, В системе найдена строка на сумму 56573 за 2024-03-25 от плательщика с ИНН 7202131143 и КПП 720301001 в ЭД Сведения о поступивших от юридических лиц платежах №14 от 2024-05-14 на сумму 37263581.86, соответствующий блок сообщения не будет обработан
2024.05.22 13:31:26, Строка пропущена. Связывание со входящим документом № 17 ЭД "Сведения о поступивших от юридических лиц платежах" № 14 ID = 1000224841. 
2024.05.22 13:31:26, В системе найдена строка на сумму -2132 за 2024-03-25 от плательщика с ИНН 7204087267 и КПП 720301001 в ЭД Сведения о поступивших от юридических лиц платежах №14 от 2024-05-14 на сумму 37263581.86, соответствующий блок сообщения не будет обработан
2024.05.22 13:31:26, Строка пропущена. Связывание со входящим документом № 17 ЭД "Сведения о поступивших от юридических лиц платежах" № 14 ID = 1000224841. 
2024.05.22 13:31:26, В системе найдена строка на сумму 2693.69 за 2024-03-25 от плательщика с ИНН 7202104206 и КПП 720301001 в ЭД Сведения о поступивших от юридических лиц платежах №14 от 2024-05-14 на сумму 37263581.86, соответствующий блок сообщения не будет обработан
2024.05.22 13:31:26, Строка пропущена. Связывание со входящим документом № 17 ЭД "Сведения о поступивших от юридических лиц платежах" № 14 ID = 1000224841. 
2024.05.22 13:31:26, В системе найдена строка на сумму 3556 за 2024-03-25 от плательщика с ИНН 7203249388 и КПП 720301001 в ЭД Сведения о поступивших от юридических лиц платежах №14 от 2024-05-14 на сумму 37263581.86, соответствующий блок сообщения не будет обработан
2024.05.22 13:31:26, Строка пропущена. Связывание со входящим документом № 17 ЭД "Сведения о поступивших от юридических лиц платежах" № 14 ID = 1000224841. 
2024.05.22 13:31:26, В системе найдена строка на сумму 6429 за 2024-03-25 от плательщика с ИНН 7734266705 и КПП 720345001 в ЭД Сведения о поступивших от юридических лиц платежах №14 от 2024-05-14 на сумму 37263581.86, соответствующий блок сообщения не будет обработан
2024.05.22 13:31:26, Строка пропущена. Связывание со входящим документом № 17 ЭД "Сведения о поступивших от юридических лиц платежах" № 14 ID = 1000224841. 
2024.05.22 13:31:26, В системе найдена строка на сумму 5770 за 2024-03-25 от плательщика с ИНН 7202209738 и КПП 720301001 в ЭД Сведения о поступивших от юридических лиц платежах №14 от 2024-05-14 на сумму 37263581.86, соответствующий блок сообщения не будет обработан
2024.05.22 13:31:26, Строка пропущена. Связывание со входящим документом № 17 ЭД "Сведения о поступивших от юридических лиц платежах" № 14 ID = 1000224841. 
2024.05.22 13:31:26, В системе найдена строка на сумму 9128 за 2024-03-25 от плательщика с ИНН 7203249067 и КПП 720301001 в ЭД Сведения о поступивших от юридических лиц платежах №14 от 2024-05-14 на сумму 37263581.86, соответствующий блок сообщения не будет обработан
2024.05.22 13:31:26, Строка пропущена. Связывание со входящим документом № 17 ЭД "Сведения о поступивших от юридических лиц платежах" № 14 ID = 1000224841. 
2024.05.22 13:31:26, В системе найдена строка на сумму 4443 за 2024-03-25 от плательщика с ИНН 7203173234 и КПП 720301001 в ЭД Сведения о поступивших от юридических лиц платежах №14 от 2024-05-14 на сумму 37263581.86, соответствующий блок сообщения не будет обработан
2024.05.22 13:31:26, Строка пропущена. Связывание со входящим документом № 17 ЭД "Сведения о поступивших от юридических лиц платежах" № 14 ID = 1000224841. 
2024.05.22 13:31:26, В системе найдена строка на сумму 220570 за 2024-03-25 от плательщика с ИНН 7203173280 и КПП 720301001 в ЭД Сведения о поступивших от юридических лиц платежах №14 от 2024-05-14 на сумму 37263581.86, соответствующий блок сообщения не будет обработан
2024.05.22 13:31:26, Строка пропущена. Связывание со входящим документом № 17 ЭД "Сведения о поступивших от юридических лиц платежах" № 14 ID = 1000224841. 
2024.05.22 13:31:26, В системе найдена строка на сумму 14985 за 2024-03-25 от плательщика с ИНН 7204125949 и КПП 720301001 в ЭД Сведения о поступивших от юридических лиц платежах №14 от 2024-05-14 на сумму 37263581.86, соответствующий блок сообщения не будет обработан
2024.05.22 13:31:26, Строка пропущена. Связывание со входящим документом № 17 ЭД "Сведения о поступивших от юридических лиц платежах" № 14 ID = 1000224841. 
2024.05.22 13:31:26, В системе найдена строка на сумму 860 за 2024-03-25 от плательщика с ИНН 7203180898 и КПП 720301001 в ЭД Сведения о поступивших от юридических лиц платежах №14 от 2024-05-14 на сумму 37263581.86, соответствующий блок сообщения не будет обработан
2024.05.22 13:31:26, Строка пропущена. Связывание со входящим документом № 17 ЭД "Сведения о поступивших от юридических лиц платежах" № 14 ID = 1000224841. 
2024.05.22 13:31:26, В системе найдена строка на сумму -13519.5 за 2024-03-25 от плательщика с ИНН 7204152205 и КПП 720301001 в ЭД Сведения о поступивших от юридических лиц платежах №14 от 2024-05-14 на сумму 37263581.86, соответствующий блок сообщения не будет обработан
2024.05.22 13:31:26, Строка пропущена. Связывание со входящим документом № 17 ЭД "Сведения о поступивших от юридических лиц платежах" № 14 ID = 1000224841. 
2024.05.22 13:31:26, В системе найдена строка на сумму 18215.14 за 2024-03-25 от плательщика с ИНН 7418019828 и КПП 720301001 в ЭД Сведения о поступивших от юридических лиц платежах №14 от 2024-05-14 на сумму 37263581.86, соответствующий блок сообщения не будет обработан
2024.05.22 13:31:26, Строка пропущена. Связывание со входящим документом № 17 ЭД "Сведения о поступивших от юридических лиц платежах" № 14 ID = 1000224841. 
2024.05.22 13:31:26, В системе найдена строка на сумму 9297 за 2024-03-25 от плательщика с ИНН 5029159762 и КПП 720345005 в ЭД Сведения о поступивших от юридических лиц платежах №14 от 2024-05-14 на сумму 37263581.86, соответствующий блок сообщения не будет обработан
2024.05.22 13:31:26, Строка пропущена. Связывание со входящим документом № 17 ЭД "Сведения о поступивших от юридических лиц платежах" № 14 ID = 1000224841. 
2024.05.22 13:31:26, В системе найдена строка на сумму 5054 за 2024-03-25 от плательщика с ИНН 7202227529 и КПП 720301001 в ЭД Сведения о поступивших от юридических лиц платежах №14 от 2024-05-14 на сумму 37263581.86, соответствующий блок сообщения не будет обработан
2024.05.22 13:31:26, Строка пропущена. Связывание со входящим документом № 17 ЭД "Сведения о поступивших от юридических лиц платежах" № 14 ID = 1000224841. 
2024.05.22 13:31:26, В системе найдена строка на сумму 154 за 2024-03-25 от плательщика с ИНН 5260270696 и КПП 720343001 в ЭД Сведения о поступивших от юридических лиц платежах №14 от 2024-05-14 на сумму 37263581.86, соответствующий блок сообщения не будет обработан
2024.05.22 13:31:26, Строка пропущена. Связывание со входящим документом № 17 ЭД "Сведения о поступивших от юридических лиц платежах" № 14 ID = 1000224841. 
2024.05.22 13:31:26, В системе найдена строка на сумму 14284 за 2024-03-25 от плательщика с ИНН 7203274426 и КПП 720301001 в ЭД Сведения о поступивших от юридических лиц платежах №14 от 2024-05-14 на сумму 37263581.86, соответствующий блок сообщения не будет обработан
2024.05.22 13:31:26, Строка пропущена. Связывание со входящим документом № 17 ЭД "Сведения о поступивших от юридических лиц платежах" № 14 ID = 1000224841. 
2024.05.22 13:31:26, В системе найдена строка на сумму 2158 за 2024-03-25 от плательщика с ИНН 7202227649 и КПП 720301001 в ЭД Сведения о поступивших от юридических лиц платежах №14 от 2024-05-14 на сумму 37263581.86, соответствующий блок сообщения не будет обработан
2024.05.22 13:31:26, Строка пропущена. Связывание со входящим документом № 17 ЭД "Сведения о поступивших от юридических лиц платежах" № 14 ID = 1000224841. 
2024.05.22 13:31:26, В системе найдена строка на сумму 231980.39 за 2024-03-25 от плательщика с ИНН 7204178524 и КПП 720301001 в ЭД Сведения о поступивших от юридических лиц платежах №14 от 2024-05-14 на сумму 37263581.86, соответствующий блок сообщения не будет обработан
2024.05.22 13:31:26, Строка пропущена. Связывание со входящим документом № 17 ЭД "Сведения о поступивших от юридических лиц платежах" № 14 ID = 1000224841. 
2024.05.22 13:31:26, В системе найдена строка на сумму 248217 за 2024-03-25 от плательщика с ИНН 7203271560 и КПП 720301001 в ЭД Сведения о поступивших от юридических лиц платежах №14 от 2024-05-14 на сумму 37263581.86, соответствующий блок сообщения не будет обработан
2024.05.22 13:31:26, Строка пропущена. Связывание со входящим документом № 17 ЭД "Сведения о поступивших от юридических лиц платежах" № 14 ID = 1000224841. 
2024.05.22 13:31:26, В системе найдена строка на сумму -82817.46 за 2024-03-25 от плательщика с ИНН 7204175523 и КПП 720301001 в ЭД Сведения о поступивших от юридических лиц платежах №14 от 2024-05-14 на сумму 37263581.86, соответствующий блок сообщения не будет обработан
2024.05.22 13:31:26, Строка пропущена. Связывание со входящим документом № 17 ЭД "Сведения о поступивших от юридических лиц платежах" № 14 ID = 1000224841. 
2024.05.22 13:31:26, В системе найдена строка на сумму 40467 за 2024-03-25 от плательщика с ИНН 7202198420 и КПП 720301001 в ЭД Сведения о поступивших от юридических лиц платежах №14 от 2024-05-14 на сумму 37263581.86, соответствующий блок сообщения не будет обработан
2024.05.22 13:31:26, Строка пропущена. Связывание со входящим документом № 17 ЭД "Сведения о поступивших от юридических лиц платежах" № 14 ID = 1000224841. 
2024.05.22 13:31:26, В системе найдена строка на сумму 39392 за 2024-03-25 от плательщика с ИНН 7203241050 и КПП 720301001 в ЭД Сведения о поступивших от юридических лиц платежах №14 от 2024-05-14 на сумму 37263581.86, соответствующий блок сообщения не будет обработан
2024.05.22 13:31:26, Строка пропущена. Связывание со входящим документом № 17 ЭД "Сведения о поступивших от юридических лиц платежах" № 14 ID = 1000224841. 
2024.05.22 13:31:26, В системе найдена строка на сумму -14500 за 2024-03-25 от плательщика с ИНН 7203274761 и КПП 722401001 в ЭД Сведения о поступивших от юридических лиц платежах №14 от 2024-05-14 на сумму 37263581.86, соответствующий блок сообщения не будет обработан
2024.05.22 13:31:26, Строка пропущена. Связывание со входящим документом № 17 ЭД "Сведения о поступивших от юридических лиц платежах" № 14 ID = 1000224841. 
2024.05.22 13:31:26, В системе найдена строка на сумму 222562.8 за 2024-03-25 от плательщика с ИНН 8611007371 и КПП 720301001 в ЭД Сведения о поступивших от юридических лиц платежах №14 от 2024-05-14 на сумму 37263581.86, соответствующий блок сообщения не будет обработан
2024.05.22 13:31:26, Строка пропущена. Связывание со входящим документом № 17 ЭД "Сведения о поступивших от юридических лиц платежах" № 14 ID = 1000224841. 
2024.05.22 13:31:26, В системе найдена строка на сумму -50950 за 2024-03-25 от плательщика с ИНН 8611007371 и КПП 720301001 в ЭД Сведения о поступивших от юридических лиц платежах №14 от 2024-05-14 на сумму 37263581.86, соответствующий блок сообщения не будет обработан
2024.05.22 13:31:26, Строка пропущена. Связывание со входящим документом № 17 ЭД "Сведения о поступивших от юридических лиц платежах" № 14 ID = 1000224841. 
2024.05.22 13:31:26, В системе найдена строка на сумму 7478 за 2024-03-25 от плательщика с ИНН 8611007371 и КПП 720301001 в ЭД Сведения о поступивших от юридических лиц платежах №14 от 2024-05-14 на сумму 37263581.86, соответствующий блок сообщения не будет обработан
2024.05.22 13:31:26, Строка пропущена. Связывание со входящим документом № 17 ЭД "Сведения о поступивших от юридических лиц платежах" № 14 ID = 1000224841. 
2024.05.22 13:31:26, В системе найдена строка на сумму 1051643 за 2024-03-25 от плательщика с ИНН 8904069106 и КПП 720345001 в ЭД Сведения о поступивших от юридических лиц платежах №14 от 2024-05-14 на сумму 37263581.86, соответствующий блок сообщения не будет обработан
2024.05.22 13:31:26, Строка пропущена. Связывание со входящим документом № 17 ЭД "Сведения о поступивших от юридических лиц платежах" № 14 ID = 1000224841. 
2024.05.22 13:31:26, В системе найдена строка на сумму 1.02 за 2024-03-25 от плательщика с ИНН 7204157796 и КПП 720301001 в ЭД Сведения о поступивших от юридических лиц платежах №14 от 2024-05-14 на сумму 37263581.86, соответствующий блок сообщения не будет обработан
2024.05.22 13:31:26, Строка пропущена. Связывание со входящим документом № 17 ЭД "Сведения о поступивших от юридических лиц платежах" № 14 ID = 1000224841. 
2024.05.22 13:31:26, В системе найдена строка на сумму 138.94 за 2024-03-25 от плательщика с ИНН 7203250023 и КПП 720301001 в ЭД Сведения о поступивших от юридических лиц платежах №14 от 2024-05-14 на сумму 37263581.86, соответствующий блок сообщения не будет обработан
2024.05.22 13:31:26, Строка пропущена. Связывание со входящим документом № 17 ЭД "Сведения о поступивших от юридических лиц платежах" № 14 ID = 1000224841. 
2024.05.22 13:31:26, В системе найдена строка на сумму 34.82 за 2024-03-25 от плательщика с ИНН 7202187227 и КПП 720301001 в ЭД Сведения о поступивших от юридических лиц платежах №14 от 2024-05-14 на сумму 37263581.86, соответствующий блок сообщения не будет обработан
2024.05.22 13:31:26, Строка пропущена. Связывание со входящим документом № 17 ЭД "Сведения о поступивших от юридических лиц платежах" № 14 ID = 1000224841. 
2024.05.22 13:31:26, В системе найдена строка на сумму 2839 за 2024-03-25 от плательщика с ИНН 7203249652 и КПП 720301001 в ЭД Сведения о поступивших от юридических лиц платежах №14 от 2024-05-14 на сумму 37263581.86, соответствующий блок сообщения не будет обработан
2024.05.22 13:31:26, Строка пропущена. Связывание со входящим документом № 17 ЭД "Сведения о поступивших от юридических лиц платежах" № 14 ID = 1000224841. 
2024.05.22 13:31:26, В системе найдена строка на сумму 130483 за 2024-03-25 от плательщика с ИНН 7204175629 и КПП 720301001 в ЭД Сведения о поступивших от юридических лиц платежах №14 от 2024-05-14 на сумму 37263581.86, соответствующий блок сообщения не будет обработан
2024.05.22 13:31:26, Строка пропущена. Связывание со входящим документом № 17 ЭД "Сведения о поступивших от юридических лиц платежах" № 14 ID = 1000224841. 
2024.05.22 13:31:26, В системе найдена строка на сумму -122000 за 2024-03-25 от плательщика с ИНН 4510019599 и КПП 720301001 в ЭД Сведения о поступивших от юридических лиц платежах №14 от 2024-05-14 на сумму 37263581.86, соответствующий блок сообщения не будет обработан
2024.05.22 13:31:26, Строка пропущена. Связывание со входящим документом № 17 ЭД "Сведения о поступивших от юридических лиц платежах" № 14 ID = 1000224841. 
2024.05.22 13:31:26, В системе найдена строка на сумму 1151 за 2024-03-25 от плательщика с ИНН 7204180900 и КПП 720301001 в ЭД Сведения о поступивших от юридических лиц платежах №14 от 2024-05-14 на сумму 37263581.86, соответствующий блок сообщения не будет обработан
2024.05.22 13:31:26, Строка пропущена. Связывание со входящим документом № 17 ЭД "Сведения о поступивших от юридических лиц платежах" № 14 ID = 1000224841. 
2024.05.22 13:31:26, В системе найдена строка на сумму 21086 за 2024-03-25 от плательщика с ИНН 7203278170 и КПП 720301001 в ЭД Сведения о поступивших от юридических лиц платежах №14 от 2024-05-14 на сумму 37263581.86, соответствующий блок сообщения не будет обработан
2024.05.22 13:31:26, Строка пропущена. Связывание со входящим документом № 17 ЭД "Сведения о поступивших от юридических лиц платежах" № 14 ID = 1000224841. 
2024.05.22 13:31:26, В системе найдена строка на сумму 9461.93 за 2024-03-25 от плательщика с ИНН 7202231420 и КПП 720301001 в ЭД Сведения о поступивших от юридических лиц платежах №14 от 2024-05-14 на сумму 37263581.86, соответствующий блок сообщения не будет обработан
2024.05.22 13:31:26, Строка пропущена. Связывание со входящим документом № 17 ЭД "Сведения о поступивших от юридических лиц платежах" № 14 ID = 1000224841. 
2024.05.22 13:31:26, В системе найдена строка на сумму 14562 за 2024-03-25 от плательщика с ИНН 7203204919 и КПП 720301001 в ЭД Сведения о поступивших от юридических лиц платежах №14 от 2024-05-14 на сумму 37263581.86, соответствующий блок сообщения не будет обработан
2024.05.22 13:31:26, Строка пропущена. Связывание со входящим документом № 17 ЭД "Сведения о поступивших от юридических лиц платежах" № 14 ID = 1000224841. 
2024.05.22 13:31:26, В системе найдена строка на сумму 24736 за 2024-03-25 от плательщика с ИНН 7202169877 и КПП 720301001 в ЭД Сведения о поступивших от юридических лиц платежах №14 от 2024-05-14 на сумму 37263581.86, соответствующий блок сообщения не будет обработан
2024.05.22 13:31:26, Строка пропущена. Связывание со входящим документом № 17 ЭД "Сведения о поступивших от юридических лиц платежах" № 14 ID = 1000224841. 
2024.05.22 13:31:26, В системе найдена строка на сумму 11576 за 2024-03-25 от плательщика с ИНН 7204117306 и КПП 720301001 в ЭД Сведения о поступивших от юридических лиц платежах №14 от 2024-05-14 на сумму 37263581.86, соответствующий блок сообщения не будет обработан
2024.05.22 13:31:26, Строка пропущена. Связывание со входящим документом № 17 ЭД "Сведения о поступивших от юридических лиц платежах" № 14 ID = 1000224841. 
2024.05.22 13:31:26, В системе найдена строка на сумму -188024 за 2024-03-25 от плательщика с ИНН 1832007271 и КПП 783450001 в ЭД Сведения о поступивших от юридических лиц платежах №14 от 2024-05-14 на сумму 37263581.86, соответствующий блок сообщения не будет обработан
2024.05.22 13:31:26, Строка пропущена. Связывание со входящим документом № 17 ЭД "Сведения о поступивших от юридических лиц платежах" № 14 ID = 1000224841. 
2024.05.22 13:31:26, В системе найдена строка на сумму 505933.17 за 2024-03-25 от плательщика с ИНН 7203250400 и КПП 720301001 в ЭД Сведения о поступивших от юридических лиц платежах №14 от 2024-05-14 на сумму 37263581.86, соответствующий блок сообщения не будет обработан
2024.05.22 13:31:26, Строка пропущена. Связывание со входящим документом № 17 ЭД "Сведения о поступивших от юридических лиц платежах" № 14 ID = 1000224841. 
2024.05.22 13:31:26, В системе найдена строка на сумму 1455425 за 2024-03-25 от плательщика с ИНН 7203250471 и КПП 720301001 в ЭД Сведения о поступивших от юридических лиц платежах №14 от 2024-05-14 на сумму 37263581.86, соответствующий блок сообщения не будет обработан
2024.05.22 13:31:26, Строка пропущена. Связывание со входящим документом № 17 ЭД "Сведения о поступивших от юридических лиц платежах" № 14 ID = 1000224841. 
2024.05.22 13:31:26, В системе найдена строка на сумму 493119 за 2024-03-25 от плательщика с ИНН 7203250489 и КПП 720301001 в ЭД Сведения о поступивших от юридических лиц платежах №14 от 2024-05-14 на сумму 37263581.86, соответствующий блок сообщения не будет обработан
2024.05.22 13:31:26, Строка пропущена. Связывание со входящим документом № 17 ЭД "Сведения о поступивших от юридических лиц платежах" № 14 ID = 1000224841. 
2024.05.22 13:31:26, В системе найдена строка на сумму 3015.2 за 2024-03-25 от плательщика с ИНН 7203250489 и КПП 720301001 в ЭД Сведения о поступивших от юридических лиц платежах №14 от 2024-05-14 на сумму 37263581.86, соответствующий блок сообщения не будет обработан
2024.05.22 13:31:26, Строка пропущена. Связывание со входящим документом № 17 ЭД "Сведения о поступивших от юридических лиц платежах" № 14 ID = 1000224841. 
2024.05.22 13:31:26, В системе найдена строка на сумму 33.99 за 2024-03-25 от плательщика с ИНН 7202211832 и КПП 720301001 в ЭД Сведения о поступивших от юридических лиц платежах №14 от 2024-05-14 на сумму 37263581.86, соответствующий блок сообщения не будет обработан
2024.05.22 13:31:26, Строка пропущена. Связывание со входящим документом № 17 ЭД "Сведения о поступивших от юридических лиц платежах" № 14 ID = 1000224841. 
2024.05.22 13:31:26, В системе найдена строка на сумму -90547 за 2024-03-25 от плательщика с ИНН 7203250665 и КПП 720301001 в ЭД Сведения о поступивших от юридических лиц платежах №14 от 2024-05-14 на сумму 37263581.86, соответствующий блок сообщения не будет обработан
2024.05.22 13:31:26, Строка пропущена. Связывание со входящим документом № 17 ЭД "Сведения о поступивших от юридических лиц платежах" № 14 ID = 1000224841. 
2024.05.22 13:31:26, В системе найдена строка на сумму 18749 за 2024-03-25 от плательщика с ИНН 0267016107 и КПП 720301001 в ЭД Сведения о поступивших от юридических лиц платежах №14 от 2024-05-14 на сумму 37263581.86, соответствующий блок сообщения не будет обработан
2024.05.22 13:31:26, Строка пропущена. Связывание со входящим документом № 17 ЭД "Сведения о поступивших от юридических лиц платежах" № 14 ID = 1000224841. 
2024.05.22 13:31:26, В системе найдена строка на сумму 33955 за 2024-03-25 от плательщика с ИНН 7203201298 и КПП 720301001 в ЭД Сведения о поступивших от юридических лиц платежах №14 от 2024-05-14 на сумму 37263581.86, соответствующий блок сообщения не будет обработан
2024.05.22 13:31:26, Строка пропущена. Связывание со входящим документом № 17 ЭД "Сведения о поступивших от юридических лиц платежах" № 14 ID = 1000224841. 
2024.05.22 13:31:26, В системе найдена строка на сумму 4516 за 2024-03-25 от плательщика с ИНН 7203201386 и КПП 720301001 в ЭД Сведения о поступивших от юридических лиц платежах №14 от 2024-05-14 на сумму 37263581.86, соответствующий блок сообщения не будет обработан
2024.05.22 13:31:26, Строка пропущена. Связывание со входящим документом № 17 ЭД "Сведения о поступивших от юридических лиц платежах" № 14 ID = 1000224841. 
2024.05.22 13:31:26, В системе найдена строка на сумму 831 за 2024-03-25 от плательщика с ИНН 7207022846 и КПП 720301001 в ЭД Сведения о поступивших от юридических лиц платежах №14 от 2024-05-14 на сумму 37263581.86, соответствующий блок сообщения не будет обработан
2024.05.22 13:31:26, Строка пропущена. Связывание со входящим документом № 17 ЭД "Сведения о поступивших от юридических лиц платежах" № 14 ID = 1000224841. 
2024.05.22 13:31:26, В системе найдена строка на сумму 3738 за 2024-03-25 от плательщика с ИНН 7203209191 и КПП 720301001 в ЭД Сведения о поступивших от юридических лиц платежах №14 от 2024-05-14 на сумму 37263581.86, соответствующий блок сообщения не будет обработан
2024.05.22 13:31:26, Строка пропущена. Связывание со входящим документом № 17 ЭД "Сведения о поступивших от юридических лиц платежах" № 14 ID = 1000224841. 
2024.05.22 13:31:26, В системе найдена строка на сумму 1132.79 за 2024-03-25 от плательщика с ИНН 7203203746 и КПП 720301001 в ЭД Сведения о поступивших от юридических лиц платежах №14 от 2024-05-14 на сумму 37263581.86, соответствующий блок сообщения не будет обработан
2024.05.22 13:31:26, Строка пропущена. Связывание со входящим документом № 17 ЭД "Сведения о поступивших от юридических лиц платежах" № 14 ID = 1000224841. 
2024.05.22 13:31:26, В системе найдена строка на сумму 60575 за 2024-03-25 от плательщика с ИНН 7202185413 и КПП 720301001 в ЭД Сведения о поступивших от юридических лиц платежах №14 от 2024-05-14 на сумму 37263581.86, соответствующий блок сообщения не будет обработан
2024.05.22 13:31:26, Строка пропущена. Связывание со входящим документом № 17 ЭД "Сведения о поступивших от юридических лиц платежах" № 14 ID = 1000224841. 
2024.05.22 13:31:26, В системе найдена строка на сумму 8340 за 2024-03-25 от плательщика с ИНН 7720740080 и КПП 720345001 в ЭД Сведения о поступивших от юридических лиц платежах №14 от 2024-05-14 на сумму 37263581.86, соответствующий блок сообщения не будет обработан
2024.05.22 13:31:26, Строка пропущена. Связывание со входящим документом № 17 ЭД "Сведения о поступивших от юридических лиц платежах" № 14 ID = 1000224841. 
2024.05.22 13:31:26, В системе найдена строка на сумму -390475 за 2024-03-25 от плательщика с ИНН 0273084391 и КПП 720301001 в ЭД Сведения о поступивших от юридических лиц платежах №14 от 2024-05-14 на сумму 37263581.86, соответствующий блок сообщения не будет обработан
2024.05.22 13:31:26, Строка пропущена. Связывание со входящим документом № 17 ЭД "Сведения о поступивших от юридических лиц платежах" № 14 ID = 1000224841. 
2024.05.22 13:31:26, В системе найдена строка на сумму 55323 за 2024-03-25 от плательщика с ИНН 4501175707 и КПП 720345001 в ЭД Сведения о поступивших от юридических лиц платежах №14 от 2024-05-14 на сумму 37263581.86, соответствующий блок сообщения не будет обработан
2024.05.22 13:31:26, Строка пропущена. Связывание со входящим документом № 17 ЭД "Сведения о поступивших от юридических лиц платежах" № 14 ID = 1000224841. 
2024.05.22 13:31:26, В системе найдена строка на сумму 245940 за 2024-03-25 от плательщика с ИНН 7727650928 и КПП 720345001 в ЭД Сведения о поступивших от юридических лиц платежах №14 от 2024-05-14 на сумму 37263581.86, соответствующий блок сообщения не будет обработан
2024.05.22 13:31:26, Строка пропущена. Связывание со входящим документом № 17 ЭД "Сведения о поступивших от юридических лиц платежах" № 14 ID = 1000224841. 
2024.05.22 13:31:26, В системе найдена строка на сумму -1844961.2 за 2024-03-25 от плательщика с ИНН 7203000672 и КПП 720301001 в ЭД Сведения о поступивших от юридических лиц платежах №14 от 2024-05-14 на сумму 37263581.86, соответствующий блок сообщения не будет обработан
2024.05.22 13:31:26, Строка пропущена. Связывание со входящим документом № 17 ЭД "Сведения о поступивших от юридических лиц платежах" № 14 ID = 1000224841. 
2024.05.22 13:31:26, В системе найдена строка на сумму 153594.11 за 2024-03-25 от плательщика с ИНН 7203000672 и КПП 720301001 в ЭД Сведения о поступивших от юридических лиц платежах №14 от 2024-05-14 на сумму 37263581.86, соответствующий блок сообщения не будет обработан
2024.05.22 13:31:26, Строка пропущена. Связывание со входящим документом № 17 ЭД "Сведения о поступивших от юридических лиц платежах" № 14 ID = 1000224841. 
2024.05.22 13:31:26, В системе найдена строка на сумму -2703 за 2024-03-25 от плательщика с ИНН 7203011522 и КПП 720301001 в ЭД Сведения о поступивших от юридических лиц платежах №14 от 2024-05-14 на сумму 37263581.86, соответствующий блок сообщения не будет обработан
2024.05.22 13:31:26, Строка пропущена. Связывание со входящим документом № 17 ЭД "Сведения о поступивших от юридических лиц платежах" № 14 ID = 1000224841. 
2024.05.22 13:31:26, В системе найдена строка на сумму 1216 за 2024-03-25 от плательщика с ИНН 7203303356 и КПП 720301001 в ЭД Сведения о поступивших от юридических лиц платежах №14 от 2024-05-14 на сумму 37263581.86, соответствующий блок сообщения не будет обработан
2024.05.22 13:31:26, Строка пропущена. Связывание со входящим документом № 17 ЭД "Сведения о поступивших от юридических лиц платежах" № 14 ID = 1000224841. 
2024.05.22 13:31:26, В системе найдена строка на сумму 4105 за 2024-03-25 от плательщика с ИНН 7203369660 и КПП 720301001 в ЭД Сведения о поступивших от юридических лиц платежах №14 от 2024-05-14 на сумму 37263581.86, соответствующий блок сообщения не будет обработан
2024.05.22 13:31:26, Строка пропущена. Связывание со входящим документом № 17 ЭД "Сведения о поступивших от юридических лиц платежах" № 14 ID = 1000224841. 
2024.05.22 13:31:26, В системе найдена строка на сумму 6457.44 за 2024-03-25 от плательщика с ИНН 7203509212 и КПП 720301001 в ЭД Сведения о поступивших от юридических лиц платежах №14 от 2024-05-14 на сумму 37263581.86, соответствующий блок сообщения не будет обработан
2024.05.22 13:31:26, Строка пропущена. Связывание со входящим документом № 17 ЭД "Сведения о поступивших от юридических лиц платежах" № 14 ID = 1000224841. 
2024.05.22 13:31:26, В системе найдена строка на сумму -97 за 2024-03-25 от плательщика с ИНН 7203517566 и КПП 720301001 в ЭД Сведения о поступивших от юридических лиц платежах №14 от 2024-05-14 на сумму 37263581.86, соответствующий блок сообщения не будет обработан
2024.05.22 13:31:26, Строка пропущена. Связывание со входящим документом № 17 ЭД "Сведения о поступивших от юридических лиц платежах" № 14 ID = 1000224841. 
2024.05.22 13:31:26, В системе найдена строка на сумму 1495 за 2024-03-25 от плательщика с ИНН 7203522559 и КПП 720301001 в ЭД Сведения о поступивших от юридических лиц платежах №14 от 2024-05-14 на сумму 37263581.86, соответствующий блок сообщения не будет обработан
2024.05.22 13:31:26, Строка пропущена. Связывание со входящим документом № 17 ЭД "Сведения о поступивших от юридических лиц платежах" № 14 ID = 1000224841. 
2024.05.22 13:31:26, В системе найдена строка на сумму 19655 за 2024-03-25 от плательщика с ИНН 7203532412 и КПП 720301001 в ЭД Сведения о поступивших от юридических лиц платежах №14 от 2024-05-14 на сумму 37263581.86, соответствующий блок сообщения не будет обработан
2024.05.22 13:31:26, Строка пропущена. Связывание со входящим документом № 17 ЭД "Сведения о поступивших от юридических лиц платежах" № 14 ID = 1000224841. 
2024.05.22 13:31:26, В системе найдена строка на сумму 1021.6 за 2024-03-25 от плательщика с ИНН 7203532821 и КПП 720301001 в ЭД Сведения о поступивших от юридических лиц платежах №14 от 2024-05-14 на сумму 37263581.86, соответствующий блок сообщения не будет обработан
2024.05.22 13:31:26, Строка пропущена. Связывание со входящим документом № 17 ЭД "Сведения о поступивших от юридических лиц платежах" № 14 ID = 1000224841. 
2024.05.22 13:31:26, В системе найдена строка на сумму 60299 за 2024-03-25 от плательщика с ИНН 7203557424 и КПП 720301001 в ЭД Сведения о поступивших от юридических лиц платежах №14 от 2024-05-14 на сумму 37263581.86, соответствующий блок сообщения не будет обработан
2024.05.22 13:31:26, Строка пропущена. Связывание со входящим документом № 17 ЭД "Сведения о поступивших от юридических лиц платежах" № 14 ID = 1000224841. 
2024.05.22 13:31:26, В системе найдена строка на сумму -1233 за 2024-03-25 от плательщика с ИНН 7204115524 и КПП 720301001 в ЭД Сведения о поступивших от юридических лиц платежах №14 от 2024-05-14 на сумму 37263581.86, соответствующий блок сообщения не будет обработан
2024.05.22 13:31:26, Строка пропущена. Связывание со входящим документом № 17 ЭД "Сведения о поступивших от юридических лиц платежах" № 14 ID = 1000224841. 
2024.05.22 13:31:26, В системе найдена строка на сумму -90920 за 2024-03-25 от плательщика с ИНН 7203204203 и КПП 720301001 в ЭД Сведения о поступивших от юридических лиц платежах №14 от 2024-05-14 на сумму 37263581.86, соответствующий блок сообщения не будет обработан
2024.05.22 13:31:26, Строка пропущена. Связывание со входящим документом № 17 ЭД "Сведения о поступивших от юридических лиц платежах" № 14 ID = 1000224841. 
2024.05.22 13:31:26, В системе найдена строка на сумму -224092.69 за 2024-03-25 от плательщика с ИНН 7204116422 и КПП 720301001 в ЭД Сведения о поступивших от юридических лиц платежах №14 от 2024-05-14 на сумму 37263581.86, соответствующий блок сообщения не будет обработан
2024.05.22 13:31:26, Строка пропущена. Связывание со входящим документом № 17 ЭД "Сведения о поступивших от юридических лиц платежах" № 14 ID = 1000224841. 
2024.05.22 13:31:26, В системе найдена строка на сумму 52830 за 2024-03-25 от плательщика с ИНН 7203204316 и КПП 720301001 в ЭД Сведения о поступивших от юридических лиц платежах №14 от 2024-05-14 на сумму 37263581.86, соответствующий блок сообщения не будет обработан
2024.05.22 13:31:26, Строка пропущена. Связывание со входящим документом № 17 ЭД "Сведения о поступивших от юридических лиц платежах" № 14 ID = 1000224841. 
2024.05.22 13:31:26, В системе найдена строка на сумму 117.03 за 2024-03-25 от плательщика с ИНН 7203273574 и КПП 720301001 в ЭД Сведения о поступивших от юридических лиц платежах №14 от 2024-05-14 на сумму 37263581.86, соответствующий блок сообщения не будет обработан
2024.05.22 13:31:26, Строка пропущена. Связывание со входящим документом № 17 ЭД "Сведения о поступивших от юридических лиц платежах" № 14 ID = 1000224841. 
2024.05.22 13:31:26, В системе найдена строка на сумму -2385 за 2024-03-25 от плательщика с ИНН 7203271094 и КПП 720301001 в ЭД Сведения о поступивших от юридических лиц платежах №14 от 2024-05-14 на сумму 37263581.86, соответствующий блок сообщения не будет обработан
2024.05.22 13:31:26, Строка пропущена. Связывание со входящим документом № 17 ЭД "Сведения о поступивших от юридических лиц платежах" № 14 ID = 1000224841. 
2024.05.22 13:31:26, В системе найдена строка на сумму 7482 за 2024-03-25 от плательщика с ИНН 7203271094 и КПП 720301001 в ЭД Сведения о поступивших от юридических лиц платежах №14 от 2024-05-14 на сумму 37263581.86, соответствующий блок сообщения не будет обработан
2024.05.22 13:31:26, Строка пропущена. Связывание со входящим документом № 17 ЭД "Сведения о поступивших от юридических лиц платежах" № 14 ID = 1000224841. 
2024.05.22 13:31:26, В системе найдена строка на сумму 6682 за 2024-03-25 от плательщика с ИНН 7203271111 и КПП 720301001 в ЭД Сведения о поступивших от юридических лиц платежах №14 от 2024-05-14 на сумму 37263581.86, соответствующий блок сообщения не будет обработан
2024.05.22 13:31:26, Строка пропущена. Связывание со входящим документом № 17 ЭД "Сведения о поступивших от юридических лиц платежах" № 14 ID = 1000224841. 
2024.05.22 13:31:26, В системе найдена строка на сумму 20 за 2024-03-25 от плательщика с ИНН 7224009813 и КПП 720301001 в ЭД Сведения о поступивших от юридических лиц платежах №14 от 2024-05-14 на сумму 37263581.86, соответствующий блок сообщения не будет обработан
2024.05.22 13:31:26, Строка пропущена. Связывание со входящим документом № 17 ЭД "Сведения о поступивших от юридических лиц платежах" № 14 ID = 1000224841. 
2024.05.22 13:31:26, В системе найдена строка на сумму 2933 за 2024-03-25 от плательщика с ИНН 7203271200 и КПП 720301001 в ЭД Сведения о поступивших от юридических лиц платежах №14 от 2024-05-14 на сумму 37263581.86, соответствующий блок сообщения не будет обработан
2024.05.22 13:31:26, Строка пропущена. Связывание со входящим документом № 17 ЭД "Сведения о поступивших от юридических лиц платежах" № 14 ID = 1000224841. 
2024.05.22 13:31:26, В системе найдена строка на сумму -7793 за 2024-03-25 от плательщика с ИНН 7203271390 и КПП 720301001 в ЭД Сведения о поступивших от юридических лиц платежах №14 от 2024-05-14 на сумму 37263581.86, соответствующий блок сообщения не будет обработан
2024.05.22 13:31:26, Строка пропущена. Связывание со входящим документом № 17 ЭД "Сведения о поступивших от юридических лиц платежах" № 14 ID = 1000224841. 
2024.05.22 13:31:26, В системе найдена строка на сумму 1299 за 2024-03-25 от плательщика с ИНН 7204157073 и КПП 720301001 в ЭД Сведения о поступивших от юридических лиц платежах №14 от 2024-05-14 на сумму 37263581.86, соответствующий блок сообщения не будет обработан
2024.05.22 13:31:26, Строка пропущена. Связывание со входящим документом № 17 ЭД "Сведения о поступивших от юридических лиц платежах" № 14 ID = 1000224841. 
2024.05.22 13:31:26, В системе найдена строка на сумму -105379 за 2024-03-25 от плательщика с ИНН 7204176291 и КПП 720301001 в ЭД Сведения о поступивших от юридических лиц платежах №14 от 2024-05-14 на сумму 37263581.86, соответствующий блок сообщения не будет обработан
2024.05.22 13:31:26, Строка пропущена. Связывание со входящим документом № 17 ЭД "Сведения о поступивших от юридических лиц платежах" № 14 ID = 1000224841. 
2024.05.22 13:31:26, В системе найдена строка на сумму 23244 за 2024-03-25 от плательщика с ИНН 7204176397 и КПП 720301001 в ЭД Сведения о поступивших от юридических лиц платежах №14 от 2024-05-14 на сумму 37263581.86, соответствующий блок сообщения не будет обработан
2024.05.22 13:31:26, Строка пропущена. Связывание со входящим документом № 17 ЭД "Сведения о поступивших от юридических лиц платежах" № 14 ID = 1000224841. 
2024.05.22 13:31:26, В системе найдена строка на сумму 15343 за 2024-03-25 от плательщика с ИНН 7204179366 и КПП 720301001 в ЭД Сведения о поступивших от юридических лиц платежах №14 от 2024-05-14 на сумму 37263581.86, соответствующий блок сообщения не будет обработан
2024.05.22 13:31:26, Строка пропущена. Связывание со входящим документом № 17 ЭД "Сведения о поступивших от юридических лиц платежах" № 14 ID = 1000224841. 
2024.05.22 13:31:26, В системе найдена строка на сумму 16564 за 2024-03-25 от плательщика с ИНН 7202207674 и КПП 720301001 в ЭД Сведения о поступивших от юридических лиц платежах №14 от 2024-05-14 на сумму 37263581.86, соответствующий блок сообщения не будет обработан
2024.05.22 13:31:26, Строка пропущена. Связывание со входящим документом № 17 ЭД "Сведения о поступивших от юридических лиц платежах" № 14 ID = 1000224841. 
2024.05.22 13:31:26, В системе найдена строка на сумму 7178 за 2024-03-25 от плательщика с ИНН 5504086398 и КПП 720345001 в ЭД Сведения о поступивших от юридических лиц платежах №14 от 2024-05-14 на сумму 37263581.86, соответствующий блок сообщения не будет обработан
2024.05.22 13:31:26, Строка пропущена. Связывание со входящим документом № 17 ЭД "Сведения о поступивших от юридических лиц платежах" № 14 ID = 1000224841. 
2024.05.22 13:31:26, В системе найдена строка на сумму 22439 за 2024-03-25 от плательщика с ИНН 6670266695 и КПП 720345001 в ЭД Сведения о поступивших от юридических лиц платежах №14 от 2024-05-14 на сумму 37263581.86, соответствующий блок сообщения не будет обработан
2024.05.22 13:31:26, Строка пропущена. Связывание со входящим документом № 17 ЭД "Сведения о поступивших от юридических лиц платежах" № 14 ID = 1000224841. 
2024.05.22 13:31:26, В системе найдена строка на сумму 13978 за 2024-03-25 от плательщика с ИНН 6670266695 и КПП 720345002 в ЭД Сведения о поступивших от юридических лиц платежах №14 от 2024-05-14 на сумму 37263581.86, соответствующий блок сообщения не будет обработан
2024.05.22 13:31:26, Строка пропущена. Связывание со входящим документом № 17 ЭД "Сведения о поступивших от юридических лиц платежах" № 14 ID = 1000224841. 
2024.05.22 13:31:26, В системе найдена строка на сумму 73674 за 2024-03-25 от плательщика с ИНН 5501072608 и КПП 720345003 в ЭД Сведения о поступивших от юридических лиц платежах №14 от 2024-05-14 на сумму 37263581.86, соответствующий блок сообщения не будет обработан
2024.05.22 13:31:26, Строка пропущена. Связывание со входящим документом № 17 ЭД "Сведения о поступивших от юридических лиц платежах" № 14 ID = 1000224841. 
2024.05.22 13:31:26, В системе найдена строка на сумму 566.69 за 2024-03-25 от плательщика с ИНН 7203234617 и КПП 720301001 в ЭД Сведения о поступивших от юридических лиц платежах №14 от 2024-05-14 на сумму 37263581.86, соответствующий блок сообщения не будет обработан
2024.05.22 13:31:26, Строка пропущена. Связывание со входящим документом № 17 ЭД "Сведения о поступивших от юридических лиц платежах" № 14 ID = 1000224841. 
2024.05.22 13:31:26, В системе найдена строка на сумму 109335 за 2024-03-25 от плательщика с ИНН 7203234670 и КПП 720301001 в ЭД Сведения о поступивших от юридических лиц платежах №14 от 2024-05-14 на сумму 37263581.86, соответствующий блок сообщения не будет обработан
2024.05.22 13:31:26, Строка пропущена. Связывание со входящим документом № 17 ЭД "Сведения о поступивших от юридических лиц платежах" № 14 ID = 1000224841. 
2024.05.22 13:31:26, В системе найдена строка на сумму 6587 за 2024-03-25 от плательщика с ИНН 7204144638 и КПП 720301001 в ЭД Сведения о поступивших от юридических лиц платежах №14 от 2024-05-14 на сумму 37263581.86, соответствующий блок сообщения не будет обработан
2024.05.22 13:31:26, Строка пропущена. Связывание со входящим документом № 17 ЭД "Сведения о поступивших от юридических лиц платежах" № 14 ID = 1000224841. 
2024.05.22 13:31:26, В системе найдена строка на сумму 3226.43 за 2024-03-25 от плательщика с ИНН 7202124114 и КПП 720301001 в ЭД Сведения о поступивших от юридических лиц платежах №14 от 2024-05-14 на сумму 37263581.86, соответствующий блок сообщения не будет обработан
2024.05.22 13:31:26, Строка пропущена. Связывание со входящим документом № 17 ЭД "Сведения о поступивших от юридических лиц платежах" № 14 ID = 1000224841. 
2024.05.22 13:31:26, В системе найдена строка на сумму 3207 за 2024-03-25 от плательщика с ИНН 7203271471 и КПП 720301001 в ЭД Сведения о поступивших от юридических лиц платежах №14 от 2024-05-14 на сумму 37263581.86, соответствующий блок сообщения не будет обработан
2024.05.22 13:31:26, Строка пропущена. Связывание со входящим документом № 17 ЭД "Сведения о поступивших от юридических лиц платежах" № 14 ID = 1000224841. 
2024.05.22 13:31:26, В системе найдена строка на сумму -94166 за 2024-03-25 от плательщика с ИНН 7709828703 и КПП 720345002 в ЭД Сведения о поступивших от юридических лиц платежах №14 от 2024-05-14 на сумму 37263581.86, соответствующий блок сообщения не будет обработан
2024.05.22 13:31:26, Строка пропущена. Связывание со входящим документом № 17 ЭД "Сведения о поступивших от юридических лиц платежах" № 14 ID = 1000224841. 
2024.05.22 13:31:26, В системе найдена строка на сумму 9.58 за 2024-03-25 от плательщика с ИНН 7224010713 и КПП 720301001 в ЭД Сведения о поступивших от юридических лиц платежах №14 от 2024-05-14 на сумму 37263581.86, соответствующий блок сообщения не будет обработан
2024.05.22 13:31:26, Строка пропущена. Связывание со входящим документом № 17 ЭД "Сведения о поступивших от юридических лиц платежах" № 14 ID = 1000224841. 
2024.05.22 13:31:26, В системе найдена строка на сумму -51390 за 2024-03-25 от плательщика с ИНН 7204083590 и КПП 720301001 в ЭД Сведения о поступивших от юридических лиц платежах №14 от 2024-05-14 на сумму 37263581.86, соответствующий блок сообщения не будет обработан
2024.05.22 13:31:26, Строка пропущена. Связывание со входящим документом № 17 ЭД "Сведения о поступивших от юридических лиц платежах" № 14 ID = 1000224841. 
2024.05.22 13:31:26, В системе найдена строка на сумму 910 за 2024-03-25 от плательщика с ИНН 7202167492 и КПП 720301001 в ЭД Сведения о поступивших от юридических лиц платежах №14 от 2024-05-14 на сумму 37263581.86, соответствующий блок сообщения не будет обработан
2024.05.22 13:31:26, Строка пропущена. Связывание со входящим документом № 17 ЭД "Сведения о поступивших от юридических лиц платежах" № 14 ID = 1000224841. 
2024.05.22 13:31:26, В системе найдена строка на сумму 9259 за 2024-03-25 от плательщика с ИНН 7203202196 и КПП 720301001 в ЭД Сведения о поступивших от юридических лиц платежах №14 от 2024-05-14 на сумму 37263581.86, соответствующий блок сообщения не будет обработан
2024.05.22 13:31:26, Строка пропущена. Связывание со входящим документом № 17 ЭД "Сведения о поступивших от юридических лиц платежах" № 14 ID = 1000224841. 
2024.05.22 13:31:26, В системе найдена строка на сумму 2242 за 2024-03-25 от плательщика с ИНН 7204098981 и КПП 720301001 в ЭД Сведения о поступивших от юридических лиц платежах №14 от 2024-05-14 на сумму 37263581.86, соответствующий блок сообщения не будет обработан
2024.05.22 13:31:26, Строка пропущена. Связывание со входящим документом № 17 ЭД "Сведения о поступивших от юридических лиц платежах" № 14 ID = 1000224841. 
2024.05.22 13:31:26, В системе найдена строка на сумму 262334 за 2024-03-25 от плательщика с ИНН 7202209209 и КПП 720301001 в ЭД Сведения о поступивших от юридических лиц платежах №14 от 2024-05-14 на сумму 37263581.86, соответствующий блок сообщения не будет обработан
2024.05.22 13:31:26, Строка пропущена. Связывание со входящим документом № 17 ЭД "Сведения о поступивших от юридических лиц платежах" № 14 ID = 1000224841. 
2024.05.22 13:31:26, В системе найдена строка на сумму -1.26 за 2024-03-25 от плательщика с ИНН 7203150100 и КПП 720301001 в ЭД Сведения о поступивших от юридических лиц платежах №14 от 2024-05-14 на сумму 37263581.86, соответствующий блок сообщения не будет обработан
2024.05.22 13:31:26, Строка пропущена. Связывание со входящим документом № 17 ЭД "Сведения о поступивших от юридических лиц платежах" № 14 ID = 1000224841. 
2024.05.22 13:31:26, В системе найдена строка на сумму 7471 за 2024-03-25 от плательщика с ИНН 7204099463 и КПП 720301001 в ЭД Сведения о поступивших от юридических лиц платежах №14 от 2024-05-14 на сумму 37263581.86, соответствующий блок сообщения не будет обработан
2024.05.22 13:31:26, Строка пропущена. Связывание со входящим документом № 17 ЭД "Сведения о поступивших от юридических лиц платежах" № 14 ID = 1000224841. 
2024.05.22 13:31:26, В системе найдена строка на сумму 14066 за 2024-03-25 от плательщика с ИНН 7202152746 и КПП 720301001 в ЭД Сведения о поступивших от юридических лиц платежах №14 от 2024-05-14 на сумму 37263581.86, соответствующий блок сообщения не будет обработан
2024.05.22 13:31:26, Строка пропущена. Связывание со входящим документом № 17 ЭД "Сведения о поступивших от юридических лиц платежах" № 14 ID = 1000224841. 
2024.05.22 13:31:26, В системе найдена строка на сумму 91897 за 2024-03-25 от плательщика с ИНН 7203182045 и КПП 720301001 в ЭД Сведения о поступивших от юридических лиц платежах №14 от 2024-05-14 на сумму 37263581.86, соответствующий блок сообщения не будет обработан
2024.05.22 13:31:26, Строка пропущена. Связывание со входящим документом № 17 ЭД "Сведения о поступивших от юридических лиц платежах" № 14 ID = 1000224841. 
2024.05.22 13:31:26, В системе найдена строка на сумму 3214 за 2024-03-25 от плательщика с ИНН 7203182292 и КПП 720301001 в ЭД Сведения о поступивших от юридических лиц платежах №14 от 2024-05-14 на сумму 37263581.86, соответствующий блок сообщения не будет обработан
2024.05.22 13:31:26, Строка пропущена. Связывание со входящим документом № 17 ЭД "Сведения о поступивших от юридических лиц платежах" № 14 ID = 1000224841. 
2024.05.22 13:31:26, В системе найдена строка на сумму -62222 за 2024-03-25 от плательщика с ИНН 7203276110 и КПП 720301001 в ЭД Сведения о поступивших от юридических лиц платежах №14 от 2024-05-14 на сумму 37263581.86, соответствующий блок сообщения не будет обработан
2024.05.22 13:31:26, Строка пропущена. Связывание со входящим документом № 17 ЭД "Сведения о поступивших от юридических лиц платежах" № 14 ID = 1000224841. 
2024.05.22 13:31:26, В системе найдена строка на сумму 7249 за 2024-03-25 от плательщика с ИНН 7202228868 и КПП 720301001 в ЭД Сведения о поступивших от юридических лиц платежах №14 от 2024-05-14 на сумму 37263581.86, соответствующий блок сообщения не будет обработан
2024.05.22 13:31:26, Строка пропущена. Связывание со входящим документом № 17 ЭД "Сведения о поступивших от юридических лиц платежах" № 14 ID = 1000224841. 
2024.05.22 13:31:26, В системе найдена строка на сумму 15698 за 2024-03-25 от плательщика с ИНН 7202149888 и КПП 720301001 в ЭД Сведения о поступивших от юридических лиц платежах №14 от 2024-05-14 на сумму 37263581.86, соответствующий блок сообщения не будет обработан
2024.05.22 13:31:26, Строка пропущена. Связывание со входящим документом № 17 ЭД "Сведения о поступивших от юридических лиц платежах" № 14 ID = 1000224841. 
2024.05.22 13:31:26, В системе найдена строка на сумму 35296 за 2024-03-25 от плательщика с ИНН 7202150001 и КПП 720301001 в ЭД Сведения о поступивших от юридических лиц платежах №14 от 2024-05-14 на сумму 37263581.86, соответствующий блок сообщения не будет обработан
2024.05.22 13:31:26, Строка пропущена. Связывание со входящим документом № 17 ЭД "Сведения о поступивших от юридических лиц платежах" № 14 ID = 1000224841. 
2024.05.22 13:31:26, В системе найдена строка на сумму 4524.78 за 2024-03-25 от плательщика с ИНН 7202154704 и КПП 720301001 в ЭД Сведения о поступивших от юридических лиц платежах №14 от 2024-05-14 на сумму 37263581.86, соответствующий блок сообщения не будет обработан
2024.05.22 13:31:26, Строка пропущена. Связывание со входящим документом № 17 ЭД "Сведения о поступивших от юридических лиц платежах" № 14 ID = 1000224841. 
2024.05.22 13:31:26, В системе найдена строка на сумму 2975 за 2024-03-25 от плательщика с ИНН 7203184331 и КПП 720301001 в ЭД Сведения о поступивших от юридических лиц платежах №14 от 2024-05-14 на сумму 37263581.86, соответствующий блок сообщения не будет обработан
2024.05.22 13:31:26, Строка пропущена. Связывание со входящим документом № 17 ЭД "Сведения о поступивших от юридических лиц платежах" № 14 ID = 1000224841. 
2024.05.22 13:31:26, В системе найдена строка на сумму 34885 за 2024-03-25 от плательщика с ИНН 7203276977 и КПП 720301001 в ЭД Сведения о поступивших от юридических лиц платежах №14 от 2024-05-14 на сумму 37263581.86, соответствующий блок сообщения не будет обработан
2024.05.22 13:31:26, Строка пропущена. Связывание со входящим документом № 17 ЭД "Сведения о поступивших от юридических лиц платежах" № 14 ID = 1000224841. 
2024.05.22 13:31:26, В системе найдена строка на сумму 59761 за 2024-03-25 от плательщика с ИНН 7202155320 и КПП 720301001 в ЭД Сведения о поступивших от юридических лиц платежах №14 от 2024-05-14 на сумму 37263581.86, соответствующий блок сообщения не будет обработан
2024.05.22 13:31:26, Строка пропущена. Связывание со входящим документом № 17 ЭД "Сведения о поступивших от юридических лиц платежах" № 14 ID = 1000224841. 
2024.05.22 13:31:26, В системе найдена строка на сумму 1839.44 за 2024-03-25 от плательщика с ИНН 7202206423 и КПП 720301001 в ЭД Сведения о поступивших от юридических лиц платежах №14 от 2024-05-14 на сумму 37263581.86, соответствующий блок сообщения не будет обработан
2024.05.22 13:31:26, Строка пропущена. Связывание со входящим документом № 17 ЭД "Сведения о поступивших от юридических лиц платежах" № 14 ID = 1000224841. 
2024.05.22 13:31:26, В системе найдена строка на сумму 715 за 2024-03-25 от плательщика с ИНН 7204104787 и КПП 720301001 в ЭД Сведения о поступивших от юридических лиц платежах №14 от 2024-05-14 на сумму 37263581.86, соответствующий блок сообщения не будет обработан
2024.05.22 13:31:26, Строка пропущена. Связывание со входящим документом № 17 ЭД "Сведения о поступивших от юридических лиц платежах" № 14 ID = 1000224841. 
2024.05.22 13:31:26, В системе найдена строка на сумму 6874 за 2024-03-25 от плательщика с ИНН 7204156224 и КПП 720301001 в ЭД Сведения о поступивших от юридических лиц платежах №14 от 2024-05-14 на сумму 37263581.86, соответствующий блок сообщения не будет обработан
2024.05.22 13:31:26, Строка пропущена. Связывание со входящим документом № 17 ЭД "Сведения о поступивших от юридических лиц платежах" № 14 ID = 1000224841. 
2024.05.22 13:31:26, В системе найдена строка на сумму 177179 за 2024-03-25 от плательщика с ИНН 7203247768 и КПП 720301001 в ЭД Сведения о поступивших от юридических лиц платежах №14 от 2024-05-14 на сумму 37263581.86, соответствующий блок сообщения не будет обработан
2024.05.22 13:31:26, Строка пропущена. Связывание со входящим документом № 17 ЭД "Сведения о поступивших от юридических лиц платежах" № 14 ID = 1000224841. 
2024.05.22 13:31:26, В системе найдена строка на сумму -30130 за 2024-03-25 от плательщика с ИНН 7204174625 и КПП 720301001 в ЭД Сведения о поступивших от юридических лиц платежах №14 от 2024-05-14 на сумму 37263581.86, соответствующий блок сообщения не будет обработан
2024.05.22 13:31:26, Строка пропущена. Связывание со входящим документом № 17 ЭД "Сведения о поступивших от юридических лиц платежах" № 14 ID = 1000224841. 
2024.05.22 13:31:26, В системе найдена строка на сумму 10023 за 2024-03-25 от плательщика с ИНН 7202156652 и КПП 720301001 в ЭД Сведения о поступивших от юридических лиц платежах №14 от 2024-05-14 на сумму 37263581.86, соответствующий блок сообщения не будет обработан
2024.05.22 13:31:26, Строка пропущена. Связывание со входящим документом № 17 ЭД "Сведения о поступивших от юридических лиц платежах" № 14 ID = 1000224841. 
2024.05.22 13:31:26, В системе найдена строка на сумму -1065 за 2024-03-25 от плательщика с ИНН 7203259643 и КПП 720301001 в ЭД Сведения о поступивших от юридических лиц платежах №14 от 2024-05-14 на сумму 37263581.86, соответствующий блок сообщения не будет обработан
2024.05.22 13:31:26, Строка пропущена. Связывание со входящим документом № 17 ЭД "Сведения о поступивших от юридических лиц платежах" № 14 ID = 1000224841. 
2024.05.22 13:31:26, В системе найдена строка на сумму 52000 за 2024-03-25 от плательщика с ИНН 7202228530 и КПП 720301001 в ЭД Сведения о поступивших от юридических лиц платежах №14 от 2024-05-14 на сумму 37263581.86, соответствующий блок сообщения не будет обработан
2024.05.22 13:31:26, Строка пропущена. Связывание со входящим документом № 17 ЭД "Сведения о поступивших от юридических лиц платежах" № 14 ID = 1000224841. 
2024.05.22 13:31:26, В системе найдена строка на сумму 1481.25 за 2024-03-25 от плательщика с ИНН 7202228554 и КПП 720301001 в ЭД Сведения о поступивших от юридических лиц платежах №14 от 2024-05-14 на сумму 37263581.86, соответствующий блок сообщения не будет обработан
2024.05.22 13:31:26, Строка пропущена. Связывание со входящим документом № 17 ЭД "Сведения о поступивших от юридических лиц платежах" № 14 ID = 1000224841. 
2024.05.22 13:31:26, В системе найдена строка на сумму 28601 за 2024-03-25 от плательщика с ИНН 7203179540 и КПП 720301001 в ЭД Сведения о поступивших от юридических лиц платежах №14 от 2024-05-14 на сумму 37263581.86, соответствующий блок сообщения не будет обработан
2024.05.22 13:31:26, Строка пропущена. Связывание со входящим документом № 17 ЭД "Сведения о поступивших от юридических лиц платежах" № 14 ID = 1000224841. 
2024.05.22 13:31:26, В системе найдена строка на сумму 1430 за 2024-03-25 от плательщика с ИНН 7203179807 и КПП 720301001 в ЭД Сведения о поступивших от юридических лиц платежах №14 от 2024-05-14 на сумму 37263581.86, соответствующий блок сообщения не будет обработан
2024.05.22 13:31:26, Строка пропущена. Связывание со входящим документом № 17 ЭД "Сведения о поступивших от юридических лиц платежах" № 14 ID = 1000224841. 
2024.05.22 13:31:26, В системе найдена строка на сумму 6727 за 2024-03-25 от плательщика с ИНН 7203186970 и КПП 720301001 в ЭД Сведения о поступивших от юридических лиц платежах №14 от 2024-05-14 на сумму 37263581.86, соответствующий блок сообщения не будет обработан
2024.05.22 13:31:26, Строка пропущена. Связывание со входящим документом № 17 ЭД "Сведения о поступивших от юридических лиц платежах" № 14 ID = 1000224841. 
2024.05.22 13:31:26, В системе найдена строка на сумму 351149 за 2024-03-25 от плательщика с ИНН 7202232529 и КПП 720301001 в ЭД Сведения о поступивших от юридических лиц платежах №14 от 2024-05-14 на сумму 37263581.86, соответствующий блок сообщения не будет обработан
2024.05.22 13:31:26, Строка пропущена. Связывание со входящим документом № 17 ЭД "Сведения о поступивших от юридических лиц платежах" № 14 ID = 1000224841. 
2024.05.22 13:31:26, В системе найдена строка на сумму 1746 за 2024-03-25 от плательщика с ИНН 7203180070 и КПП 720301001 в ЭД Сведения о поступивших от юридических лиц платежах №14 от 2024-05-14 на сумму 37263581.86, соответствующий блок сообщения не будет обработан
2024.05.22 13:31:26, Строка пропущена. Связывание со входящим документом № 17 ЭД "Сведения о поступивших от юридических лиц платежах" № 14 ID = 1000224841. 
2024.05.22 13:31:26, В системе найдена строка на сумму 5951 за 2024-03-25 от плательщика с ИНН 7202230715 и КПП 720345001 в ЭД Сведения о поступивших от юридических лиц платежах №14 от 2024-05-14 на сумму 37263581.86, соответствующий блок сообщения не будет обработан
2024.05.22 13:31:26, Строка пропущена. Связывание со входящим документом № 17 ЭД "Сведения о поступивших от юридических лиц платежах" № 14 ID = 1000224841. 
2024.05.22 13:31:26, В системе найдена строка на сумму 86742 за 2024-03-25 от плательщика с ИНН 7202230987 и КПП 720301001 в ЭД Сведения о поступивших от юридических лиц платежах №14 от 2024-05-14 на сумму 37263581.86, соответствующий блок сообщения не будет обработан
2024.05.22 13:31:26, Строка пропущена. Связывание со входящим документом № 17 ЭД "Сведения о поступивших от юридических лиц платежах" № 14 ID = 1000224841. 
2024.05.22 13:31:26, В системе найдена строка на сумму -29513 за 2024-03-25 от плательщика с ИНН 7203171082 и КПП 720301001 в ЭД Сведения о поступивших от юридических лиц платежах №14 от 2024-05-14 на сумму 37263581.86, соответствующий блок сообщения не будет обработан
2024.05.22 13:31:26, Строка пропущена. Связывание со входящим документом № 17 ЭД "Сведения о поступивших от юридических лиц платежах" № 14 ID = 1000224841. 
2024.05.22 13:31:26, В системе найдена строка на сумму -190 за 2024-03-25 от плательщика с ИНН 7202144569 и КПП 720301001 в ЭД Сведения о поступивших от юридических лиц платежах №14 от 2024-05-14 на сумму 37263581.86, соответствующий блок сообщения не будет обработан
2024.05.22 13:31:26, Строка пропущена. Связывание со входящим документом № 17 ЭД "Сведения о поступивших от юридических лиц платежах" № 14 ID = 1000224841. 
2024.05.22 13:31:26, В системе найдена строка на сумму 4094.92 за 2024-03-25 от плательщика с ИНН 7204141796 и КПП 720301001 в ЭД Сведения о поступивших от юридических лиц платежах №14 от 2024-05-14 на сумму 37263581.86, соответствующий блок сообщения не будет обработан
2024.05.22 13:31:26, Строка пропущена. Связывание со входящим документом № 17 ЭД "Сведения о поступивших от юридических лиц платежах" № 14 ID = 1000224841. 
2024.05.22 13:31:26, В системе найдена строка на сумму 65000 за 2024-03-25 от плательщика с ИНН 7204125674 и КПП 720301001 в ЭД Сведения о поступивших от юридических лиц платежах №14 от 2024-05-14 на сумму 37263581.86, соответствующий блок сообщения не будет обработан
2024.05.22 13:31:26, Строка пропущена. Связывание со входящим документом № 17 ЭД "Сведения о поступивших от юридических лиц платежах" № 14 ID = 1000224841. 
2024.05.22 13:31:26, В системе найдена строка на сумму -369346.22 за 2024-03-25 от плательщика с ИНН 7204125787 и КПП 720301001 в ЭД Сведения о поступивших от юридических лиц платежах №14 от 2024-05-14 на сумму 37263581.86, соответствующий блок сообщения не будет обработан
2024.05.22 13:31:26, Строка пропущена. Связывание со входящим документом № 17 ЭД "Сведения о поступивших от юридических лиц платежах" № 14 ID = 1000224841. 
2024.05.22 13:31:26, В системе найдена строка на сумму 387.37 за 2024-03-25 от плательщика с ИНН 7204125787 и КПП 720301001 в ЭД Сведения о поступивших от юридических лиц платежах №14 от 2024-05-14 на сумму 37263581.86, соответствующий блок сообщения не будет обработан
2024.05.22 13:31:26, Строка пропущена. Связывание со входящим документом № 17 ЭД "Сведения о поступивших от юридических лиц платежах" № 14 ID = 1000224841. 
2024.05.22 13:31:26, В системе найдена строка на сумму 12462 за 2024-03-25 от плательщика с ИНН 7202145322 и КПП 720301001 в ЭД Сведения о поступивших от юридических лиц платежах №14 от 2024-05-14 на сумму 37263581.86, соответствующий блок сообщения не будет обработан
2024.05.22 13:31:26, Строка пропущена. Связывание со входящим документом № 17 ЭД "Сведения о поступивших от юридических лиц платежах" № 14 ID = 1000224841. 
2024.05.22 13:31:26, В системе найдена строка на сумму 1076751 за 2024-03-25 от плательщика с ИНН 4716016979 и КПП 720343001 в ЭД Сведения о поступивших от юридических лиц платежах №14 от 2024-05-14 на сумму 37263581.86, соответствующий блок сообщения не будет обработан
2024.05.22 13:31:26, Строка пропущена. Связывание со входящим документом № 17 ЭД "Сведения о поступивших от юридических лиц платежах" № 14 ID = 1000224841. 
2024.05.22 13:31:26, В системе найдена строка на сумму 2244 за 2024-03-25 от плательщика с ИНН 7204142260 и КПП 720301001 в ЭД Сведения о поступивших от юридических лиц платежах №14 от 2024-05-14 на сумму 37263581.86, соответствующий блок сообщения не будет обработан
2024.05.22 13:31:26, Строка пропущена. Связывание со входящим документом № 17 ЭД "Сведения о поступивших от юридических лиц платежах" № 14 ID = 1000224841. 
2024.05.22 13:31:26, В системе найдена строка на сумму 4201 за 2024-03-25 от плательщика с ИНН 7203173160 и КПП 720301001 в ЭД Сведения о поступивших от юридических лиц платежах №14 от 2024-05-14 на сумму 37263581.86, соответствующий блок сообщения не будет обработан
2024.05.22 13:31:26, Строка пропущена. Связывание со входящим документом № 17 ЭД "Сведения о поступивших от юридических лиц платежах" № 14 ID = 1000224841. 
2024.05.22 13:31:26, В системе найдена строка на сумму 423.73 за 2024-03-25 от плательщика с ИНН 7203173139 и КПП 720301001 в ЭД Сведения о поступивших от юридических лиц платежах №14 от 2024-05-14 на сумму 37263581.86, соответствующий блок сообщения не будет обработан
2024.05.22 13:31:26, Строка пропущена. Связывание со входящим документом № 17 ЭД "Сведения о поступивших от юридических лиц платежах" № 14 ID = 1000224841. 
2024.05.22 13:31:26, В системе найдена строка на сумму -228350 за 2024-03-25 от плательщика с ИНН 7817305122 и КПП 720343001 в ЭД Сведения о поступивших от юридических лиц платежах №14 от 2024-05-14 на сумму 37263581.86, соответствующий блок сообщения не будет обработан
2024.05.22 13:31:26, Строка пропущена. Связывание со входящим документом № 17 ЭД "Сведения о поступивших от юридических лиц платежах" № 14 ID = 1000224841. 
2024.05.22 13:31:26, В системе найдена строка на сумму -1101 за 2024-03-25 от плательщика с ИНН 7203151745 и КПП 720301001 в ЭД Сведения о поступивших от юридических лиц платежах №14 от 2024-05-14 на сумму 37263581.86, соответствующий блок сообщения не будет обработан
2024.05.22 13:31:26, Строка пропущена. Связывание со входящим документом № 17 ЭД "Сведения о поступивших от юридических лиц платежах" № 14 ID = 1000224841. 
2024.05.22 13:31:26, В системе найдена строка на сумму 24054.68 за 2024-03-25 от плательщика с ИНН 7203176669 и КПП 720301001 в ЭД Сведения о поступивших от юридических лиц платежах №14 от 2024-05-14 на сумму 37263581.86, соответствующий блок сообщения не будет обработан
2024.05.22 13:31:26, Строка пропущена. Связывание со входящим документом № 17 ЭД "Сведения о поступивших от юридических лиц платежах" № 14 ID = 1000224841. 
2024.05.22 13:31:26, В системе найдена строка на сумму -11800 за 2024-03-25 от плательщика с ИНН 7202148796 и КПП 720301001 в ЭД Сведения о поступивших от юридических лиц платежах №14 от 2024-05-14 на сумму 37263581.86, соответствующий блок сообщения не будет обработан
2024.05.22 13:31:26, Строка пропущена. Связывание со входящим документом № 17 ЭД "Сведения о поступивших от юридических лиц платежах" № 14 ID = 1000224841. 
2024.05.22 13:31:26, В системе найдена строка на сумму 38027 за 2024-03-25 от плательщика с ИНН 7705895900 и КПП 720345002 в ЭД Сведения о поступивших от юридических лиц платежах №14 от 2024-05-14 на сумму 37263581.86, соответствующий блок сообщения не будет обработан
2024.05.22 13:31:26, Строка пропущена. Связывание со входящим документом № 17 ЭД "Сведения о поступивших от юридических лиц платежах" № 14 ID = 1000224841. 
2024.05.22 13:31:26, В системе найдена строка на сумму 11 за 2024-03-25 от плательщика с ИНН 7202201760 и КПП 720301001 в ЭД Сведения о поступивших от юридических лиц платежах №14 от 2024-05-14 на сумму 37263581.86, соответствующий блок сообщения не будет обработан
2024.05.22 13:31:26, Строка пропущена. Связывание со входящим документом № 17 ЭД "Сведения о поступивших от юридических лиц платежах" № 14 ID = 1000224841. 
2024.05.22 13:31:26, В системе найдена строка на сумму 5616 за 2024-03-25 от плательщика с ИНН 7204148752 и КПП 720301001 в ЭД Сведения о поступивших от юридических лиц платежах №14 от 2024-05-14 на сумму 37263581.86, соответствующий блок сообщения не будет обработан
2024.05.22 13:31:26, Строка пропущена. Связывание со входящим документом № 17 ЭД "Сведения о поступивших от юридических лиц платежах" № 14 ID = 1000224841. 
2024.05.22 13:31:26, В системе найдена строка на сумму 40.43 за 2024-03-25 от плательщика с ИНН 7202201802 и КПП 720301001 в ЭД Сведения о поступивших от юридических лиц платежах №14 от 2024-05-14 на сумму 37263581.86, соответствующий блок сообщения не будет обработан
2024.05.22 13:31:26, Строка пропущена. Связывание со входящим документом № 17 ЭД "Сведения о поступивших от юридических лиц платежах" № 14 ID = 1000224841. 
2024.05.22 13:31:26, В системе найдена строка на сумму 1384.52 за 2024-03-25 от плательщика с ИНН 7203241928 и КПП 720301001 в ЭД Сведения о поступивших от юридических лиц платежах №14 от 2024-05-14 на сумму 37263581.86, соответствующий блок сообщения не будет обработан
2024.05.22 13:31:26, Строка пропущена. Связывание со входящим документом № 17 ЭД "Сведения о поступивших от юридических лиц платежах" № 14 ID = 1000224841. 
2024.05.22 13:31:26, В системе найдена строка на сумму 958411 за 2024-03-25 от плательщика с ИНН 7204100045 и КПП 720301001 в ЭД Сведения о поступивших от юридических лиц платежах №14 от 2024-05-14 на сумму 37263581.86, соответствующий блок сообщения не будет обработан
2024.05.22 13:31:26, Строка пропущена. Связывание со входящим документом № 17 ЭД "Сведения о поступивших от юридических лиц платежах" № 14 ID = 1000224841. 
2024.05.22 13:31:26, В системе найдена строка на сумму 18609 за 2024-03-25 от плательщика с ИНН 7204100197 и КПП 720301001 в ЭД Сведения о поступивших от юридических лиц платежах №14 от 2024-05-14 на сумму 37263581.86, соответствующий блок сообщения не будет обработан
2024.05.22 13:31:26, Строка пропущена. Связывание со входящим документом № 17 ЭД "Сведения о поступивших от юридических лиц платежах" № 14 ID = 1000224841. 
2024.05.22 13:31:26, В системе найдена строка на сумму 1751.59 за 2024-03-25 от плательщика с ИНН 7202130005 и КПП 720301001 в ЭД Сведения о поступивших от юридических лиц платежах №14 от 2024-05-14 на сумму 37263581.86, соответствующий блок сообщения не будет обработан
2024.05.22 13:31:26, Строка пропущена. Связывание со входящим документом № 17 ЭД "Сведения о поступивших от юридических лиц платежах" № 14 ID = 1000224841. 
2024.05.22 13:31:26, В системе найдена строка на сумму -76042 за 2024-03-25 от плательщика с ИНН 7204086633 и КПП 720301001 в ЭД Сведения о поступивших от юридических лиц платежах №14 от 2024-05-14 на сумму 37263581.86, соответствующий блок сообщения не будет обработан
2024.05.22 13:31:26, Строка пропущена. Связывание со входящим документом № 17 ЭД "Сведения о поступивших от юридических лиц платежах" № 14 ID = 1000224841. 
2024.05.22 13:31:26, В системе найдена строка на сумму -5291 за 2024-03-25 от плательщика с ИНН 7202153690 и КПП 720301001 в ЭД Сведения о поступивших от юридических лиц платежах №14 от 2024-05-14 на сумму 37263581.86, соответствующий блок сообщения не будет обработан
2024.05.22 13:31:26, Строка пропущена. Связывание со входящим документом № 17 ЭД "Сведения о поступивших от юридических лиц платежах" № 14 ID = 1000224841. 
2024.05.22 13:31:26, В системе найдена строка на сумму 26730 за 2024-03-25 от плательщика с ИНН 7202131048 и КПП 720301001 в ЭД Сведения о поступивших от юридических лиц платежах №14 от 2024-05-14 на сумму 37263581.86, соответствующий блок сообщения не будет обработан
2024.05.22 13:31:26, Строка пропущена. Связывание со входящим документом № 17 ЭД "Сведения о поступивших от юридических лиц платежах" № 14 ID = 1000224841. 
2024.05.22 13:31:26, В системе найдена строка на сумму 13437 за 2024-03-25 от плательщика с ИНН 7202004843 и КПП 720301001 в ЭД Сведения о поступивших от юридических лиц платежах №14 от 2024-05-14 на сумму 37263581.86, соответствующий блок сообщения не будет обработан
2024.05.22 13:31:26, Строка пропущена. Связывание со входящим документом № 17 ЭД "Сведения о поступивших от юридических лиц платежах" № 14 ID = 1000224841. 
2024.05.22 13:31:26, В системе найдена строка на сумму 4273.58 за 2024-03-25 от плательщика с ИНН 7203183433 и КПП 720301001 в ЭД Сведения о поступивших от юридических лиц платежах №14 от 2024-05-14 на сумму 37263581.86, соответствующий блок сообщения не будет обработан
2024.05.22 13:31:26, Строка пропущена. Связывание со входящим документом № 17 ЭД "Сведения о поступивших от юридических лиц платежах" № 14 ID = 1000224841. 
2024.05.22 13:31:26, В системе найдена строка на сумму 86640 за 2024-03-25 от плательщика с ИНН 6625021894 и КПП 720345001 в ЭД Сведения о поступивших от юридических лиц платежах №14 от 2024-05-14 на сумму 37263581.86, соответствующий блок сообщения не будет обработан
2024.05.22 13:31:26, Строка пропущена. Связывание со входящим документом № 17 ЭД "Сведения о поступивших от юридических лиц платежах" № 14 ID = 1000224841. 
2024.05.22 13:31:26, В системе найдена строка на сумму 1756 за 2024-03-25 от плательщика с ИНН 7202209463 и КПП 720301001 в ЭД Сведения о поступивших от юридических лиц платежах №14 от 2024-05-14 на сумму 37263581.86, соответствующий блок сообщения не будет обработан
2024.05.22 13:31:26, Строка пропущена. Связывание со входящим документом № 17 ЭД "Сведения о поступивших от юридических лиц платежах" № 14 ID = 1000224841. 
2024.05.22 13:31:26, В системе найдена строка на сумму 1209.31 за 2024-03-25 от плательщика с ИНН 7202209738 и КПП 720301001 в ЭД Сведения о поступивших от юридических лиц платежах №14 от 2024-05-14 на сумму 37263581.86, соответствующий блок сообщения не будет обработан
2024.05.22 13:31:26, Строка пропущена. Связывание со входящим документом № 17 ЭД "Сведения о поступивших от юридических лиц платежах" № 14 ID = 1000224841. 
2024.05.22 13:31:26, В системе найдена строка на сумму 91845 за 2024-03-25 от плательщика с ИНН 7204100711 и КПП 720301001 в ЭД Сведения о поступивших от юридических лиц платежах №14 от 2024-05-14 на сумму 37263581.86, соответствующий блок сообщения не будет обработан
2024.05.22 13:31:26, Строка пропущена. Связывание со входящим документом № 17 ЭД "Сведения о поступивших от юридических лиц платежах" № 14 ID = 1000224841. 
2024.05.22 13:31:29, Добавление строки. Связывание со входящим документом № 17 ЭД "Сведения о поступивших от юридических лиц платежах" № 14 ID= 1000224841. 
2024.05.22 13:31:29, В системе найдена строка на сумму 1886 за 2024-03-25 от плательщика с ИНН 7202231910 и КПП 720301001 в ЭД Сведения о поступивших от юридических лиц платежах №14 от 2024-05-14 на сумму 37284942.86, соответствующий блок сообщения не будет обработан
2024.05.22 13:31:29, Строка пропущена. Связывание со входящим документом № 17 ЭД "Сведения о поступивших от юридических лиц платежах" № 14 ID = 1000224841. 
2024.05.22 13:31:29, В системе найдена строка на сумму -30246 за 2024-03-25 от плательщика с ИНН 7202150379 и КПП 720301001 в ЭД Сведения о поступивших от юридических лиц платежах №14 от 2024-05-14 на сумму 37284942.86, соответствующий блок сообщения не будет обработан
2024.05.22 13:31:29, Строка пропущена. Связывание со входящим документом № 17 ЭД "Сведения о поступивших от юридических лиц платежах" № 14 ID = 1000224841. 
2024.05.22 13:31:29, В системе найдена строка на сумму 50683 за 2024-03-25 от плательщика с ИНН 7204104064 и КПП 720301001 в ЭД Сведения о поступивших от юридических лиц платежах №14 от 2024-05-14 на сумму 37284942.86, соответствующий блок сообщения не будет обработан
2024.05.22 13:31:29, Строка пропущена. Связывание со входящим документом № 17 ЭД "Сведения о поступивших от юридических лиц платежах" № 14 ID = 1000224841. 
2024.05.22 13:31:29, В системе найдена строка на сумму -3936.8 за 2024-03-25 от плательщика с ИНН 7202206423 и КПП 720301001 в ЭД Сведения о поступивших от юридических лиц платежах №14 от 2024-05-14 на сумму 37284942.86, соответствующий блок сообщения не будет обработан
2024.05.22 13:31:29, Строка пропущена. Связывание со входящим документом № 17 ЭД "Сведения о поступивших от юридических лиц платежах" № 14 ID = 1000224841. 
2024.05.22 13:31:29, В системе найдена строка на сумму 29445 за 2024-03-25 от плательщика с ИНН 7202155514 и КПП 720301001 в ЭД Сведения о поступивших от юридических лиц платежах №14 от 2024-05-14 на сумму 37284942.86, соответствующий блок сообщения не будет обработан
2024.05.22 13:31:29, Строка пропущена. Связывание со входящим документом № 17 ЭД "Сведения о поступивших от юридических лиц платежах" № 14 ID = 1000224841. 
2024.05.22 13:31:29, В системе найдена строка на сумму 2092 за 2024-03-25 от плательщика с ИНН 7204104924 и КПП 720301001 в ЭД Сведения о поступивших от юридических лиц платежах №14 от 2024-05-14 на сумму 37284942.86, соответствующий блок сообщения не будет обработан
2024.05.22 13:31:29, Строка пропущена. Связывание со входящим документом № 17 ЭД "Сведения о поступивших от юридических лиц платежах" № 14 ID = 1000224841. 
2024.05.22 13:31:29, В системе найдена строка на сумму -16430 за 2024-03-25 от плательщика с ИНН 7203270005 и КПП 720301001 в ЭД Сведения о поступивших от юридических лиц платежах №14 от 2024-05-14 на сумму 37284942.86, соответствующий блок сообщения не будет обработан
2024.05.22 13:31:29, Строка пропущена. Связывание со входящим документом № 17 ЭД "Сведения о поступивших от юридических лиц платежах" № 14 ID = 1000224841. 
2024.05.22 13:31:29, В системе найдена строка на сумму 870.08 за 2024-03-25 от плательщика с ИНН 7203270005 и КПП 720301001 в ЭД Сведения о поступивших от юридических лиц платежах №14 от 2024-05-14 на сумму 37284942.86, соответствующий блок сообщения не будет обработан
2024.05.22 13:31:29, Строка пропущена. Связывание со входящим документом № 17 ЭД "Сведения о поступивших от юридических лиц платежах" № 14 ID = 1000224841. 
2024.05.22 13:31:29, В системе найдена строка на сумму 8013 за 2024-03-25 от плательщика с ИНН 7204174625 и КПП 720301001 в ЭД Сведения о поступивших от юридических лиц платежах №14 от 2024-05-14 на сумму 37284942.86, соответствующий блок сообщения не будет обработан
2024.05.22 13:31:29, Строка пропущена. Связывание со входящим документом № 17 ЭД "Сведения о поступивших от юридических лиц платежах" № 14 ID = 1000224841. 
2024.05.22 13:31:29, В системе найдена строка на сумму 5442 за 2024-03-25 от плательщика с ИНН 7203179229 и КПП 720301001 в ЭД Сведения о поступивших от юридических лиц платежах №14 от 2024-05-14 на сумму 37284942.86, соответствующий блок сообщения не будет обработан
2024.05.22 13:31:29, Строка пропущена. Связывание со входящим документом № 17 ЭД "Сведения о поступивших от юридических лиц платежах" № 14 ID = 1000224841. 
2024.05.22 13:31:29, В системе найдена строка на сумму 1105582 за 2024-03-25 от плательщика с ИНН 7203179370 и КПП 720301001 в ЭД Сведения о поступивших от юридических лиц платежах №14 от 2024-05-14 на сумму 37284942.86, соответствующий блок сообщения не будет обработан
2024.05.22 13:31:29, Строка пропущена. Связывание со входящим документом № 17 ЭД "Сведения о поступивших от юридических лиц платежах" № 14 ID = 1000224841. 
2024.05.22 13:31:29, В системе найдена строка на сумму 63782 за 2024-03-25 от плательщика с ИНН 7202173880 и КПП 720301001 в ЭД Сведения о поступивших от юридических лиц платежах №14 от 2024-05-14 на сумму 37284942.86, соответствующий блок сообщения не будет обработан
2024.05.22 13:31:29, Строка пропущена. Связывание со входящим документом № 17 ЭД "Сведения о поступивших от юридических лиц платежах" № 14 ID = 1000224841. 
2024.05.22 13:31:29, В системе найдена строка на сумму 41930 за 2024-03-25 от плательщика с ИНН 7202150989 и КПП 720301001 в ЭД Сведения о поступивших от юридических лиц платежах №14 от 2024-05-14 на сумму 37284942.86, соответствующий блок сообщения не будет обработан
2024.05.22 13:31:29, Строка пропущена. Связывание со входящим документом № 17 ЭД "Сведения о поступивших от юридических лиц платежах" № 14 ID = 1000224841. 
2024.05.22 13:31:29, В системе найдена строка на сумму 149 за 2024-03-25 от плательщика с ИНН 7203187004 и КПП 720301001 в ЭД Сведения о поступивших от юридических лиц платежах №14 от 2024-05-14 на сумму 37284942.86, соответствующий блок сообщения не будет обработан
2024.05.22 13:31:29, Строка пропущена. Связывание со входящим документом № 17 ЭД "Сведения о поступивших от юридических лиц платежах" № 14 ID = 1000224841. 
2024.05.22 13:31:29, В системе найдена строка на сумму 2209 за 2024-03-25 от плательщика с ИНН 7202157007 и КПП 720301001 в ЭД Сведения о поступивших от юридических лиц платежах №14 от 2024-05-14 на сумму 37284942.86, соответствующий блок сообщения не будет обработан
2024.05.22 13:31:29, Строка пропущена. Связывание со входящим документом № 17 ЭД "Сведения о поступивших от юридических лиц платежах" № 14 ID = 1000224841. 
2024.05.22 13:31:29, В системе найдена строка на сумму 4194970 за 2024-03-25 от плательщика с ИНН 6671382990 и КПП 720343001 в ЭД Сведения о поступивших от юридических лиц платежах №14 от 2024-05-14 на сумму 37284942.86, соответствующий блок сообщения не будет обработан
2024.05.22 13:31:29, Строка пропущена. Связывание со входящим документом № 17 ЭД "Сведения о поступивших от юридических лиц платежах" № 14 ID = 1000224841. 
2024.05.22 13:31:29, В системе найдена строка на сумму 17.69 за 2024-03-25 от плательщика с ИНН 7204102518 и КПП 720301001 в ЭД Сведения о поступивших от юридических лиц платежах №14 от 2024-05-14 на сумму 37284942.86, соответствующий блок сообщения не будет обработан
2024.05.22 13:31:29, Строка пропущена. Связывание со входящим документом № 17 ЭД "Сведения о поступивших от юридических лиц платежах" № 14 ID = 1000224841. 
2024.05.22 13:31:29, В системе найдена строка на сумму 2744.66 за 2024-03-25 от плательщика с ИНН 7204095910 и КПП 720301001 в ЭД Сведения о поступивших от юридических лиц платежах №14 от 2024-05-14 на сумму 37284942.86, соответствующий блок сообщения не будет обработан
2024.05.22 13:31:29, Строка пропущена. Связывание со входящим документом № 17 ЭД "Сведения о поступивших от юридических лиц платежах" № 14 ID = 1000224841. 
2024.05.22 13:31:29, В системе найдена строка на сумму 1936 за 2024-03-25 от плательщика с ИНН 7203277699 и КПП 720301001 в ЭД Сведения о поступивших от юридических лиц платежах №14 от 2024-05-14 на сумму 37284942.86, соответствующий блок сообщения не будет обработан
2024.05.22 13:31:29, Строка пропущена. Связывание со входящим документом № 17 ЭД "Сведения о поступивших от юридических лиц платежах" № 14 ID = 1000224841. 
2024.05.22 13:31:29, В системе найдена строка на сумму 1138.49 за 2024-03-25 от плательщика с ИНН 7204152090 и КПП 720301001 в ЭД Сведения о поступивших от юридических лиц платежах №14 от 2024-05-14 на сумму 37284942.86, соответствующий блок сообщения не будет обработан
2024.05.22 13:31:29, Строка пропущена. Связывание со входящим документом № 17 ЭД "Сведения о поступивших от юридических лиц платежах" № 14 ID = 1000224841. 
2024.05.22 13:31:29, В системе найдена строка на сумму 793.82 за 2024-03-25 от плательщика с ИНН 7204152090 и КПП 720301001 в ЭД Сведения о поступивших от юридических лиц платежах №14 от 2024-05-14 на сумму 37284942.86, соответствующий блок сообщения не будет обработан
2024.05.22 13:31:29, Строка пропущена. Связывание со входящим документом № 17 ЭД "Сведения о поступивших от юридических лиц платежах" № 14 ID = 1000224841. 
2024.05.22 13:31:29, В системе найдена строка на сумму 3679 за 2024-03-25 от плательщика с ИНН 7447154476 и КПП 720345001 в ЭД Сведения о поступивших от юридических лиц платежах №14 от 2024-05-14 на сумму 37284942.86, соответствующий блок сообщения не будет обработан
2024.05.22 13:31:29, Строка пропущена. Связывание со входящим документом № 17 ЭД "Сведения о поступивших от юридических лиц платежах" № 14 ID = 1000224841. 
2024.05.22 13:31:29, В системе найдена строка на сумму 1494 за 2024-03-25 от плательщика с ИНН 8903026043 и КПП 720301001 в ЭД Сведения о поступивших от юридических лиц платежах №14 от 2024-05-14 на сумму 37284942.86, соответствующий блок сообщения не будет обработан
2024.05.22 13:31:29, Строка пропущена. Связывание со входящим документом № 17 ЭД "Сведения о поступивших от юридических лиц платежах" № 14 ID = 1000224841. 
2024.05.22 13:31:29, В системе найдена строка на сумму 6405 за 2024-03-25 от плательщика с ИНН 5029159762 и КПП 720345002 в ЭД Сведения о поступивших от юридических лиц платежах №14 от 2024-05-14 на сумму 37284942.86, соответствующий блок сообщения не будет обработан
2024.05.22 13:31:29, Строка пропущена. Связывание со входящим документом № 17 ЭД "Сведения о поступивших от юридических лиц платежах" № 14 ID = 1000224841. 
2024.05.22 13:31:29, В системе найдена строка на сумму 26240 за 2024-03-25 от плательщика с ИНН 7202198187 и КПП 720301001 в ЭД Сведения о поступивших от юридических лиц платежах №14 от 2024-05-14 на сумму 37284942.86, соответствующий блок сообщения не будет обработан
2024.05.22 13:31:29, Строка пропущена. Связывание со входящим документом № 17 ЭД "Сведения о поступивших от юридических лиц платежах" № 14 ID = 1000224841. 
2024.05.22 13:31:29, В системе найдена строка на сумму 108099 за 2024-03-25 от плательщика с ИНН 7203236195 и КПП 720301001 в ЭД Сведения о поступивших от юридических лиц платежах №14 от 2024-05-14 на сумму 37284942.86, соответствующий блок сообщения не будет обработан
2024.05.22 13:31:29, Строка пропущена. Связывание со входящим документом № 17 ЭД "Сведения о поступивших от юридических лиц платежах" № 14 ID = 1000224841. 
2024.05.22 13:31:29, В системе найдена строка на сумму 5980 за 2024-03-25 от плательщика с ИНН 7204178080 и КПП 720301001 в ЭД Сведения о поступивших от юридических лиц платежах №14 от 2024-05-14 на сумму 37284942.86, соответствующий блок сообщения не будет обработан
2024.05.22 13:31:29, Строка пропущена. Связывание со входящим документом № 17 ЭД "Сведения о поступивших от юридических лиц платежах" № 14 ID = 1000224841. 
2024.05.22 13:31:29, В системе найдена строка на сумму -4862 за 2024-03-25 от плательщика с ИНН 7204178080 и КПП 720301001 в ЭД Сведения о поступивших от юридических лиц платежах №14 от 2024-05-14 на сумму 37284942.86, соответствующий блок сообщения не будет обработан
2024.05.22 13:31:29, Строка пропущена. Связывание со входящим документом № 17 ЭД "Сведения о поступивших от юридических лиц платежах" № 14 ID = 1000224841. 
2024.05.22 13:31:29, В системе найдена строка на сумму 328641.04 за 2024-03-25 от плательщика с ИНН 7203236332 и КПП 720301001 в ЭД Сведения о поступивших от юридических лиц платежах №14 от 2024-05-14 на сумму 37284942.86, соответствующий блок сообщения не будет обработан
2024.05.22 13:31:29, Строка пропущена. Связывание со входящим документом № 17 ЭД "Сведения о поступивших от юридических лиц платежах" № 14 ID = 1000224841. 
2024.05.22 13:31:29, В системе найдена строка на сумму -14766.04 за 2024-03-25 от плательщика с ИНН 7203236332 и КПП 720301001 в ЭД Сведения о поступивших от юридических лиц платежах №14 от 2024-05-14 на сумму 37284942.86, соответствующий блок сообщения не будет обработан
2024.05.22 13:31:29, Строка пропущена. Связывание со входящим документом № 17 ЭД "Сведения о поступивших от юридических лиц платежах" № 14 ID = 1000224841. 
2024.05.22 13:31:29, В системе найдена строка на сумму 25.95 за 2024-03-25 от плательщика с ИНН 7202201351 и КПП 720301001 в ЭД Сведения о поступивших от юридических лиц платежах №14 от 2024-05-14 на сумму 37284942.86, соответствующий блок сообщения не будет обработан
2024.05.22 13:31:29, Строка пропущена. Связывание со входящим документом № 17 ЭД "Сведения о поступивших от юридических лиц платежах" № 14 ID = 1000224841. 
2024.05.22 13:31:29, В системе найдена строка на сумму 38737 за 2024-03-25 от плательщика с ИНН 7204120203 и КПП 720301001 в ЭД Сведения о поступивших от юридических лиц платежах №14 от 2024-05-14 на сумму 37284942.86, соответствующий блок сообщения не будет обработан
2024.05.22 13:31:29, Строка пропущена. Связывание со входящим документом № 17 ЭД "Сведения о поступивших от юридических лиц платежах" № 14 ID = 1000224841. 
2024.05.22 13:31:29, В системе найдена строка на сумму 22208 за 2024-03-25 от плательщика с ИНН 7203210711 и КПП 720301001 в ЭД Сведения о поступивших от юридических лиц платежах №14 от 2024-05-14 на сумму 37284942.86, соответствующий блок сообщения не будет обработан
2024.05.22 13:31:29, Строка пропущена. Связывание со входящим документом № 17 ЭД "Сведения о поступивших от юридических лиц платежах" № 14 ID = 1000224841. 
2024.05.22 13:31:29, В системе найдена строка на сумму 897 за 2024-03-25 от плательщика с ИНН 7204178820 и КПП 720301001 в ЭД Сведения о поступивших от юридических лиц платежах №14 от 2024-05-14 на сумму 37284942.86, соответствующий блок сообщения не будет обработан
2024.05.22 13:31:29, Строка пропущена. Связывание со входящим документом № 17 ЭД "Сведения о поступивших от юридических лиц платежах" № 14 ID = 1000224841. 
2024.05.22 13:31:29, В системе найдена строка на сумму 94818 за 2024-03-25 от плательщика с ИНН 7204180700 и КПП 720301001 в ЭД Сведения о поступивших от юридических лиц платежах №14 от 2024-05-14 на сумму 37284942.86, соответствующий блок сообщения не будет обработан
2024.05.22 13:31:29, Строка пропущена. Связывание со входящим документом № 17 ЭД "Сведения о поступивших от юридических лиц платежах" № 14 ID = 1000224841. 
2024.05.22 13:31:29, В системе найдена строка на сумму 1120 за 2024-03-25 от плательщика с ИНН 8611007371 и КПП 720301001 в ЭД Сведения о поступивших от юридических лиц платежах №14 от 2024-05-14 на сумму 37284942.86, соответствующий блок сообщения не будет обработан
2024.05.22 13:31:29, Строка пропущена. Связывание со входящим документом № 17 ЭД "Сведения о поступивших от юридических лиц платежах" № 14 ID = 1000224841. 
2024.05.22 13:31:29, В системе найдена строка на сумму 30649 за 2024-03-25 от плательщика с ИНН 7204157845 и КПП 720301001 в ЭД Сведения о поступивших от юридических лиц платежах №14 от 2024-05-14 на сумму 37284942.86, соответствующий блок сообщения не будет обработан
2024.05.22 13:31:29, Строка пропущена. Связывание со входящим документом № 17 ЭД "Сведения о поступивших от юридических лиц платежах" № 14 ID = 1000224841. 
2024.05.22 13:31:29, В системе найдена строка на сумму 4485 за 2024-03-25 от плательщика с ИНН 7204177560 и КПП 720301001 в ЭД Сведения о поступивших от юридических лиц платежах №14 от 2024-05-14 на сумму 37284942.86, соответствующий блок сообщения не будет обработан
2024.05.22 13:31:29, Строка пропущена. Связывание со входящим документом № 17 ЭД "Сведения о поступивших от юридических лиц платежах" № 14 ID = 1000224841. 
2024.05.22 13:31:29, В системе найдена строка на сумму 1757962 за 2024-03-25 от плательщика с ИНН 7709832820 и КПП 720345001 в ЭД Сведения о поступивших от юридических лиц платежах №14 от 2024-05-14 на сумму 37284942.86, соответствующий блок сообщения не будет обработан
2024.05.22 13:31:29, Строка пропущена. Связывание со входящим документом № 17 ЭД "Сведения о поступивших от юридических лиц платежах" № 14 ID = 1000224841. 
2024.05.22 13:31:29, В системе найдена строка на сумму 23678 за 2024-03-25 от плательщика с ИНН 6658249020 и КПП 720345001 в ЭД Сведения о поступивших от юридических лиц платежах №14 от 2024-05-14 на сумму 37284942.86, соответствующий блок сообщения не будет обработан
2024.05.22 13:31:29, Строка пропущена. Связывание со входящим документом № 17 ЭД "Сведения о поступивших от юридических лиц платежах" № 14 ID = 1000224841. 
2024.05.22 13:31:29, В системе найдена строка на сумму -2313 за 2024-03-25 от плательщика с ИНН 7204157637 и КПП 720301001 в ЭД Сведения о поступивших от юридических лиц платежах №14 от 2024-05-14 на сумму 37284942.86, соответствующий блок сообщения не будет обработан
2024.05.22 13:31:29, Строка пропущена. Связывание со входящим документом № 17 ЭД "Сведения о поступивших от юридических лиц платежах" № 14 ID = 1000224841. 
2024.05.22 13:31:29, В системе найдена строка на сумму 16816 за 2024-03-25 от плательщика с ИНН 7204175629 и КПП 720301001 в ЭД Сведения о поступивших от юридических лиц платежах №14 от 2024-05-14 на сумму 37284942.86, соответствующий блок сообщения не будет обработан
2024.05.22 13:31:29, Строка пропущена. Связывание со входящим документом № 17 ЭД "Сведения о поступивших от юридических лиц платежах" № 14 ID = 1000224841. 
2024.05.22 13:31:29, В системе найдена строка на сумму 4706 за 2024-03-25 от плательщика с ИНН 7202201136 и КПП 720301001 в ЭД Сведения о поступивших от юридических лиц платежах №14 от 2024-05-14 на сумму 37284942.86, соответствующий блок сообщения не будет обработан
2024.05.22 13:31:29, Строка пропущена. Связывание со входящим документом № 17 ЭД "Сведения о поступивших от юридических лиц платежах" № 14 ID = 1000224841. 
2024.05.22 13:31:29, В системе найдена строка на сумму 46331.13 за 2024-03-25 от плательщика с ИНН 7203240770 и КПП 720301001 в ЭД Сведения о поступивших от юридических лиц платежах №14 от 2024-05-14 на сумму 37284942.86, соответствующий блок сообщения не будет обработан
2024.05.22 13:31:29, Строка пропущена. Связывание со входящим документом № 17 ЭД "Сведения о поступивших от юридических лиц платежах" № 14 ID = 1000224841. 
2024.05.22 13:31:29, В системе найдена строка на сумму 7475 за 2024-03-25 от плательщика с ИНН 4510019599 и КПП 720301001 в ЭД Сведения о поступивших от юридических лиц платежах №14 от 2024-05-14 на сумму 37284942.86, соответствующий блок сообщения не будет обработан
2024.05.22 13:31:29, Строка пропущена. Связывание со входящим документом № 17 ЭД "Сведения о поступивших от юридических лиц платежах" № 14 ID = 1000224841. 
2024.05.22 13:31:29, В системе найдена строка на сумму 2828 за 2024-03-25 от плательщика с ИНН 7202231420 и КПП 720301001 в ЭД Сведения о поступивших от юридических лиц платежах №14 от 2024-05-14 на сумму 37284942.86, соответствующий блок сообщения не будет обработан
2024.05.22 13:31:29, Строка пропущена. Связывание со входящим документом № 17 ЭД "Сведения о поступивших от юридических лиц платежах" № 14 ID = 1000224841. 
2024.05.22 13:31:29, В системе найдена строка на сумму 9344 за 2024-03-25 от плательщика с ИНН 7202169919 и КПП 720301001 в ЭД Сведения о поступивших от юридических лиц платежах №14 от 2024-05-14 на сумму 37284942.86, соответствующий блок сообщения не будет обработан
2024.05.22 13:31:29, Строка пропущена. Связывание со входящим документом № 17 ЭД "Сведения о поступивших от юридических лиц платежах" № 14 ID = 1000224841. 
2024.05.22 13:31:29, В системе найдена строка на сумму 401.94 за 2024-03-25 от плательщика с ИНН 7203273180 и КПП 720301001 в ЭД Сведения о поступивших от юридических лиц платежах №14 от 2024-05-14 на сумму 37284942.86, соответствующий блок сообщения не будет обработан
2024.05.22 13:31:29, Строка пропущена. Связывание со входящим документом № 17 ЭД "Сведения о поступивших от юридических лиц платежах" № 14 ID = 1000224841. 
2024.05.22 13:31:29, В системе найдена строка на сумму 4770 за 2024-03-25 от плательщика с ИНН 7203205983 и КПП 720301001 в ЭД Сведения о поступивших от юридических лиц платежах №14 от 2024-05-14 на сумму 37284942.86, соответствующий блок сообщения не будет обработан
2024.05.22 13:31:29, Строка пропущена. Связывание со входящим документом № 17 ЭД "Сведения о поступивших от юридических лиц платежах" № 14 ID = 1000224841. 
2024.05.22 13:31:29, В системе найдена строка на сумму 18478 за 2024-03-25 от плательщика с ИНН 6670124411 и КПП 720345001 в ЭД Сведения о поступивших от юридических лиц платежах №14 от 2024-05-14 на сумму 37284942.86, соответствующий блок сообщения не будет обработан
2024.05.22 13:31:29, Строка пропущена. Связывание со входящим документом № 17 ЭД "Сведения о поступивших от юридических лиц платежах" № 14 ID = 1000224841. 
2024.05.22 13:31:29, В системе найдена строка на сумму 6504 за 2024-03-25 от плательщика с ИНН 7203250383 и КПП 720301001 в ЭД Сведения о поступивших от юридических лиц платежах №14 от 2024-05-14 на сумму 37284942.86, соответствующий блок сообщения не будет обработан
2024.05.22 13:31:29, Строка пропущена. Связывание со входящим документом № 17 ЭД "Сведения о поступивших от юридических лиц платежах" № 14 ID = 1000224841. 
2024.05.22 13:31:29, В системе найдена строка на сумму 66827 за 2024-03-25 от плательщика с ИНН 7203250489 и КПП 720301001 в ЭД Сведения о поступивших от юридических лиц платежах №14 от 2024-05-14 на сумму 37284942.86, соответствующий блок сообщения не будет обработан
2024.05.22 13:31:29, Строка пропущена. Связывание со входящим документом № 17 ЭД "Сведения о поступивших от юридических лиц платежах" № 14 ID = 1000224841. 
2024.05.22 13:31:29, В системе найдена строка на сумму 17779 за 2024-03-25 от плательщика с ИНН 7204158990 и КПП 720301001 в ЭД Сведения о поступивших от юридических лиц платежах №14 от 2024-05-14 на сумму 37284942.86, соответствующий блок сообщения не будет обработан
2024.05.22 13:31:29, Строка пропущена. Связывание со входящим документом № 17 ЭД "Сведения о поступивших от юридических лиц платежах" № 14 ID = 1000224841. 
2024.05.22 13:31:29, В системе найдена строка на сумму 8792 за 2024-03-25 от плательщика с ИНН 7202229276 и КПП 720301001 в ЭД Сведения о поступивших от юридических лиц платежах №14 от 2024-05-14 на сумму 37284942.86, соответствующий блок сообщения не будет обработан
2024.05.22 13:31:29, Строка пропущена. Связывание со входящим документом № 17 ЭД "Сведения о поступивших от юридических лиц платежах" № 14 ID = 1000224841. 
2024.05.22 13:31:29, В системе найдена строка на сумму 10753 за 2024-03-25 от плательщика с ИНН 7203276737 и КПП 720301001 в ЭД Сведения о поступивших от юридических лиц платежах №14 от 2024-05-14 на сумму 37284942.86, соответствующий блок сообщения не будет обработан
2024.05.22 13:31:29, Строка пропущена. Связывание со входящим документом № 17 ЭД "Сведения о поступивших от юридических лиц платежах" № 14 ID = 1000224841. 
2024.05.22 13:31:29, В системе найдена строка на сумму 3095 за 2024-03-25 от плательщика с ИНН 6674356251 и КПП 722445001 в ЭД Сведения о поступивших от юридических лиц платежах №14 от 2024-05-14 на сумму 37284942.86, соответствующий блок сообщения не будет обработан
2024.05.22 13:31:29, Строка пропущена. Связывание со входящим документом № 17 ЭД "Сведения о поступивших от юридических лиц платежах" № 14 ID = 1000224841. 
2024.05.22 13:31:29, В системе найдена строка на сумму -1068793 за 2024-03-25 от плательщика с ИНН 4502017164 и КПП 720301001 в ЭД Сведения о поступивших от юридических лиц платежах №14 от 2024-05-14 на сумму 37284942.86, соответствующий блок сообщения не будет обработан
2024.05.22 13:31:29, Строка пропущена. Связывание со входящим документом № 17 ЭД "Сведения о поступивших от юридических лиц платежах" № 14 ID = 1000224841. 
2024.05.22 13:31:29, В системе найдена строка на сумму -72808.97 за 2024-03-25 от плательщика с ИНН 0267016107 и КПП 720301001 в ЭД Сведения о поступивших от юридических лиц платежах №14 от 2024-05-14 на сумму 37284942.86, соответствующий блок сообщения не будет обработан
2024.05.22 13:31:29, Строка пропущена. Связывание со входящим документом № 17 ЭД "Сведения о поступивших от юридических лиц платежах" № 14 ID = 1000224841. 
2024.05.22 13:31:29, В системе найдена строка на сумму 3501 за 2024-03-25 от плательщика с ИНН 7202233314 и КПП 720301001 в ЭД Сведения о поступивших от юридических лиц платежах №14 от 2024-05-14 на сумму 37284942.86, соответствующий блок сообщения не будет обработан
2024.05.22 13:31:29, Строка пропущена. Связывание со входящим документом № 17 ЭД "Сведения о поступивших от юридических лиц платежах" № 14 ID = 1000224841. 
2024.05.22 13:31:29, В системе найдена строка на сумму 14192.19 за 2024-03-25 от плательщика с ИНН 7203218407 и КПП 720301001 в ЭД Сведения о поступивших от юридических лиц платежах №14 от 2024-05-14 на сумму 37284942.86, соответствующий блок сообщения не будет обработан
2024.05.22 13:31:29, Строка пропущена. Связывание со входящим документом № 17 ЭД "Сведения о поступивших от юридических лиц платежах" № 14 ID = 1000224841. 
2024.05.22 13:31:29, В системе найдена строка на сумму 362 за 2024-03-25 от плательщика с ИНН 7202186752 и КПП 720301001 в ЭД Сведения о поступивших от юридических лиц платежах №14 от 2024-05-14 на сумму 37284942.86, соответствующий блок сообщения не будет обработан
2024.05.22 13:31:29, Строка пропущена. Связывание со входящим документом № 17 ЭД "Сведения о поступивших от юридических лиц платежах" № 14 ID = 1000224841. 
2024.05.22 13:31:29, В системе найдена строка на сумму -206.65 за 2024-03-25 от плательщика с ИНН 4501161944 и КПП 720301001 в ЭД Сведения о поступивших от юридических лиц платежах №14 от 2024-05-14 на сумму 37284942.86, соответствующий блок сообщения не будет обработан
2024.05.22 13:31:29, Строка пропущена. Связывание со входящим документом № 17 ЭД "Сведения о поступивших от юридических лиц платежах" № 14 ID = 1000224841. 
2024.05.22 13:31:29, В системе найдена строка на сумму 77355 за 2024-03-25 от плательщика с ИНН 4205233966 и КПП 720343001 в ЭД Сведения о поступивших от юридических лиц платежах №14 от 2024-05-14 на сумму 37284942.86, соответствующий блок сообщения не будет обработан
2024.05.22 13:31:29, Строка пропущена. Связывание со входящим документом № 17 ЭД "Сведения о поступивших от юридических лиц платежах" № 14 ID = 1000224841. 
2024.05.22 13:31:29, В системе найдена строка на сумму 315 за 2024-03-25 от плательщика с ИНН 7203268574 и КПП 720301001 в ЭД Сведения о поступивших от юридических лиц платежах №14 от 2024-05-14 на сумму 37284942.86, соответствующий блок сообщения не будет обработан
2024.05.22 13:31:29, Строка пропущена. Связывание со входящим документом № 17 ЭД "Сведения о поступивших от юридических лиц платежах" № 14 ID = 1000224841. 
2024.05.22 13:31:29, В системе найдена строка на сумму 54313 за 2024-03-25 от плательщика с ИНН 8602236449 и КПП 720301001 в ЭД Сведения о поступивших от юридических лиц платежах №14 от 2024-05-14 на сумму 37284942.86, соответствующий блок сообщения не будет обработан
2024.05.22 13:31:29, Строка пропущена. Связывание со входящим документом № 17 ЭД "Сведения о поступивших от юридических лиц платежах" № 14 ID = 1000224841. 
2024.05.22 13:31:29, В системе найдена строка на сумму 59121 за 2024-03-25 от плательщика с ИНН 7202226469 и КПП 720301001 в ЭД Сведения о поступивших от юридических лиц платежах №14 от 2024-05-14 на сумму 37284942.86, соответствующий блок сообщения не будет обработан
2024.05.22 13:31:29, Строка пропущена. Связывание со входящим документом № 17 ЭД "Сведения о поступивших от юридических лиц платежах" № 14 ID = 1000224841. 
2024.05.22 13:31:29, В системе найдена строка на сумму 10 за 2024-03-25 от плательщика с ИНН 7203175288 и КПП 720301001 в ЭД Сведения о поступивших от юридических лиц платежах №14 от 2024-05-14 на сумму 37284942.86, соответствующий блок сообщения не будет обработан
2024.05.22 13:31:29, Строка пропущена. Связывание со входящим документом № 17 ЭД "Сведения о поступивших от юридических лиц платежах" № 14 ID = 1000224841. 
2024.05.22 13:31:29, В системе найдена строка на сумму 17960 за 2024-03-25 от плательщика с ИНН 7203241935 и КПП 720301001 в ЭД Сведения о поступивших от юридических лиц платежах №14 от 2024-05-14 на сумму 37284942.86, соответствующий блок сообщения не будет обработан
2024.05.22 13:31:29, Строка пропущена. Связывание со входящим документом № 17 ЭД "Сведения о поступивших от юридических лиц платежах" № 14 ID = 1000224841. 
2024.05.22 13:31:29, В системе найдена строка на сумму -20548 за 2024-03-25 от плательщика с ИНН 7204166857 и КПП 720301001 в ЭД Сведения о поступивших от юридических лиц платежах №14 от 2024-05-14 на сумму 37284942.86, соответствующий блок сообщения не будет обработан
2024.05.22 13:31:29, Строка пропущена. Связывание со входящим документом № 17 ЭД "Сведения о поступивших от юридических лиц платежах" № 14 ID = 1000224841. 
2024.05.22 13:31:29, В системе найдена строка на сумму 172 за 2024-03-25 от плательщика с ИНН 7204060018 и КПП 720301001 в ЭД Сведения о поступивших от юридических лиц платежах №14 от 2024-05-14 на сумму 37284942.86, соответствующий блок сообщения не будет обработан
2024.05.22 13:31:29, Строка пропущена. Связывание со входящим документом № 17 ЭД "Сведения о поступивших от юридических лиц платежах" № 14 ID = 1000224841. 
2024.05.22 13:31:29, В системе найдена строка на сумму 390 за 2024-03-25 от плательщика с ИНН 7203291990 и КПП 720301001 в ЭД Сведения о поступивших от юридических лиц платежах №14 от 2024-05-14 на сумму 37284942.86, соответствующий блок сообщения не будет обработан
2024.05.22 13:31:29, Строка пропущена. Связывание со входящим документом № 17 ЭД "Сведения о поступивших от юридических лиц платежах" № 14 ID = 1000224841. 
2024.05.22 13:31:29, В системе найдена строка на сумму 4862 за 2024-03-25 от плательщика с ИНН 7203323401 и КПП 720301001 в ЭД Сведения о поступивших от юридических лиц платежах №14 от 2024-05-14 на сумму 37284942.86, соответствующий блок сообщения не будет обработан
2024.05.22 13:31:29, Строка пропущена. Связывание со входящим документом № 17 ЭД "Сведения о поступивших от юридических лиц платежах" № 14 ID = 1000224841. 
2024.05.22 13:31:29, В системе найдена строка на сумму 64254 за 2024-03-25 от плательщика с ИНН 7203385398 и КПП 720301001 в ЭД Сведения о поступивших от юридических лиц платежах №14 от 2024-05-14 на сумму 37284942.86, соответствующий блок сообщения не будет обработан
2024.05.22 13:31:29, Строка пропущена. Связывание со входящим документом № 17 ЭД "Сведения о поступивших от юридических лиц платежах" № 14 ID = 1000224841. 
2024.05.22 13:31:29, В системе найдена строка на сумму 3500 за 2024-03-25 от плательщика с ИНН 6671084708 и КПП 720345001 в ЭД Сведения о поступивших от юридических лиц платежах №14 от 2024-05-14 на сумму 37284942.86, соответствующий блок сообщения не будет обработан
2024.05.22 13:31:29, Строка пропущена. Связывание со входящим документом № 17 ЭД "Сведения о поступивших от юридических лиц платежах" № 14 ID = 1000224841. 
2024.05.22 13:31:29, В системе найдена строка на сумму 16090 за 2024-03-25 от плательщика с ИНН 7203468340 и КПП 720301001 в ЭД Сведения о поступивших от юридических лиц платежах №14 от 2024-05-14 на сумму 37284942.86, соответствующий блок сообщения не будет обработан
2024.05.22 13:31:29, Строка пропущена. Связывание со входящим документом № 17 ЭД "Сведения о поступивших от юридических лиц платежах" № 14 ID = 1000224841. 
2024.05.22 13:31:29, В системе найдена строка на сумму 152638 за 2024-03-25 от плательщика с ИНН 7203488820 и КПП 720301001 в ЭД Сведения о поступивших от юридических лиц платежах №14 от 2024-05-14 на сумму 37284942.86, соответствующий блок сообщения не будет обработан
2024.05.22 13:31:29, Строка пропущена. Связывание со входящим документом № 17 ЭД "Сведения о поступивших от юридических лиц платежах" № 14 ID = 1000224841. 
2024.05.22 13:31:29, В системе найдена строка на сумму 1423927 за 2024-03-25 от плательщика с ИНН 7203488820 и КПП 720301001 в ЭД Сведения о поступивших от юридических лиц платежах №14 от 2024-05-14 на сумму 37284942.86, соответствующий блок сообщения не будет обработан
2024.05.22 13:31:29, Строка пропущена. Связывание со входящим документом № 17 ЭД "Сведения о поступивших от юридических лиц платежах" № 14 ID = 1000224841. 
2024.05.22 13:31:29, В системе найдена строка на сумму 542.78 за 2024-03-25 от плательщика с ИНН 7203490530 и КПП 720301001 в ЭД Сведения о поступивших от юридических лиц платежах №14 от 2024-05-14 на сумму 37284942.86, соответствующий блок сообщения не будет обработан
2024.05.22 13:31:29, Строка пропущена. Связывание со входящим документом № 17 ЭД "Сведения о поступивших от юридических лиц платежах" № 14 ID = 1000224841. 
2024.05.22 13:31:29, В системе найдена строка на сумму 9269 за 2024-03-25 от плательщика с ИНН 7203496690 и КПП 720301001 в ЭД Сведения о поступивших от юридических лиц платежах №14 от 2024-05-14 на сумму 37284942.86, соответствующий блок сообщения не будет обработан
2024.05.22 13:31:29, Строка пропущена. Связывание со входящим документом № 17 ЭД "Сведения о поступивших от юридических лиц платежах" № 14 ID = 1000224841. 
2024.05.22 13:31:29, В системе найдена строка на сумму 5573 за 2024-03-25 от плательщика с ИНН 7203532821 и КПП 720301001 в ЭД Сведения о поступивших от юридических лиц платежах №14 от 2024-05-14 на сумму 37284942.86, соответствующий блок сообщения не будет обработан
2024.05.22 13:31:29, Строка пропущена. Связывание со входящим документом № 17 ЭД "Сведения о поступивших от юридических лиц платежах" № 14 ID = 1000224841. 
2024.05.22 13:31:29, В системе найдена строка на сумму 1793 за 2024-03-25 от плательщика с ИНН 7202226540 и КПП 720301001 в ЭД Сведения о поступивших от юридических лиц платежах №14 от 2024-05-14 на сумму 37284942.86, соответствующий блок сообщения не будет обработан
2024.05.22 13:31:29, Строка пропущена. Связывание со входящим документом № 17 ЭД "Сведения о поступивших от юридических лиц платежах" № 14 ID = 1000224841. 
2024.05.22 13:31:29, В системе найдена строка на сумму 72131 за 2024-03-25 от плательщика с ИНН 7202226589 и КПП 720301001 в ЭД Сведения о поступивших от юридических лиц платежах №14 от 2024-05-14 на сумму 37284942.86, соответствующий блок сообщения не будет обработан
2024.05.22 13:31:29, Строка пропущена. Связывание со входящим документом № 17 ЭД "Сведения о поступивших от юридических лиц платежах" № 14 ID = 1000224841. 
2024.05.22 13:31:29, В системе найдена строка на сумму 12946 за 2024-03-25 от плательщика с ИНН 7202168270 и КПП 720301001 в ЭД Сведения о поступивших от юридических лиц платежах №14 от 2024-05-14 на сумму 37284942.86, соответствующий блок сообщения не будет обработан
2024.05.22 13:31:29, Строка пропущена. Связывание со входящим документом № 17 ЭД "Сведения о поступивших от юридических лиц платежах" № 14 ID = 1000224841. 
2024.05.22 13:31:29, В системе найдена строка на сумму 4687 за 2024-03-25 от плательщика с ИНН 7202169210 и КПП 720301001 в ЭД Сведения о поступивших от юридических лиц платежах №14 от 2024-05-14 на сумму 37284942.86, соответствующий блок сообщения не будет обработан
2024.05.22 13:31:29, Строка пропущена. Связывание со входящим документом № 17 ЭД "Сведения о поступивших от юридических лиц платежах" № 14 ID = 1000224841. 
2024.05.22 13:31:29, В системе найдена строка на сумму 75 за 2024-03-25 от плательщика с ИНН 7202169309 и КПП 720301001 в ЭД Сведения о поступивших от юридических лиц платежах №14 от 2024-05-14 на сумму 37284942.86, соответствующий блок сообщения не будет обработан
2024.05.22 13:31:29, Строка пропущена. Связывание со входящим документом № 17 ЭД "Сведения о поступивших от юридических лиц платежах" № 14 ID = 1000224841. 
2024.05.22 13:31:29, В системе найдена строка на сумму -7673 за 2024-03-25 от плательщика с ИНН 7203271200 и КПП 720301001 в ЭД Сведения о поступивших от юридических лиц платежах №14 от 2024-05-14 на сумму 37284942.86, соответствующий блок сообщения не будет обработан
2024.05.22 13:31:29, Строка пропущена. Связывание со входящим документом № 17 ЭД "Сведения о поступивших от юридических лиц платежах" № 14 ID = 1000224841. 
2024.05.22 13:31:29, В системе найдена строка на сумму 598.53 за 2024-03-25 от плательщика с ИНН 7204176291 и КПП 720301001 в ЭД Сведения о поступивших от юридических лиц платежах №14 от 2024-05-14 на сумму 37284942.86, соответствующий блок сообщения не будет обработан
2024.05.22 13:31:29, Строка пропущена. Связывание со входящим документом № 17 ЭД "Сведения о поступивших от юридических лиц платежах" № 14 ID = 1000224841. 
2024.05.22 13:31:29, В системе найдена строка на сумму 14447 за 2024-03-25 от плательщика с ИНН 7203275483 и КПП 720301001 в ЭД Сведения о поступивших от юридических лиц платежах №14 от 2024-05-14 на сумму 37284942.86, соответствующий блок сообщения не будет обработан
2024.05.22 13:31:29, Строка пропущена. Связывание со входящим документом № 17 ЭД "Сведения о поступивших от юридических лиц платежах" № 14 ID = 1000224841. 
2024.05.22 13:31:29, В системе найдена строка на сумму 1637 за 2024-03-25 от плательщика с ИНН 7202207674 и КПП 720301001 в ЭД Сведения о поступивших от юридических лиц платежах №14 от 2024-05-14 на сумму 37284942.86, соответствующий блок сообщения не будет обработан
2024.05.22 13:31:29, Строка пропущена. Связывание со входящим документом № 17 ЭД "Сведения о поступивших от юридических лиц платежах" № 14 ID = 1000224841. 
2024.05.22 13:31:29, В системе найдена строка на сумму 8699 за 2024-03-25 от плательщика с ИНН 6670266695 и КПП 720345009 в ЭД Сведения о поступивших от юридических лиц платежах №14 от 2024-05-14 на сумму 37284942.86, соответствующий блок сообщения не будет обработан
2024.05.22 13:31:29, Строка пропущена. Связывание со входящим документом № 17 ЭД "Сведения о поступивших от юридических лиц платежах" № 14 ID = 1000224841. 
2024.05.22 13:31:29, В системе найдена строка на сумму 62979 за 2024-03-25 от плательщика с ИНН 5501072608 и КПП 720345002 в ЭД Сведения о поступивших от юридических лиц платежах №14 от 2024-05-14 на сумму 37284942.86, соответствующий блок сообщения не будет обработан
2024.05.22 13:31:29, Строка пропущена. Связывание со входящим документом № 17 ЭД "Сведения о поступивших от юридических лиц платежах" № 14 ID = 1000224841. 
2024.05.22 13:31:29, В системе найдена строка на сумму 1701783.4 за 2024-03-25 от плательщика с ИНН 7204174079 и КПП 720301001 в ЭД Сведения о поступивших от юридических лиц платежах №14 от 2024-05-14 на сумму 37284942.86, соответствующий блок сообщения не будет обработан
2024.05.22 13:31:29, Строка пропущена. Связывание со входящим документом № 17 ЭД "Сведения о поступивших от юридических лиц платежах" № 14 ID = 1000224841. 
2024.05.22 13:31:29, В системе найдена строка на сумму 1546 за 2024-03-25 от плательщика с ИНН 7202196983 и КПП 720301001 в ЭД Сведения о поступивших от юридических лиц платежах №14 от 2024-05-14 на сумму 37284942.86, соответствующий блок сообщения не будет обработан
2024.05.22 13:31:29, Строка пропущена. Связывание со входящим документом № 17 ЭД "Сведения о поступивших от юридических лиц платежах" № 14 ID = 1000224841. 
2024.05.22 13:31:29, В системе найдена строка на сумму 14048.33 за 2024-03-25 от плательщика с ИНН 7203234663 и КПП 720301001 в ЭД Сведения о поступивших от юридических лиц платежах №14 от 2024-05-14 на сумму 37284942.86, соответствующий блок сообщения не будет обработан
2024.05.22 13:31:29, Строка пропущена. Связывание со входящим документом № 17 ЭД "Сведения о поступивших от юридических лиц платежах" № 14 ID = 1000224841. 
2024.05.22 13:31:29, В системе найдена строка на сумму 68835.92 за 2024-03-25 от плательщика с ИНН 7202197017 и КПП 720301001 в ЭД Сведения о поступивших от юридических лиц платежах №14 от 2024-05-14 на сумму 37284942.86, соответствующий блок сообщения не будет обработан
2024.05.22 13:31:29, Строка пропущена. Связывание со входящим документом № 17 ЭД "Сведения о поступивших от юридических лиц платежах" № 14 ID = 1000224841. 
2024.05.22 13:31:29, В системе найдена строка на сумму 25415 за 2024-03-25 от плательщика с ИНН 7451330413 и КПП 745101001 в ЭД Сведения о поступивших от юридических лиц платежах №14 от 2024-05-14 на сумму 37284942.86, соответствующий блок сообщения не будет обработан
2024.05.22 13:31:29, Строка пропущена. Связывание со входящим документом № 17 ЭД "Сведения о поступивших от юридических лиц платежах" № 14 ID = 1000224841. 
2024.05.22 13:31:29, В системе найдена строка на сумму 5073808.8 за 2024-03-25 от плательщика с ИНН 7203201682 и КПП 720301001 в ЭД Сведения о поступивших от юридических лиц платежах №14 от 2024-05-14 на сумму 37284942.86, соответствующий блок сообщения не будет обработан
2024.05.22 13:31:29, Строка пропущена. Связывание со входящим документом № 17 ЭД "Сведения о поступивших от юридических лиц платежах" № 14 ID = 1000224841. 
2024.05.22 13:31:29, В системе найдена строка на сумму 162252.25 за 2024-03-25 от плательщика с ИНН 7204083590 и КПП 720301001 в ЭД Сведения о поступивших от юридических лиц платежах №14 от 2024-05-14 на сумму 37284942.86, соответствующий блок сообщения не будет обработан
2024.05.22 13:31:29, Строка пропущена. Связывание со входящим документом № 17 ЭД "Сведения о поступивших от юридических лиц платежах" № 14 ID = 1000224841. 
2024.05.22 13:31:29, В системе найдена строка на сумму 21638 за 2024-03-25 от плательщика с ИНН 7204099199 и КПП 720301001 в ЭД Сведения о поступивших от юридических лиц платежах №14 от 2024-05-14 на сумму 37284942.86, соответствующий блок сообщения не будет обработан
2024.05.22 13:31:29, Строка пропущена. Связывание со входящим документом № 17 ЭД "Сведения о поступивших от юридических лиц платежах" № 14 ID = 1000224841. 
2024.05.22 13:31:29, В системе найдена строка на сумму 18162 за 2024-03-25 от плательщика с ИНН 7202152560 и КПП 720301001 в ЭД Сведения о поступивших от юридических лиц платежах №14 от 2024-05-14 на сумму 37284942.86, соответствующий блок сообщения не будет обработан
2024.05.22 13:31:29, Строка пропущена. Связывание со входящим документом № 17 ЭД "Сведения о поступивших от юридических лиц платежах" № 14 ID = 1000224841. 
2024.05.22 13:31:29, В системе найдена строка на сумму -33446 за 2024-03-25 от плательщика с ИНН 7204157250 и КПП 720301001 в ЭД Сведения о поступивших от юридических лиц платежах №14 от 2024-05-14 на сумму 37284942.86, соответствующий блок сообщения не будет обработан
2024.05.22 13:31:29, Строка пропущена. Связывание со входящим документом № 17 ЭД "Сведения о поступивших от юридических лиц платежах" № 14 ID = 1000224841. 
2024.05.22 13:31:29, В системе найдена строка на сумму -30609.11 за 2024-03-25 от плательщика с ИНН 7203248592 и КПП 720301001 в ЭД Сведения о поступивших от юридических лиц платежах №14 от 2024-05-14 на сумму 37284942.86, соответствующий блок сообщения не будет обработан
2024.05.22 13:31:29, Строка пропущена. Связывание со входящим документом № 17 ЭД "Сведения о поступивших от юридических лиц платежах" № 14 ID = 1000224841. 
2024.05.22 13:31:29, В системе найдена строка на сумму 11735 за 2024-03-25 от плательщика с ИНН 7202126351 и КПП 720301001 в ЭД Сведения о поступивших от юридических лиц платежах №14 от 2024-05-14 на сумму 37284942.86, соответствующий блок сообщения не будет обработан
2024.05.22 13:31:29, Строка пропущена. Связывание со входящим документом № 17 ЭД "Сведения о поступивших от юридических лиц платежах" № 14 ID = 1000224841. 
2024.05.22 13:31:29, В системе найдена строка на сумму -21440 за 2024-03-25 от плательщика с ИНН 7204099865 и КПП 720301001 в ЭД Сведения о поступивших от юридических лиц платежах №14 от 2024-05-14 на сумму 37284942.86, соответствующий блок сообщения не будет обработан
2024.05.22 13:31:29, Строка пропущена. Связывание со входящим документом № 17 ЭД "Сведения о поступивших от юридических лиц платежах" № 14 ID = 1000224841. 
2024.05.22 13:31:29, В системе найдена строка на сумму 8125 за 2024-03-25 от плательщика с ИНН 7203182140 и КПП 720301001 в ЭД Сведения о поступивших от юридических лиц платежах №14 от 2024-05-14 на сумму 37284942.86, соответствующий блок сообщения не будет обработан
2024.05.22 13:31:29, Строка пропущена. Связывание со входящим документом № 17 ЭД "Сведения о поступивших от юридических лиц платежах" № 14 ID = 1000224841. 
2024.05.22 13:31:29, В системе найдена строка на сумму 5861 за 2024-03-25 от плательщика с ИНН 7202228794 и КПП 720301001 в ЭД Сведения о поступивших от юридических лиц платежах №14 от 2024-05-14 на сумму 37284942.86, соответствующий блок сообщения не будет обработан
2024.05.22 13:31:29, Строка пропущена. Связывание со входящим документом № 17 ЭД "Сведения о поступивших от юридических лиц платежах" № 14 ID = 1000224841. 
2024.05.22 13:31:29, В системе найдена строка на сумму 12581 за 2024-03-25 от плательщика с ИНН 7203276110 и КПП 720301001 в ЭД Сведения о поступивших от юридических лиц платежах №14 от 2024-05-14 на сумму 37284942.86, соответствующий блок сообщения не будет обработан
2024.05.22 13:31:29, Строка пропущена. Связывание со входящим документом № 17 ЭД "Сведения о поступивших от юридических лиц платежах" № 14 ID = 1000224841. 
2024.05.22 13:31:29, В системе найдена строка на сумму 7410 за 2024-03-25 от плательщика с ИНН 7202228811 и КПП 720301001 в ЭД Сведения о поступивших от юридических лиц платежах №14 от 2024-05-14 на сумму 37284942.86, соответствующий блок сообщения не будет обработан
2024.05.22 13:31:29, Строка пропущена. Связывание со входящим документом № 17 ЭД "Сведения о поступивших от юридических лиц платежах" № 14 ID = 1000224841. 
2024.05.22 13:31:29, В системе найдена строка на сумму -3365 за 2024-03-25 от плательщика с ИНН 7202228811 и КПП 720301001 в ЭД Сведения о поступивших от юридических лиц платежах №14 от 2024-05-14 на сумму 37284942.86, соответствующий блок сообщения не будет обработан
2024.05.22 13:31:29, Строка пропущена. Связывание со входящим документом № 17 ЭД "Сведения о поступивших от юридических лиц платежах" № 14 ID = 1000224841. 
2024.05.22 13:31:29, В системе найдена строка на сумму 2245 за 2024-03-25 от плательщика с ИНН 7203202333 и КПП 720301001 в ЭД Сведения о поступивших от юридических лиц платежах №14 от 2024-05-14 на сумму 37284942.86, соответствующий блок сообщения не будет обработан
2024.05.22 13:31:29, Строка пропущена. Связывание со входящим документом № 17 ЭД "Сведения о поступивших от юридических лиц платежах" № 14 ID = 1000224841. 
2024.05.22 13:31:29, В системе найдена строка на сумму 9492 за 2024-03-25 от плательщика с ИНН 7204142447 и КПП 720301001 в ЭД Сведения о поступивших от юридических лиц платежах №14 от 2024-05-14 на сумму 37284942.86, соответствующий блок сообщения не будет обработан
2024.05.22 13:31:29, Строка пропущена. Связывание со входящим документом № 17 ЭД "Сведения о поступивших от юридических лиц платежах" № 14 ID = 1000224841. 
2024.05.22 13:31:29, В системе найдена строка на сумму 30775 за 2024-03-25 от плательщика с ИНН 7202187668 и КПП 720301001 в ЭД Сведения о поступивших от юридических лиц платежах №14 от 2024-05-14 на сумму 37284942.86, соответствующий блок сообщения не будет обработан
2024.05.22 13:31:29, Строка пропущена. Связывание со входящим документом № 17 ЭД "Сведения о поступивших от юридических лиц платежах" № 14 ID = 1000224841. 
2024.05.22 13:31:29, В системе найдена строка на сумму -1635 за 2024-03-25 от плательщика с ИНН 7203278413 и КПП 720301001 в ЭД Сведения о поступивших от юридических лиц платежах №14 от 2024-05-14 на сумму 37284942.86, соответствующий блок сообщения не будет обработан
2024.05.22 13:31:29, Строка пропущена. Связывание со входящим документом № 17 ЭД "Сведения о поступивших от юридических лиц платежах" № 14 ID = 1000224841. 
2024.05.22 13:31:29, В системе найдена строка на сумму -1027 за 2024-03-25 от плательщика с ИНН 7202232060 и КПП 720301001 в ЭД Сведения о поступивших от юридических лиц платежах №14 от 2024-05-14 на сумму 37284942.86, соответствующий блок сообщения не будет обработан
2024.05.22 13:31:29, Строка пропущена. Связывание со входящим документом № 17 ЭД "Сведения о поступивших от юридических лиц платежах" № 14 ID = 1000224841. 
2024.05.22 13:31:29, В системе найдена строка на сумму 7244 за 2024-03-25 от плательщика с ИНН 7202194633 и КПП 720301001 в ЭД Сведения о поступивших от юридических лиц платежах №14 от 2024-05-14 на сумму 37284942.86, соответствующий блок сообщения не будет обработан
2024.05.22 13:31:29, Строка пропущена. Связывание со входящим документом № 17 ЭД "Сведения о поступивших от юридических лиц платежах" № 14 ID = 1000224841. 
2024.05.22 13:31:29, В системе найдена строка на сумму 74135 за 2024-03-25 от плательщика с ИНН 7203173139 и КПП 720301001 в ЭД Сведения о поступивших от юридических лиц платежах №14 от 2024-05-14 на сумму 37284942.86, соответствующий блок сообщения не будет обработан
2024.05.22 13:31:29, Строка пропущена. Связывание со входящим документом № 17 ЭД "Сведения о поступивших от юридических лиц платежах" № 14 ID = 1000224841. 
2024.05.22 13:31:29, В системе найдена строка на сумму -21014 за 2024-03-25 от плательщика с ИНН 7202187876 и КПП 720301001 в ЭД Сведения о поступивших от юридических лиц платежах №14 от 2024-05-14 на сумму 37284942.86, соответствующий блок сообщения не будет обработан
2024.05.22 13:31:29, Строка пропущена. Связывание со входящим документом № 17 ЭД "Сведения о поступивших от юридических лиц платежах" № 14 ID = 1000224841. 
2024.05.22 13:31:29, В системе найдена строка на сумму -544169 за 2024-03-25 от плательщика с ИНН 7706741162 и КПП 720345001 в ЭД Сведения о поступивших от юридических лиц платежах №14 от 2024-05-14 на сумму 37284942.86, соответствующий блок сообщения не будет обработан
2024.05.22 13:31:29, Строка пропущена. Связывание со входящим документом № 17 ЭД "Сведения о поступивших от юридических лиц платежах" № 14 ID = 1000224841. 
2024.05.22 13:31:29, В системе найдена строка на сумму 20986 за 2024-03-25 от плательщика с ИНН 7706741162 и КПП 720345004 в ЭД Сведения о поступивших от юридических лиц платежах №14 от 2024-05-14 на сумму 37284942.86, соответствующий блок сообщения не будет обработан
2024.05.22 13:31:29, Строка пропущена. Связывание со входящим документом № 17 ЭД "Сведения о поступивших от юридических лиц платежах" № 14 ID = 1000224841. 
2024.05.22 13:31:29, В системе найдена строка на сумму 931 за 2024-03-25 от плательщика с ИНН 7203229550 и КПП 720301001 в ЭД Сведения о поступивших от юридических лиц платежах №14 от 2024-05-14 на сумму 37284942.86, соответствующий блок сообщения не будет обработан
2024.05.22 13:31:29, Строка пропущена. Связывание со входящим документом № 17 ЭД "Сведения о поступивших от юридических лиц платежах" № 14 ID = 1000224841. 
2024.05.22 13:31:29, В системе найдена строка на сумму -10389 за 2024-03-25 от плательщика с ИНН 7203174291 и КПП 720301001 в ЭД Сведения о поступивших от юридических лиц платежах №14 от 2024-05-14 на сумму 37284942.86, соответствующий блок сообщения не будет обработан
2024.05.22 13:31:29, Строка пропущена. Связывание со входящим документом № 17 ЭД "Сведения о поступивших от юридических лиц платежах" № 14 ID = 1000224841. 
2024.05.22 13:31:29, В системе найдена строка на сумму 124907.36 за 2024-03-25 от плательщика с ИНН 7203181210 и КПП 720301001 в ЭД Сведения о поступивших от юридических лиц платежах №14 от 2024-05-14 на сумму 37284942.86, соответствующий блок сообщения не будет обработан
2024.05.22 13:31:29, Строка пропущена. Связывание со входящим документом № 17 ЭД "Сведения о поступивших от юридических лиц платежах" № 14 ID = 1000224841. 
2024.05.22 13:31:29, В системе найдена строка на сумму -668 за 2024-03-25 от плательщика с ИНН 7203181274 и КПП 720301001 в ЭД Сведения о поступивших от юридических лиц платежах №14 от 2024-05-14 на сумму 37284942.86, соответствующий блок сообщения не будет обработан
2024.05.22 13:31:29, Строка пропущена. Связывание со входящим документом № 17 ЭД "Сведения о поступивших от юридических лиц платежах" № 14 ID = 1000224841. 
2024.05.22 13:31:29, В системе найдена строка на сумму 158978 за 2024-03-25 от плательщика с ИНН 7203203418 и КПП 720301001 в ЭД Сведения о поступивших от юридических лиц платежах №14 от 2024-05-14 на сумму 37284942.86, соответствующий блок сообщения не будет обработан
2024.05.22 13:31:29, Строка пропущена. Связывание со входящим документом № 17 ЭД "Сведения о поступивших от юридических лиц платежах" № 14 ID = 1000224841. 
2024.05.22 13:31:29, В системе найдена строка на сумму 606 за 2024-03-25 от плательщика с ИНН 7202232783 и КПП 720301001 в ЭД Сведения о поступивших от юридических лиц платежах №14 от 2024-05-14 на сумму 37284942.86, соответствующий блок сообщения не будет обработан
2024.05.22 13:31:29, Строка пропущена. Связывание со входящим документом № 17 ЭД "Сведения о поступивших от юридических лиц платежах" № 14 ID = 1000224841. 
2024.05.22 13:31:29, В системе найдена строка на сумму 2990 за 2024-03-25 от плательщика с ИНН 7202227590 и КПП 720301001 в ЭД Сведения о поступивших от юридических лиц платежах №14 от 2024-05-14 на сумму 37284942.86, соответствующий блок сообщения не будет обработан
2024.05.22 13:31:29, Строка пропущена. Связывание со входящим документом № 17 ЭД "Сведения о поступивших от юридических лиц платежах" № 14 ID = 1000224841. 
2024.05.22 13:31:29, В системе найдена строка на сумму 1 за 2024-03-25 от плательщика с ИНН 7203274419 и КПП 720301001 в ЭД Сведения о поступивших от юридических лиц платежах №14 от 2024-05-14 на сумму 37284942.86, соответствующий блок сообщения не будет обработан
2024.05.22 13:31:29, Строка пропущена. Связывание со входящим документом № 17 ЭД "Сведения о поступивших от юридических лиц платежах" № 14 ID = 1000224841. 
2024.05.22 13:31:29, В системе найдена строка на сумму 2877 за 2024-03-25 от плательщика с ИНН 7203271665 и КПП 720301001 в ЭД Сведения о поступивших от юридических лиц платежах №14 от 2024-05-14 на сумму 37284942.86, соответствующий блок сообщения не будет обработан
2024.05.22 13:31:29, Строка пропущена. Связывание со входящим документом № 17 ЭД "Сведения о поступивших от юридических лиц платежах" № 14 ID = 1000224841. 
2024.05.22 13:31:29, В системе найдена строка на сумму -4533385 за 2024-03-25 от плательщика с ИНН 7204175523 и КПП 720301001 в ЭД Сведения о поступивших от юридических лиц платежах №14 от 2024-05-14 на сумму 37284942.86, соответствующий блок сообщения не будет обработан
2024.05.22 13:31:29, Строка пропущена. Связывание со входящим документом № 17 ЭД "Сведения о поступивших от юридических лиц платежах" № 14 ID = 1000224841. 
2024.05.22 13:31:29, В системе найдена строка на сумму 52303 за 2024-03-25 от плательщика с ИНН 7203236195 и КПП 720301001 в ЭД Сведения о поступивших от юридических лиц платежах №14 от 2024-05-14 на сумму 37284942.86, соответствующий блок сообщения не будет обработан
2024.05.22 13:31:29, Строка пропущена. Связывание со входящим документом № 17 ЭД "Сведения о поступивших от юридических лиц платежах" № 14 ID = 1000224841. 
2024.05.22 13:31:29, В системе найдена строка на сумму -13348 за 2024-03-25 от плательщика с ИНН 7204148350 и КПП 720301001 в ЭД Сведения о поступивших от юридических лиц платежах №14 от 2024-05-14 на сумму 37284942.86, соответствующий блок сообщения не будет обработан
2024.05.22 13:31:29, Строка пропущена. Связывание со входящим документом № 17 ЭД "Сведения о поступивших от юридических лиц платежах" № 14 ID = 1000224841. 
2024.05.22 13:31:29, В системе найдена строка на сумму -1351 за 2024-03-25 от плательщика с ИНН 7204120235 и КПП 720301001 в ЭД Сведения о поступивших от юридических лиц платежах №14 от 2024-05-14 на сумму 37284942.86, соответствующий блок сообщения не будет обработан
2024.05.22 13:31:29, Строка пропущена. Связывание со входящим документом № 17 ЭД "Сведения о поступивших от юридических лиц платежах" № 14 ID = 1000224841. 
2024.05.22 13:31:29, В системе найдена строка на сумму 5265 за 2024-03-25 от плательщика с ИНН 7203274627 и КПП 720301001 в ЭД Сведения о поступивших от юридических лиц платежах №14 от 2024-05-14 на сумму 37284942.86, соответствующий блок сообщения не будет обработан
2024.05.22 13:31:29, Строка пропущена. Связывание со входящим документом № 17 ЭД "Сведения о поступивших от юридических лиц платежах" № 14 ID = 1000224841. 
2024.05.22 13:31:29, В системе найдена строка на сумму -100969 за 2024-03-25 от плательщика с ИНН 7204178669 и КПП 720301001 в ЭД Сведения о поступивших от юридических лиц платежах №14 от 2024-05-14 на сумму 37284942.86, соответствующий блок сообщения не будет обработан
2024.05.22 13:31:29, Строка пропущена. Связывание со входящим документом № 17 ЭД "Сведения о поступивших от юридических лиц платежах" № 14 ID = 1000224841. 
2024.05.22 13:31:29, В системе найдена строка на сумму 13.99 за 2024-03-25 от плательщика с ИНН 7203274673 и КПП 720301001 в ЭД Сведения о поступивших от юридических лиц платежах №14 от 2024-05-14 на сумму 37284942.86, соответствующий блок сообщения не будет обработан
2024.05.22 13:31:29, Строка пропущена. Связывание со входящим документом № 17 ЭД "Сведения о поступивших от юридических лиц платежах" № 14 ID = 1000224841. 
2024.05.22 13:31:29, В системе найдена строка на сумму 221.9 за 2024-03-25 от плательщика с ИНН 7204180700 и КПП 720301001 в ЭД Сведения о поступивших от юридических лиц платежах №14 от 2024-05-14 на сумму 37284942.86, соответствующий блок сообщения не будет обработан
2024.05.22 13:31:29, Строка пропущена. Связывание со входящим документом № 17 ЭД "Сведения о поступивших от юридических лиц платежах" № 14 ID = 1000224841. 
2024.05.22 13:31:29, В системе найдена строка на сумму -924515 за 2024-03-25 от плательщика с ИНН 0411119612 и КПП 720343001 в ЭД Сведения о поступивших от юридических лиц платежах №14 от 2024-05-14 на сумму 37284942.86, соответствующий блок сообщения не будет обработан
2024.05.22 13:31:29, Строка пропущена. Связывание со входящим документом № 17 ЭД "Сведения о поступивших от юридических лиц платежах" № 14 ID = 1000224841. 
2024.05.22 13:31:29, В системе найдена строка на сумму 239194 за 2024-03-25 от плательщика с ИНН 7709832820 и КПП 720345001 в ЭД Сведения о поступивших от юридических лиц платежах №14 от 2024-05-14 на сумму 37284942.86, соответствующий блок сообщения не будет обработан
2024.05.22 13:31:29, Строка пропущена. Связывание со входящим документом № 17 ЭД "Сведения о поступивших от юридических лиц платежах" № 14 ID = 1000224841. 
2024.05.22 13:31:29, В системе найдена строка на сумму 2886 за 2024-03-25 от плательщика с ИНН 7202210525 и КПП 720301001 в ЭД Сведения о поступивших от юридических лиц платежах №14 от 2024-05-14 на сумму 37284942.86, соответствующий блок сообщения не будет обработан
2024.05.22 13:31:29, Строка пропущена. Связывание со входящим документом № 17 ЭД "Сведения о поступивших от юридических лиц платежах" № 14 ID = 1000224841. 
2024.05.22 13:31:29, В системе найдена строка на сумму 271680 за 2024-03-25 от плательщика с ИНН 7204175869 и КПП 720301001 в ЭД Сведения о поступивших от юридических лиц платежах №14 от 2024-05-14 на сумму 37284942.86, соответствующий блок сообщения не будет обработан
2024.05.22 13:31:29, Строка пропущена. Связывание со входящим документом № 17 ЭД "Сведения о поступивших от юридических лиц платежах" № 14 ID = 1000224841. 
2024.05.22 13:31:29, В системе найдена строка на сумму 133900 за 2024-03-25 от плательщика с ИНН 7202201136 и КПП 720301001 в ЭД Сведения о поступивших от юридических лиц платежах №14 от 2024-05-14 на сумму 37284942.86, соответствующий блок сообщения не будет обработан
2024.05.22 13:31:29, Строка пропущена. Связывание со входящим документом № 17 ЭД "Сведения о поступивших от юридических лиц платежах" № 14 ID = 1000224841. 
2024.05.22 13:31:29, В системе найдена строка на сумму 20849 за 2024-03-25 от плательщика с ИНН 4510019599 и КПП 720345001 в ЭД Сведения о поступивших от юридических лиц платежах №14 от 2024-05-14 на сумму 37284942.86, соответствующий блок сообщения не будет обработан
2024.05.22 13:31:29, Строка пропущена. Связывание со входящим документом № 17 ЭД "Сведения о поступивших от юридических лиц платежах" № 14 ID = 1000224841. 
2024.05.22 13:31:29, В системе найдена строка на сумму -935 за 2024-03-25 от плательщика с ИНН 7203205983 и КПП 720301001 в ЭД Сведения о поступивших от юридических лиц платежах №14 от 2024-05-14 на сумму 37284942.86, соответствующий блок сообщения не будет обработан
2024.05.22 13:31:29, Строка пропущена. Связывание со входящим документом № 17 ЭД "Сведения о поступивших от юридических лиц платежах" № 14 ID = 1000224841. 
2024.05.22 13:31:29, В системе найдена строка на сумму 5255.85 за 2024-03-25 от плательщика с ИНН 4501107224 и КПП 720301001 в ЭД Сведения о поступивших от юридических лиц платежах №14 от 2024-05-14 на сумму 37284942.86, соответствующий блок сообщения не будет обработан
2024.05.22 13:31:29, Строка пропущена. Связывание со входящим документом № 17 ЭД "Сведения о поступивших от юридических лиц платежах" № 14 ID = 1000224841. 
2024.05.22 13:31:29, В системе найдена строка на сумму -39756 за 2024-03-25 от плательщика с ИНН 7204158574 и КПП 720301001 в ЭД Сведения о поступивших от юридических лиц платежах №14 от 2024-05-14 на сумму 37284942.86, соответствующий блок сообщения не будет обработан
2024.05.22 13:31:29, Строка пропущена. Связывание со входящим документом № 17 ЭД "Сведения о поступивших от юридических лиц платежах" № 14 ID = 1000224841. 
2024.05.22 13:31:29, В системе найдена строка на сумму -7269 за 2024-03-25 от плательщика с ИНН 7203231912 и КПП 720301001 в ЭД Сведения о поступивших от юридических лиц платежах №14 от 2024-05-14 на сумму 37284942.86, соответствующий блок сообщения не будет обработан
2024.05.22 13:31:29, Строка пропущена. Связывание со входящим документом № 17 ЭД "Сведения о поступивших от юридических лиц платежах" № 14 ID = 1000224841. 
2024.05.22 13:31:29, В системе найдена строка на сумму 4420 за 2024-03-25 от плательщика с ИНН 7204142630 и КПП 720301001 в ЭД Сведения о поступивших от юридических лиц платежах №14 от 2024-05-14 на сумму 37284942.86, соответствующий блок сообщения не будет обработан
2024.05.22 13:31:29, Строка пропущена. Связывание со входящим документом № 17 ЭД "Сведения о поступивших от юридических лиц платежах" № 14 ID = 1000224841. 
2024.05.22 13:31:29, В системе найдена строка на сумму 14024 за 2024-03-25 от плательщика с ИНН 7817305122 и КПП 720343001 в ЭД Сведения о поступивших от юридических лиц платежах №14 от 2024-05-14 на сумму 37284942.86, соответствующий блок сообщения не будет обработан
2024.05.22 13:31:29, Строка пропущена. Связывание со входящим документом № 17 ЭД "Сведения о поступивших от юридических лиц платежах" № 14 ID = 1000224841. 
2024.05.22 13:31:29, В системе найдена строка на сумму 933 за 2024-03-25 от плательщика с ИНН 7203151745 и КПП 720301001 в ЭД Сведения о поступивших от юридических лиц платежах №14 от 2024-05-14 на сумму 37284942.86, соответствующий блок сообщения не будет обработан
2024.05.22 13:31:29, Строка пропущена. Связывание со входящим документом № 17 ЭД "Сведения о поступивших от юридических лиц платежах" № 14 ID = 1000224841. 
2024.05.22 13:31:29, В системе найдена строка на сумму 32606 за 2024-03-25 от плательщика с ИНН 7224028260 и КПП 720301001 в ЭД Сведения о поступивших от юридических лиц платежах №14 от 2024-05-14 на сумму 37284942.86, соответствующий блок сообщения не будет обработан
2024.05.22 13:31:29, Строка пропущена. Связывание со входящим документом № 17 ЭД "Сведения о поступивших от юридических лиц платежах" № 14 ID = 1000224841. 
2024.05.22 13:31:29, В системе найдена строка на сумму 7736 за 2024-03-25 от плательщика с ИНН 7203182479 и КПП 720301001 в ЭД Сведения о поступивших от юридических лиц платежах №14 от 2024-05-14 на сумму 37284942.86, соответствующий блок сообщения не будет обработан
2024.05.22 13:31:29, Строка пропущена. Связывание со входящим документом № 17 ЭД "Сведения о поступивших от юридических лиц платежах" № 14 ID = 1000224841. 
2024.05.22 13:31:29, В системе найдена строка на сумму 1667 за 2024-03-25 от плательщика с ИНН 7203202608 и КПП 720301001 в ЭД Сведения о поступивших от юридических лиц платежах №14 от 2024-05-14 на сумму 37284942.86, соответствующий блок сообщения не будет обработан
2024.05.22 13:31:29, Строка пропущена. Связывание со входящим документом № 17 ЭД "Сведения о поступивших от юридических лиц платежах" № 14 ID = 1000224841. 
2024.05.22 13:31:29, В системе найдена строка на сумму 4580 за 2024-03-25 от плательщика с ИНН 7203241445 и КПП 720301001 в ЭД Сведения о поступивших от юридических лиц платежах №14 от 2024-05-14 на сумму 37284942.86, соответствующий блок сообщения не будет обработан
2024.05.22 13:31:29, Строка пропущена. Связывание со входящим документом № 17 ЭД "Сведения о поступивших от юридических лиц платежах" № 14 ID = 1000224841. 
2024.05.22 13:31:29, В системе найдена строка на сумму 20 за 2024-03-25 от плательщика с ИНН 7202149060 и КПП 720301001 в ЭД Сведения о поступивших от юридических лиц платежах №14 от 2024-05-14 на сумму 37284942.86, соответствующий блок сообщения не будет обработан
2024.05.22 13:31:29, Строка пропущена. Связывание со входящим документом № 17 ЭД "Сведения о поступивших от юридических лиц платежах" № 14 ID = 1000224841. 
2024.05.22 13:31:29, В системе найдена строка на сумму 10231 за 2024-03-25 от плательщика с ИНН 7202209914 и КПП 720301001 в ЭД Сведения о поступивших от юридических лиц платежах №14 от 2024-05-14 на сумму 37284942.86, соответствующий блок сообщения не будет обработан
2024.05.22 13:31:29, Строка пропущена. Связывание со входящим документом № 17 ЭД "Сведения о поступивших от юридических лиц платежах" № 14 ID = 1000224841. 
2024.05.22 13:31:29, В системе найдена строка на сумму 180 за 2024-03-25 от плательщика с ИНН 7204157595 и КПП 720301001 в ЭД Сведения о поступивших от юридических лиц платежах №14 от 2024-05-14 на сумму 37284942.86, соответствующий блок сообщения не будет обработан
2024.05.22 13:31:29, Строка пропущена. Связывание со входящим документом № 17 ЭД "Сведения о поступивших от юридических лиц платежах" № 14 ID = 1000224841. 
2024.05.22 13:31:29, В системе найдена строка на сумму -38615 за 2024-03-25 от плательщика с ИНН 7202209463 и КПП 720301001 в ЭД Сведения о поступивших от юридических лиц платежах №14 от 2024-05-14 на сумму 37284942.86, соответствующий блок сообщения не будет обработан
2024.05.22 13:31:29, Строка пропущена. Связывание со входящим документом № 17 ЭД "Сведения о поступивших от юридических лиц платежах" № 14 ID = 1000224841. 
2024.05.22 13:31:29, В системе найдена строка на сумму 3743 за 2024-03-25 от плательщика с ИНН 7202209738 и КПП 720301001 в ЭД Сведения о поступивших от юридических лиц платежах №14 от 2024-05-14 на сумму 37284942.86, соответствующий блок сообщения не будет обработан
2024.05.22 13:31:29, Строка пропущена. Связывание со входящим документом № 17 ЭД "Сведения о поступивших от юридических лиц платежах" № 14 ID = 1000224841. 
2024.05.22 13:31:29, В системе найдена строка на сумму 16575 за 2024-03-25 от плательщика с ИНН 6658278616 и КПП 720345001 в ЭД Сведения о поступивших от юридических лиц платежах №14 от 2024-05-14 на сумму 37284942.86, соответствующий блок сообщения не будет обработан
2024.05.22 13:31:29, Строка пропущена. Связывание со входящим документом № 17 ЭД "Сведения о поступивших от юридических лиц платежах" № 14 ID = 1000224841. 
2024.05.22 13:31:29, В системе найдена строка на сумму 1495 за 2024-03-25 от плательщика с ИНН 7203207846 и КПП 720301001 в ЭД Сведения о поступивших от юридических лиц платежах №14 от 2024-05-14 на сумму 37284942.86, соответствующий блок сообщения не будет обработан
2024.05.22 13:31:29, Строка пропущена. Связывание со входящим документом № 17 ЭД "Сведения о поступивших от юридических лиц платежах" № 14 ID = 1000224841. 
2024.05.22 13:31:29, В системе найдена строка на сумму -31645 за 2024-03-25 от плательщика с ИНН 7204104473 и КПП 720301001 в ЭД Сведения о поступивших от юридических лиц платежах №14 от 2024-05-14 на сумму 37284942.86, соответствующий блок сообщения не будет обработан
2024.05.22 13:31:29, Строка пропущена. Связывание со входящим документом № 17 ЭД "Сведения о поступивших от юридических лиц платежах" № 14 ID = 1000224841. 
2024.05.22 13:31:29, В системе найдена строка на сумму 1024.85 за 2024-03-25 от плательщика с ИНН 7202206423 и КПП 720301001 в ЭД Сведения о поступивших от юридических лиц платежах №14 от 2024-05-14 на сумму 37284942.86, соответствующий блок сообщения не будет обработан
2024.05.22 13:31:29, Строка пропущена. Связывание со входящим документом № 17 ЭД "Сведения о поступивших от юридических лиц платежах" № 14 ID = 1000224841. 
2024.05.22 13:31:29, В системе найдена строка на сумму 1137 за 2024-03-25 от плательщика с ИНН 2464211407 и КПП 720345001 в ЭД Сведения о поступивших от юридических лиц платежах №14 от 2024-05-14 на сумму 37284942.86, соответствующий блок сообщения не будет обработан
2024.05.22 13:31:29, Строка пропущена. Связывание со входящим документом № 17 ЭД "Сведения о поступивших от юридических лиц платежах" № 14 ID = 1000224841. 
2024.05.22 13:31:29, В системе найдена строка на сумму 54054 за 2024-03-25 от плательщика с ИНН 7203179370 и КПП 720301001 в ЭД Сведения о поступивших от юридических лиц платежах №14 от 2024-05-14 на сумму 37284942.86, соответствующий блок сообщения не будет обработан
2024.05.22 13:31:29, Строка пропущена. Связывание со входящим документом № 17 ЭД "Сведения о поступивших от юридических лиц платежах" № 14 ID = 1000224841. 
2024.05.22 13:31:29, В системе найдена строка на сумму 17641 за 2024-03-25 от плательщика с ИНН 7202228554 и КПП 720301001 в ЭД Сведения о поступивших от юридических лиц платежах №14 от 2024-05-14 на сумму 37284942.86, соответствующий блок сообщения не будет обработан
2024.05.22 13:31:29, Строка пропущена. Связывание со входящим документом № 17 ЭД "Сведения о поступивших от юридических лиц платежах" № 14 ID = 1000224841. 
2024.05.22 13:31:29, В системе найдена строка на сумму 9718 за 2024-03-25 от плательщика с ИНН 7203275701 и КПП 720301001 в ЭД Сведения о поступивших от юридических лиц платежах №14 от 2024-05-14 на сумму 37284942.86, соответствующий блок сообщения не будет обработан
2024.05.22 13:31:29, Строка пропущена. Связывание со входящим документом № 17 ЭД "Сведения о поступивших от юридических лиц платежах" № 14 ID = 1000224841. 
2024.05.22 13:31:29, В системе найдена строка на сумму 2009 за 2024-03-25 от плательщика с ИНН 7203179691 и КПП 720301001 в ЭД Сведения о поступивших от юридических лиц платежах №14 от 2024-05-14 на сумму 37284942.86, соответствующий блок сообщения не будет обработан
2024.05.22 13:31:29, Строка пропущена. Связывание со входящим документом № 17 ЭД "Сведения о поступивших от юридических лиц платежах" № 14 ID = 1000224841. 
2024.05.22 13:31:29, В системе найдена строка на сумму 47445 за 2024-03-25 от плательщика с ИНН 7203179684 и КПП 720301001 в ЭД Сведения о поступивших от юридических лиц платежах №14 от 2024-05-14 на сумму 37284942.86, соответствующий блок сообщения не будет обработан
2024.05.22 13:31:29, Строка пропущена. Связывание со входящим документом № 17 ЭД "Сведения о поступивших от юридических лиц платежах" № 14 ID = 1000224841. 
2024.05.22 13:31:29, В системе найдена строка на сумму 516.3 за 2024-03-25 от плательщика с ИНН 7202232215 и КПП 720301001 в ЭД Сведения о поступивших от юридических лиц платежах №14 от 2024-05-14 на сумму 37284942.86, соответствующий блок сообщения не будет обработан
2024.05.22 13:31:29, Строка пропущена. Связывание со входящим документом № 17 ЭД "Сведения о поступивших от юридических лиц платежах" № 14 ID = 1000224841. 
2024.05.22 13:31:29, В системе найдена строка на сумму 3586 за 2024-03-25 от плательщика с ИНН 7202103690 и КПП 720301001 в ЭД Сведения о поступивших от юридических лиц платежах №14 от 2024-05-14 на сумму 37284942.86, соответствующий блок сообщения не будет обработан
2024.05.22 13:31:29, Строка пропущена. Связывание со входящим документом № 17 ЭД "Сведения о поступивших от юридических лиц платежах" № 14 ID = 1000224841. 
2024.05.22 13:31:29, В системе найдена строка на сумму 51 за 2024-03-25 от плательщика с ИНН 7204102518 и КПП 720301001 в ЭД Сведения о поступивших от юридических лиц платежах №14 от 2024-05-14 на сумму 37284942.86, соответствующий блок сообщения не будет обработан
2024.05.22 13:31:29, Строка пропущена. Связывание со входящим документом № 17 ЭД "Сведения о поступивших от юридических лиц платежах" № 14 ID = 1000224841. 
2024.05.22 13:31:29, В системе найдена строка на сумму 7475 за 2024-03-25 от плательщика с ИНН 7202144590 и КПП 720301001 в ЭД Сведения о поступивших от юридических лиц платежах №14 от 2024-05-14 на сумму 37284942.86, соответствующий блок сообщения не будет обработан
2024.05.22 13:31:29, Строка пропущена. Связывание со входящим документом № 17 ЭД "Сведения о поступивших от юридических лиц платежах" № 14 ID = 1000224841. 
2024.05.22 13:31:29, В системе найдена строка на сумму 9701 за 2024-03-25 от плательщика с ИНН 7204181196 и КПП 720301001 в ЭД Сведения о поступивших от юридических лиц платежах №14 от 2024-05-14 на сумму 37284942.86, соответствующий блок сообщения не будет обработан
2024.05.22 13:31:29, Строка пропущена. Связывание со входящим документом № 17 ЭД "Сведения о поступивших от юридических лиц платежах" № 14 ID = 1000224841. 
2024.05.22 13:31:29, В системе найдена строка на сумму 5119.12 за 2024-03-25 от плательщика с ИНН 7203278678 и КПП 720301001 в ЭД Сведения о поступивших от юридических лиц платежах №14 от 2024-05-14 на сумму 37284942.86, соответствующий блок сообщения не будет обработан
2024.05.22 13:31:29, Строка пропущена. Связывание со входящим документом № 17 ЭД "Сведения о поступивших от юридических лиц платежах" № 14 ID = 1000224841. 
2024.05.22 13:31:29, В системе найдена строка на сумму -3485 за 2024-03-25 от плательщика с ИНН 7204141796 и КПП 720301001 в ЭД Сведения о поступивших от юридических лиц платежах №14 от 2024-05-14 на сумму 37284942.86, соответствующий блок сообщения не будет обработан
2024.05.22 13:31:29, Строка пропущена. Связывание со входящим документом № 17 ЭД "Сведения о поступивших от юридических лиц платежах" № 14 ID = 1000224841. 
2024.05.22 13:31:29, В системе найдена строка на сумму 119935 за 2024-03-25 от плательщика с ИНН 7205013099 и КПП 720301001 в ЭД Сведения о поступивших от юридических лиц платежах №14 от 2024-05-14 на сумму 37284942.86, соответствующий блок сообщения не будет обработан
2024.05.22 13:31:29, Строка пропущена. Связывание со входящим документом № 17 ЭД "Сведения о поступивших от юридических лиц платежах" № 14 ID = 1000224841. 
2024.05.22 13:31:29, В системе найдена строка на сумму -21142 за 2024-03-25 от плательщика с ИНН 7204142447 и КПП 720301001 в ЭД Сведения о поступивших от юридических лиц платежах №14 от 2024-05-14 на сумму 37284942.86, соответствующий блок сообщения не будет обработан
2024.05.22 13:31:29, Строка пропущена. Связывание со входящим документом № 17 ЭД "Сведения о поступивших от юридических лиц платежах" № 14 ID = 1000224841. 
2024.05.22 13:31:29, В системе найдена строка на сумму -936 за 2024-03-25 от плательщика с ИНН 7203172054 и КПП 720301001 в ЭД Сведения о поступивших от юридических лиц платежах №14 от 2024-05-14 на сумму 37284942.86, соответствующий блок сообщения не будет обработан
2024.05.22 13:31:29, Строка пропущена. Связывание со входящим документом № 17 ЭД "Сведения о поступивших от юридических лиц платежах" № 14 ID = 1000224841. 
2024.05.22 13:31:29, В системе найдена строка на сумму 45820.16 за 2024-03-25 от плательщика с ИНН 7203180658 и КПП 720301001 в ЭД Сведения о поступивших от юридических лиц платежах №14 от 2024-05-14 на сумму 37284942.86, соответствующий блок сообщения не будет обработан
2024.05.22 13:31:29, Строка пропущена. Связывание со входящим документом № 17 ЭД "Сведения о поступивших от юридических лиц платежах" № 14 ID = 1000224841. 
2024.05.22 13:31:29, В системе найдена строка на сумму 57024 за 2024-03-25 от плательщика с ИНН 8901017967 и КПП 720345001 в ЭД Сведения о поступивших от юридических лиц платежах №14 от 2024-05-14 на сумму 37284942.86, соответствующий блок сообщения не будет обработан
2024.05.22 13:31:29, Строка пропущена. Связывание со входящим документом № 17 ЭД "Сведения о поступивших от юридических лиц платежах" № 14 ID = 1000224841. 
2024.05.22 13:31:29, В системе найдена строка на сумму 427242 за 2024-03-25 от плательщика с ИНН 7203276617 и КПП 720301001 в ЭД Сведения о поступивших от юридических лиц платежах №14 от 2024-05-14 на сумму 37284942.86, соответствующий блок сообщения не будет обработан
2024.05.22 13:31:29, Строка пропущена. Связывание со входящим документом № 17 ЭД "Сведения о поступивших от юридических лиц платежах" № 14 ID = 1000224841. 
2024.05.22 13:31:29, В системе найдена строка на сумму -37901.88 за 2024-03-25 от плательщика с ИНН 7202229276 и КПП 720301001 в ЭД Сведения о поступивших от юридических лиц платежах №14 от 2024-05-14 на сумму 37284942.86, соответствующий блок сообщения не будет обработан
2024.05.22 13:31:29, Строка пропущена. Связывание со входящим документом № 17 ЭД "Сведения о поступивших от юридических лиц платежах" № 14 ID = 1000224841. 
2024.05.22 13:31:29, В системе найдена строка на сумму -18090 за 2024-03-25 от плательщика с ИНН 7705814643 и КПП 720345001 в ЭД Сведения о поступивших от юридических лиц платежах №14 от 2024-05-14 на сумму 37284942.86, соответствующий блок сообщения не будет обработан
2024.05.22 13:31:29, Строка пропущена. Связывание со входящим документом № 17 ЭД "Сведения о поступивших от юридических лиц платежах" № 14 ID = 1000224841. 
2024.05.22 13:31:29, В системе найдена строка на сумму 188 за 2024-03-25 от плательщика с ИНН 7204174569 и КПП 720301001 в ЭД Сведения о поступивших от юридических лиц платежах №14 от 2024-05-14 на сумму 37284942.86, соответствующий блок сообщения не будет обработан
2024.05.22 13:31:29, Строка пропущена. Связывание со входящим документом № 17 ЭД "Сведения о поступивших от юридических лиц платежах" № 14 ID = 1000224841. 
2024.05.22 13:31:29, В системе найдена строка на сумму 134688 за 2024-03-25 от плательщика с ИНН 7202233900 и КПП 720301001 в ЭД Сведения о поступивших от юридических лиц платежах №14 от 2024-05-14 на сумму 37284942.86, соответствующий блок сообщения не будет обработан
2024.05.22 13:31:29, Строка пропущена. Связывание со входящим документом № 17 ЭД "Сведения о поступивших от юридических лиц платежах" № 14 ID = 1000224841. 
2024.05.22 13:31:29, В системе найдена строка на сумму 7994 за 2024-03-25 от плательщика с ИНН 7202233995 и КПП 720301001 в ЭД Сведения о поступивших от юридических лиц платежах №14 от 2024-05-14 на сумму 37284942.86, соответствующий блок сообщения не будет обработан
2024.05.22 13:31:29, Строка пропущена. Связывание со входящим документом № 17 ЭД "Сведения о поступивших от юридических лиц платежах" № 14 ID = 1000224841. 
2024.05.22 13:31:29, В системе найдена строка на сумму 0.18 за 2024-03-25 от плательщика с ИНН 7204181735 и КПП 720301001 в ЭД Сведения о поступивших от юридических лиц платежах №14 от 2024-05-14 на сумму 37284942.86, соответствующий блок сообщения не будет обработан
2024.05.22 13:31:29, Строка пропущена. Связывание со входящим документом № 17 ЭД "Сведения о поступивших от юридических лиц платежах" № 14 ID = 1000224841. 
2024.05.22 13:31:29, В системе найдена строка на сумму 50693 за 2024-03-25 от плательщика с ИНН 7202234043 и КПП 720301001 в ЭД Сведения о поступивших от юридических лиц платежах №14 от 2024-05-14 на сумму 37284942.86, соответствующий блок сообщения не будет обработан
2024.05.22 13:31:29, Строка пропущена. Связывание со входящим документом № 17 ЭД "Сведения о поступивших от юридических лиц платежах" № 14 ID = 1000224841. 
2024.05.22 13:31:29, В системе найдена строка на сумму 5511 за 2024-03-25 от плательщика с ИНН 7203209427 и КПП 720301001 в ЭД Сведения о поступивших от юридических лиц платежах №14 от 2024-05-14 на сумму 37284942.86, соответствующий блок сообщения не будет обработан
2024.05.22 13:31:29, Строка пропущена. Связывание со входящим документом № 17 ЭД "Сведения о поступивших от юридических лиц платежах" № 14 ID = 1000224841. 
2024.05.22 13:31:29, В системе найдена строка на сумму 10760 за 2024-03-25 от плательщика с ИНН 7203209561 и КПП 720301001 в ЭД Сведения о поступивших от юридических лиц платежах №14 от 2024-05-14 на сумму 37284942.86, соответствующий блок сообщения не будет обработан
2024.05.22 13:31:29, Строка пропущена. Связывание со входящим документом № 17 ЭД "Сведения о поступивших от юридических лиц платежах" № 14 ID = 1000224841. 
2024.05.22 13:31:29, В системе найдена строка на сумму 14441 за 2024-03-25 от плательщика с ИНН 7202173111 и КПП 720301001 в ЭД Сведения о поступивших от юридических лиц платежах №14 от 2024-05-14 на сумму 37284942.86, соответствующий блок сообщения не будет обработан
2024.05.22 13:31:29, Строка пропущена. Связывание со входящим документом № 17 ЭД "Сведения о поступивших от юридических лиц платежах" № 14 ID = 1000224841. 
2024.05.22 13:31:29, В системе найдена строка на сумму 5830 за 2024-03-25 от плательщика с ИНН 7203268655 и КПП 720301001 в ЭД Сведения о поступивших от юридических лиц платежах №14 от 2024-05-14 на сумму 37284942.86, соответствующий блок сообщения не будет обработан
2024.05.22 13:31:29, Строка пропущена. Связывание со входящим документом № 17 ЭД "Сведения о поступивших от юридических лиц платежах" № 14 ID = 1000224841. 
2024.05.22 13:31:29, В системе найдена строка на сумму 24462 за 2024-03-25 от плательщика с ИНН 7727650928 и КПП 720345001 в ЭД Сведения о поступивших от юридических лиц платежах №14 от 2024-05-14 на сумму 37284942.86, соответствующий блок сообщения не будет обработан
2024.05.22 13:31:29, Строка пропущена. Связывание со входящим документом № 17 ЭД "Сведения о поступивших от юридических лиц платежах" № 14 ID = 1000224841. 
2024.05.22 13:31:29, В системе найдена строка на сумму -4435 за 2024-03-25 от плательщика с ИНН 7203175288 и КПП 720301001 в ЭД Сведения о поступивших от юридических лиц платежах №14 от 2024-05-14 на сумму 37284942.86, соответствующий блок сообщения не будет обработан
2024.05.22 13:31:29, Строка пропущена. Связывание со входящим документом № 17 ЭД "Сведения о поступивших от юридических лиц платежах" № 14 ID = 1000224841. 
2024.05.22 13:31:29, В системе найдена строка на сумму 7231 за 2024-03-25 от плательщика с ИНН 7204157235 и КПП 720301001 в ЭД Сведения о поступивших от юридических лиц платежах №14 от 2024-05-14 на сумму 37284942.86, соответствующий блок сообщения не будет обработан
2024.05.22 13:31:29, Строка пропущена. Связывание со входящим документом № 17 ЭД "Сведения о поступивших от юридических лиц платежах" № 14 ID = 1000224841. 
2024.05.22 13:31:29, В системе найдена строка на сумму 207353 за 2024-03-25 от плательщика с ИНН 6663079817 и КПП 720345002 в ЭД Сведения о поступивших от юридических лиц платежах №14 от 2024-05-14 на сумму 37284942.86, соответствующий блок сообщения не будет обработан
2024.05.22 13:31:29, Строка пропущена. Связывание со входящим документом № 17 ЭД "Сведения о поступивших от юридических лиц платежах" № 14 ID = 1000224841. 
2024.05.22 13:31:29, В системе найдена строка на сумму 95326 за 2024-03-25 от плательщика с ИНН 7202102329 и КПП 720301001 в ЭД Сведения о поступивших от юридических лиц платежах №14 от 2024-05-14 на сумму 37284942.86, соответствующий блок сообщения не будет обработан
2024.05.22 13:31:29, Строка пропущена. Связывание со входящим документом № 17 ЭД "Сведения о поступивших от юридических лиц платежах" № 14 ID = 1000224841. 
2024.05.22 13:31:29, В системе найдена строка на сумму 132.9 за 2024-03-25 от плательщика с ИНН 7203225186 и КПП 720301001 в ЭД Сведения о поступивших от юридических лиц платежах №14 от 2024-05-14 на сумму 37284942.86, соответствующий блок сообщения не будет обработан
2024.05.22 13:31:29, Строка пропущена. Связывание со входящим документом № 17 ЭД "Сведения о поступивших от юридических лиц платежах" № 14 ID = 1000224841. 
2024.05.22 13:31:29, В системе найдена строка на сумму 3009.31 за 2024-03-25 от плательщика с ИНН 7202172252 и КПП 720301001 в ЭД Сведения о поступивших от юридических лиц платежах №14 от 2024-05-14 на сумму 37284942.86, соответствующий блок сообщения не будет обработан
2024.05.22 13:31:29, Строка пропущена. Связывание со входящим документом № 17 ЭД "Сведения о поступивших от юридических лиц платежах" № 14 ID = 1000224841. 
2024.05.22 13:31:29, В системе найдена строка на сумму 5200 за 2024-03-25 от плательщика с ИНН 7202066416 и КПП 720301001 в ЭД Сведения о поступивших от юридических лиц платежах №14 от 2024-05-14 на сумму 37284942.86, соответствующий блок сообщения не будет обработан
2024.05.22 13:31:29, Строка пропущена. Связывание со входящим документом № 17 ЭД "Сведения о поступивших от юридических лиц платежах" № 14 ID = 1000224841. 
2024.05.22 13:31:29, В системе найдена строка на сумму 3336 за 2024-03-25 от плательщика с ИНН 7203338510 и КПП 720301001 в ЭД Сведения о поступивших от юридических лиц платежах №14 от 2024-05-14 на сумму 37284942.86, соответствующий блок сообщения не будет обработан
2024.05.22 13:31:29, Строка пропущена. Связывание со входящим документом № 17 ЭД "Сведения о поступивших от юридических лиц платежах" № 14 ID = 1000224841. 
2024.05.22 13:31:29, В системе найдена строка на сумму 2008 за 2024-03-25 от плательщика с ИНН 7203468196 и КПП 720301001 в ЭД Сведения о поступивших от юридических лиц платежах №14 от 2024-05-14 на сумму 37284942.86, соответствующий блок сообщения не будет обработан
2024.05.22 13:31:29, Строка пропущена. Связывание со входящим документом № 17 ЭД "Сведения о поступивших от юридических лиц платежах" № 14 ID = 1000224841. 
2024.05.22 13:31:29, В системе найдена строка на сумму 89162.23 за 2024-03-25 от плательщика с ИНН 7203488820 и КПП 720301001 в ЭД Сведения о поступивших от юридических лиц платежах №14 от 2024-05-14 на сумму 37284942.86, соответствующий блок сообщения не будет обработан
2024.05.22 13:31:29, Строка пропущена. Связывание со входящим документом № 17 ЭД "Сведения о поступивших от юридических лиц платежах" № 14 ID = 1000224841. 
2024.05.22 13:31:29, В системе найдена строка на сумму 3295 за 2024-03-25 от плательщика с ИНН 7203509950 и КПП 720301001 в ЭД Сведения о поступивших от юридических лиц платежах №14 от 2024-05-14 на сумму 37284942.86, соответствующий блок сообщения не будет обработан
2024.05.22 13:31:29, Строка пропущена. Связывание со входящим документом № 17 ЭД "Сведения о поступивших от юридических лиц платежах" № 14 ID = 1000224841. 
2024.05.22 13:31:29, В системе найдена строка на сумму 11981 за 2024-03-25 от плательщика с ИНН 7203516315 и КПП 720301001 в ЭД Сведения о поступивших от юридических лиц платежах №14 от 2024-05-14 на сумму 37284942.86, соответствующий блок сообщения не будет обработан
2024.05.22 13:31:29, Строка пропущена. Связывание со входящим документом № 17 ЭД "Сведения о поступивших от юридических лиц платежах" № 14 ID = 1000224841. 
2024.05.22 13:31:29, В системе найдена строка на сумму -4412 за 2024-03-25 от плательщика с ИНН 4501012332 и КПП 720301001 в ЭД Сведения о поступивших от юридических лиц платежах №14 от 2024-05-14 на сумму 37284942.86, соответствующий блок сообщения не будет обработан
2024.05.22 13:31:29, Строка пропущена. Связывание со входящим документом № 17 ЭД "Сведения о поступивших от юридических лиц платежах" № 14 ID = 1000224841. 
2024.05.22 13:31:29, В системе найдена строка на сумму 748 за 2024-03-25 от плательщика с ИНН 7203202870 и КПП 720301001 в ЭД Сведения о поступивших от юридических лиц платежах №14 от 2024-05-14 на сумму 37284942.86, соответствующий блок сообщения не будет обработан
2024.05.22 13:31:29, Строка пропущена. Связывание со входящим документом № 17 ЭД "Сведения о поступивших от юридических лиц платежах" № 14 ID = 1000224841. 
2024.05.22 13:31:29, В системе найдена строка на сумму 37654 за 2024-03-25 от плательщика с ИНН 7203005494 и КПП 720301001 в ЭД Сведения о поступивших от юридических лиц платежах №14 от 2024-05-14 на сумму 37284942.86, соответствующий блок сообщения не будет обработан
2024.05.22 13:31:29, Строка пропущена. Связывание со входящим документом № 17 ЭД "Сведения о поступивших от юридических лиц платежах" № 14 ID = 1000224841. 
2024.05.22 13:31:29, В системе найдена строка на сумму 5190.85 за 2024-03-25 от плательщика с ИНН 7204116422 и КПП 720301001 в ЭД Сведения о поступивших от юридических лиц платежах №14 от 2024-05-14 на сумму 37284942.86, соответствующий блок сообщения не будет обработан
2024.05.22 13:31:29, Строка пропущена. Связывание со входящим документом № 17 ЭД "Сведения о поступивших от юридических лиц платежах" № 14 ID = 1000224841. 
2024.05.22 13:31:29, В системе найдена строка на сумму 299 за 2024-03-25 от плательщика с ИНН 7224009813 и КПП 720301001 в ЭД Сведения о поступивших от юридических лиц платежах №14 от 2024-05-14 на сумму 37284942.86, соответствующий блок сообщения не будет обработан
2024.05.22 13:31:29, Строка пропущена. Связывание со входящим документом № 17 ЭД "Сведения о поступивших от юридических лиц платежах" № 14 ID = 1000224841. 
2024.05.22 13:31:29, В системе найдена строка на сумму 68.83 за 2024-03-25 от плательщика с ИНН 7203271390 и КПП 720301001 в ЭД Сведения о поступивших от юридических лиц платежах №14 от 2024-05-14 на сумму 37284942.86, соответствующий блок сообщения не будет обработан
2024.05.22 13:31:29, Строка пропущена. Связывание со входящим документом № 17 ЭД "Сведения о поступивших от юридических лиц платежах" № 14 ID = 1000224841. 
2024.05.22 13:31:29, В системе найдена строка на сумму 3424 за 2024-03-25 от плательщика с ИНН 7203248105 и КПП 720301001 в ЭД Сведения о поступивших от юридических лиц платежах №14 от 2024-05-14 на сумму 37284942.86, соответствующий блок сообщения не будет обработан
2024.05.22 13:31:29, Строка пропущена. Связывание со входящим документом № 17 ЭД "Сведения о поступивших от юридических лиц платежах" № 14 ID = 1000224841. 
2024.05.22 13:31:29, В системе найдена строка на сумму -7000 за 2024-03-25 от плательщика с ИНН 7202208269 и КПП 720301001 в ЭД Сведения о поступивших от юридических лиц платежах №14 от 2024-05-14 на сумму 37284942.86, соответствующий блок сообщения не будет обработан
2024.05.22 13:31:29, Строка пропущена. Связывание со входящим документом № 17 ЭД "Сведения о поступивших от юридических лиц платежах" № 14 ID = 1000224841. 
2024.05.22 13:31:29, В системе найдена строка на сумму 226.86 за 2024-03-25 от плательщика с ИНН 7204176252 и КПП 720301001 в ЭД Сведения о поступивших от юридических лиц платежах №14 от 2024-05-14 на сумму 37284942.86, соответствующий блок сообщения не будет обработан
2024.05.22 13:31:29, Строка пропущена. Связывание со входящим документом № 17 ЭД "Сведения о поступивших от юридических лиц платежах" № 14 ID = 1000224841. 
2024.05.22 13:31:29, В системе найдена строка на сумму -14910.69 за 2024-03-25 от плательщика с ИНН 7204176260 и КПП 720301001 в ЭД Сведения о поступивших от юридических лиц платежах №14 от 2024-05-14 на сумму 37284942.86, соответствующий блок сообщения не будет обработан
2024.05.22 13:31:29, Строка пропущена. Связывание со входящим документом № 17 ЭД "Сведения о поступивших от юридических лиц платежах" № 14 ID = 1000224841. 
2024.05.22 13:31:29, В системе найдена строка на сумму 773.27 за 2024-03-25 от плательщика с ИНН 7202206832 и КПП 720301001 в ЭД Сведения о поступивших от юридических лиц платежах №14 от 2024-05-14 на сумму 37284942.86, соответствующий блок сообщения не будет обработан
2024.05.22 13:31:29, Строка пропущена. Связывание со входящим документом № 17 ЭД "Сведения о поступивших от юридических лиц платежах" № 14 ID = 1000224841. 
2024.05.22 13:31:29, В системе найдена строка на сумму 5232 за 2024-03-25 от плательщика с ИНН 8901015536 и КПП 720301001 в ЭД Сведения о поступивших от юридических лиц платежах №14 от 2024-05-14 на сумму 37284942.86, соответствующий блок сообщения не будет обработан
2024.05.22 13:31:29, Строка пропущена. Связывание со входящим документом № 17 ЭД "Сведения о поступивших от юридических лиц платежах" № 14 ID = 1000224841. 
2024.05.22 13:31:29, В системе найдена строка на сумму 383229 за 2024-03-25 от плательщика с ИНН 7202207258 и КПП 720301001 в ЭД Сведения о поступивших от юридических лиц платежах №14 от 2024-05-14 на сумму 37284942.86, соответствующий блок сообщения не будет обработан
2024.05.22 13:31:29, Строка пропущена. Связывание со входящим документом № 17 ЭД "Сведения о поступивших от юридических лиц платежах" № 14 ID = 1000224841. 
2024.05.22 13:31:29, В системе найдена строка на сумму 3243 за 2024-03-25 от плательщика с ИНН 7202207314 и КПП 720301001 в ЭД Сведения о поступивших от юридических лиц платежах №14 от 2024-05-14 на сумму 37284942.86, соответствующий блок сообщения не будет обработан
2024.05.22 13:31:29, Строка пропущена. Связывание со входящим документом № 17 ЭД "Сведения о поступивших от юридических лиц платежах" № 14 ID = 1000224841. 
2024.05.22 13:31:29, В системе найдена строка на сумму 6815 за 2024-03-25 от плательщика с ИНН 7204144660 и КПП 720301001 в ЭД Сведения о поступивших от юридических лиц платежах №14 от 2024-05-14 на сумму 37284942.86, соответствующий блок сообщения не будет обработан
2024.05.22 13:31:29, Строка пропущена. Связывание со входящим документом № 17 ЭД "Сведения о поступивших от юридических лиц платежах" № 14 ID = 1000224841. 
2024.05.22 13:31:29, В системе найдена строка на сумму -429808 за 2024-03-25 от плательщика с ИНН 7202197169 и КПП 720301001 в ЭД Сведения о поступивших от юридических лиц платежах №14 от 2024-05-14 на сумму 37284942.86, соответствующий блок сообщения не будет обработан
2024.05.22 13:31:29, Строка пропущена. Связывание со входящим документом № 17 ЭД "Сведения о поступивших от юридических лиц платежах" № 14 ID = 1000224841. 
2024.05.22 13:31:29, В системе найдена строка на сумму 17886 за 2024-03-25 от плательщика с ИНН 7203234776 и КПП 720301001 в ЭД Сведения о поступивших от юридических лиц платежах №14 от 2024-05-14 на сумму 37284942.86, соответствующий блок сообщения не будет обработан
2024.05.22 13:31:29, Строка пропущена. Связывание со входящим документом № 17 ЭД "Сведения о поступивших от юридических лиц платежах" № 14 ID = 1000224841. 
2024.05.22 13:31:29, В системе найдена строка на сумму 43991 за 2024-03-25 от плательщика с ИНН 7204082491 и КПП 720301001 в ЭД Сведения о поступивших от юридических лиц платежах №14 от 2024-05-14 на сумму 37284942.86, соответствующий блок сообщения не будет обработан
2024.05.22 13:31:29, Строка пропущена. Связывание со входящим документом № 17 ЭД "Сведения о поступивших от юридических лиц платежах" № 14 ID = 1000224841. 
2024.05.22 13:31:30, В системе найдена строка на сумму 73913 за 2024-03-25 от плательщика с ИНН 7203202206 и КПП 720301001 в ЭД Сведения о поступивших от юридических лиц платежах №14 от 2024-05-14 на сумму 37284942.86, соответствующий блок сообщения не будет обработан
2024.05.22 13:31:30, Строка пропущена. Связывание со входящим документом № 17 ЭД "Сведения о поступивших от юридических лиц платежах" № 14 ID = 1000224841. 
2024.05.22 13:31:30, В системе найдена строка на сумму 6148.37 за 2024-03-25 от плательщика с ИНН 7204098935 и КПП 720301001 в ЭД Сведения о поступивших от юридических лиц платежах №14 от 2024-05-14 на сумму 37284942.86, соответствующий блок сообщения не будет обработан
2024.05.22 13:31:30, Строка пропущена. Связывание со входящим документом № 17 ЭД "Сведения о поступивших от юридических лиц платежах" № 14 ID = 1000224841. 
2024.05.22 13:31:30, В системе найдена строка на сумму 24979 за 2024-03-25 от плательщика с ИНН 7204099008 и КПП 720301001 в ЭД Сведения о поступивших от юридических лиц платежах №14 от 2024-05-14 на сумму 37284942.86, соответствующий блок сообщения не будет обработан
2024.05.22 13:31:30, Строка пропущена. Связывание со входящим документом № 17 ЭД "Сведения о поступивших от юридических лиц платежах" № 14 ID = 1000224841. 
2024.05.22 13:31:30, В системе найдена строка на сумму -5301 за 2024-03-25 от плательщика с ИНН 7203175457 и КПП 720301001 в ЭД Сведения о поступивших от юридических лиц платежах №14 от 2024-05-14 на сумму 37284942.86, соответствующий блок сообщения не будет обработан
2024.05.22 13:31:30, Строка пропущена. Связывание со входящим документом № 17 ЭД "Сведения о поступивших от юридических лиц платежах" № 14 ID = 1000224841. 
2024.05.22 13:31:30, В системе найдена строка на сумму 647 за 2024-03-25 от плательщика с ИНН 7203149094 и КПП 720301001 в ЭД Сведения о поступивших от юридических лиц платежах №14 от 2024-05-14 на сумму 37284942.86, соответствующий блок сообщения не будет обработан
2024.05.22 13:31:30, Строка пропущена. Связывание со входящим документом № 17 ЭД "Сведения о поступивших от юридических лиц платежах" № 14 ID = 1000224841. 
2024.05.22 13:31:30, В системе найдена строка на сумму 71832.78 за 2024-03-25 от плательщика с ИНН 7202126545 и КПП 720301001 в ЭД Сведения о поступивших от юридических лиц платежах №14 от 2024-05-14 на сумму 37284942.86, соответствующий блок сообщения не будет обработан
2024.05.22 13:31:30, Строка пропущена. Связывание со входящим документом № 17 ЭД "Сведения о поступивших от юридических лиц платежах" № 14 ID = 1000224841. 
2024.05.22 13:31:30, В системе найдена строка на сумму 15684 за 2024-03-25 от плательщика с ИНН 7202126778 и КПП 720301001 в ЭД Сведения о поступивших от юридических лиц платежах №14 от 2024-05-14 на сумму 37284942.86, соответствующий блок сообщения не будет обработан
2024.05.22 13:31:30, Строка пропущена. Связывание со входящим документом № 17 ЭД "Сведения о поступивших от юридических лиц платежах" № 14 ID = 1000224841. 
2024.05.22 13:31:30, В системе найдена строка на сумму 47741.5 за 2024-03-25 от плательщика с ИНН 7224032562 и КПП 720301001 в ЭД Сведения о поступивших от юридических лиц платежах №14 от 2024-05-14 на сумму 37284942.86, соответствующий блок сообщения не будет обработан
2024.05.22 13:31:30, Строка пропущена. Связывание со входящим документом № 17 ЭД "Сведения о поступивших от юридических лиц платежах" № 14 ID = 1000224841. 
2024.05.22 13:31:30, В системе найдена строка на сумму -43847068 за 2024-03-25 от плательщика с ИНН 7203175930 и КПП 785050001 в ЭД Сведения о поступивших от юридических лиц платежах №14 от 2024-05-14 на сумму 37284942.86, соответствующий блок сообщения не будет обработан
2024.05.22 13:31:30, Строка пропущена. Связывание со входящим документом № 17 ЭД "Сведения о поступивших от юридических лиц платежах" № 14 ID = 1000224841. 
2024.05.22 13:31:30, В системе найдена строка на сумму 18513 за 2024-03-25 от плательщика с ИНН 7203176281 и КПП 720301001 в ЭД Сведения о поступивших от юридических лиц платежах №14 от 2024-05-14 на сумму 37284942.86, соответствующий блок сообщения не будет обработан
2024.05.22 13:31:30, Строка пропущена. Связывание со входящим документом № 17 ЭД "Сведения о поступивших от юридических лиц платежах" № 14 ID = 1000224841. 
2024.05.22 13:31:30, В системе найдена строка на сумму -294484 за 2024-03-25 от плательщика с ИНН 7203176669 и КПП 720301001 в ЭД Сведения о поступивших от юридических лиц платежах №14 от 2024-05-14 на сумму 37284942.86, соответствующий блок сообщения не будет обработан
2024.05.22 13:31:30, Строка пропущена. Связывание со входящим документом № 17 ЭД "Сведения о поступивших от юридических лиц платежах" № 14 ID = 1000224841. 
2024.05.22 13:31:30, В системе найдена строка на сумму -1 за 2024-03-25 от плательщика с ИНН 7203153125 и КПП 720301001 в ЭД Сведения о поступивших от юридических лиц платежах №14 от 2024-05-14 на сумму 37284942.86, соответствующий блок сообщения не будет обработан
2024.05.22 13:31:30, Строка пропущена. Связывание со входящим документом № 17 ЭД "Сведения о поступивших от юридических лиц платежах" № 14 ID = 1000224841. 
2024.05.22 13:31:30, В системе найдена строка на сумму 20915 за 2024-03-25 от плательщика с ИНН 7204098710 и КПП 720301001 в ЭД Сведения о поступивших от юридических лиц платежах №14 от 2024-05-14 на сумму 37284942.86, соответствующий блок сообщения не будет обработан
2024.05.22 13:31:30, Строка пропущена. Связывание со входящим документом № 17 ЭД "Сведения о поступивших от юридических лиц платежах" № 14 ID = 1000224841. 
2024.05.22 13:31:30, В системе найдена строка на сумму -284 за 2024-03-25 от плательщика с ИНН 7202201760 и КПП 720301001 в ЭД Сведения о поступивших от юридических лиц платежах №14 от 2024-05-14 на сумму 37284942.86, соответствующий блок сообщения не будет обработан
2024.05.22 13:31:30, Строка пропущена. Связывание со входящим документом № 17 ЭД "Сведения о поступивших от юридических лиц платежах" № 14 ID = 1000224841. 
2024.05.22 13:31:30, В системе найдена строка на сумму 3705 за 2024-03-25 от плательщика с ИНН 7202201785 и КПП 720301001 в ЭД Сведения о поступивших от юридических лиц платежах №14 от 2024-05-14 на сумму 37284942.86, соответствующий блок сообщения не будет обработан
2024.05.22 13:31:30, Строка пропущена. Связывание со входящим документом № 17 ЭД "Сведения о поступивших от юридических лиц платежах" № 14 ID = 1000224841. 
2024.05.22 13:31:30, В системе найдена строка на сумму 20220 за 2024-03-25 от плательщика с ИНН 7202130005 и КПП 720301001 в ЭД Сведения о поступивших от юридических лиц платежах №14 от 2024-05-14 на сумму 37284942.86, соответствующий блок сообщения не будет обработан
2024.05.22 13:31:30, Строка пропущена. Связывание со входящим документом № 17 ЭД "Сведения о поступивших от юридических лиц платежах" № 14 ID = 1000224841. 
2024.05.22 13:31:30, В системе найдена строка на сумму 44006.23 за 2024-03-25 от плательщика с ИНН 7204087130 и КПП 720301001 в ЭД Сведения о поступивших от юридических лиц платежах №14 от 2024-05-14 на сумму 37284942.86, соответствующий блок сообщения не будет обработан
2024.05.22 13:31:30, Строка пропущена. Связывание со входящим документом № 17 ЭД "Сведения о поступивших от юридических лиц платежах" № 14 ID = 1000224841. 
2024.05.22 13:31:30, В системе найдена строка на сумму 5180 за 2024-03-25 от плательщика с ИНН 7202149581 и КПП 720301001 в ЭД Сведения о поступивших от юридических лиц платежах №14 от 2024-05-14 на сумму 37284942.86, соответствующий блок сообщения не будет обработан
2024.05.22 13:31:30, Строка пропущена. Связывание со входящим документом № 17 ЭД "Сведения о поступивших от юридических лиц платежах" № 14 ID = 1000224841. 
2024.05.22 13:31:30, В системе найдена строка на сумму 575 за 2024-03-25 от плательщика с ИНН 7203155147 и КПП 720301001 в ЭД Сведения о поступивших от юридических лиц платежах №14 от 2024-05-14 на сумму 37284942.86, соответствующий блок сообщения не будет обработан
2024.05.22 13:31:30, Строка пропущена. Связывание со входящим документом № 17 ЭД "Сведения о поступивших от юридических лиц платежах" № 14 ID = 1000224841. 
2024.05.22 13:31:30, В системе найдена строка на сумму -1174 за 2024-03-25 от плательщика с ИНН 7204087267 и КПП 720301001 в ЭД Сведения о поступивших от юридических лиц платежах №14 от 2024-05-14 на сумму 37284942.86, соответствующий блок сообщения не будет обработан
2024.05.22 13:31:30, Строка пропущена. Связывание со входящим документом № 17 ЭД "Сведения о поступивших от юридических лиц платежах" № 14 ID = 1000224841. 
2024.05.22 13:31:30, В системе найдена строка на сумму 13.23 за 2024-03-25 от плательщика с ИНН 7203178151 и КПП 720301001 в ЭД Сведения о поступивших от юридических лиц платежах №14 от 2024-05-14 на сумму 37284942.86, соответствующий блок сообщения не будет обработан
2024.05.22 13:31:30, Строка пропущена. Связывание со входящим документом № 17 ЭД "Сведения о поступивших от юридических лиц платежах" № 14 ID = 1000224841. 
2024.05.22 13:31:30, В системе найдена строка на сумму 6214 за 2024-03-25 от плательщика с ИНН 7202154623 и КПП 720301001 в ЭД Сведения о поступивших от юридических лиц платежах №14 от 2024-05-14 на сумму 37284942.86, соответствующий блок сообщения не будет обработан
2024.05.22 13:31:30, Строка пропущена. Связывание со входящим документом № 17 ЭД "Сведения о поступивших от юридических лиц платежах" № 14 ID = 1000224841. 
2024.05.22 13:31:30, В системе найдена строка на сумму 5756 за 2024-03-25 от плательщика с ИНН 7202154655 и КПП 720301001 в ЭД Сведения о поступивших от юридических лиц платежах №14 от 2024-05-14 на сумму 37284942.86, соответствующий блок сообщения не будет обработан
2024.05.22 13:31:30, Строка пропущена. Связывание со входящим документом № 17 ЭД "Сведения о поступивших от юридических лиц платежах" № 14 ID = 1000224841. 
2024.05.22 13:31:30, В системе найдена строка на сумму 1868 за 2024-03-25 от плательщика с ИНН 7719286785 и КПП 720343001 в ЭД Сведения о поступивших от юридических лиц платежах №14 от 2024-05-14 на сумму 37284942.86, соответствующий блок сообщения не будет обработан
2024.05.22 13:31:30, Строка пропущена. Связывание со входящим документом № 17 ЭД "Сведения о поступивших от юридических лиц платежах" № 14 ID = 1000224841. 
2024.05.22 13:31:30, В системе найдена строка на сумму 3099 за 2024-03-25 от плательщика с ИНН 7203278318 и КПП 720301001 в ЭД Сведения о поступивших от юридических лиц платежах №14 от 2024-05-14 на сумму 37284942.86, соответствующий блок сообщения не будет обработан
2024.05.22 13:31:30, Строка пропущена. Связывание со входящим документом № 17 ЭД "Сведения о поступивших от юридических лиц платежах" № 14 ID = 1000224841. 
2024.05.22 13:31:30, В системе найдена строка на сумму -1864 за 2024-03-25 от плательщика с ИНН 6501145128 и КПП 720301001 в ЭД Сведения о поступивших от юридических лиц платежах №14 от 2024-05-14 на сумму 37284942.86, соответствующий блок сообщения не будет обработан
2024.05.22 13:31:30, Строка пропущена. Связывание со входящим документом № 17 ЭД "Сведения о поступивших от юридических лиц платежах" № 14 ID = 1000224841. 
2024.05.22 13:31:30, В системе найдена строка на сумму 44853 за 2024-03-25 от плательщика с ИНН 8602050638 и КПП 720301001 в ЭД Сведения о поступивших от юридических лиц платежах №14 от 2024-05-14 на сумму 37284942.86, соответствующий блок сообщения не будет обработан
2024.05.22 13:31:30, Строка пропущена. Связывание со входящим документом № 17 ЭД "Сведения о поступивших от юридических лиц платежах" № 14 ID = 1000224841. 
2024.05.22 13:31:30, В системе найдена строка на сумму 300168 за 2024-03-25 от плательщика с ИНН 7202206536 и КПП 720301001 в ЭД Сведения о поступивших от юридических лиц платежах №14 от 2024-05-14 на сумму 37284942.86, соответствующий блок сообщения не будет обработан
2024.05.22 13:31:30, Строка пропущена. Связывание со входящим документом № 17 ЭД "Сведения о поступивших от юридических лиц платежах" № 14 ID = 1000224841. 
2024.05.22 13:31:30, В системе найдена строка на сумму 1717.8 за 2024-03-25 от плательщика с ИНН 7203179236 и КПП 720301001 в ЭД Сведения о поступивших от юридических лиц платежах №14 от 2024-05-14 на сумму 37284942.86, соответствующий блок сообщения не будет обработан
2024.05.22 13:31:30, Строка пропущена. Связывание со входящим документом № 17 ЭД "Сведения о поступивших от юридических лиц платежах" № 14 ID = 1000224841. 
2024.05.22 13:31:30, В системе найдена строка на сумму 52447 за 2024-03-25 от плательщика с ИНН 7204105156 и КПП 720301001 в ЭД Сведения о поступивших от юридических лиц платежах №14 от 2024-05-14 на сумму 37284942.86, соответствующий блок сообщения не будет обработан
2024.05.22 13:31:30, Строка пропущена. Связывание со входящим документом № 17 ЭД "Сведения о поступивших от юридических лиц платежах" № 14 ID = 1000224841. 
2024.05.22 13:31:30, В системе найдена строка на сумму 95234 за 2024-03-25 от плательщика с ИНН 7202156660 и КПП 720301001 в ЭД Сведения о поступивших от юридических лиц платежах №14 от 2024-05-14 на сумму 37284942.86, соответствующий блок сообщения не будет обработан
2024.05.22 13:31:30, Строка пропущена. Связывание со входящим документом № 17 ЭД "Сведения о поступивших от юридических лиц платежах" № 14 ID = 1000224841. 
2024.05.22 13:31:30, В системе найдена строка на сумму 656 за 2024-03-25 от плательщика с ИНН 7204179630 и КПП 720301001 в ЭД Сведения о поступивших от юридических лиц платежах №14 от 2024-05-14 на сумму 37284942.86, соответствующий блок сообщения не будет обработан
2024.05.22 13:31:30, Строка пропущена. Связывание со входящим документом № 17 ЭД "Сведения о поступивших от юридических лиц платежах" № 14 ID = 1000224841. 
2024.05.22 13:31:30, В системе найдена строка на сумму 86325 за 2024-03-25 от плательщика с ИНН 7204179790 и КПП 720301001 в ЭД Сведения о поступивших от юридических лиц платежах №14 от 2024-05-14 на сумму 37284942.86, соответствующий блок сообщения не будет обработан
2024.05.22 13:31:30, Строка пропущена. Связывание со входящим документом № 17 ЭД "Сведения о поступивших от юридических лиц платежах" № 14 ID = 1000224841. 
2024.05.22 13:31:30, В системе найдена строка на сумму 35199 за 2024-03-25 от плательщика с ИНН 7202150957 и КПП 720301001 в ЭД Сведения о поступивших от юридических лиц платежах №14 от 2024-05-14 на сумму 37284942.86, соответствующий блок сообщения не будет обработан
2024.05.22 13:31:30, Строка пропущена. Связывание со входящим документом № 17 ЭД "Сведения о поступивших от юридических лиц платежах" № 14 ID = 1000224841. 
2024.05.22 13:31:30, В системе найдена строка на сумму 4509.01 за 2024-03-25 от плательщика с ИНН 7203186949 и КПП 720301001 в ЭД Сведения о поступивших от юридических лиц платежах №14 от 2024-05-14 на сумму 37284942.86, соответствующий блок сообщения не будет обработан
2024.05.22 13:31:30, Строка пропущена. Связывание со входящим документом № 17 ЭД "Сведения о поступивших от юридических лиц платежах" № 14 ID = 1000224841. 
2024.05.22 13:31:30, В системе найдена строка на сумму -14088 за 2024-03-25 от плательщика с ИНН 7203186949 и КПП 720301001 в ЭД Сведения о поступивших от юридических лиц платежах №14 от 2024-05-14 на сумму 37284942.86, соответствующий блок сообщения не будет обработан
2024.05.22 13:31:30, Строка пропущена. Связывание со входящим документом № 17 ЭД "Сведения о поступивших от юридических лиц платежах" № 14 ID = 1000224841. 
2024.05.22 13:31:30, В системе найдена строка на сумму 26471 за 2024-03-25 от плательщика с ИНН 7202232529 и КПП 720301001 в ЭД Сведения о поступивших от юридических лиц платежах №14 от 2024-05-14 на сумму 37284942.86, соответствующий блок сообщения не будет обработан
2024.05.22 13:31:30, Строка пропущена. Связывание со входящим документом № 17 ЭД "Сведения о поступивших от юридических лиц платежах" № 14 ID = 1000224841. 
2024.05.22 13:31:30, В системе найдена строка на сумму 21555 за 2024-03-25 от плательщика с ИНН 7204172709 и КПП 720301001 в ЭД Сведения о поступивших от юридических лиц платежах №14 от 2024-05-14 на сумму 37284942.86, соответствующий блок сообщения не будет обработан
2024.05.22 13:31:30, Строка пропущена. Связывание со входящим документом № 17 ЭД "Сведения о поступивших от юридических лиц платежах" № 14 ID = 1000224841. 
2024.05.22 13:31:30, В системе найдена строка на сумму 191869 за 2024-03-25 от плательщика с ИНН 7202151284 и КПП 720301001 в ЭД Сведения о поступивших от юридических лиц платежах №14 от 2024-05-14 на сумму 37284942.86, соответствующий блок сообщения не будет обработан
2024.05.22 13:31:30, Строка пропущена. Связывание со входящим документом № 17 ЭД "Сведения о поступивших от юридических лиц платежах" № 14 ID = 1000224841. 
2024.05.22 13:31:30, В системе найдена строка на сумму 1 за 2024-03-25 от плательщика с ИНН 7202151414 и КПП 720301001 в ЭД Сведения о поступивших от юридических лиц платежах №14 от 2024-05-14 на сумму 37284942.86, соответствующий блок сообщения не будет обработан
2024.05.22 13:31:30, Строка пропущена. Связывание со входящим документом № 17 ЭД "Сведения о поступивших от юридических лиц платежах" № 14 ID = 1000224841. 
2024.05.22 13:31:30, В системе найдена строка на сумму 55076 за 2024-03-25 от плательщика с ИНН 7206032168 и КПП 720301001 в ЭД Сведения о поступивших от юридических лиц платежах №14 от 2024-05-14 на сумму 37284942.86, соответствующий блок сообщения не будет обработан
2024.05.22 13:31:30, Строка пропущена. Связывание со входящим документом № 17 ЭД "Сведения о поступивших от юридических лиц платежах" № 14 ID = 1000224841. 
2024.05.22 13:31:30, В системе найдена строка на сумму -32380 за 2024-03-25 от плательщика с ИНН 7203269000 и КПП 720301001 в ЭД Сведения о поступивших от юридических лиц платежах №14 от 2024-05-14 на сумму 37284942.86, соответствующий блок сообщения не будет обработан
2024.05.22 13:31:30, Строка пропущена. Связывание со входящим документом № 17 ЭД "Сведения о поступивших от юридических лиц платежах" № 14 ID = 1000224841. 
2024.05.22 13:31:30, В системе найдена строка на сумму 16768 за 2024-03-25 от плательщика с ИНН 7204095910 и КПП 720301001 в ЭД Сведения о поступивших от юридических лиц платежах №14 от 2024-05-14 на сумму 37284942.86, соответствующий блок сообщения не будет обработан
2024.05.22 13:31:30, Строка пропущена. Связывание со входящим документом № 17 ЭД "Сведения о поступивших от юридических лиц платежах" № 14 ID = 1000224841. 
2024.05.22 13:31:30, В системе найдена строка на сумму 28939.93 за 2024-03-25 от плательщика с ИНН 7203180136 и КПП 720301001 в ЭД Сведения о поступивших от юридических лиц платежах №14 от 2024-05-14 на сумму 37284942.86, соответствующий блок сообщения не будет обработан
2024.05.22 13:31:30, Строка пропущена. Связывание со входящим документом № 17 ЭД "Сведения о поступивших от юридических лиц платежах" № 14 ID = 1000224841. 
2024.05.22 13:31:30, В системе найдена строка на сумму 59036 за 2024-03-25 от плательщика с ИНН 7203277522 и КПП 720301001 в ЭД Сведения о поступивших от юридических лиц платежах №14 от 2024-05-14 на сумму 37284942.86, соответствующий блок сообщения не будет обработан
2024.05.22 13:31:30, Строка пропущена. Связывание со входящим документом № 17 ЭД "Сведения о поступивших от юридических лиц платежах" № 14 ID = 1000224841. 
2024.05.22 13:31:30, В системе найдена строка на сумму -36020 за 2024-03-25 от плательщика с ИНН 7202144590 и КПП 720301001 в ЭД Сведения о поступивших от юридических лиц платежах №14 от 2024-05-14 на сумму 37284942.86, соответствующий блок сообщения не будет обработан
2024.05.22 13:31:30, Строка пропущена. Связывание со входящим документом № 17 ЭД "Сведения о поступивших от юридических лиц платежах" № 14 ID = 1000224841. 
2024.05.22 13:31:30, В системе найдена строка на сумму 179605 за 2024-03-25 от плательщика с ИНН 7203171244 и КПП 720301001 в ЭД Сведения о поступивших от юридических лиц платежах №14 от 2024-05-14 на сумму 37284942.86, соответствующий блок сообщения не будет обработан
2024.05.22 13:31:30, Строка пропущена. Связывание со входящим документом № 17 ЭД "Сведения о поступивших от юридических лиц платежах" № 14 ID = 1000224841. 
2024.05.22 13:31:30, В системе найдена строка на сумму -334456 за 2024-03-25 от плательщика с ИНН 7722753969 и КПП 720345003 в ЭД Сведения о поступивших от юридических лиц платежах №14 от 2024-05-14 на сумму 37284942.86, соответствующий блок сообщения не будет обработан
2024.05.22 13:31:30, Строка пропущена. Связывание со входящим документом № 17 ЭД "Сведения о поступивших от юридических лиц платежах" № 14 ID = 1000224841. 
2024.05.22 13:31:30, В системе найдена строка на сумму 105503 за 2024-03-25 от плательщика с ИНН 7202194263 и КПП 720301001 в ЭД Сведения о поступивших от юридических лиц платежах №14 от 2024-05-14 на сумму 37284942.86, соответствующий блок сообщения не будет обработан
2024.05.22 13:31:30, Строка пропущена. Связывание со входящим документом № 17 ЭД "Сведения о поступивших от юридических лиц платежах" № 14 ID = 1000224841. 
2024.05.22 13:31:30, В системе найдена строка на сумму 1220 за 2024-03-25 от плательщика с ИНН 7203171678 и КПП 720301001 в ЭД Сведения о поступивших от юридических лиц платежах №14 от 2024-05-14 на сумму 37284942.86, соответствующий блок сообщения не будет обработан
2024.05.22 13:31:30, Строка пропущена. Связывание со входящим документом № 17 ЭД "Сведения о поступивших от юридических лиц платежах" № 14 ID = 1000224841. 
2024.05.22 13:31:30, В системе найдена строка на сумму -4872 за 2024-03-25 от плательщика с ИНН 7203171935 и КПП 720301001 в ЭД Сведения о поступивших от юридических лиц платежах №14 от 2024-05-14 на сумму 37284942.86, соответствующий блок сообщения не будет обработан
2024.05.22 13:31:30, Строка пропущена. Связывание со входящим документом № 17 ЭД "Сведения о поступивших от юридических лиц платежах" № 14 ID = 1000224841. 
2024.05.22 13:31:30, В системе найдена строка на сумму 9280 за 2024-03-25 от плательщика с ИНН 7204096913 и КПП 720301001 в ЭД Сведения о поступивших от юридических лиц платежах №14 от 2024-05-14 на сумму 37284942.86, соответствующий блок сообщения не будет обработан
2024.05.22 13:31:30, Строка пропущена. Связывание со входящим документом № 17 ЭД "Сведения о поступивших от юридических лиц платежах" № 14 ID = 1000224841. 
2024.05.22 13:31:30, В системе найдена строка на сумму 40097 за 2024-03-25 от плательщика с ИНН 7202145675 и КПП 720301001 в ЭД Сведения о поступивших от юридических лиц платежах №14 от 2024-05-14 на сумму 37284942.86, соответствующий блок сообщения не будет обработан
2024.05.22 13:31:30, Строка пропущена. Связывание со входящим документом № 17 ЭД "Сведения о поступивших от юридических лиц платежах" № 14 ID = 1000224841. 
2024.05.22 13:31:30, В системе найдена строка на сумму 429066 за 2024-03-25 от плательщика с ИНН 7202187731 и КПП 720301001 в ЭД Сведения о поступивших от юридических лиц платежах №14 от 2024-05-14 на сумму 37284942.86, соответствующий блок сообщения не будет обработан
2024.05.22 13:31:30, Строка пропущена. Связывание со входящим документом № 17 ЭД "Сведения о поступивших от юридических лиц платежах" № 14 ID = 1000224841. 
2024.05.22 13:31:30, В системе найдена строка на сумму 1027 за 2024-03-25 от плательщика с ИНН 7202232060 и КПП 720301001 в ЭД Сведения о поступивших от юридических лиц платежах №14 от 2024-05-14 на сумму 37284942.86, соответствующий блок сообщения не будет обработан
2024.05.22 13:31:30, Строка пропущена. Связывание со входящим документом № 17 ЭД "Сведения о поступивших от юридических лиц платежах" № 14 ID = 1000224841. 
2024.05.22 13:31:30, В системе найдена строка на сумму 33387 за 2024-03-25 от плательщика с ИНН 7204142052 и КПП 720301001 в ЭД Сведения о поступивших от юридических лиц платежах №14 от 2024-05-14 на сумму 37284942.86, соответствующий блок сообщения не будет обработан
2024.05.22 13:31:30, Строка пропущена. Связывание со входящим документом № 17 ЭД "Сведения о поступивших от юридических лиц платежах" № 14 ID = 1000224841. 
2024.05.22 13:31:30, В системе найдена строка на сумму 30649 за 2024-03-25 от плательщика с ИНН 7204142060 и КПП 720301001 в ЭД Сведения о поступивших от юридических лиц платежах №14 от 2024-05-14 на сумму 37284942.86, соответствующий блок сообщения не будет обработан
2024.05.22 13:31:30, Строка пропущена. Связывание со входящим документом № 17 ЭД "Сведения о поступивших от юридических лиц платежах" № 14 ID = 1000224841. 
2024.05.22 13:31:32, Добавление строки. Связывание со входящим документом № 17 ЭД "Сведения о поступивших от юридических лиц платежах" № 14 ID= 1000224841. 
2024.05.22 13:31:34, Добавление строки. Связывание со входящим документом № 17 ЭД "Сведения о поступивших от юридических лиц платежах" № 14 ID= 1000224841. 
2024.05.22 13:31:36, Добавление строки. Связывание со входящим документом № 17 ЭД "Сведения о поступивших от юридических лиц платежах" № 14 ID= 1000224841. 
2024.05.22 13:31:39, Добавление строки. Связывание со входящим документом № 17 ЭД "Сведения о поступивших от юридических лиц платежах" № 14 ID= 1000224841. 
2024.05.22 13:31:41, Добавление строки. Связывание со входящим документом № 17 ЭД "Сведения о поступивших от юридических лиц платежах" № 14 ID= 1000224841. 
2024.05.22 13:31:43, Добавление строки. Связывание со входящим документом № 17 ЭД "Сведения о поступивших от юридических лиц платежах" № 14 ID= 1000224841. 
2024.05.22 13:31:45, Добавление строки. Связывание со входящим документом № 17 ЭД "Сведения о поступивших от юридических лиц платежах" № 14 ID= 1000224841. 
2024.05.22 13:31:47, Добавление строки. Связывание со входящим документом № 17 ЭД "Сведения о поступивших от юридических лиц платежах" № 14 ID= 1000224841. 
2024.05.22 13:31:50, Добавление строки. Связывание со входящим документом № 17 ЭД "Сведения о поступивших от юридических лиц платежах" № 14 ID= 1000224841. 
2024.05.22 13:31:52, Добавление строки. Связывание со входящим документом № 17 ЭД "Сведения о поступивших от юридических лиц платежах" № 14 ID= 1000224841. 
2024.05.22 13:31:54, Добавление строки. Связывание со входящим документом № 17 ЭД "Сведения о поступивших от юридических лиц платежах" № 14 ID= 1000224841. 
2024.05.22 13:31:56, Добавление строки. Связывание со входящим документом № 17 ЭД "Сведения о поступивших от юридических лиц платежах" № 14 ID= 1000224841. 
2024.05.22 13:31:58, Добавление строки. Связывание со входящим документом № 17 ЭД "Сведения о поступивших от юридических лиц платежах" № 14 ID= 1000224841. 
2024.05.22 13:32:01, Добавление строки. Связывание со входящим документом № 17 ЭД "Сведения о поступивших от юридических лиц платежах" № 14 ID= 1000224841. 
2024.05.22 13:32:03, Добавление строки. Связывание со входящим документом № 17 ЭД "Сведения о поступивших от юридических лиц платежах" № 14 ID= 1000224841. 
2024.05.22 13:32:05, Добавление строки. Связывание со входящим документом № 17 ЭД "Сведения о поступивших от юридических лиц платежах" № 14 ID= 1000224841. 
2024.05.22 13:32:07, Добавление строки. Связывание со входящим документом № 17 ЭД "Сведения о поступивших от юридических лиц платежах" № 14 ID= 1000224841. 
2024.05.22 13:32:09, Добавление строки. Связывание со входящим документом № 17 ЭД "Сведения о поступивших от юридических лиц платежах" № 14 ID= 1000224841. 
2024.05.22 13:32:12, Добавление строки. Связывание со входящим документом № 17 ЭД "Сведения о поступивших от юридических лиц платежах" № 14 ID= 1000224841. 
2024.05.22 13:32:14, Добавление строки. Связывание со входящим документом № 17 ЭД "Сведения о поступивших от юридических лиц платежах" № 14 ID= 1000224841. 
2024.05.22 13:32:16, Добавление строки. Связывание со входящим документом № 17 ЭД "Сведения о поступивших от юридических лиц платежах" № 14 ID= 1000224841. 
2024.05.22 13:32:18, Добавление строки. Связывание со входящим документом № 17 ЭД "Сведения о поступивших от юридических лиц платежах" № 14 ID= 1000224841. 
2024.05.22 13:32:20, Добавление строки. Связывание со входящим документом № 17 ЭД "Сведения о поступивших от юридических лиц платежах" № 14 ID= 1000224841. 
2024.05.22 13:32:23, Добавление строки. Связывание со входящим документом № 17 ЭД "Сведения о поступивших от юридических лиц платежах" № 14 ID= 1000224841. 
2024.05.22 13:32:25, Добавление строки. Связывание со входящим документом № 17 ЭД "Сведения о поступивших от юридических лиц платежах" № 14 ID= 1000224841. 
2024.05.22 13:32:27, Добавление строки. Связывание со входящим документом № 17 ЭД "Сведения о поступивших от юридических лиц платежах" № 14 ID= 1000224841. 
2024.05.22 13:32:29, Добавление строки. Связывание со входящим документом № 17 ЭД "Сведения о поступивших от юридических лиц платежах" № 14 ID= 1000224841. 
2024.05.22 13:32:32, Добавление строки. Связывание со входящим документом № 17 ЭД "Сведения о поступивших от юридических лиц платежах" № 14 ID= 1000224841. 
2024.05.22 13:32:34, Добавление строки. Связывание со входящим документом № 17 ЭД "Сведения о поступивших от юридических лиц платежах" № 14 ID= 1000224841. 
2024.05.22 13:32:36, Добавление строки. Связывание со входящим документом № 17 ЭД "Сведения о поступивших от юридических лиц платежах" № 14 ID= 1000224841. 
2024.05.22 13:32:38, Добавление строки. Связывание со входящим документом № 17 ЭД "Сведения о поступивших от юридических лиц платежах" № 14 ID= 1000224841. 
2024.05.22 13:32:41, Добавление строки. Связывание со входящим документом № 17 ЭД "Сведения о поступивших от юридических лиц платежах" № 14 ID= 1000224841. 
2024.05.22 13:32:43, Добавление строки. Связывание со входящим документом № 17 ЭД "Сведения о поступивших от юридических лиц платежах" № 14 ID= 1000224841. 
2024.05.22 13:32:45, Добавление строки. Связывание со входящим документом № 17 ЭД "Сведения о поступивших от юридических лиц платежах" № 14 ID= 1000224841. 
2024.05.22 13:32:47, Добавление строки. Связывание со входящим документом № 17 ЭД "Сведения о поступивших от юридических лиц платежах" № 14 ID= 1000224841. 
2024.05.22 13:32:49, Добавление строки. Связывание со входящим документом № 17 ЭД "Сведения о поступивших от юридических лиц платежах" № 14 ID= 1000224841. 
2024.05.22 13:32:52, Добавление строки. Связывание со входящим документом № 17 ЭД "Сведения о поступивших от юридических лиц платежах" № 14 ID= 1000224841. 
2024.05.22 13:32:54, Добавление строки. Связывание со входящим документом № 17 ЭД "Сведения о поступивших от юридических лиц платежах" № 14 ID= 1000224841. 
2024.05.22 13:32:56, Добавление строки. Связывание со входящим документом № 17 ЭД "Сведения о поступивших от юридических лиц платежах" № 14 ID= 1000224841. 
2024.05.22 13:32:59, Добавление строки. Связывание со входящим документом № 17 ЭД "Сведения о поступивших от юридических лиц платежах" № 14 ID= 1000224841. 
2024.05.22 13:33:01, Добавление строки. Связывание со входящим документом № 17 ЭД "Сведения о поступивших от юридических лиц платежах" № 14 ID= 1000224841. 
2024.05.22 13:33:03, Добавление строки. Связывание со входящим документом № 17 ЭД "Сведения о поступивших от юридических лиц платежах" № 14 ID= 1000224841. 
2024.05.22 13:33:05, Добавление строки. Связывание со входящим документом № 17 ЭД "Сведения о поступивших от юридических лиц платежах" № 14 ID= 1000224841. 
2024.05.22 13:33:08, Добавление строки. Связывание со входящим документом № 17 ЭД "Сведения о поступивших от юридических лиц платежах" № 14 ID= 1000224841. 
2024.05.22 13:33:10, Добавление строки. Связывание со входящим документом № 17 ЭД "Сведения о поступивших от юридических лиц платежах" № 14 ID= 1000224841. 
2024.05.22 13:33:12, Добавление строки. Связывание со входящим документом № 17 ЭД "Сведения о поступивших от юридических лиц платежах" № 14 ID= 1000224841. 
2024.05.22 13:33:15, Добавление строки. Связывание со входящим документом № 17 ЭД "Сведения о поступивших от юридических лиц платежах" № 14 ID= 1000224841. 
2024.05.22 13:33:17, Добавление строки. Связывание со входящим документом № 17 ЭД "Сведения о поступивших от юридических лиц платежах" № 14 ID= 1000224841. 
2024.05.22 13:33:19, Добавление строки. Связывание со входящим документом № 17 ЭД "Сведения о поступивших от юридических лиц платежах" № 14 ID= 1000224841. 
2024.05.22 13:33:21, Добавление строки. Связывание со входящим документом № 17 ЭД "Сведения о поступивших от юридических лиц платежах" № 14 ID= 1000224841. 
2024.05.22 13:33:24, Добавление строки. Связывание со входящим документом № 17 ЭД "Сведения о поступивших от юридических лиц платежах" № 14 ID= 1000224841. 
2024.05.22 13:33:26, Добавление строки. Связывание со входящим документом № 17 ЭД "Сведения о поступивших от юридических лиц платежах" № 14 ID= 1000224841. 
2024.05.22 13:33:28, Добавление строки. Связывание со входящим документом № 17 ЭД "Сведения о поступивших от юридических лиц платежах" № 14 ID= 1000224841. 
2024.05.22 13:33:31, Добавление строки. Связывание со входящим документом № 17 ЭД "Сведения о поступивших от юридических лиц платежах" № 14 ID= 1000224841. 
2024.05.22 13:33:33, Добавление строки. Связывание со входящим документом № 17 ЭД "Сведения о поступивших от юридических лиц платежах" № 14 ID= 1000224841. 
2024.05.22 13:33:35, Добавление строки. Связывание со входящим документом № 17 ЭД "Сведения о поступивших от юридических лиц платежах" № 14 ID= 1000224841. 
2024.05.22 13:33:38, Добавление строки. Связывание со входящим документом № 17 ЭД "Сведения о поступивших от юридических лиц платежах" № 14 ID= 1000224841. 
2024.05.22 13:33:40, Добавление строки. Связывание со входящим документом № 17 ЭД "Сведения о поступивших от юридических лиц платежах" № 14 ID= 1000224841. 
2024.05.22 13:33:42, Добавление строки. Связывание со входящим документом № 17 ЭД "Сведения о поступивших от юридических лиц платежах" № 14 ID= 1000224841. 
2024.05.22 13:33:45, Добавление строки. Связывание со входящим документом № 17 ЭД "Сведения о поступивших от юридических лиц платежах" № 14 ID= 1000224841. 
2024.05.22 13:33:47, Добавление строки. Связывание со входящим документом № 17 ЭД "Сведения о поступивших от юридических лиц платежах" № 14 ID= 1000224841. 
2024.05.22 13:33:49, Добавление строки. Связывание со входящим документом № 17 ЭД "Сведения о поступивших от юридических лиц платежах" № 14 ID= 1000224841. 
2024.05.22 13:33:52, Добавление строки. Связывание со входящим документом № 17 ЭД "Сведения о поступивших от юридических лиц платежах" № 14 ID= 1000224841. 
2024.05.22 13:33:54, Добавление строки. Связывание со входящим документом № 17 ЭД "Сведения о поступивших от юридических лиц платежах" № 14 ID= 1000224841. 
2024.05.22 13:33:56, Добавление строки. Связывание со входящим документом № 17 ЭД "Сведения о поступивших от юридических лиц платежах" № 14 ID= 1000224841. 
2024.05.22 13:33:59, Добавление строки. Связывание со входящим документом № 17 ЭД "Сведения о поступивших от юридических лиц платежах" № 14 ID= 1000224841. 
2024.05.22 13:34:02, Добавление строки. Связывание со входящим документом № 17 ЭД "Сведения о поступивших от юридических лиц платежах" № 14 ID= 1000224841. 
2024.05.22 13:34:05, Добавление строки. Связывание со входящим документом № 17 ЭД "Сведения о поступивших от юридических лиц платежах" № 14 ID= 1000224841. 
2024.05.22 13:34:07, Добавление строки. Связывание со входящим документом № 17 ЭД "Сведения о поступивших от юридических лиц платежах" № 14 ID= 1000224841. 
2024.05.22 13:34:09, Добавление строки. Связывание со входящим документом № 17 ЭД "Сведения о поступивших от юридических лиц платежах" № 14 ID= 1000224841. 
2024.05.22 13:34:12, Добавление строки. Связывание со входящим документом № 17 ЭД "Сведения о поступивших от юридических лиц платежах" № 14 ID= 1000224841. 
2024.05.22 13:34:14, Добавление строки. Связывание со входящим документом № 17 ЭД "Сведения о поступивших от юридических лиц платежах" № 14 ID= 1000224841. 
2024.05.22 13:34:16, Добавление строки. Связывание со входящим документом № 17 ЭД "Сведения о поступивших от юридических лиц платежах" № 14 ID= 1000224841. 
2024.05.22 13:34:19, Добавление строки. Связывание со входящим документом № 17 ЭД "Сведения о поступивших от юридических лиц платежах" № 14 ID= 1000224841. 
2024.05.22 13:34:21, Добавление строки. Связывание со входящим документом № 17 ЭД "Сведения о поступивших от юридических лиц платежах" № 14 ID= 1000224841. 
2024.05.22 13:34:23, Добавление строки. Связывание со входящим документом № 17 ЭД "Сведения о поступивших от юридических лиц платежах" № 14 ID= 1000224841. 
2024.05.22 13:34:26, Добавление строки. Связывание со входящим документом № 17 ЭД "Сведения о поступивших от юридических лиц платежах" № 14 ID= 1000224841. 
2024.05.22 13:34:28, Добавление строки. Связывание со входящим документом № 17 ЭД "Сведения о поступивших от юридических лиц платежах" № 14 ID= 1000224841. 
2024.05.22 13:34:30, Добавление строки. Связывание со входящим документом № 17 ЭД "Сведения о поступивших от юридических лиц платежах" № 14 ID= 1000224841. 
2024.05.22 13:34:33, Добавление строки. Связывание со входящим документом № 17 ЭД "Сведения о поступивших от юридических лиц платежах" № 14 ID= 1000224841. 
2024.05.22 13:34:35, Добавление строки. Связывание со входящим документом № 17 ЭД "Сведения о поступивших от юридических лиц платежах" № 14 ID= 1000224841. 
2024.05.22 13:34:37, Добавление строки. Связывание со входящим документом № 17 ЭД "Сведения о поступивших от юридических лиц платежах" № 14 ID= 1000224841. 
2024.05.22 13:34:40, Добавление строки. Связывание со входящим документом № 17 ЭД "Сведения о поступивших от юридических лиц платежах" № 14 ID= 1000224841. 
2024.05.22 13:34:42, Добавление строки. Связывание со входящим документом № 17 ЭД "Сведения о поступивших от юридических лиц платежах" № 14 ID= 1000224841. 
2024.05.22 13:34:44, Добавление строки. Связывание со входящим документом № 17 ЭД "Сведения о поступивших от юридических лиц платежах" № 14 ID= 1000224841. 
2024.05.22 13:34:47, Добавление строки. Связывание со входящим документом № 17 ЭД "Сведения о поступивших от юридических лиц платежах" № 14 ID= 1000224841. 
2024.05.22 13:34:49, Добавление строки. Связывание со входящим документом № 17 ЭД "Сведения о поступивших от юридических лиц платежах" № 14 ID= 1000224841. 
2024.05.22 13:34:52, Добавление строки. Связывание со входящим документом № 17 ЭД "Сведения о поступивших от юридических лиц платежах" № 14 ID= 1000224841. 
2024.05.22 13:34:54, Добавление строки. Связывание со входящим документом № 17 ЭД "Сведения о поступивших от юридических лиц платежах" № 14 ID= 1000224841. 
2024.05.22 13:34:57, Добавление строки. Связывание со входящим документом № 17 ЭД "Сведения о поступивших от юридических лиц платежах" № 14 ID= 1000224841. 
2024.05.22 13:34:59, Добавление строки. Связывание со входящим документом № 17 ЭД "Сведения о поступивших от юридических лиц платежах" № 14 ID= 1000224841. 
2024.05.22 13:35:01, Добавление строки. Связывание со входящим документом № 17 ЭД "Сведения о поступивших от юридических лиц платежах" № 14 ID= 1000224841. 
2024.05.22 13:35:04, Добавление строки. Связывание со входящим документом № 17 ЭД "Сведения о поступивших от юридических лиц платежах" № 14 ID= 1000224841. 
2024.05.22 13:35:06, Добавление строки. Связывание со входящим документом № 17 ЭД "Сведения о поступивших от юридических лиц платежах" № 14 ID= 1000224841. 
2024.05.22 13:35:08, Добавление строки. Связывание со входящим документом № 17 ЭД "Сведения о поступивших от юридических лиц платежах" № 14 ID= 1000224841. 
2024.05.22 13:35:11, Добавление строки. Связывание со входящим документом № 17 ЭД "Сведения о поступивших от юридических лиц платежах" № 14 ID= 1000224841. 
2024.05.22 13:35:13, Добавление строки. Связывание со входящим документом № 17 ЭД "Сведения о поступивших от юридических лиц платежах" № 14 ID= 1000224841. 
2024.05.22 13:35:15, Добавление строки. Связывание со входящим документом № 17 ЭД "Сведения о поступивших от юридических лиц платежах" № 14 ID= 1000224841. 
2024.05.22 13:35:18, Добавление строки. Связывание со входящим документом № 17 ЭД "Сведения о поступивших от юридических лиц платежах" № 14 ID= 1000224841. 
2024.05.22 13:35:20, Добавление строки. Связывание со входящим документом № 17 ЭД "Сведения о поступивших от юридических лиц платежах" № 14 ID= 1000224841. 
2024.05.22 13:35:23, Добавление строки. Связывание со входящим документом № 17 ЭД "Сведения о поступивших от юридических лиц платежах" № 14 ID= 1000224841. 
2024.05.22 13:35:25, Добавление строки. Связывание со входящим документом № 17 ЭД "Сведения о поступивших от юридических лиц платежах" № 14 ID= 1000224841. 
2024.05.22 13:35:28, Добавление строки. Связывание со входящим документом № 17 ЭД "Сведения о поступивших от юридических лиц платежах" № 14 ID= 1000224841. 
2024.05.22 13:35:28, В системе найдена строка на сумму 1494 за 2024-03-25 от плательщика с ИНН 8602187061 и КПП 720301001 в ЭД Сведения о поступивших от юридических лиц платежах №14 от 2024-05-14 на сумму 56297691.1, соответствующий блок сообщения не будет обработан
2024.05.22 13:35:28, Строка пропущена. Связывание со входящим документом № 17 ЭД "Сведения о поступивших от юридических лиц платежах" № 14 ID = 1000224841. 
2024.05.22 13:35:28, В системе найдена строка на сумму 17962 за 2024-03-25 от плательщика с ИНН 7203278396 и КПП 720301001 в ЭД Сведения о поступивших от юридических лиц платежах №14 от 2024-05-14 на сумму 56297691.1, соответствующий блок сообщения не будет обработан
2024.05.22 13:35:28, Строка пропущена. Связывание со входящим документом № 17 ЭД "Сведения о поступивших от юридических лиц платежах" № 14 ID = 1000224841. 
2024.05.22 13:35:28, В системе найдена строка на сумму 2238 за 2024-03-25 от плательщика с ИНН 7203187460 и КПП 720301001 в ЭД Сведения о поступивших от юридических лиц платежах №14 от 2024-05-14 на сумму 56297691.1, соответствующий блок сообщения не будет обработан
2024.05.22 13:35:28, Строка пропущена. Связывание со входящим документом № 17 ЭД "Сведения о поступивших от юридических лиц платежах" № 14 ID = 1000224841. 
2024.05.22 13:35:28, В системе найдена строка на сумму 16002 за 2024-03-25 от плательщика с ИНН 7202155313 и КПП 720301001 в ЭД Сведения о поступивших от юридических лиц платежах №14 от 2024-05-14 на сумму 56297691.1, соответствующий блок сообщения не будет обработан
2024.05.22 13:35:28, Строка пропущена. Связывание со входящим документом № 17 ЭД "Сведения о поступивших от юридических лиц платежах" № 14 ID = 1000224841. 
2024.05.22 13:35:28, В системе найдена строка на сумму 4740 за 2024-03-25 от плательщика с ИНН 7202150636 и КПП 720301001 в ЭД Сведения о поступивших от юридических лиц платежах №14 от 2024-05-14 на сумму 56297691.1, соответствующий блок сообщения не будет обработан
2024.05.22 13:35:28, Строка пропущена. Связывание со входящим документом № 17 ЭД "Сведения о поступивших от юридических лиц платежах" № 14 ID = 1000224841. 
2024.05.22 13:35:28, В системе найдена строка на сумму -532 за 2024-03-25 от плательщика с ИНН 7204174833 и КПП 720301001 в ЭД Сведения о поступивших от юридических лиц платежах №14 от 2024-05-14 на сумму 56297691.1, соответствующий блок сообщения не будет обработан
2024.05.22 13:35:28, Строка пропущена. Связывание со входящим документом № 17 ЭД "Сведения о поступивших от юридических лиц платежах" № 14 ID = 1000224841. 
2024.05.22 13:35:28, В системе найдена строка на сумму 23696.89 за 2024-03-25 от плательщика с ИНН 7203186145 и КПП 720301001 в ЭД Сведения о поступивших от юридических лиц платежах №14 от 2024-05-14 на сумму 56297691.1, соответствующий блок сообщения не будет обработан
2024.05.22 13:35:28, Строка пропущена. Связывание со входящим документом № 17 ЭД "Сведения о поступивших от юридических лиц платежах" № 14 ID = 1000224841. 
2024.05.22 13:35:28, В системе найдена строка на сумму -19562 за 2024-03-25 от плательщика с ИНН 7709900734 и КПП 720345002 в ЭД Сведения о поступивших от юридических лиц платежах №14 от 2024-05-14 на сумму 56297691.1, соответствующий блок сообщения не будет обработан
2024.05.22 13:35:28, Строка пропущена. Связывание со входящим документом № 17 ЭД "Сведения о поступивших от юридических лиц платежах" № 14 ID = 1000224841. 
2024.05.22 13:35:28, В системе найдена строка на сумму 359522 за 2024-03-25 от плательщика с ИНН 7202173778 и КПП 720301001 в ЭД Сведения о поступивших от юридических лиц платежах №14 от 2024-05-14 на сумму 56297691.1, соответствующий блок сообщения не будет обработан
2024.05.22 13:35:28, Строка пропущена. Связывание со входящим документом № 17 ЭД "Сведения о поступивших от юридических лиц платежах" № 14 ID = 1000224841. 
2024.05.22 13:35:28, В системе найдена строка на сумму -3664 за 2024-03-25 от плательщика с ИНН 7204179630 и КПП 720301001 в ЭД Сведения о поступивших от юридических лиц платежах №14 от 2024-05-14 на сумму 56297691.1, соответствующий блок сообщения не будет обработан
2024.05.22 13:35:28, Строка пропущена. Связывание со входящим документом № 17 ЭД "Сведения о поступивших от юридических лиц платежах" № 14 ID = 1000224841. 
2024.05.22 13:35:28, В системе найдена строка на сумму 4335 за 2024-03-25 от плательщика с ИНН 7203186890 и КПП 720301001 в ЭД Сведения о поступивших от юридических лиц платежах №14 от 2024-05-14 на сумму 56297691.1, соответствующий блок сообщения не будет обработан
2024.05.22 13:35:28, Строка пропущена. Связывание со входящим документом № 17 ЭД "Сведения о поступивших от юридических лиц платежах" № 14 ID = 1000224841. 
2024.05.22 13:35:28, В системе найдена строка на сумму 2245 за 2024-03-25 от плательщика с ИНН 7204105639 и КПП 720301001 в ЭД Сведения о поступивших от юридических лиц платежах №14 от 2024-05-14 на сумму 56297691.1, соответствующий блок сообщения не будет обработан
2024.05.22 13:35:28, Строка пропущена. Связывание со входящим документом № 17 ЭД "Сведения о поступивших от юридических лиц платежах" № 14 ID = 1000224841. 
2024.05.22 13:35:28, В системе найдена строка на сумму -2327 за 2024-03-25 от плательщика с ИНН 7202232215 и КПП 720301001 в ЭД Сведения о поступивших от юридических лиц платежах №14 от 2024-05-14 на сумму 56297691.1, соответствующий блок сообщения не будет обработан
2024.05.22 13:35:28, Строка пропущена. Связывание со входящим документом № 17 ЭД "Сведения о поступивших от юридических лиц платежах" № 14 ID = 1000224841. 
2024.05.22 13:35:28, В системе найдена строка на сумму 95229 за 2024-03-25 от плательщика с ИНН 6678010617 и КПП 720345001 в ЭД Сведения о поступивших от юридических лиц платежах №14 от 2024-05-14 на сумму 56297691.1, соответствующий блок сообщения не будет обработан
2024.05.22 13:35:28, Строка пропущена. Связывание со входящим документом № 17 ЭД "Сведения о поступивших от юридических лиц платежах" № 14 ID = 1000224841. 
2024.05.22 13:35:28, В системе найдена строка на сумму 2914 за 2024-03-25 от плательщика с ИНН 7202222859 и КПП 720301001 в ЭД Сведения о поступивших от юридических лиц платежах №14 от 2024-05-14 на сумму 56297691.1, соответствующий блок сообщения не будет обработан
2024.05.22 13:35:28, Строка пропущена. Связывание со входящим документом № 17 ЭД "Сведения о поступивших от юридических лиц платежах" № 14 ID = 1000224841. 
2024.05.22 13:35:28, В системе найдена строка на сумму 288 за 2024-03-25 от плательщика с ИНН 7202156518 и КПП 720301001 в ЭД Сведения о поступивших от юридических лиц платежах №14 от 2024-05-14 на сумму 56297691.1, соответствующий блок сообщения не будет обработан
2024.05.22 13:35:28, Строка пропущена. Связывание со входящим документом № 17 ЭД "Сведения о поступивших от юридических лиц платежах" № 14 ID = 1000224841. 
2024.05.22 13:35:28, В системе найдена строка на сумму 6001.42 за 2024-03-25 от плательщика с ИНН 7203180136 и КПП 720301001 в ЭД Сведения о поступивших от юридических лиц платежах №14 от 2024-05-14 на сумму 56297691.1, соответствующий блок сообщения не будет обработан
2024.05.22 13:35:28, Строка пропущена. Связывание со входящим документом № 17 ЭД "Сведения о поступивших от юридических лиц платежах" № 14 ID = 1000224841. 
2024.05.22 13:35:28, В системе найдена строка на сумму 1941.42 за 2024-03-25 от плательщика с ИНН 7203277709 и КПП 720301001 в ЭД Сведения о поступивших от юридических лиц платежах №14 от 2024-05-14 на сумму 56297691.1, соответствующий блок сообщения не будет обработан
2024.05.22 13:35:28, Строка пропущена. Связывание со входящим документом № 17 ЭД "Сведения о поступивших от юридических лиц платежах" № 14 ID = 1000224841. 
2024.05.22 13:35:28, В системе найдена строка на сумму -73017 за 2024-03-25 от плательщика с ИНН 7203277730 и КПП 720301001 в ЭД Сведения о поступивших от юридических лиц платежах №14 от 2024-05-14 на сумму 56297691.1, соответствующий блок сообщения не будет обработан
2024.05.22 13:35:28, Строка пропущена. Связывание со входящим документом № 17 ЭД "Сведения о поступивших от юридических лиц платежах" № 14 ID = 1000224841. 
2024.05.22 13:35:28, В системе найдена строка на сумму 298723 за 2024-03-25 от плательщика с ИНН 7203277748 и КПП 720301001 в ЭД Сведения о поступивших от юридических лиц платежах №14 от 2024-05-14 на сумму 56297691.1, соответствующий блок сообщения не будет обработан
2024.05.22 13:35:28, Строка пропущена. Связывание со входящим документом № 17 ЭД "Сведения о поступивших от юридических лиц платежах" № 14 ID = 1000224841. 
2024.05.22 13:35:28, В системе найдена строка на сумму 354196 за 2024-03-25 от плательщика с ИНН 7728551510 и КПП 720345004 в ЭД Сведения о поступивших от юридических лиц платежах №14 от 2024-05-14 на сумму 56297691.1, соответствующий блок сообщения не будет обработан
2024.05.22 13:35:28, Строка пропущена. Связывание со входящим документом № 17 ЭД "Сведения о поступивших от юридических лиц платежах" № 14 ID = 1000224841. 
2024.05.22 13:35:28, В системе найдена строка на сумму 4131 за 2024-03-25 от плательщика с ИНН 7203230108 и КПП 720301001 в ЭД Сведения о поступивших от юридических лиц платежах №14 от 2024-05-14 на сумму 56297691.1, соответствующий блок сообщения не будет обработан
2024.05.22 13:35:28, Строка пропущена. Связывание со входящим документом № 17 ЭД "Сведения о поступивших от юридических лиц платежах" № 14 ID = 1000224841. 
2024.05.22 13:35:28, В системе найдена строка на сумму 7061.01 за 2024-03-25 от плательщика с ИНН 7203219143 и КПП 720301001 в ЭД Сведения о поступивших от юридических лиц платежах №14 от 2024-05-14 на сумму 56297691.1, соответствующий блок сообщения не будет обработан
2024.05.22 13:35:28, Строка пропущена. Связывание со входящим документом № 17 ЭД "Сведения о поступивших от юридических лиц платежах" № 14 ID = 1000224841. 
2024.05.22 13:35:30, Добавление строки. Связывание со входящим документом № 17 ЭД "Сведения о поступивших от юридических лиц платежах" № 14 ID= 1000224841. 
2024.05.22 13:35:30, В системе найдена строка на сумму 727.85 за 2024-03-25 от плательщика с ИНН 7202187562 и КПП 720301001 в ЭД Сведения о поступивших от юридических лиц платежах №14 от 2024-05-14 на сумму 56300232.6, соответствующий блок сообщения не будет обработан
2024.05.22 13:35:30, Строка пропущена. Связывание со входящим документом № 17 ЭД "Сведения о поступивших от юридических лиц платежах" № 14 ID = 1000224841. 
2024.05.22 13:35:30, В системе найдена строка на сумму 14950 за 2024-03-25 от плательщика с ИНН 7205013652 и КПП 720301001 в ЭД Сведения о поступивших от юридических лиц платежах №14 от 2024-05-14 на сумму 56300232.6, соответствующий блок сообщения не будет обработан
2024.05.22 13:35:30, Строка пропущена. Связывание со входящим документом № 17 ЭД "Сведения о поступивших от юридических лиц платежах" № 14 ID = 1000224841. 
2024.05.22 13:35:30, В системе найдена строка на сумму 505 за 2024-03-25 от плательщика с ИНН 7202145322 и КПП 720301001 в ЭД Сведения о поступивших от юридических лиц платежах №14 от 2024-05-14 на сумму 56300232.6, соответствующий блок сообщения не будет обработан
2024.05.22 13:35:30, Строка пропущена. Связывание со входящим документом № 17 ЭД "Сведения о поступивших от юридических лиц платежах" № 14 ID = 1000224841. 
2024.05.22 13:35:30, В системе найдена строка на сумму -72548 за 2024-03-25 от плательщика с ИНН 7203171830 и КПП 720301001 в ЭД Сведения о поступивших от юридических лиц платежах №14 от 2024-05-14 на сумму 56300232.6, соответствующий блок сообщения не будет обработан
2024.05.22 13:35:30, Строка пропущена. Связывание со входящим документом № 17 ЭД "Сведения о поступивших от юридических лиц платежах" № 14 ID = 1000224841. 
2024.05.22 13:35:30, В системе найдена строка на сумму 5315 за 2024-03-25 от плательщика с ИНН 7203172456 и КПП 720301001 в ЭД Сведения о поступивших от юридических лиц платежах №14 от 2024-05-14 на сумму 56300232.6, соответствующий блок сообщения не будет обработан
2024.05.22 13:35:30, Строка пропущена. Связывание со входящим документом № 17 ЭД "Сведения о поступивших от юридических лиц платежах" № 14 ID = 1000224841. 
2024.05.22 13:35:30, В системе найдена строка на сумму 909979 за 2024-03-25 от плательщика с ИНН 4716016979 и КПП 720332002 в ЭД Сведения о поступивших от юридических лиц платежах №14 от 2024-05-14 на сумму 56300232.6, соответствующий блок сообщения не будет обработан
2024.05.22 13:35:30, Строка пропущена. Связывание со входящим документом № 17 ЭД "Сведения о поступивших от юридических лиц платежах" № 14 ID = 1000224841. 
2024.05.22 13:35:30, В системе найдена строка на сумму 60083 за 2024-03-25 от плательщика с ИНН 4716016979 и КПП 720345004 в ЭД Сведения о поступивших от юридических лиц платежах №14 от 2024-05-14 на сумму 56300232.6, соответствующий блок сообщения не будет обработан
2024.05.22 13:35:30, Строка пропущена. Связывание со входящим документом № 17 ЭД "Сведения о поступивших от юридических лиц платежах" № 14 ID = 1000224841. 
2024.05.22 13:35:30, В системе найдена строка на сумму 195 за 2024-03-25 от плательщика с ИНН 7203230771 и КПП 720301001 в ЭД Сведения о поступивших от юридических лиц платежах №14 от 2024-05-14 на сумму 56300232.6, соответствующий блок сообщения не будет обработан
2024.05.22 13:35:30, Строка пропущена. Связывание со входящим документом № 17 ЭД "Сведения о поступивших от юридических лиц платежах" № 14 ID = 1000224841. 
2024.05.22 13:35:30, В системе найдена строка на сумму 381614 за 2024-03-25 от плательщика с ИНН 7202146453 и КПП 720301001 в ЭД Сведения о поступивших от юридических лиц платежах №14 от 2024-05-14 на сумму 56300232.6, соответствующий блок сообщения не будет обработан
2024.05.22 13:35:30, Строка пропущена. Связывание со входящим документом № 17 ЭД "Сведения о поступивших от юридических лиц платежах" № 14 ID = 1000224841. 
2024.05.22 13:35:30, В системе найдена строка на сумму 7220 за 2024-03-25 от плательщика с ИНН 7202146615 и КПП 720301001 в ЭД Сведения о поступивших от юридических лиц платежах №14 от 2024-05-14 на сумму 56300232.6, соответствующий блок сообщения не будет обработан
2024.05.22 13:35:30, Строка пропущена. Связывание со входящим документом № 17 ЭД "Сведения о поступивших от юридических лиц платежах" № 14 ID = 1000224841. 
2024.05.22 13:35:30, В системе найдена строка на сумму 78 за 2024-03-25 от плательщика с ИНН 7203143511 и КПП 720301001 в ЭД Сведения о поступивших от юридических лиц платежах №14 от 2024-05-14 на сумму 56300232.6, соответствующий блок сообщения не будет обработан
2024.05.22 13:35:30, Строка пропущена. Связывание со входящим документом № 17 ЭД "Сведения о поступивших от юридических лиц платежах" № 14 ID = 1000224841. 
2024.05.22 13:35:30, В системе найдена строка на сумму 8463 за 2024-03-25 от плательщика с ИНН 7203143712 и КПП 720301001 в ЭД Сведения о поступивших от юридических лиц платежах №14 от 2024-05-14 на сумму 56300232.6, соответствующий блок сообщения не будет обработан
2024.05.22 13:35:30, Строка пропущена. Связывание со входящим документом № 17 ЭД "Сведения о поступивших от юридических лиц платежах" № 14 ID = 1000224841. 
2024.05.22 13:35:30, В системе найдена строка на сумму 2600 за 2024-03-25 от плательщика с ИНН 7204097970 и КПП 720301001 в ЭД Сведения о поступивших от юридических лиц платежах №14 от 2024-05-14 на сумму 56300232.6, соответствующий блок сообщения не будет обработан
2024.05.22 13:35:30, Строка пропущена. Связывание со входящим документом № 17 ЭД "Сведения о поступивших от юридических лиц платежах" № 14 ID = 1000224841. 
2024.05.22 13:35:30, В системе найдена строка на сумму 461249.52 за 2024-03-25 от плательщика с ИНН 7203173770 и КПП 720301001 в ЭД Сведения о поступивших от юридических лиц платежах №14 от 2024-05-14 на сумму 56300232.6, соответствующий блок сообщения не будет обработан
2024.05.22 13:35:30, Строка пропущена. Связывание со входящим документом № 17 ЭД "Сведения о поступивших от юридических лиц платежах" № 14 ID = 1000224841. 
2024.05.22 13:35:30, В системе найдена строка на сумму 2839 за 2024-03-25 от плательщика с ИНН 7224032273 и КПП 720301001 в ЭД Сведения о поступивших от юридических лиц платежах №14 от 2024-05-14 на сумму 56300232.6, соответствующий блок сообщения не будет обработан
2024.05.22 13:35:30, Строка пропущена. Связывание со входящим документом № 17 ЭД "Сведения о поступивших от юридических лиц платежах" № 14 ID = 1000224841. 
2024.05.22 13:35:30, В системе найдена строка на сумму 1 за 2024-03-25 от плательщика с ИНН 7203174566 и КПП 720301001 в ЭД Сведения о поступивших от юридических лиц платежах №14 от 2024-05-14 на сумму 56300232.6, соответствующий блок сообщения не будет обработан
2024.05.22 13:35:30, Строка пропущена. Связывание со входящим документом № 17 ЭД "Сведения о поступивших от юридических лиц платежах" № 14 ID = 1000224841. 
2024.05.22 13:35:30, В системе найдена строка на сумму 29665 за 2024-03-25 от плательщика с ИНН 7202222168 и КПП 720301001 в ЭД Сведения о поступивших от юридических лиц платежах №14 от 2024-05-14 на сумму 56300232.6, соответствующий блок сообщения не будет обработан
2024.05.22 13:35:30, Строка пропущена. Связывание со входящим документом № 17 ЭД "Сведения о поступивших от юридических лиц платежах" № 14 ID = 1000224841. 
2024.05.22 13:35:30, В системе найдена строка на сумму 112927 за 2024-03-25 от плательщика с ИНН 7203267813 и КПП 720301001 в ЭД Сведения о поступивших от юридических лиц платежах №14 от 2024-05-14 на сумму 56300232.6, соответствующий блок сообщения не будет обработан
2024.05.22 13:35:30, Строка пропущена. Связывание со входящим документом № 17 ЭД "Сведения о поступивших от юридических лиц платежах" № 14 ID = 1000224841. 
2024.05.22 13:35:30, В системе найдена строка на сумму 450 за 2024-03-25 от плательщика с ИНН 7204172032 и КПП 720301001 в ЭД Сведения о поступивших от юридических лиц платежах №14 от 2024-05-14 на сумму 56300232.6, соответствующий блок сообщения не будет обработан
2024.05.22 13:35:30, Строка пропущена. Связывание со входящим документом № 17 ЭД "Сведения о поступивших от юридических лиц платежах" № 14 ID = 1000224841. 
2024.05.22 13:35:30, В системе найдена строка на сумму 199 за 2024-03-25 от плательщика с ИНН 7202164639 и КПП 720301001 в ЭД Сведения о поступивших от юридических лиц платежах №14 от 2024-05-14 на сумму 56300232.6, соответствующий блок сообщения не будет обработан
2024.05.22 13:35:30, Строка пропущена. Связывание со входящим документом № 17 ЭД "Сведения о поступивших от юридических лиц платежах" № 14 ID = 1000224841. 
2024.05.22 13:35:30, В системе найдена строка на сумму 1039.74 за 2024-03-25 от плательщика с ИНН 7202226003 и КПП 720301001 в ЭД Сведения о поступивших от юридических лиц платежах №14 от 2024-05-14 на сумму 56300232.6, соответствующий блок сообщения не будет обработан
2024.05.22 13:35:30, Строка пропущена. Связывание со входящим документом № 17 ЭД "Сведения о поступивших от юридических лиц платежах" № 14 ID = 1000224841. 
2024.05.22 13:35:30, В системе найдена строка на сумму 78817 за 2024-03-25 от плательщика с ИНН 7224047167 и КПП 720301001 в ЭД Сведения о поступивших от юридических лиц платежах №14 от 2024-05-14 на сумму 56300232.6, соответствующий блок сообщения не будет обработан
2024.05.22 13:35:30, Строка пропущена. Связывание со входящим документом № 17 ЭД "Сведения о поступивших от юридических лиц платежах" № 14 ID = 1000224841. 
2024.05.22 13:35:30, В системе найдена строка на сумму 5980 за 2024-03-25 от плательщика с ИНН 7202228096 и КПП 720301001 в ЭД Сведения о поступивших от юридических лиц платежах №14 от 2024-05-14 на сумму 56300232.6, соответствующий блок сообщения не будет обработан
2024.05.22 13:35:30, Строка пропущена. Связывание со входящим документом № 17 ЭД "Сведения о поступивших от юридических лиц платежах" № 14 ID = 1000224841. 
2024.05.22 13:35:30, В системе найдена строка на сумму -2067795 за 2024-03-25 от плательщика с ИНН 7719723690 и КПП 720345001 в ЭД Сведения о поступивших от юридических лиц платежах №14 от 2024-05-14 на сумму 56300232.6, соответствующий блок сообщения не будет обработан
2024.05.22 13:35:30, Строка пропущена. Связывание со входящим документом № 17 ЭД "Сведения о поступивших от юридических лиц платежах" № 14 ID = 1000224841. 
2024.05.22 13:35:30, В системе найдена строка на сумму 324 за 2024-03-25 от плательщика с ИНН 7204081064 и КПП 720301001 в ЭД Сведения о поступивших от юридических лиц платежах №14 от 2024-05-14 на сумму 56300232.6, соответствующий блок сообщения не будет обработан
2024.05.22 13:35:30, Строка пропущена. Связывание со входящим документом № 17 ЭД "Сведения о поступивших от юридических лиц платежах" № 14 ID = 1000224841. 
2024.05.22 13:35:30, В системе найдена строка на сумму 13067 за 2024-03-25 от плательщика с ИНН 6658371284 и КПП 720345002 в ЭД Сведения о поступивших от юридических лиц платежах №14 от 2024-05-14 на сумму 56300232.6, соответствующий блок сообщения не будет обработан
2024.05.22 13:35:30, Строка пропущена. Связывание со входящим документом № 17 ЭД "Сведения о поступивших от юридических лиц платежах" № 14 ID = 1000224841. 
2024.05.22 13:35:30, В системе найдена строка на сумму -544345 за 2024-03-25 от плательщика с ИНН 6674322774 и КПП 720345001 в ЭД Сведения о поступивших от юридических лиц платежах №14 от 2024-05-14 на сумму 56300232.6, соответствующий блок сообщения не будет обработан
2024.05.22 13:35:30, Строка пропущена. Связывание со входящим документом № 17 ЭД "Сведения о поступивших от юридических лиц платежах" № 14 ID = 1000224841. 
2024.05.22 13:35:30, В системе найдена строка на сумму 52630 за 2024-03-25 от плательщика с ИНН 7203246468 и КПП 720301001 в ЭД Сведения о поступивших от юридических лиц платежах №14 от 2024-05-14 на сумму 56300232.6, соответствующий блок сообщения не будет обработан
2024.05.22 13:35:30, Строка пропущена. Связывание со входящим документом № 17 ЭД "Сведения о поступивших от юридических лиц платежах" № 14 ID = 1000224841. 
2024.05.22 13:35:30, В системе найдена строка на сумму 721 за 2024-03-25 от плательщика с ИНН 7202199141 и КПП 720301001 в ЭД Сведения о поступивших от юридических лиц платежах №14 от 2024-05-14 на сумму 56300232.6, соответствующий блок сообщения не будет обработан
2024.05.22 13:35:30, Строка пропущена. Связывание со входящим документом № 17 ЭД "Сведения о поступивших от юридических лиц платежах" № 14 ID = 1000224841. 
2024.05.22 13:35:30, В системе найдена строка на сумму 467 за 2024-03-25 от плательщика с ИНН 7203237791 и КПП 720301001 в ЭД Сведения о поступивших от юридических лиц платежах №14 от 2024-05-14 на сумму 56300232.6, соответствующий блок сообщения не будет обработан
2024.05.22 13:35:30, Строка пропущена. Связывание со входящим документом № 17 ЭД "Сведения о поступивших от юридических лиц платежах" № 14 ID = 1000224841. 
2024.05.22 13:35:30, В системе найдена строка на сумму 5689.47 за 2024-03-25 от плательщика с ИНН 7203274419 и КПП 720301001 в ЭД Сведения о поступивших от юридических лиц платежах №14 от 2024-05-14 на сумму 56300232.6, соответствующий блок сообщения не будет обработан
2024.05.22 13:35:30, Строка пропущена. Связывание со входящим документом № 17 ЭД "Сведения о поступивших от юридических лиц платежах" № 14 ID = 1000224841. 
2024.05.22 13:35:30, В системе найдена строка на сумму 19566.39 за 2024-03-25 от плательщика с ИНН 7204175280 и КПП 720301001 в ЭД Сведения о поступивших от юридических лиц платежах №14 от 2024-05-14 на сумму 56300232.6, соответствующий блок сообщения не будет обработан
2024.05.22 13:35:30, Строка пропущена. Связывание со входящим документом № 17 ЭД "Сведения о поступивших от юридических лиц платежах" № 14 ID = 1000224841. 
2024.05.22 13:35:30, В системе найдена строка на сумму 129850 за 2024-03-25 от плательщика с ИНН 7204175523 и КПП 720301001 в ЭД Сведения о поступивших от юридических лиц платежах №14 от 2024-05-14 на сумму 56300232.6, соответствующий блок сообщения не будет обработан
2024.05.22 13:35:30, Строка пропущена. Связывание со входящим документом № 17 ЭД "Сведения о поступивших от юридических лиц платежах" № 14 ID = 1000224841. 
2024.05.22 13:35:30, В системе найдена строка на сумму -204280 за 2024-03-25 от плательщика с ИНН 7203236195 и КПП 720301001 в ЭД Сведения о поступивших от юридических лиц платежах №14 от 2024-05-14 на сумму 56300232.6, соответствующий блок сообщения не будет обработан
2024.05.22 13:35:30, Строка пропущена. Связывание со входящим документом № 17 ЭД "Сведения о поступивших от юридических лиц платежах" № 14 ID = 1000224841. 
2024.05.22 13:35:30, В системе найдена строка на сумму 5980 за 2024-03-25 от плательщика с ИНН 7204148463 и КПП 720301001 в ЭД Сведения о поступивших от юридических лиц платежах №14 от 2024-05-14 на сумму 56300232.6, соответствующий блок сообщения не будет обработан
2024.05.22 13:35:30, Строка пропущена. Связывание со входящим документом № 17 ЭД "Сведения о поступивших от юридических лиц платежах" № 14 ID = 1000224841. 
2024.05.22 13:35:30, В системе найдена строка на сумму 457893 за 2024-03-25 от плательщика с ИНН 7202201584 и КПП 720301001 в ЭД Сведения о поступивших от юридических лиц платежах №14 от 2024-05-14 на сумму 56300232.6, соответствующий блок сообщения не будет обработан
2024.05.22 13:35:30, Строка пропущена. Связывание со входящим документом № 17 ЭД "Сведения о поступивших от юридических лиц платежах" № 14 ID = 1000224841. 
2024.05.22 13:35:30, В системе найдена строка на сумму 49474.05 за 2024-03-25 от плательщика с ИНН 7203210550 и КПП 720301001 в ЭД Сведения о поступивших от юридических лиц платежах №14 от 2024-05-14 на сумму 56300232.6, соответствующий блок сообщения не будет обработан
2024.05.22 13:35:30, Строка пропущена. Связывание со входящим документом № 17 ЭД "Сведения о поступивших от юридических лиц платежах" № 14 ID = 1000224841. 
2024.05.22 13:35:30, В системе найдена строка на сумму 12060 за 2024-03-25 от плательщика с ИНН 7203272147 и КПП 720301001 в ЭД Сведения о поступивших от юридических лиц платежах №14 от 2024-05-14 на сумму 56300232.6, соответствующий блок сообщения не будет обработан
2024.05.22 13:35:30, Строка пропущена. Связывание со входящим документом № 17 ЭД "Сведения о поступивших от юридических лиц платежах" № 14 ID = 1000224841. 
2024.05.22 13:35:30, В системе найдена строка на сумму 25413.12 за 2024-03-25 от плательщика с ИНН 7710913752 и КПП 720345001 в ЭД Сведения о поступивших от юридических лиц платежах №14 от 2024-05-14 на сумму 56300232.6, соответствующий блок сообщения не будет обработан
2024.05.22 13:35:30, Строка пропущена. Связывание со входящим документом № 17 ЭД "Сведения о поступивших от юридических лиц платежах" № 14 ID = 1000224841. 
2024.05.22 13:35:30, В системе найдена строка на сумму 661.69 за 2024-03-25 от плательщика с ИНН 8611007371 и КПП 720301001 в ЭД Сведения о поступивших от юридических лиц платежах №14 от 2024-05-14 на сумму 56300232.6, соответствующий блок сообщения не будет обработан
2024.05.22 13:35:30, Строка пропущена. Связывание со входящим документом № 17 ЭД "Сведения о поступивших от юридических лиц платежах" № 14 ID = 1000224841. 
2024.05.22 13:35:30, В системе найдена строка на сумму 1154 за 2024-03-25 от плательщика с ИНН 7204177633 и КПП 720301001 в ЭД Сведения о поступивших от юридических лиц платежах №14 от 2024-05-14 на сумму 56300232.6, соответствующий блок сообщения не будет обработан
2024.05.22 13:35:30, Строка пропущена. Связывание со входящим документом № 17 ЭД "Сведения о поступивших от юридических лиц платежах" № 14 ID = 1000224841. 
2024.05.22 13:35:30, В системе найдена строка на сумму 14.76 за 2024-03-25 от плательщика с ИНН 7204177633 и КПП 720301001 в ЭД Сведения о поступивших от юридических лиц платежах №14 от 2024-05-14 на сумму 56300232.6, соответствующий блок сообщения не будет обработан
2024.05.22 13:35:30, Строка пропущена. Связывание со входящим документом № 17 ЭД "Сведения о поступивших от юридических лиц платежах" № 14 ID = 1000224841. 
2024.05.22 13:35:30, В системе найдена строка на сумму 26728 за 2024-03-25 от плательщика с ИНН 7203218742 и КПП 720301001 в ЭД Сведения о поступивших от юридических лиц платежах №14 от 2024-05-14 на сумму 56300232.6, соответствующий блок сообщения не будет обработан
2024.05.22 13:35:30, Строка пропущена. Связывание со входящим документом № 17 ЭД "Сведения о поступивших от юридических лиц платежах" № 14 ID = 1000224841. 
2024.05.22 13:35:30, В системе найдена строка на сумму 1442 за 2024-03-25 от плательщика с ИНН 7204157637 и КПП 720301001 в ЭД Сведения о поступивших от юридических лиц платежах №14 от 2024-05-14 на сумму 56300232.6, соответствующий блок сообщения не будет обработан
2024.05.22 13:35:30, Строка пропущена. Связывание со входящим документом № 17 ЭД "Сведения о поступивших от юридических лиц платежах" № 14 ID = 1000224841. 
2024.05.22 13:35:30, В системе найдена строка на сумму -135245 за 2024-03-25 от плательщика с ИНН 7202210476 и КПП 720301001 в ЭД Сведения о поступивших от юридических лиц платежах №14 от 2024-05-14 на сумму 56300232.6, соответствующий блок сообщения не будет обработан
2024.05.22 13:35:30, Строка пропущена. Связывание со входящим документом № 17 ЭД "Сведения о поступивших от юридических лиц платежах" № 14 ID = 1000224841. 
2024.05.22 13:35:30, В системе найдена строка на сумму 470582 за 2024-03-25 от плательщика с ИНН 7203271721 и КПП 720301001 в ЭД Сведения о поступивших от юридических лиц платежах №14 от 2024-05-14 на сумму 56300232.6, соответствующий блок сообщения не будет обработан
2024.05.22 13:35:30, Строка пропущена. Связывание со входящим документом № 17 ЭД "Сведения о поступивших от юридических лиц платежах" № 14 ID = 1000224841. 
2024.05.22 13:35:30, В системе найдена строка на сумму 460.53 за 2024-03-25 от плательщика с ИНН 7203205359 и КПП 720301001 в ЭД Сведения о поступивших от юридических лиц платежах №14 от 2024-05-14 на сумму 56300232.6, соответствующий блок сообщения не будет обработан
2024.05.22 13:35:30, Строка пропущена. Связывание со входящим документом № 17 ЭД "Сведения о поступивших от юридических лиц платежах" № 14 ID = 1000224841. 
2024.05.22 13:35:30, В системе найдена строка на сумму 6523 за 2024-03-25 от плательщика с ИНН 7203240280 и КПП 720301001 в ЭД Сведения о поступивших от юридических лиц платежах №14 от 2024-05-14 на сумму 56300232.6, соответствующий блок сообщения не будет обработан
2024.05.22 13:35:30, Строка пропущена. Связывание со входящим документом № 17 ЭД "Сведения о поступивших от юридических лиц платежах" № 14 ID = 1000224841. 
2024.05.22 13:35:30, В системе найдена строка на сумму -77845 за 2024-03-25 от плательщика с ИНН 7203279103 и КПП 720301001 в ЭД Сведения о поступивших от юридических лиц платежах №14 от 2024-05-14 на сумму 56300232.6, соответствующий блок сообщения не будет обработан
2024.05.22 13:35:30, Строка пропущена. Связывание со входящим документом № 17 ЭД "Сведения о поступивших от юридических лиц платежах" № 14 ID = 1000224841. 
2024.05.22 13:35:30, В системе найдена строка на сумму 7191 за 2024-03-25 от плательщика с ИНН 7202211568 и КПП 720301001 в ЭД Сведения о поступивших от юридических лиц платежах №14 от 2024-05-14 на сумму 56300232.6, соответствующий блок сообщения не будет обработан
2024.05.22 13:35:30, Строка пропущена. Связывание со входящим документом № 17 ЭД "Сведения о поступивших от юридических лиц платежах" № 14 ID = 1000224841. 
2024.05.22 13:35:30, В системе найдена строка на сумму 590295 за 2024-03-25 от плательщика с ИНН 7204142888 и КПП 720301001 в ЭД Сведения о поступивших от юридических лиц платежах №14 от 2024-05-14 на сумму 56300232.6, соответствующий блок сообщения не будет обработан
2024.05.22 13:35:30, Строка пропущена. Связывание со входящим документом № 17 ЭД "Сведения о поступивших от юридических лиц платежах" № 14 ID = 1000224841. 
2024.05.22 13:35:30, В системе найдена строка на сумму -18249 за 2024-03-25 от плательщика с ИНН 7203250545 и КПП 720301001 в ЭД Сведения о поступивших от юридических лиц платежах №14 от 2024-05-14 на сумму 56300232.6, соответствующий блок сообщения не будет обработан
2024.05.22 13:35:30, Строка пропущена. Связывание со входящим документом № 17 ЭД "Сведения о поступивших от юридических лиц платежах" № 14 ID = 1000224841. 
2024.05.22 13:35:30, В системе найдена строка на сумму 21349 за 2024-03-25 от плательщика с ИНН 7203250785 и КПП 720301001 в ЭД Сведения о поступивших от юридических лиц платежах №14 от 2024-05-14 на сумму 56300232.6, соответствующий блок сообщения не будет обработан
2024.05.22 13:35:30, Строка пропущена. Связывание со входящим документом № 17 ЭД "Сведения о поступивших от юридических лиц платежах" № 14 ID = 1000224841. 
2024.05.22 13:35:30, В системе найдена строка на сумму 543241.3 за 2024-03-25 от плательщика с ИНН 4501112930 и КПП 720301001 в ЭД Сведения о поступивших от юридических лиц платежах №14 от 2024-05-14 на сумму 56300232.6, соответствующий блок сообщения не будет обработан
2024.05.22 13:35:30, Строка пропущена. Связывание со входящим документом № 17 ЭД "Сведения о поступивших от юридических лиц платежах" № 14 ID = 1000224841. 
2024.05.22 13:35:30, В системе найдена строка на сумму 45235 за 2024-03-25 от плательщика с ИНН 2901170080 и КПП 720345001 в ЭД Сведения о поступивших от юридических лиц платежах №14 от 2024-05-14 на сумму 56300232.6, соответствующий блок сообщения не будет обработан
2024.05.22 13:35:30, Строка пропущена. Связывание со входящим документом № 17 ЭД "Сведения о поступивших от юридических лиц платежах" № 14 ID = 1000224841. 
2024.05.22 13:35:30, В системе найдена строка на сумму 1421 за 2024-03-25 от плательщика с ИНН 4502017164 и КПП 720301001 в ЭД Сведения о поступивших от юридических лиц платежах №14 от 2024-05-14 на сумму 56300232.6, соответствующий блок сообщения не будет обработан
2024.05.22 13:35:30, Строка пропущена. Связывание со входящим документом № 17 ЭД "Сведения о поступивших от юридических лиц платежах" № 14 ID = 1000224841. 
2024.05.22 13:35:30, В системе найдена строка на сумму 7343 за 2024-03-25 от плательщика с ИНН 7203269786 и КПП 720301001 в ЭД Сведения о поступивших от юридических лиц платежах №14 от 2024-05-14 на сумму 56300232.6, соответствующий блок сообщения не будет обработан
2024.05.22 13:35:30, Строка пропущена. Связывание со входящим документом № 17 ЭД "Сведения о поступивших от юридических лиц платежах" № 14 ID = 1000224841. 
2024.05.22 13:35:30, В системе найдена строка на сумму 7879 за 2024-03-25 от плательщика с ИНН 7202166940 и КПП 720301001 в ЭД Сведения о поступивших от юридических лиц платежах №14 от 2024-05-14 на сумму 56300232.6, соответствующий блок сообщения не будет обработан
2024.05.22 13:35:30, Строка пропущена. Связывание со входящим документом № 17 ЭД "Сведения о поступивших от юридических лиц платежах" № 14 ID = 1000224841. 
2024.05.22 13:35:30, В системе найдена строка на сумму 3738 за 2024-03-25 от плательщика с ИНН 7203279054 и КПП 720301001 в ЭД Сведения о поступивших от юридических лиц платежах №14 от 2024-05-14 на сумму 56300232.6, соответствующий блок сообщения не будет обработан
2024.05.22 13:35:30, Строка пропущена. Связывание со входящим документом № 17 ЭД "Сведения о поступивших от юридических лиц платежах" № 14 ID = 1000224841. 
2024.05.22 13:35:30, В системе найдена строка на сумму -2404 за 2024-03-25 от плательщика с ИНН 7202222295 и КПП 720301001 в ЭД Сведения о поступивших от юридических лиц платежах №14 от 2024-05-14 на сумму 56300232.6, соответствующий блок сообщения не будет обработан
2024.05.22 13:35:30, Строка пропущена. Связывание со входящим документом № 17 ЭД "Сведения о поступивших от юридических лиц платежах" № 14 ID = 1000224841. 
2024.05.22 13:35:30, В системе найдена строка на сумму -175626 за 2024-03-25 от плательщика с ИНН 7725696878 и КПП 720345001 в ЭД Сведения о поступивших от юридических лиц платежах №14 от 2024-05-14 на сумму 56300232.6, соответствующий блок сообщения не будет обработан
2024.05.22 13:35:30, Строка пропущена. Связывание со входящим документом № 17 ЭД "Сведения о поступивших от юридических лиц платежах" № 14 ID = 1000224841. 
2024.05.22 13:35:30, В системе найдена строка на сумму 26 за 2024-03-25 от плательщика с ИНН 7203230250 и КПП 720301001 в ЭД Сведения о поступивших от юридических лиц платежах №14 от 2024-05-14 на сумму 56300232.6, соответствующий блок сообщения не будет обработан
2024.05.22 13:35:30, Строка пропущена. Связывание со входящим документом № 17 ЭД "Сведения о поступивших от юридических лиц платежах" № 14 ID = 1000224841. 
2024.05.22 13:35:30, В системе найдена строка на сумму 97146.12 за 2024-03-25 от плательщика с ИНН 7203165829 и КПП 720301001 в ЭД Сведения о поступивших от юридических лиц платежах №14 от 2024-05-14 на сумму 56300232.6, соответствующий блок сообщения не будет обработан
2024.05.22 13:35:30, Строка пропущена. Связывание со входящим документом № 17 ЭД "Сведения о поступивших от юридических лиц платежах" № 14 ID = 1000224841. 
2024.05.22 13:35:30, В системе найдена строка на сумму 1 за 2024-03-25 от плательщика с ИНН 7203225186 и КПП 720301001 в ЭД Сведения о поступивших от юридических лиц платежах №14 от 2024-05-14 на сумму 56300232.6, соответствующий блок сообщения не будет обработан
2024.05.22 13:35:30, Строка пропущена. Связывание со входящим документом № 17 ЭД "Сведения о поступивших от юридических лиц платежах" № 14 ID = 1000224841. 
2024.05.22 13:35:30, В системе найдена строка на сумму 26.04 за 2024-03-25 от плательщика с ИНН 7204166857 и КПП 720301001 в ЭД Сведения о поступивших от юридических лиц платежах №14 от 2024-05-14 на сумму 56300232.6, соответствующий блок сообщения не будет обработан
2024.05.22 13:35:30, Строка пропущена. Связывание со входящим документом № 17 ЭД "Сведения о поступивших от юридических лиц платежах" № 14 ID = 1000224841. 
2024.05.22 13:35:30, В системе найдена строка на сумму 1196 за 2024-03-25 от плательщика с ИНН 7204127054 и КПП 720301001 в ЭД Сведения о поступивших от юридических лиц платежах №14 от 2024-05-14 на сумму 56300232.6, соответствующий блок сообщения не будет обработан
2024.05.22 13:35:30, Строка пропущена. Связывание со входящим документом № 17 ЭД "Сведения о поступивших от юридических лиц платежах" № 14 ID = 1000224841. 
2024.05.22 13:35:30, В системе найдена строка на сумму 62051.51 за 2024-03-25 от плательщика с ИНН 7204189967 и КПП 720301001 в ЭД Сведения о поступивших от юридических лиц платежах №14 от 2024-05-14 на сумму 56300232.6, соответствующий блок сообщения не будет обработан
2024.05.22 13:35:30, Строка пропущена. Связывание со входящим документом № 17 ЭД "Сведения о поступивших от юридических лиц платежах" № 14 ID = 1000224841. 
2024.05.22 13:35:30, В системе найдена строка на сумму -1.98 за 2024-03-25 от плательщика с ИНН 7203304536 и КПП 720301001 в ЭД Сведения о поступивших от юридических лиц платежах №14 от 2024-05-14 на сумму 56300232.6, соответствующий блок сообщения не будет обработан
2024.05.22 13:35:30, Строка пропущена. Связывание со входящим документом № 17 ЭД "Сведения о поступивших от юридических лиц платежах" № 14 ID = 1000224841. 
2024.05.22 13:35:30, В системе найдена строка на сумму 15374 за 2024-03-25 от плательщика с ИНН 4501203200 и КПП 720301001 в ЭД Сведения о поступивших от юридических лиц платежах №14 от 2024-05-14 на сумму 56300232.6, соответствующий блок сообщения не будет обработан
2024.05.22 13:35:30, Строка пропущена. Связывание со входящим документом № 17 ЭД "Сведения о поступивших от юридических лиц платежах" № 14 ID = 1000224841. 
2024.05.22 13:35:30, В системе найдена строка на сумму 10309 за 2024-03-25 от плательщика с ИНН 7203362305 и КПП 720301001 в ЭД Сведения о поступивших от юридических лиц платежах №14 от 2024-05-14 на сумму 56300232.6, соответствующий блок сообщения не будет обработан
2024.05.22 13:35:30, Строка пропущена. Связывание со входящим документом № 17 ЭД "Сведения о поступивших от юридических лиц платежах" № 14 ID = 1000224841. 
2024.05.22 13:35:30, В системе найдена строка на сумму -327529 за 2024-03-25 от плательщика с ИНН 7203383986 и КПП 720301001 в ЭД Сведения о поступивших от юридических лиц платежах №14 от 2024-05-14 на сумму 56300232.6, соответствующий блок сообщения не будет обработан
2024.05.22 13:35:30, Строка пропущена. Связывание со входящим документом № 17 ЭД "Сведения о поступивших от юридических лиц платежах" № 14 ID = 1000224841. 
2024.05.22 13:35:30, В системе найдена строка на сумму 75707 за 2024-03-25 от плательщика с ИНН 7203383986 и КПП 720301001 в ЭД Сведения о поступивших от юридических лиц платежах №14 от 2024-05-14 на сумму 56300232.6, соответствующий блок сообщения не будет обработан
2024.05.22 13:35:30, Строка пропущена. Связывание со входящим документом № 17 ЭД "Сведения о поступивших от юридических лиц платежах" № 14 ID = 1000224841. 
2024.05.22 13:35:30, В системе найдена строка на сумму 7800 за 2024-03-25 от плательщика с ИНН 7203516139 и КПП 720301001 в ЭД Сведения о поступивших от юридических лиц платежах №14 от 2024-05-14 на сумму 56300232.6, соответствующий блок сообщения не будет обработан
2024.05.22 13:35:30, Строка пропущена. Связывание со входящим документом № 17 ЭД "Сведения о поступивших от юридических лиц платежах" № 14 ID = 1000224841. 
2024.05.22 13:35:30, В системе найдена строка на сумму 9717 за 2024-03-25 от плательщика с ИНН 7203517566 и КПП 720301001 в ЭД Сведения о поступивших от юридических лиц платежах №14 от 2024-05-14 на сумму 56300232.6, соответствующий блок сообщения не будет обработан
2024.05.22 13:35:30, Строка пропущена. Связывание со входящим документом № 17 ЭД "Сведения о поступивших от юридических лиц платежах" № 14 ID = 1000224841. 
2024.05.22 13:35:30, В системе найдена строка на сумму 1.29 за 2024-03-25 от плательщика с ИНН 7203538453 и КПП 720301001 в ЭД Сведения о поступивших от юридических лиц платежах №14 от 2024-05-14 на сумму 56300232.6, соответствующий блок сообщения не будет обработан
2024.05.22 13:35:30, Строка пропущена. Связывание со входящим документом № 17 ЭД "Сведения о поступивших от юридических лиц платежах" № 14 ID = 1000224841. 
2024.05.22 13:35:30, В системе найдена строка на сумму 6949 за 2024-03-25 от плательщика с ИНН 4501012332 и КПП 720301001 в ЭД Сведения о поступивших от юридических лиц платежах №14 от 2024-05-14 на сумму 56300232.6, соответствующий блок сообщения не будет обработан
2024.05.22 13:35:30, Строка пропущена. Связывание со входящим документом № 17 ЭД "Сведения о поступивших от юридических лиц платежах" № 14 ID = 1000224841. 
2024.05.22 13:35:30, В системе найдена строка на сумму 109722 за 2024-03-25 от плательщика с ИНН 7203204316 и КПП 720301001 в ЭД Сведения о поступивших от юридических лиц платежах №14 от 2024-05-14 на сумму 56300232.6, соответствующий блок сообщения не будет обработан
2024.05.22 13:35:30, Строка пропущена. Связывание со входящим документом № 17 ЭД "Сведения о поступивших от юридических лиц платежах" № 14 ID = 1000224841. 
2024.05.22 13:35:30, В системе найдена строка на сумму 4485 за 2024-03-25 от плательщика с ИНН 7202208318 и КПП 720301001 в ЭД Сведения о поступивших от юридических лиц платежах №14 от 2024-05-14 на сумму 56300232.6, соответствующий блок сообщения не будет обработан
2024.05.22 13:35:30, Строка пропущена. Связывание со входящим документом № 17 ЭД "Сведения о поступивших от юридических лиц платежах" № 14 ID = 1000224841. 
2024.05.22 13:35:33, Добавление строки. Связывание со входящим документом № 17 ЭД "Сведения о поступивших от юридических лиц платежах" № 14 ID= 1000224841. 
2024.05.22 13:35:35, Добавление строки. Связывание со входящим документом № 17 ЭД "Сведения о поступивших от юридических лиц платежах" № 14 ID= 1000224841. 
2024.05.22 13:35:38, Добавление строки. Связывание со входящим документом № 17 ЭД "Сведения о поступивших от юридических лиц платежах" № 14 ID= 1000224841. 
2024.05.22 13:35:40, Добавление строки. Связывание со входящим документом № 17 ЭД "Сведения о поступивших от юридических лиц платежах" № 14 ID= 1000224841. 
2024.05.22 13:35:42, Добавление строки. Связывание со входящим документом № 17 ЭД "Сведения о поступивших от юридических лиц платежах" № 14 ID= 1000224841. 
2024.05.22 13:35:45, Добавление строки. Связывание со входящим документом № 17 ЭД "Сведения о поступивших от юридических лиц платежах" № 14 ID= 1000224841. 
2024.05.22 13:35:48, Добавление строки. Связывание со входящим документом № 17 ЭД "Сведения о поступивших от юридических лиц платежах" № 14 ID= 1000224841. 
2024.05.22 13:35:51, Добавление строки. Связывание со входящим документом № 17 ЭД "Сведения о поступивших от юридических лиц платежах" № 14 ID= 1000224841. 
2024.05.22 13:35:53, Добавление строки. Связывание со входящим документом № 17 ЭД "Сведения о поступивших от юридических лиц платежах" № 14 ID= 1000224841. 
2024.05.22 13:35:56, Добавление строки. Связывание со входящим документом № 17 ЭД "Сведения о поступивших от юридических лиц платежах" № 14 ID= 1000224841. 
2024.05.22 13:35:59, Добавление строки. Связывание со входящим документом № 17 ЭД "Сведения о поступивших от юридических лиц платежах" № 14 ID= 1000224841. 
2024.05.22 13:36:02, Добавление строки. Связывание со входящим документом № 17 ЭД "Сведения о поступивших от юридических лиц платежах" № 14 ID= 1000224841. 
2024.05.22 13:36:05, Добавление строки. Связывание со входящим документом № 17 ЭД "Сведения о поступивших от юридических лиц платежах" № 14 ID= 1000224841. 
2024.05.22 13:36:08, Добавление строки. Связывание со входящим документом № 17 ЭД "Сведения о поступивших от юридических лиц платежах" № 14 ID= 1000224841. 
2024.05.22 13:36:11, Добавление строки. Связывание со входящим документом № 17 ЭД "Сведения о поступивших от юридических лиц платежах" № 14 ID= 1000224841. 
2024.05.22 13:36:14, Добавление строки. Связывание со входящим документом № 17 ЭД "Сведения о поступивших от юридических лиц платежах" № 14 ID= 1000224841. 
2024.05.22 13:36:16, Добавление строки. Связывание со входящим документом № 17 ЭД "Сведения о поступивших от юридических лиц платежах" № 14 ID= 1000224841. 
2024.05.22 13:36:19, Добавление строки. Связывание со входящим документом № 17 ЭД "Сведения о поступивших от юридических лиц платежах" № 14 ID= 1000224841. 
2024.05.22 13:36:21, Добавление строки. Связывание со входящим документом № 17 ЭД "Сведения о поступивших от юридических лиц платежах" № 14 ID= 1000224841. 
2024.05.22 13:36:24, Добавление строки. Связывание со входящим документом № 17 ЭД "Сведения о поступивших от юридических лиц платежах" № 14 ID= 1000224841. 
2024.05.22 13:36:27, Добавление строки. Связывание со входящим документом № 17 ЭД "Сведения о поступивших от юридических лиц платежах" № 14 ID= 1000224841. 
2024.05.22 13:36:29, Добавление строки. Связывание со входящим документом № 17 ЭД "Сведения о поступивших от юридических лиц платежах" № 14 ID= 1000224841. 
2024.05.22 13:36:32, Добавление строки. Связывание со входящим документом № 17 ЭД "Сведения о поступивших от юридических лиц платежах" № 14 ID= 1000224841. 
2024.05.22 13:36:35, Добавление строки. Связывание со входящим документом № 17 ЭД "Сведения о поступивших от юридических лиц платежах" № 14 ID= 1000224841. 
2024.05.22 13:36:37, Добавление строки. Связывание со входящим документом № 17 ЭД "Сведения о поступивших от юридических лиц платежах" № 14 ID= 1000224841. 
2024.05.22 13:36:37, В системе найдена строка на сумму 0.05 за 2024-03-25 от плательщика с ИНН 7204115524 и КПП 720301001 в ЭД Сведения о поступивших от юридических лиц платежах №14 от 2024-05-14 на сумму 57606582.07, соответствующий блок сообщения не будет обработан
2024.05.22 13:36:37, Строка пропущена. Связывание со входящим документом № 17 ЭД "Сведения о поступивших от юридических лиц платежах" № 14 ID = 1000224841. 
2024.05.22 13:36:40, Добавление строки. Связывание со входящим документом № 17 ЭД "Сведения о поступивших от юридических лиц платежах" № 14 ID= 1000224841. 
2024.05.22 13:36:42, Добавление строки. Связывание со входящим документом № 17 ЭД "Сведения о поступивших от юридических лиц платежах" № 14 ID= 1000224841. 
2024.05.22 13:36:45, Добавление строки. Связывание со входящим документом № 17 ЭД "Сведения о поступивших от юридических лиц платежах" № 14 ID= 1000224841. 
2024.05.22 13:36:48, Добавление строки. Связывание со входящим документом № 17 ЭД "Сведения о поступивших от юридических лиц платежах" № 14 ID= 1000224841. 
2024.05.22 13:36:51, Добавление строки. Связывание со входящим документом № 17 ЭД "Сведения о поступивших от юридических лиц платежах" № 14 ID= 1000224841. 
2024.05.22 13:36:53, Добавление строки. Связывание со входящим документом № 17 ЭД "Сведения о поступивших от юридических лиц платежах" № 14 ID= 1000224841. 
2024.05.22 13:36:56, Добавление строки. Связывание со входящим документом № 17 ЭД "Сведения о поступивших от юридических лиц платежах" № 14 ID= 1000224841. 
2024.05.22 13:36:59, Добавление строки. Связывание со входящим документом № 17 ЭД "Сведения о поступивших от юридических лиц платежах" № 14 ID= 1000224841. 
2024.05.22 13:37:01, Добавление строки. Связывание со входящим документом № 17 ЭД "Сведения о поступивших от юридических лиц платежах" № 14 ID= 1000224841. 
2024.05.22 13:37:04, Добавление строки. Связывание со входящим документом № 17 ЭД "Сведения о поступивших от юридических лиц платежах" № 14 ID= 1000224841. 
2024.05.22 13:37:06, Добавление строки. Связывание со входящим документом № 17 ЭД "Сведения о поступивших от юридических лиц платежах" № 14 ID= 1000224841. 
2024.05.22 13:37:09, Добавление строки. Связывание со входящим документом № 17 ЭД "Сведения о поступивших от юридических лиц платежах" № 14 ID= 1000224841. 
2024.05.22 13:37:12, Добавление строки. Связывание со входящим документом № 17 ЭД "Сведения о поступивших от юридических лиц платежах" № 14 ID= 1000224841. 
2024.05.22 13:37:15, Добавление строки. Связывание со входящим документом № 17 ЭД "Сведения о поступивших от юридических лиц платежах" № 14 ID= 1000224841. 
2024.05.22 13:37:17, Добавление строки. Связывание со входящим документом № 17 ЭД "Сведения о поступивших от юридических лиц платежах" № 14 ID= 1000224841. 
2024.05.22 13:37:20, Добавление строки. Связывание со входящим документом № 17 ЭД "Сведения о поступивших от юридических лиц платежах" № 14 ID= 1000224841. 
2024.05.22 13:37:22, Добавление строки. Связывание со входящим документом № 17 ЭД "Сведения о поступивших от юридических лиц платежах" № 14 ID= 1000224841. 
2024.05.22 13:37:25, Добавление строки. Связывание со входящим документом № 17 ЭД "Сведения о поступивших от юридических лиц платежах" № 14 ID= 1000224841. 
2024.05.22 13:37:27, Добавление строки. Связывание со входящим документом № 17 ЭД "Сведения о поступивших от юридических лиц платежах" № 14 ID= 1000224841. 
2024.05.22 13:37:30, Добавление строки. Связывание со входящим документом № 17 ЭД "Сведения о поступивших от юридических лиц платежах" № 14 ID= 1000224841. 
2024.05.22 13:37:32, Добавление строки. Связывание со входящим документом № 17 ЭД "Сведения о поступивших от юридических лиц платежах" № 14 ID= 1000224841. 
2024.05.22 13:37:35, Добавление строки. Связывание со входящим документом № 17 ЭД "Сведения о поступивших от юридических лиц платежах" № 14 ID= 1000224841. 
2024.05.22 13:37:38, Добавление строки. Связывание со входящим документом № 17 ЭД "Сведения о поступивших от юридических лиц платежах" № 14 ID= 1000224841. 
2024.05.22 13:37:40, Добавление строки. Связывание со входящим документом № 17 ЭД "Сведения о поступивших от юридических лиц платежах" № 14 ID= 1000224841. 
2024.05.22 13:37:43, Добавление строки. Связывание со входящим документом № 17 ЭД "Сведения о поступивших от юридических лиц платежах" № 14 ID= 1000224841. 
2024.05.22 13:37:45, Добавление строки. Связывание со входящим документом № 17 ЭД "Сведения о поступивших от юридических лиц платежах" № 14 ID= 1000224841. 
2024.05.22 13:37:48, Добавление строки. Связывание со входящим документом № 17 ЭД "Сведения о поступивших от юридических лиц платежах" № 14 ID= 1000224841. 
2024.05.22 13:37:51, Добавление строки. Связывание со входящим документом № 17 ЭД "Сведения о поступивших от юридических лиц платежах" № 14 ID= 1000224841. 
2024.05.22 13:37:53, Добавление строки. Связывание со входящим документом № 17 ЭД "Сведения о поступивших от юридических лиц платежах" № 14 ID= 1000224841. 
2024.05.22 13:37:56, Добавление строки. Связывание со входящим документом № 17 ЭД "Сведения о поступивших от юридических лиц платежах" № 14 ID= 1000224841. 
2024.05.22 13:37:58, Добавление строки. Связывание со входящим документом № 17 ЭД "Сведения о поступивших от юридических лиц платежах" № 14 ID= 1000224841. 
2024.05.22 13:38:01, Добавление строки. Связывание со входящим документом № 17 ЭД "Сведения о поступивших от юридических лиц платежах" № 14 ID= 1000224841. 
2024.05.22 13:38:03, Добавление строки. Связывание со входящим документом № 17 ЭД "Сведения о поступивших от юридических лиц платежах" № 14 ID= 1000224841. 
2024.05.22 13:38:06, Добавление строки. Связывание со входящим документом № 17 ЭД "Сведения о поступивших от юридических лиц платежах" № 14 ID= 1000224841. 
2024.05.22 13:38:08, Добавление строки. Связывание со входящим документом № 17 ЭД "Сведения о поступивших от юридических лиц платежах" № 14 ID= 1000224841. 
2024.05.22 13:38:11, Добавление строки. Связывание со входящим документом № 17 ЭД "Сведения о поступивших от юридических лиц платежах" № 14 ID= 1000224841. 
2024.05.22 13:38:14, Добавление строки. Связывание со входящим документом № 17 ЭД "Сведения о поступивших от юридических лиц платежах" № 14 ID= 1000224841. 
2024.05.22 13:38:16, Добавление строки. Связывание со входящим документом № 17 ЭД "Сведения о поступивших от юридических лиц платежах" № 14 ID= 1000224841. 
2024.05.22 13:38:19, Добавление строки. Связывание со входящим документом № 17 ЭД "Сведения о поступивших от юридических лиц платежах" № 14 ID= 1000224841. 
2024.05.22 13:38:21, Добавление строки. Связывание со входящим документом № 17 ЭД "Сведения о поступивших от юридических лиц платежах" № 14 ID= 1000224841. 
2024.05.22 13:38:24, Добавление строки. Связывание со входящим документом № 17 ЭД "Сведения о поступивших от юридических лиц платежах" № 14 ID= 1000224841. 
2024.05.22 13:38:26, Добавление строки. Связывание со входящим документом № 17 ЭД "Сведения о поступивших от юридических лиц платежах" № 14 ID= 1000224841. 
2024.05.22 13:38:29, Добавление строки. Связывание со входящим документом № 17 ЭД "Сведения о поступивших от юридических лиц платежах" № 14 ID= 1000224841. 
2024.05.22 13:38:31, Добавление строки. Связывание со входящим документом № 17 ЭД "Сведения о поступивших от юридических лиц платежах" № 14 ID= 1000224841. 
2024.05.22 13:38:34, Добавление строки. Связывание со входящим документом № 17 ЭД "Сведения о поступивших от юридических лиц платежах" № 14 ID= 1000224841. 
2024.05.22 13:38:37, Добавление строки. Связывание со входящим документом № 17 ЭД "Сведения о поступивших от юридических лиц платежах" № 14 ID= 1000224841. 
2024.05.22 13:38:39, Добавление строки. Связывание со входящим документом № 17 ЭД "Сведения о поступивших от юридических лиц платежах" № 14 ID= 1000224841. 
2024.05.22 13:38:42, Добавление строки. Связывание со входящим документом № 17 ЭД "Сведения о поступивших от юридических лиц платежах" № 14 ID= 1000224841. 
2024.05.22 13:38:44, Добавление строки. Связывание со входящим документом № 17 ЭД "Сведения о поступивших от юридических лиц платежах" № 14 ID= 1000224841. 
2024.05.22 13:38:47, Добавление строки. Связывание со входящим документом № 17 ЭД "Сведения о поступивших от юридических лиц платежах" № 14 ID= 1000224841. 
2024.05.22 13:38:50, Добавление строки. Связывание со входящим документом № 17 ЭД "Сведения о поступивших от юридических лиц платежах" № 14 ID= 1000224841. 
2024.05.22 13:38:52, Добавление строки. Связывание со входящим документом № 17 ЭД "Сведения о поступивших от юридических лиц платежах" № 14 ID= 1000224841. 
2024.05.22 13:38:55, Добавление строки. Связывание со входящим документом № 17 ЭД "Сведения о поступивших от юридических лиц платежах" № 14 ID= 1000224841. 
2024.05.22 13:38:58, Добавление строки. Связывание со входящим документом № 17 ЭД "Сведения о поступивших от юридических лиц платежах" № 14 ID= 1000224841. 
2024.05.22 13:39:01, Добавление строки. Связывание со входящим документом № 17 ЭД "Сведения о поступивших от юридических лиц платежах" № 14 ID= 1000224841. 
2024.05.22 13:39:03, Добавление строки. Связывание со входящим документом № 17 ЭД "Сведения о поступивших от юридических лиц платежах" № 14 ID= 1000224841. 
2024.05.22 13:39:06, Добавление строки. Связывание со входящим документом № 17 ЭД "Сведения о поступивших от юридических лиц платежах" № 14 ID= 1000224841. 
2024.05.22 13:39:08, Добавление строки. Связывание со входящим документом № 17 ЭД "Сведения о поступивших от юридических лиц платежах" № 14 ID= 1000224841. 
2024.05.22 13:39:11, Добавление строки. Связывание со входящим документом № 17 ЭД "Сведения о поступивших от юридических лиц платежах" № 14 ID= 1000224841. 
2024.05.22 13:39:13, Добавление строки. Связывание со входящим документом № 17 ЭД "Сведения о поступивших от юридических лиц платежах" № 14 ID= 1000224841. 
2024.05.22 13:39:16, Добавление строки. Связывание со входящим документом № 17 ЭД "Сведения о поступивших от юридических лиц платежах" № 14 ID= 1000224841. 
2024.05.22 13:39:19, Добавление строки. Связывание со входящим документом № 17 ЭД "Сведения о поступивших от юридических лиц платежах" № 14 ID= 1000224841. 
2024.05.22 13:39:21, Добавление строки. Связывание со входящим документом № 17 ЭД "Сведения о поступивших от юридических лиц платежах" № 14 ID= 1000224841. 
2024.05.22 13:39:24, Добавление строки. Связывание со входящим документом № 17 ЭД "Сведения о поступивших от юридических лиц платежах" № 14 ID= 1000224841. 
2024.05.22 13:39:26, Добавление строки. Связывание со входящим документом № 17 ЭД "Сведения о поступивших от юридических лиц платежах" № 14 ID= 1000224841. 
2024.05.22 13:39:29, Добавление строки. Связывание со входящим документом № 17 ЭД "Сведения о поступивших от юридических лиц платежах" № 14 ID= 1000224841. 
2024.05.22 13:39:32, Добавление строки. Связывание со входящим документом № 17 ЭД "Сведения о поступивших от юридических лиц платежах" № 14 ID= 1000224841. 
2024.05.22 13:39:34, Добавление строки. Связывание со входящим документом № 17 ЭД "Сведения о поступивших от юридических лиц платежах" № 14 ID= 1000224841. 
2024.05.22 13:39:37, Добавление строки. Связывание со входящим документом № 17 ЭД "Сведения о поступивших от юридических лиц платежах" № 14 ID= 1000224841. 
2024.05.22 13:39:39, Добавление строки. Связывание со входящим документом № 17 ЭД "Сведения о поступивших от юридических лиц платежах" № 14 ID= 1000224841. 
2024.05.22 13:39:42, Добавление строки. Связывание со входящим документом № 17 ЭД "Сведения о поступивших от юридических лиц платежах" № 14 ID= 1000224841. 
2024.05.22 13:39:44, Добавление строки. Связывание со входящим документом № 17 ЭД "Сведения о поступивших от юридических лиц платежах" № 14 ID= 1000224841. 
2024.05.22 13:39:47, Добавление строки. Связывание со входящим документом № 17 ЭД "Сведения о поступивших от юридических лиц платежах" № 14 ID= 1000224841. 
2024.05.22 13:39:50, Добавление строки. Связывание со входящим документом № 17 ЭД "Сведения о поступивших от юридических лиц платежах" № 14 ID= 1000224841. 
2024.05.22 13:39:52, Добавление строки. Связывание со входящим документом № 17 ЭД "Сведения о поступивших от юридических лиц платежах" № 14 ID= 1000224841. 
2024.05.22 13:39:55, Добавление строки. Связывание со входящим документом № 17 ЭД "Сведения о поступивших от юридических лиц платежах" № 14 ID= 1000224841. 
2024.05.22 13:39:57, Добавление строки. Связывание со входящим документом № 17 ЭД "Сведения о поступивших от юридических лиц платежах" № 14 ID= 1000224841. 
2024.05.22 13:40:00, Добавление строки. Связывание со входящим документом № 17 ЭД "Сведения о поступивших от юридических лиц платежах" № 14 ID= 1000224841. 
2024.05.22 13:40:03, Добавление строки. Связывание со входящим документом № 17 ЭД "Сведения о поступивших от юридических лиц платежах" № 14 ID= 1000224841. 
2024.05.22 13:40:05, Добавление строки. Связывание со входящим документом № 17 ЭД "Сведения о поступивших от юридических лиц платежах" № 14 ID= 1000224841. 
2024.05.22 13:40:08, Добавление строки. Связывание со входящим документом № 17 ЭД "Сведения о поступивших от юридических лиц платежах" № 14 ID= 1000224841. 
2024.05.22 13:40:10, Добавление строки. Связывание со входящим документом № 17 ЭД "Сведения о поступивших от юридических лиц платежах" № 14 ID= 1000224841. 
2024.05.22 13:40:13, Добавление строки. Связывание со входящим документом № 17 ЭД "Сведения о поступивших от юридических лиц платежах" № 14 ID= 1000224841. 
2024.05.22 13:40:16, Добавление строки. Связывание со входящим документом № 17 ЭД "Сведения о поступивших от юридических лиц платежах" № 14 ID= 1000224841. 
2024.05.22 13:40:19, Добавление строки. Связывание со входящим документом № 17 ЭД "Сведения о поступивших от юридических лиц платежах" № 14 ID= 1000224841. 
2024.05.22 13:40:21, Добавление строки. Связывание со входящим документом № 17 ЭД "Сведения о поступивших от юридических лиц платежах" № 14 ID= 1000224841. 
2024.05.22 13:40:24, Добавление строки. Связывание со входящим документом № 17 ЭД "Сведения о поступивших от юридических лиц платежах" № 14 ID= 1000224841. 
2024.05.22 13:40:26, Добавление строки. Связывание со входящим документом № 17 ЭД "Сведения о поступивших от юридических лиц платежах" № 14 ID= 1000224841. 
2024.05.22 13:40:29, Добавление строки. Связывание со входящим документом № 17 ЭД "Сведения о поступивших от юридических лиц платежах" № 14 ID= 1000224841. 
2024.05.22 13:40:32, Добавление строки. Связывание со входящим документом № 17 ЭД "Сведения о поступивших от юридических лиц платежах" № 14 ID= 1000224841. 
2024.05.22 13:40:34, Добавление строки. Связывание со входящим документом № 17 ЭД "Сведения о поступивших от юридических лиц платежах" № 14 ID= 1000224841. 
2024.05.22 13:40:37, Добавление строки. Связывание со входящим документом № 17 ЭД "Сведения о поступивших от юридических лиц платежах" № 14 ID= 1000224841. 
2024.05.22 13:40:40, Добавление строки. Связывание со входящим документом № 17 ЭД "Сведения о поступивших от юридических лиц платежах" № 14 ID= 1000224841. 
2024.05.22 13:40:42, Добавление строки. Связывание со входящим документом № 17 ЭД "Сведения о поступивших от юридических лиц платежах" № 14 ID= 1000224841. 
2024.05.22 13:40:45, Добавление строки. Связывание со входящим документом № 17 ЭД "Сведения о поступивших от юридических лиц платежах" № 14 ID= 1000224841. 
2024.05.22 13:40:47, Добавление строки. Связывание со входящим документом № 17 ЭД "Сведения о поступивших от юридических лиц платежах" № 14 ID= 1000224841. 
2024.05.22 13:40:50, Добавление строки. Связывание со входящим документом № 17 ЭД "Сведения о поступивших от юридических лиц платежах" № 14 ID= 1000224841. 
2024.05.22 13:40:53, Добавление строки. Связывание со входящим документом № 17 ЭД "Сведения о поступивших от юридических лиц платежах" № 14 ID= 1000224841. 
2024.05.22 13:40:55, Добавление строки. Связывание со входящим документом № 17 ЭД "Сведения о поступивших от юридических лиц платежах" № 14 ID= 1000224841. 
2024.05.22 13:40:58, Добавление строки. Связывание со входящим документом № 17 ЭД "Сведения о поступивших от юридических лиц платежах" № 14 ID= 1000224841. 
2024.05.22 13:41:01, Добавление строки. Связывание со входящим документом № 17 ЭД "Сведения о поступивших от юридических лиц платежах" № 14 ID= 1000224841. 
2024.05.22 13:41:03, Добавление строки. Связывание со входящим документом № 17 ЭД "Сведения о поступивших от юридических лиц платежах" № 14 ID= 1000224841. 
2024.05.22 13:41:06, Добавление строки. Связывание со входящим документом № 17 ЭД "Сведения о поступивших от юридических лиц платежах" № 14 ID= 1000224841. 
2024.05.22 13:41:09, Добавление строки. Связывание со входящим документом № 17 ЭД "Сведения о поступивших от юридических лиц платежах" № 14 ID= 1000224841. 
2024.05.22 13:41:11, Добавление строки. Связывание со входящим документом № 17 ЭД "Сведения о поступивших от юридических лиц платежах" № 14 ID= 1000224841. 
2024.05.22 13:41:14, Добавление строки. Связывание со входящим документом № 17 ЭД "Сведения о поступивших от юридических лиц платежах" № 14 ID= 1000224841. 
2024.05.22 13:41:17, Добавление строки. Связывание со входящим документом № 17 ЭД "Сведения о поступивших от юридических лиц платежах" № 14 ID= 1000224841. 
2024.05.22 13:41:19, Добавление строки. Связывание со входящим документом № 17 ЭД "Сведения о поступивших от юридических лиц платежах" № 14 ID= 1000224841. 
2024.05.22 13:41:22, Добавление строки. Связывание со входящим документом № 17 ЭД "Сведения о поступивших от юридических лиц платежах" № 14 ID= 1000224841. 
2024.05.22 13:41:25, Добавление строки. Связывание со входящим документом № 17 ЭД "Сведения о поступивших от юридических лиц платежах" № 14 ID= 1000224841. 
2024.05.22 13:41:27, Добавление строки. Связывание со входящим документом № 17 ЭД "Сведения о поступивших от юридических лиц платежах" № 14 ID= 1000224841. 
2024.05.22 13:41:30, Добавление строки. Связывание со входящим документом № 17 ЭД "Сведения о поступивших от юридических лиц платежах" № 14 ID= 1000224841. 
2024.05.22 13:41:33, Добавление строки. Связывание со входящим документом № 17 ЭД "Сведения о поступивших от юридических лиц платежах" № 14 ID= 1000224841. 
2024.05.22 13:41:35, Добавление строки. Связывание со входящим документом № 17 ЭД "Сведения о поступивших от юридических лиц платежах" № 14 ID= 1000224841. 
2024.05.22 13:41:38, Добавление строки. Связывание со входящим документом № 17 ЭД "Сведения о поступивших от юридических лиц платежах" № 14 ID= 1000224841. 
2024.05.22 13:41:41, Добавление строки. Связывание со входящим документом № 17 ЭД "Сведения о поступивших от юридических лиц платежах" № 14 ID= 1000224841. 
2024.05.22 13:41:44, Добавление строки. Связывание со входящим документом № 17 ЭД "Сведения о поступивших от юридических лиц платежах" № 14 ID= 1000224841. 
2024.05.22 13:41:46, Добавление строки. Связывание со входящим документом № 17 ЭД "Сведения о поступивших от юридических лиц платежах" № 14 ID= 1000224841. 
2024.05.22 13:41:49, Добавление строки. Связывание со входящим документом № 17 ЭД "Сведения о поступивших от юридических лиц платежах" № 14 ID= 1000224841. 
2024.05.22 13:41:52, Добавление строки. Связывание со входящим документом № 17 ЭД "Сведения о поступивших от юридических лиц платежах" № 14 ID= 1000224841. 
2024.05.22 13:41:54, Добавление строки. Связывание со входящим документом № 17 ЭД "Сведения о поступивших от юридических лиц платежах" № 14 ID= 1000224841. 
2024.05.22 13:41:57, Добавление строки. Связывание со входящим документом № 17 ЭД "Сведения о поступивших от юридических лиц платежах" № 14 ID= 1000224841. 
2024.05.22 13:42:00, Добавление строки. Связывание со входящим документом № 17 ЭД "Сведения о поступивших от юридических лиц платежах" № 14 ID= 1000224841. 
2024.05.22 13:42:02, Добавление строки. Связывание со входящим документом № 17 ЭД "Сведения о поступивших от юридических лиц платежах" № 14 ID= 1000224841. 
2024.05.22 13:42:05, Добавление строки. Связывание со входящим документом № 17 ЭД "Сведения о поступивших от юридических лиц платежах" № 14 ID= 1000224841. 
2024.05.22 13:42:08, Добавление строки. Связывание со входящим документом № 17 ЭД "Сведения о поступивших от юридических лиц платежах" № 14 ID= 1000224841. 
2024.05.22 13:42:10, Добавление строки. Связывание со входящим документом № 17 ЭД "Сведения о поступивших от юридических лиц платежах" № 14 ID= 1000224841. 
2024.05.22 13:42:13, Добавление строки. Связывание со входящим документом № 17 ЭД "Сведения о поступивших от юридических лиц платежах" № 14 ID= 1000224841. 
2024.05.22 13:42:16, Добавление строки. Связывание со входящим документом № 17 ЭД "Сведения о поступивших от юридических лиц платежах" № 14 ID= 1000224841. 
2024.05.22 13:42:19, Добавление строки. Связывание со входящим документом № 17 ЭД "Сведения о поступивших от юридических лиц платежах" № 14 ID= 1000224841. 
2024.05.22 13:42:21, Добавление строки. Связывание со входящим документом № 17 ЭД "Сведения о поступивших от юридических лиц платежах" № 14 ID= 1000224841. 
2024.05.22 13:42:24, Добавление строки. Связывание со входящим документом № 17 ЭД "Сведения о поступивших от юридических лиц платежах" № 14 ID= 1000224841. 
2024.05.22 13:42:27, Добавление строки. Связывание со входящим документом № 17 ЭД "Сведения о поступивших от юридических лиц платежах" № 14 ID= 1000224841. 
2024.05.22 13:42:29, Добавление строки. Связывание со входящим документом № 17 ЭД "Сведения о поступивших от юридических лиц платежах" № 14 ID= 1000224841. 
2024.05.22 13:42:32, Добавление строки. Связывание со входящим документом № 17 ЭД "Сведения о поступивших от юридических лиц платежах" № 14 ID= 1000224841. 
2024.05.22 13:42:35, Добавление строки. Связывание со входящим документом № 17 ЭД "Сведения о поступивших от юридических лиц платежах" № 14 ID= 1000224841. 
2024.05.22 13:42:38, Добавление строки. Связывание со входящим документом № 17 ЭД "Сведения о поступивших от юридических лиц платежах" № 14 ID= 1000224841. 
2024.05.22 13:42:40, Добавление строки. Связывание со входящим документом № 17 ЭД "Сведения о поступивших от юридических лиц платежах" № 14 ID= 1000224841. 
2024.05.22 13:42:43, Добавление строки. Связывание со входящим документом № 17 ЭД "Сведения о поступивших от юридических лиц платежах" № 14 ID= 1000224841. 
2024.05.22 13:42:46, Добавление строки. Связывание со входящим документом № 17 ЭД "Сведения о поступивших от юридических лиц платежах" № 14 ID= 1000224841. 
2024.05.22 13:42:49, Добавление строки. Связывание со входящим документом № 17 ЭД "Сведения о поступивших от юридических лиц платежах" № 14 ID= 1000224841. 
2024.05.22 13:42:51, Добавление строки. Связывание со входящим документом № 17 ЭД "Сведения о поступивших от юридических лиц платежах" № 14 ID= 1000224841. 
2024.05.22 13:42:54, Добавление строки. Связывание со входящим документом № 17 ЭД "Сведения о поступивших от юридических лиц платежах" № 14 ID= 1000224841. 
2024.05.22 13:42:57, Добавление строки. Связывание со входящим документом № 17 ЭД "Сведения о поступивших от юридических лиц платежах" № 14 ID= 1000224841. 
2024.05.22 13:43:00, Добавление строки. Связывание со входящим документом № 17 ЭД "Сведения о поступивших от юридических лиц платежах" № 14 ID= 1000224841. 
2024.05.22 13:43:00, В системе найдена строка на сумму 146055 за 2024-03-25 от плательщика с ИНН 7202145322 и КПП 720301001 в ЭД Сведения о поступивших от юридических лиц платежах №14 от 2024-05-14 на сумму 58324143.91, соответствующий блок сообщения не будет обработан
2024.05.22 13:43:00, Строка пропущена. Связывание со входящим документом № 17 ЭД "Сведения о поступивших от юридических лиц платежах" № 14 ID = 1000224841. 
2024.05.22 13:43:00, В системе найдена строка на сумму 4871 за 2024-03-25 от плательщика с ИНН 7203171935 и КПП 720301001 в ЭД Сведения о поступивших от юридических лиц платежах №14 от 2024-05-14 на сумму 58324143.91, соответствующий блок сообщения не будет обработан
2024.05.22 13:43:00, Строка пропущена. Связывание со входящим документом № 17 ЭД "Сведения о поступивших от юридических лиц платежах" № 14 ID = 1000224841. 
2024.05.22 13:43:00, В системе найдена строка на сумму 3796.86 за 2024-03-25 от плательщика с ИНН 7203180714 и КПП 720301001 в ЭД Сведения о поступивших от юридических лиц платежах №14 от 2024-05-14 на сумму 58324143.91, соответствующий блок сообщения не будет обработан
2024.05.22 13:43:00, Строка пропущена. Связывание со входящим документом № 17 ЭД "Сведения о поступивших от юридических лиц платежах" № 14 ID = 1000224841. 
2024.05.22 13:43:00, В системе найдена строка на сумму 51417 за 2024-03-25 от плательщика с ИНН 1838009878 и КПП 720345002 в ЭД Сведения о поступивших от юридических лиц платежах №14 от 2024-05-14 на сумму 58324143.91, соответствующий блок сообщения не будет обработан
2024.05.22 13:43:00, Строка пропущена. Связывание со входящим документом № 17 ЭД "Сведения о поступивших от юридических лиц платежах" № 14 ID = 1000224841. 
2024.05.22 13:43:00, В системе найдена строка на сумму -466 за 2024-03-25 от плательщика с ИНН 7204181076 и КПП 720301001 в ЭД Сведения о поступивших от юридических лиц платежах №14 от 2024-05-14 на сумму 58324143.91, соответствующий блок сообщения не будет обработан
2024.05.22 13:43:00, Строка пропущена. Связывание со входящим документом № 17 ЭД "Сведения о поступивших от юридических лиц платежах" № 14 ID = 1000224841. 
2024.05.22 13:43:00, В системе найдена строка на сумму 472 за 2024-03-25 от плательщика с ИНН 7204097307 и КПП 720301001 в ЭД Сведения о поступивших от юридических лиц платежах №14 от 2024-05-14 на сумму 58324143.91, соответствующий блок сообщения не будет обработан
2024.05.22 13:43:00, Строка пропущена. Связывание со входящим документом № 17 ЭД "Сведения о поступивших от юридических лиц платежах" № 14 ID = 1000224841. 
2024.05.22 13:43:00, В системе найдена строка на сумму -3971 за 2024-03-25 от плательщика с ИНН 7204097515 и КПП 720301001 в ЭД Сведения о поступивших от юридических лиц платежах №14 от 2024-05-14 на сумму 58324143.91, соответствующий блок сообщения не будет обработан
2024.05.22 13:43:00, Строка пропущена. Связывание со входящим документом № 17 ЭД "Сведения о поступивших от юридических лиц платежах" № 14 ID = 1000224841. 
2024.05.22 13:43:00, В системе найдена строка на сумму 30222 за 2024-03-25 от плательщика с ИНН 7202146407 и КПП 720301001 в ЭД Сведения о поступивших от юридических лиц платежах №14 от 2024-05-14 на сумму 58324143.91, соответствующий блок сообщения не будет обработан
2024.05.22 13:43:00, Строка пропущена. Связывание со входящим документом № 17 ЭД "Сведения о поступивших от юридических лиц платежах" № 14 ID = 1000224841. 
2024.05.22 13:43:00, В системе найдена строка на сумму 138959 за 2024-03-25 от плательщика с ИНН 7202146414 и КПП 720301001 в ЭД Сведения о поступивших от юридических лиц платежах №14 от 2024-05-14 на сумму 58324143.91, соответствующий блок сообщения не будет обработан
2024.05.22 13:43:00, Строка пропущена. Связывание со входящим документом № 17 ЭД "Сведения о поступивших от юридических лиц платежах" № 14 ID = 1000224841. 
2024.05.22 13:43:00, В системе найдена строка на сумму -49714 за 2024-03-25 от плательщика с ИНН 7203173139 и КПП 720301001 в ЭД Сведения о поступивших от юридических лиц платежах №14 от 2024-05-14 на сумму 58324143.91, соответствующий блок сообщения не будет обработан
2024.05.22 13:43:00, Строка пропущена. Связывание со входящим документом № 17 ЭД "Сведения о поступивших от юридических лиц платежах" № 14 ID = 1000224841. 
2024.05.22 13:43:00, В системе найдена строка на сумму -21853 за 2024-03-25 от плательщика с ИНН 7202146453 и КПП 720301001 в ЭД Сведения о поступивших от юридических лиц платежах №14 от 2024-05-14 на сумму 58324143.91, соответствующий блок сообщения не будет обработан
2024.05.22 13:43:00, Строка пропущена. Связывание со входящим документом № 17 ЭД "Сведения о поступивших от юридических лиц платежах" № 14 ID = 1000224841. 
2024.05.22 13:43:00, В системе найдена строка на сумму 11078 за 2024-03-25 от плательщика с ИНН 7202146703 и КПП 720301001 в ЭД Сведения о поступивших от юридических лиц платежах №14 от 2024-05-14 на сумму 58324143.91, соответствующий блок сообщения не будет обработан
2024.05.22 13:43:00, Строка пропущена. Связывание со входящим документом № 17 ЭД "Сведения о поступивших от юридических лиц платежах" № 14 ID = 1000224841. 
2024.05.22 13:43:00, В системе найдена строка на сумму 220.19 за 2024-03-25 от плательщика с ИНН 7202187876 и КПП 720301001 в ЭД Сведения о поступивших от юридических лиц платежах №14 от 2024-05-14 на сумму 58324143.91, соответствующий блок сообщения не будет обработан
2024.05.22 13:43:00, Строка пропущена. Связывание со входящим документом № 17 ЭД "Сведения о поступивших от юридических лиц платежах" № 14 ID = 1000224841. 
2024.05.22 13:43:00, В системе найдена строка на сумму 44683 за 2024-03-25 от плательщика с ИНН 7202194136 и КПП 720301001 в ЭД Сведения о поступивших от юридических лиц платежах №14 от 2024-05-14 на сумму 58324143.91, соответствующий блок сообщения не будет обработан
2024.05.22 13:43:00, Строка пропущена. Связывание со входящим документом № 17 ЭД "Сведения о поступивших от юридических лиц платежах" № 14 ID = 1000224841. 
2024.05.22 13:43:00, В системе найдена строка на сумму 590128 за 2024-03-25 от плательщика с ИНН 7017094419 и КПП 720345002 в ЭД Сведения о поступивших от юридических лиц платежах №14 от 2024-05-14 на сумму 58324143.91, соответствующий блок сообщения не будет обработан
2024.05.22 13:43:00, Строка пропущена. Связывание со входящим документом № 17 ЭД "Сведения о поступивших от юридических лиц платежах" № 14 ID = 1000224841. 
2024.05.22 13:43:00, В системе найдена строка на сумму 4329 за 2024-03-25 от плательщика с ИНН 7204098082 и КПП 720301001 в ЭД Сведения о поступивших от юридических лиц платежах №14 от 2024-05-14 на сумму 58324143.91, соответствующий блок сообщения не будет обработан
2024.05.22 13:43:00, Строка пропущена. Связывание со входящим документом № 17 ЭД "Сведения о поступивших от юридических лиц платежах" № 14 ID = 1000224841. 
2024.05.22 13:43:00, В системе найдена строка на сумму 22185 за 2024-03-25 от плательщика с ИНН 7203174291 и КПП 720301001 в ЭД Сведения о поступивших от юридических лиц платежах №14 от 2024-05-14 на сумму 58324143.91, соответствующий блок сообщения не будет обработан
2024.05.22 13:43:00, Строка пропущена. Связывание со входящим документом № 17 ЭД "Сведения о поступивших от юридических лиц платежах" № 14 ID = 1000224841. 
2024.05.22 13:43:00, В системе найдена строка на сумму 16965 за 2024-03-25 от плательщика с ИНН 7204098460 и КПП 720301001 в ЭД Сведения о поступивших от юридических лиц платежах №14 от 2024-05-14 на сумму 58324143.91, соответствующий блок сообщения не будет обработан
2024.05.22 13:43:00, Строка пропущена. Связывание со входящим документом № 17 ЭД "Сведения о поступивших от юридических лиц платежах" № 14 ID = 1000224841. 
2024.05.22 13:43:00, В системе найдена строка на сумму 13000 за 2024-03-25 от плательщика с ИНН 7203174661 и КПП 720301001 в ЭД Сведения о поступивших от юридических лиц платежах №14 от 2024-05-14 на сумму 58324143.91, соответствующий блок сообщения не будет обработан
2024.05.22 13:43:00, Строка пропущена. Связывание со входящим документом № 17 ЭД "Сведения о поступивших от юридических лиц платежах" № 14 ID = 1000224841. 
2024.05.22 13:43:00, В системе найдена строка на сумму 176800 за 2024-03-25 от плательщика с ИНН 7203181210 и КПП 720301001 в ЭД Сведения о поступивших от юридических лиц платежах №14 от 2024-05-14 на сумму 58324143.91, соответствующий блок сообщения не будет обработан
2024.05.22 13:43:00, Строка пропущена. Связывание со входящим документом № 17 ЭД "Сведения о поступивших от юридических лиц платежах" № 14 ID = 1000224841. 
2024.05.22 13:43:03, Добавление строки. Связывание со входящим документом № 17 ЭД "Сведения о поступивших от юридических лиц платежах" № 14 ID= 1000224841. 
2024.05.22 13:43:06, Добавление строки. Связывание со входящим документом № 17 ЭД "Сведения о поступивших от юридических лиц платежах" № 14 ID= 1000224841. 
2024.05.22 13:43:08, Добавление строки. Связывание со входящим документом № 17 ЭД "Сведения о поступивших от юридических лиц платежах" № 14 ID= 1000224841. 
2024.05.22 13:43:11, Добавление строки. Связывание со входящим документом № 17 ЭД "Сведения о поступивших от юридических лиц платежах" № 14 ID= 1000224841. 
2024.05.22 13:43:14, Добавление строки. Связывание со входящим документом № 17 ЭД "Сведения о поступивших от юридических лиц платежах" № 14 ID= 1000224841. 
2024.05.22 13:43:17, Добавление строки. Связывание со входящим документом № 17 ЭД "Сведения о поступивших от юридических лиц платежах" № 14 ID= 1000224841. 
2024.05.22 13:43:19, Добавление строки. Связывание со входящим документом № 17 ЭД "Сведения о поступивших от юридических лиц платежах" № 14 ID= 1000224841. 
2024.05.22 13:43:22, Добавление строки. Связывание со входящим документом № 17 ЭД "Сведения о поступивших от юридических лиц платежах" № 14 ID= 1000224841. 
2024.05.22 13:43:25, Добавление строки. Связывание со входящим документом № 17 ЭД "Сведения о поступивших от юридических лиц платежах" № 14 ID= 1000224841. 
2024.05.22 13:43:28, Добавление строки. Связывание со входящим документом № 17 ЭД "Сведения о поступивших от юридических лиц платежах" № 14 ID= 1000224841. 
2024.05.22 13:43:30, Добавление строки. Связывание со входящим документом № 17 ЭД "Сведения о поступивших от юридических лиц платежах" № 14 ID= 1000224841. 
2024.05.22 13:43:33, Добавление строки. Связывание со входящим документом № 17 ЭД "Сведения о поступивших от юридических лиц платежах" № 14 ID= 1000224841. 
2024.05.22 13:43:36, Добавление строки. Связывание со входящим документом № 17 ЭД "Сведения о поступивших от юридических лиц платежах" № 14 ID= 1000224841. 
2024.05.22 13:43:39, Добавление строки. Связывание со входящим документом № 17 ЭД "Сведения о поступивших от юридических лиц платежах" № 14 ID= 1000224841. 
2024.05.22 13:43:42, Добавление строки. Связывание со входящим документом № 17 ЭД "Сведения о поступивших от юридических лиц платежах" № 14 ID= 1000224841. 
2024.05.22 13:43:45, Добавление строки. Связывание со входящим документом № 17 ЭД "Сведения о поступивших от юридических лиц платежах" № 14 ID= 1000224841. 
2024.05.22 13:43:47, Добавление строки. Связывание со входящим документом № 17 ЭД "Сведения о поступивших от юридических лиц платежах" № 14 ID= 1000224841. 
2024.05.22 13:43:50, Добавление строки. Связывание со входящим документом № 17 ЭД "Сведения о поступивших от юридических лиц платежах" № 14 ID= 1000224841. 
2024.05.22 13:43:53, Добавление строки. Связывание со входящим документом № 17 ЭД "Сведения о поступивших от юридических лиц платежах" № 14 ID= 1000224841. 
2024.05.22 13:43:56, Добавление строки. Связывание со входящим документом № 17 ЭД "Сведения о поступивших от юридических лиц платежах" № 14 ID= 1000224841. 
2024.05.22 13:43:59, Добавление строки. Связывание со входящим документом № 17 ЭД "Сведения о поступивших от юридических лиц платежах" № 14 ID= 1000224841. 
2024.05.22 13:44:02, Добавление строки. Связывание со входящим документом № 17 ЭД "Сведения о поступивших от юридических лиц платежах" № 14 ID= 1000224841. 
2024.05.22 13:44:05, Добавление строки. Связывание со входящим документом № 17 ЭД "Сведения о поступивших от юридических лиц платежах" № 14 ID= 1000224841. 
2024.05.22 13:44:07, Добавление строки. Связывание со входящим документом № 17 ЭД "Сведения о поступивших от юридических лиц платежах" № 14 ID= 1000224841. 
2024.05.22 13:44:10, Добавление строки. Связывание со входящим документом № 17 ЭД "Сведения о поступивших от юридических лиц платежах" № 14 ID= 1000224841. 
2024.05.22 13:44:13, Добавление строки. Связывание со входящим документом № 17 ЭД "Сведения о поступивших от юридических лиц платежах" № 14 ID= 1000224841. 
2024.05.22 13:44:16, Добавление строки. Связывание со входящим документом № 17 ЭД "Сведения о поступивших от юридических лиц платежах" № 14 ID= 1000224841. 
2024.05.22 13:44:19, Добавление строки. Связывание со входящим документом № 17 ЭД "Сведения о поступивших от юридических лиц платежах" № 14 ID= 1000224841. 
2024.05.22 13:44:22, Добавление строки. Связывание со входящим документом № 17 ЭД "Сведения о поступивших от юридических лиц платежах" № 14 ID= 1000224841. 
2024.05.22 13:44:24, Добавление строки. Связывание со входящим документом № 17 ЭД "Сведения о поступивших от юридических лиц платежах" № 14 ID= 1000224841. 
2024.05.22 13:44:27, Добавление строки. Связывание со входящим документом № 17 ЭД "Сведения о поступивших от юридических лиц платежах" № 14 ID= 1000224841. 
2024.05.22 13:44:30, Добавление строки. Связывание со входящим документом № 17 ЭД "Сведения о поступивших от юридических лиц платежах" № 14 ID= 1000224841. 
2024.05.22 13:44:33, Добавление строки. Связывание со входящим документом № 17 ЭД "Сведения о поступивших от юридических лиц платежах" № 14 ID= 1000224841. 
2024.05.22 13:44:36, Добавление строки. Связывание со входящим документом № 17 ЭД "Сведения о поступивших от юридических лиц платежах" № 14 ID= 1000224841. 
2024.05.22 13:44:39, Добавление строки. Связывание со входящим документом № 17 ЭД "Сведения о поступивших от юридических лиц платежах" № 14 ID= 1000224841. 
2024.05.22 13:44:41, Добавление строки. Связывание со входящим документом № 17 ЭД "Сведения о поступивших от юридических лиц платежах" № 14 ID= 1000224841. 
2024.05.22 13:44:44, Добавление строки. Связывание со входящим документом № 17 ЭД "Сведения о поступивших от юридических лиц платежах" № 14 ID= 1000224841. 
2024.05.22 13:44:47, Добавление строки. Связывание со входящим документом № 17 ЭД "Сведения о поступивших от юридических лиц платежах" № 14 ID= 1000224841. 
2024.05.22 13:44:50, Добавление строки. Связывание со входящим документом № 17 ЭД "Сведения о поступивших от юридических лиц платежах" № 14 ID= 1000224841. 
2024.05.22 13:44:53, Добавление строки. Связывание со входящим документом № 17 ЭД "Сведения о поступивших от юридических лиц платежах" № 14 ID= 1000224841. 
2024.05.22 13:44:56, Добавление строки. Связывание со входящим документом № 17 ЭД "Сведения о поступивших от юридических лиц платежах" № 14 ID= 1000224841. 
2024.05.22 13:44:59, Добавление строки. Связывание со входящим документом № 17 ЭД "Сведения о поступивших от юридических лиц платежах" № 14 ID= 1000224841. 
2024.05.22 13:45:02, Добавление строки. Связывание со входящим документом № 17 ЭД "Сведения о поступивших от юридических лиц платежах" № 14 ID= 1000224841. 
2024.05.22 13:45:05, Добавление строки. Связывание со входящим документом № 17 ЭД "Сведения о поступивших от юридических лиц платежах" № 14 ID= 1000224841. 
2024.05.22 13:45:07, Добавление строки. Связывание со входящим документом № 17 ЭД "Сведения о поступивших от юридических лиц платежах" № 14 ID= 1000224841. 
2024.05.22 13:45:10, Добавление строки. Связывание со входящим документом № 17 ЭД "Сведения о поступивших от юридических лиц платежах" № 14 ID= 1000224841. 
2024.05.22 13:45:13, Добавление строки. Связывание со входящим документом № 17 ЭД "Сведения о поступивших от юридических лиц платежах" № 14 ID= 1000224841. 
2024.05.22 13:45:16, Добавление строки. Связывание со входящим документом № 17 ЭД "Сведения о поступивших от юридических лиц платежах" № 14 ID= 1000224841. 
2024.05.22 13:45:19, Добавление строки. Связывание со входящим документом № 17 ЭД "Сведения о поступивших от юридических лиц платежах" № 14 ID= 1000224841. 
2024.05.22 13:45:22, Добавление строки. Связывание со входящим документом № 17 ЭД "Сведения о поступивших от юридических лиц платежах" № 14 ID= 1000224841. 
2024.05.22 13:45:24, Добавление строки. Связывание со входящим документом № 17 ЭД "Сведения о поступивших от юридических лиц платежах" № 14 ID= 1000224841. 
2024.05.22 13:45:27, Добавление строки. Связывание со входящим документом № 17 ЭД "Сведения о поступивших от юридических лиц платежах" № 14 ID= 1000224841. 
2024.05.22 13:45:30, Добавление строки. Связывание со входящим документом № 17 ЭД "Сведения о поступивших от юридических лиц платежах" № 14 ID= 1000224841. 
2024.05.22 13:45:33, Добавление строки. Связывание со входящим документом № 17 ЭД "Сведения о поступивших от юридических лиц платежах" № 14 ID= 1000224841. 
2024.05.22 13:45:36, Добавление строки. Связывание со входящим документом № 17 ЭД "Сведения о поступивших от юридических лиц платежах" № 14 ID= 1000224841. 
2024.05.22 13:45:39, Добавление строки. Связывание со входящим документом № 17 ЭД "Сведения о поступивших от юридических лиц платежах" № 14 ID= 1000224841. 
2024.05.22 13:45:42, Добавление строки. Связывание со входящим документом № 17 ЭД "Сведения о поступивших от юридических лиц платежах" № 14 ID= 1000224841. 
2024.05.22 13:45:45, Добавление строки. Связывание со входящим документом № 17 ЭД "Сведения о поступивших от юридических лиц платежах" № 14 ID= 1000224841. 
2024.05.22 13:45:48, Добавление строки. Связывание со входящим документом № 17 ЭД "Сведения о поступивших от юридических лиц платежах" № 14 ID= 1000224841. 
2024.05.22 13:45:51, Добавление строки. Связывание со входящим документом № 17 ЭД "Сведения о поступивших от юридических лиц платежах" № 14 ID= 1000224841. 
2024.05.22 13:45:54, Добавление строки. Связывание со входящим документом № 17 ЭД "Сведения о поступивших от юридических лиц платежах" № 14 ID= 1000224841. 
2024.05.22 13:45:57, Добавление строки. Связывание со входящим документом № 17 ЭД "Сведения о поступивших от юридических лиц платежах" № 14 ID= 1000224841. 
2024.05.22 13:45:59, Добавление строки. Связывание со входящим документом № 17 ЭД "Сведения о поступивших от юридических лиц платежах" № 14 ID= 1000224841. 
2024.05.22 13:46:02, Добавление строки. Связывание со входящим документом № 17 ЭД "Сведения о поступивших от юридических лиц платежах" № 14 ID= 1000224841. 
2024.05.22 13:46:05, Добавление строки. Связывание со входящим документом № 17 ЭД "Сведения о поступивших от юридических лиц платежах" № 14 ID= 1000224841. 
2024.05.22 13:46:08, Добавление строки. Связывание со входящим документом № 17 ЭД "Сведения о поступивших от юридических лиц платежах" № 14 ID= 1000224841. 
2024.05.22 13:46:11, Добавление строки. Связывание со входящим документом № 17 ЭД "Сведения о поступивших от юридических лиц платежах" № 14 ID= 1000224841. 
2024.05.22 13:46:14, Добавление строки. Связывание со входящим документом № 17 ЭД "Сведения о поступивших от юридических лиц платежах" № 14 ID= 1000224841. 
2024.05.22 13:46:17, Добавление строки. Связывание со входящим документом № 17 ЭД "Сведения о поступивших от юридических лиц платежах" № 14 ID= 1000224841. 
2024.05.22 13:46:20, Добавление строки. Связывание со входящим документом № 17 ЭД "Сведения о поступивших от юридических лиц платежах" № 14 ID= 1000224841. 
2024.05.22 13:46:23, Добавление строки. Связывание со входящим документом № 17 ЭД "Сведения о поступивших от юридических лиц платежах" № 14 ID= 1000224841. 
2024.05.22 13:46:26, Добавление строки. Связывание со входящим документом № 17 ЭД "Сведения о поступивших от юридических лиц платежах" № 14 ID= 1000224841. 
2024.05.22 13:46:29, Добавление строки. Связывание со входящим документом № 17 ЭД "Сведения о поступивших от юридических лиц платежах" № 14 ID= 1000224841. 
2024.05.22 13:46:32, Добавление строки. Связывание со входящим документом № 17 ЭД "Сведения о поступивших от юридических лиц платежах" № 14 ID= 1000224841. 
2024.05.22 13:46:35, Добавление строки. Связывание со входящим документом № 17 ЭД "Сведения о поступивших от юридических лиц платежах" № 14 ID= 1000224841. 
2024.05.22 13:46:38, Добавление строки. Связывание со входящим документом № 17 ЭД "Сведения о поступивших от юридических лиц платежах" № 14 ID= 1000224841. 
2024.05.22 13:46:41, Добавление строки. Связывание со входящим документом № 17 ЭД "Сведения о поступивших от юридических лиц платежах" № 14 ID= 1000224841. 
2024.05.22 13:46:43, Добавление строки. Связывание со входящим документом № 17 ЭД "Сведения о поступивших от юридических лиц платежах" № 14 ID= 1000224841. 
2024.05.22 13:46:46, Добавление строки. Связывание со входящим документом № 17 ЭД "Сведения о поступивших от юридических лиц платежах" № 14 ID= 1000224841. 
2024.05.22 13:46:49, Добавление строки. Связывание со входящим документом № 17 ЭД "Сведения о поступивших от юридических лиц платежах" № 14 ID= 1000224841. 
2024.05.22 13:46:52, Добавление строки. Связывание со входящим документом № 17 ЭД "Сведения о поступивших от юридических лиц платежах" № 14 ID= 1000224841. 
2024.05.22 13:46:55, Добавление строки. Связывание со входящим документом № 17 ЭД "Сведения о поступивших от юридических лиц платежах" № 14 ID= 1000224841. 
2024.05.22 13:46:58, Добавление строки. Связывание со входящим документом № 17 ЭД "Сведения о поступивших от юридических лиц платежах" № 14 ID= 1000224841. 
2024.05.22 13:47:01, Добавление строки. Связывание со входящим документом № 17 ЭД "Сведения о поступивших от юридических лиц платежах" № 14 ID= 1000224841. 
2024.05.22 13:47:04, Добавление строки. Связывание со входящим документом № 17 ЭД "Сведения о поступивших от юридических лиц платежах" № 14 ID= 1000224841. 
2024.05.22 13:47:07, Добавление строки. Связывание со входящим документом № 17 ЭД "Сведения о поступивших от юридических лиц платежах" № 14 ID= 1000224841. 
2024.05.22 13:47:10, Добавление строки. Связывание со входящим документом № 17 ЭД "Сведения о поступивших от юридических лиц платежах" № 14 ID= 1000224841. 
2024.05.22 13:47:13, Добавление строки. Связывание со входящим документом № 17 ЭД "Сведения о поступивших от юридических лиц платежах" № 14 ID= 1000224841. 
2024.05.22 13:47:16, Добавление строки. Связывание со входящим документом № 17 ЭД "Сведения о поступивших от юридических лиц платежах" № 14 ID= 1000224841. 
2024.05.22 13:47:19, Добавление строки. Связывание со входящим документом № 17 ЭД "Сведения о поступивших от юридических лиц платежах" № 14 ID= 1000224841. 
2024.05.22 13:47:22, Добавление строки. Связывание со входящим документом № 17 ЭД "Сведения о поступивших от юридических лиц платежах" № 14 ID= 1000224841. 
2024.05.22 13:47:25, Добавление строки. Связывание со входящим документом № 17 ЭД "Сведения о поступивших от юридических лиц платежах" № 14 ID= 1000224841. 
2024.05.22 13:47:28, Добавление строки. Связывание со входящим документом № 17 ЭД "Сведения о поступивших от юридических лиц платежах" № 14 ID= 1000224841. 
2024.05.22 13:47:30, Добавление строки. Связывание со входящим документом № 17 ЭД "Сведения о поступивших от юридических лиц платежах" № 14 ID= 1000224841. 
2024.05.22 13:47:33, Добавление строки. Связывание со входящим документом № 17 ЭД "Сведения о поступивших от юридических лиц платежах" № 14 ID= 1000224841. 
2024.05.22 13:47:36, Добавление строки. Связывание со входящим документом № 17 ЭД "Сведения о поступивших от юридических лиц платежах" № 14 ID= 1000224841. 
2024.05.22 13:47:39, Добавление строки. Связывание со входящим документом № 17 ЭД "Сведения о поступивших от юридических лиц платежах" № 14 ID= 1000224841. 
2024.05.22 13:47:42, Добавление строки. Связывание со входящим документом № 17 ЭД "Сведения о поступивших от юридических лиц платежах" № 14 ID= 1000224841. 
2024.05.22 13:47:45, Добавление строки. Связывание со входящим документом № 17 ЭД "Сведения о поступивших от юридических лиц платежах" № 14 ID= 1000224841. 
2024.05.22 13:47:48, Добавление строки. Связывание со входящим документом № 17 ЭД "Сведения о поступивших от юридических лиц платежах" № 14 ID= 1000224841. 
2024.05.22 13:47:51, Добавление строки. Связывание со входящим документом № 17 ЭД "Сведения о поступивших от юридических лиц платежах" № 14 ID= 1000224841. 
2024.05.22 13:47:54, Добавление строки. Связывание со входящим документом № 17 ЭД "Сведения о поступивших от юридических лиц платежах" № 14 ID= 1000224841. 
2024.05.22 13:47:57, Добавление строки. Связывание со входящим документом № 17 ЭД "Сведения о поступивших от юридических лиц платежах" № 14 ID= 1000224841. 
2024.05.22 13:48:00, Добавление строки. Связывание со входящим документом № 17 ЭД "Сведения о поступивших от юридических лиц платежах" № 14 ID= 1000224841. 
2024.05.22 13:48:03, Добавление строки. Связывание со входящим документом № 17 ЭД "Сведения о поступивших от юридических лиц платежах" № 14 ID= 1000224841. 
2024.05.22 13:48:06, Добавление строки. Связывание со входящим документом № 17 ЭД "Сведения о поступивших от юридических лиц платежах" № 14 ID= 1000224841. 
2024.05.22 13:48:09, Добавление строки. Связывание со входящим документом № 17 ЭД "Сведения о поступивших от юридических лиц платежах" № 14 ID= 1000224841. 
2024.05.22 13:48:12, Добавление строки. Связывание со входящим документом № 17 ЭД "Сведения о поступивших от юридических лиц платежах" № 14 ID= 1000224841. 
2024.05.22 13:48:15, Добавление строки. Связывание со входящим документом № 17 ЭД "Сведения о поступивших от юридических лиц платежах" № 14 ID= 1000224841. 
2024.05.22 13:48:18, Добавление строки. Связывание со входящим документом № 17 ЭД "Сведения о поступивших от юридических лиц платежах" № 14 ID= 1000224841. 
2024.05.22 13:48:21, Добавление строки. Связывание со входящим документом № 17 ЭД "Сведения о поступивших от юридических лиц платежах" № 14 ID= 1000224841. 
2024.05.22 13:48:24, Добавление строки. Связывание со входящим документом № 17 ЭД "Сведения о поступивших от юридических лиц платежах" № 14 ID= 1000224841. 
2024.05.22 13:48:27, Добавление строки. Связывание со входящим документом № 17 ЭД "Сведения о поступивших от юридических лиц платежах" № 14 ID= 1000224841. 
2024.05.22 13:48:30, Добавление строки. Связывание со входящим документом № 17 ЭД "Сведения о поступивших от юридических лиц платежах" № 14 ID= 1000224841. 
2024.05.22 13:48:33, Добавление строки. Связывание со входящим документом № 17 ЭД "Сведения о поступивших от юридических лиц платежах" № 14 ID= 1000224841. 
2024.05.22 13:48:36, Добавление строки. Связывание со входящим документом № 17 ЭД "Сведения о поступивших от юридических лиц платежах" № 14 ID= 1000224841. 
2024.05.22 13:48:39, Добавление строки. Связывание со входящим документом № 17 ЭД "Сведения о поступивших от юридических лиц платежах" № 14 ID= 1000224841. 
2024.05.22 13:48:42, Добавление строки. Связывание со входящим документом № 17 ЭД "Сведения о поступивших от юридических лиц платежах" № 14 ID= 1000224841. 
2024.05.22 13:48:45, Добавление строки. Связывание со входящим документом № 17 ЭД "Сведения о поступивших от юридических лиц платежах" № 14 ID= 1000224841. 
2024.05.22 13:48:48, Добавление строки. Связывание со входящим документом № 17 ЭД "Сведения о поступивших от юридических лиц платежах" № 14 ID= 1000224841. 
2024.05.22 13:48:51, Добавление строки. Связывание со входящим документом № 17 ЭД "Сведения о поступивших от юридических лиц платежах" № 14 ID= 1000224841. 
2024.05.22 13:48:54, Добавление строки. Связывание со входящим документом № 17 ЭД "Сведения о поступивших от юридических лиц платежах" № 14 ID= 1000224841. 
2024.05.22 13:48:57, Добавление строки. Связывание со входящим документом № 17 ЭД "Сведения о поступивших от юридических лиц платежах" № 14 ID= 1000224841. 
2024.05.22 13:49:00, Добавление строки. Связывание со входящим документом № 17 ЭД "Сведения о поступивших от юридических лиц платежах" № 14 ID= 1000224841. 
2024.05.22 13:49:03, Добавление строки. Связывание со входящим документом № 17 ЭД "Сведения о поступивших от юридических лиц платежах" № 14 ID= 1000224841. 
2024.05.22 13:49:06, Добавление строки. Связывание со входящим документом № 17 ЭД "Сведения о поступивших от юридических лиц платежах" № 14 ID= 1000224841. 
2024.05.22 13:49:09, Добавление строки. Связывание со входящим документом № 17 ЭД "Сведения о поступивших от юридических лиц платежах" № 14 ID= 1000224841. 
2024.05.22 13:49:12, Добавление строки. Связывание со входящим документом № 17 ЭД "Сведения о поступивших от юридических лиц платежах" № 14 ID= 1000224841. 
2024.05.22 13:49:15, Добавление строки. Связывание со входящим документом № 17 ЭД "Сведения о поступивших от юридических лиц платежах" № 14 ID= 1000224841. 
2024.05.22 13:49:18, Добавление строки. Связывание со входящим документом № 17 ЭД "Сведения о поступивших от юридических лиц платежах" № 14 ID= 1000224841. 
2024.05.22 13:49:21, Добавление строки. Связывание со входящим документом № 17 ЭД "Сведения о поступивших от юридических лиц платежах" № 14 ID= 1000224841. 
2024.05.22 13:49:24, Добавление строки. Связывание со входящим документом № 17 ЭД "Сведения о поступивших от юридических лиц платежах" № 14 ID= 1000224841. 
2024.05.22 13:49:27, Добавление строки. Связывание со входящим документом № 17 ЭД "Сведения о поступивших от юридических лиц платежах" № 14 ID= 1000224841. 
2024.05.22 13:49:30, Добавление строки. Связывание со входящим документом № 17 ЭД "Сведения о поступивших от юридических лиц платежах" № 14 ID= 1000224841. 
2024.05.22 13:49:33, Добавление строки. Связывание со входящим документом № 17 ЭД "Сведения о поступивших от юридических лиц платежах" № 14 ID= 1000224841. 
2024.05.22 13:49:36, Добавление строки. Связывание со входящим документом № 17 ЭД "Сведения о поступивших от юридических лиц платежах" № 14 ID= 1000224841. 
2024.05.22 13:49:39, Добавление строки. Связывание со входящим документом № 17 ЭД "Сведения о поступивших от юридических лиц платежах" № 14 ID= 1000224841. 
2024.05.22 13:49:42, Добавление строки. Связывание со входящим документом № 17 ЭД "Сведения о поступивших от юридических лиц платежах" № 14 ID= 1000224841. 
2024.05.22 13:49:45, Добавление строки. Связывание со входящим документом № 17 ЭД "Сведения о поступивших от юридических лиц платежах" № 14 ID= 1000224841. 
2024.05.22 13:49:48, Добавление строки. Связывание со входящим документом № 17 ЭД "Сведения о поступивших от юридических лиц платежах" № 14 ID= 1000224841. 
2024.05.22 13:49:52, Добавление строки. Связывание со входящим документом № 17 ЭД "Сведения о поступивших от юридических лиц платежах" № 14 ID= 1000224841. 
2024.05.22 13:49:55, Добавление строки. Связывание со входящим документом № 17 ЭД "Сведения о поступивших от юридических лиц платежах" № 14 ID= 1000224841. 
2024.05.22 13:49:58, Добавление строки. Связывание со входящим документом № 17 ЭД "Сведения о поступивших от юридических лиц платежах" № 14 ID= 1000224841. 
2024.05.22 13:50:01, Добавление строки. Связывание со входящим документом № 17 ЭД "Сведения о поступивших от юридических лиц платежах" № 14 ID= 1000224841. 
2024.05.22 13:50:04, Добавление строки. Связывание со входящим документом № 17 ЭД "Сведения о поступивших от юридических лиц платежах" № 14 ID= 1000224841. 
2024.05.22 13:50:07, Добавление строки. Связывание со входящим документом № 17 ЭД "Сведения о поступивших от юридических лиц платежах" № 14 ID= 1000224841. 
2024.05.22 13:50:11, Добавление строки. Связывание со входящим документом № 17 ЭД "Сведения о поступивших от юридических лиц платежах" № 14 ID= 1000224841. 
2024.05.22 13:50:14, Добавление строки. Связывание со входящим документом № 17 ЭД "Сведения о поступивших от юридических лиц платежах" № 14 ID= 1000224841. 
2024.05.22 13:50:17, Добавление строки. Связывание со входящим документом № 17 ЭД "Сведения о поступивших от юридических лиц платежах" № 14 ID= 1000224841. 
2024.05.22 13:50:20, Добавление строки. Связывание со входящим документом № 17 ЭД "Сведения о поступивших от юридических лиц платежах" № 14 ID= 1000224841. 
2024.05.22 13:50:23, Добавление строки. Связывание со входящим документом № 17 ЭД "Сведения о поступивших от юридических лиц платежах" № 14 ID= 1000224841. 
2024.05.22 13:50:26, Добавление строки. Связывание со входящим документом № 17 ЭД "Сведения о поступивших от юридических лиц платежах" № 14 ID= 1000224841. 
2024.05.22 13:50:30, Добавление строки. Связывание со входящим документом № 17 ЭД "Сведения о поступивших от юридических лиц платежах" № 14 ID= 1000224841. 
2024.05.22 13:50:33, Добавление строки. Связывание со входящим документом № 17 ЭД "Сведения о поступивших от юридических лиц платежах" № 14 ID= 1000224841. 
2024.05.22 13:50:36, Добавление строки. Связывание со входящим документом № 17 ЭД "Сведения о поступивших от юридических лиц платежах" № 14 ID= 1000224841. 
2024.05.22 13:50:39, Добавление строки. Связывание со входящим документом № 17 ЭД "Сведения о поступивших от юридических лиц платежах" № 14 ID= 1000224841. 
2024.05.22 13:50:42, Добавление строки. Связывание со входящим документом № 17 ЭД "Сведения о поступивших от юридических лиц платежах" № 14 ID= 1000224841. 
2024.05.22 13:50:45, Добавление строки. Связывание со входящим документом № 17 ЭД "Сведения о поступивших от юридических лиц платежах" № 14 ID= 1000224841. 
2024.05.22 13:50:48, Добавление строки. Связывание со входящим документом № 17 ЭД "Сведения о поступивших от юридических лиц платежах" № 14 ID= 1000224841. 
2024.05.22 13:50:51, Добавление строки. Связывание со входящим документом № 17 ЭД "Сведения о поступивших от юридических лиц платежах" № 14 ID= 1000224841. 
2024.05.22 13:50:54, Добавление строки. Связывание со входящим документом № 17 ЭД "Сведения о поступивших от юридических лиц платежах" № 14 ID= 1000224841. 
2024.05.22 13:50:57, Добавление строки. Связывание со входящим документом № 17 ЭД "Сведения о поступивших от юридических лиц платежах" № 14 ID= 1000224841. 
2024.05.22 13:51:00, Добавление строки. Связывание со входящим документом № 17 ЭД "Сведения о поступивших от юридических лиц платежах" № 14 ID= 1000224841. 
2024.05.22 13:51:03, Добавление строки. Связывание со входящим документом № 17 ЭД "Сведения о поступивших от юридических лиц платежах" № 14 ID= 1000224841. 
2024.05.22 13:51:06, Добавление строки. Связывание со входящим документом № 17 ЭД "Сведения о поступивших от юридических лиц платежах" № 14 ID= 1000224841. 
2024.05.22 13:51:10, Добавление строки. Связывание со входящим документом № 17 ЭД "Сведения о поступивших от юридических лиц платежах" № 14 ID= 1000224841. 
2024.05.22 13:51:13, Добавление строки. Связывание со входящим документом № 17 ЭД "Сведения о поступивших от юридических лиц платежах" № 14 ID= 1000224841. 
2024.05.22 13:51:16, Добавление строки. Связывание со входящим документом № 17 ЭД "Сведения о поступивших от юридических лиц платежах" № 14 ID= 1000224841. 
2024.05.22 13:51:19, Добавление строки. Связывание со входящим документом № 17 ЭД "Сведения о поступивших от юридических лиц платежах" № 14 ID= 1000224841. 
2024.05.22 13:51:22, Добавление строки. Связывание со входящим документом № 17 ЭД "Сведения о поступивших от юридических лиц платежах" № 14 ID= 1000224841. 
2024.05.22 13:51:26, Добавление строки. Связывание со входящим документом № 17 ЭД "Сведения о поступивших от юридических лиц платежах" № 14 ID= 1000224841. 
2024.05.22 13:51:26, В системе найдена строка на сумму -26866 за 2024-03-25 от плательщика с ИНН 7716634314 и КПП 720345002 в ЭД Сведения о поступивших от юридических лиц платежах №14 от 2024-05-14 на сумму 77020954.69, соответствующий блок сообщения не будет обработан
2024.05.22 13:51:26, Строка пропущена. Связывание со входящим документом № 17 ЭД "Сведения о поступивших от юридических лиц платежах" № 14 ID = 1000224841. 
2024.05.22 13:51:26, В системе найдена строка на сумму 14381 за 2024-03-25 от плательщика с ИНН 7203173650 и КПП 720301001 в ЭД Сведения о поступивших от юридических лиц платежах №14 от 2024-05-14 на сумму 77020954.69, соответствующий блок сообщения не будет обработан
2024.05.22 13:51:26, Строка пропущена. Связывание со входящим документом № 17 ЭД "Сведения о поступивших от юридических лиц платежах" № 14 ID = 1000224841. 
2024.05.22 13:51:26, В системе найдена строка на сумму 24699 за 2024-03-25 от плательщика с ИНН 7733538667 и КПП 720345001 в ЭД Сведения о поступивших от юридических лиц платежах №14 от 2024-05-14 на сумму 77020954.69, соответствующий блок сообщения не будет обработан
2024.05.22 13:51:26, Строка пропущена. Связывание со входящим документом № 17 ЭД "Сведения о поступивших от юридических лиц платежах" № 14 ID = 1000224841. 
2024.05.22 13:51:26, В системе найдена строка на сумму 2.45 за 2024-03-25 от плательщика с ИНН 7204177030 и КПП 720301001 в ЭД Сведения о поступивших от юридических лиц платежах №14 от 2024-05-14 на сумму 77020954.69, соответствующий блок сообщения не будет обработан
2024.05.22 13:51:26, Строка пропущена. Связывание со входящим документом № 17 ЭД "Сведения о поступивших от юридических лиц платежах" № 14 ID = 1000224841. 
2024.05.22 13:51:26, В системе найдена строка на сумму 59810 за 2024-03-25 от плательщика с ИНН 7202225708 и КПП 720301001 в ЭД Сведения о поступивших от юридических лиц платежах №14 от 2024-05-14 на сумму 77020954.69, соответствующий блок сообщения не будет обработан
2024.05.22 13:51:26, Строка пропущена. Связывание со входящим документом № 17 ЭД "Сведения о поступивших от юридических лиц платежах" № 14 ID = 1000224841. 
2024.05.22 13:51:26, В системе найдена строка на сумму -13550 за 2024-03-25 от плательщика с ИНН 7202225754 и КПП 720301001 в ЭД Сведения о поступивших от юридических лиц платежах №14 от 2024-05-14 на сумму 77020954.69, соответствующий блок сообщения не будет обработан
2024.05.22 13:51:26, Строка пропущена. Связывание со входящим документом № 17 ЭД "Сведения о поступивших от юридических лиц платежах" № 14 ID = 1000224841. 
2024.05.22 13:51:26, В системе найдена строка на сумму 2236 за 2024-03-25 от плательщика с ИНН 7202226003 и КПП 720301001 в ЭД Сведения о поступивших от юридических лиц платежах №14 от 2024-05-14 на сумму 77020954.69, соответствующий блок сообщения не будет обработан
2024.05.22 13:51:26, Строка пропущена. Связывание со входящим документом № 17 ЭД "Сведения о поступивших от юридических лиц платежах" № 14 ID = 1000224841. 
2024.05.22 13:51:26, В системе найдена строка на сумму 300000 за 2024-03-25 от плательщика с ИНН 7202164741 и КПП 720301001 в ЭД Сведения о поступивших от юридических лиц платежах №14 от 2024-05-14 на сумму 77020954.69, соответствующий блок сообщения не будет обработан
2024.05.22 13:51:26, Строка пропущена. Связывание со входящим документом № 17 ЭД "Сведения о поступивших от юридических лиц платежах" № 14 ID = 1000224841. 
2024.05.22 13:51:26, В системе найдена строка на сумму 306164 за 2024-03-25 от плательщика с ИНН 7202164847 и КПП 720301001 в ЭД Сведения о поступивших от юридических лиц платежах №14 от 2024-05-14 на сумму 77020954.69, соответствующий блок сообщения не будет обработан
2024.05.22 13:51:26, Строка пропущена. Связывание со входящим документом № 17 ЭД "Сведения о поступивших от юридических лиц платежах" № 14 ID = 1000224841. 
2024.05.22 13:51:26, В системе найдена строка на сумму -55607.73 за 2024-03-25 от плательщика с ИНН 7202164847 и КПП 720301001 в ЭД Сведения о поступивших от юридических лиц платежах №14 от 2024-05-14 на сумму 77020954.69, соответствующий блок сообщения не будет обработан
2024.05.22 13:51:26, Строка пропущена. Связывание со входящим документом № 17 ЭД "Сведения о поступивших от юридических лиц платежах" № 14 ID = 1000224841. 
2024.05.22 13:51:26, В системе найдена строка на сумму -93434 за 2024-03-25 от плательщика с ИНН 7204112795 и КПП 722401001 в ЭД Сведения о поступивших от юридических лиц платежах №14 от 2024-05-14 на сумму 77020954.69, соответствующий блок сообщения не будет обработан
2024.05.22 13:51:26, Строка пропущена. Связывание со входящим документом № 17 ЭД "Сведения о поступивших от юридических лиц платежах" № 14 ID = 1000224841. 
2024.05.22 13:51:26, В системе найдена строка на сумму 138884 за 2024-03-25 от плательщика с ИНН 7706243840 и КПП 720345001 в ЭД Сведения о поступивших от юридических лиц платежах №14 от 2024-05-14 на сумму 77020954.69, соответствующий блок сообщения не будет обработан
2024.05.22 13:51:26, Строка пропущена. Связывание со входящим документом № 17 ЭД "Сведения о поступивших от юридических лиц платежах" № 14 ID = 1000224841. 
2024.05.22 13:51:26, В системе найдена строка на сумму 18487 за 2024-03-25 от плательщика с ИНН 6658371284 и КПП 720345003 в ЭД Сведения о поступивших от юридических лиц платежах №14 от 2024-05-14 на сумму 77020954.69, соответствующий блок сообщения не будет обработан
2024.05.22 13:51:26, Строка пропущена. Связывание со входящим документом № 17 ЭД "Сведения о поступивших от юридических лиц платежах" № 14 ID = 1000224841. 
2024.05.22 13:51:26, В системе найдена строка на сумму 17508 за 2024-03-25 от плательщика с ИНН 5503210966 и КПП 720301001 в ЭД Сведения о поступивших от юридических лиц платежах №14 от 2024-05-14 на сумму 77020954.69, соответствующий блок сообщения не будет обработан
2024.05.22 13:51:26, Строка пропущена. Связывание со входящим документом № 17 ЭД "Сведения о поступивших от юридических лиц платежах" № 14 ID = 1000224841. 
2024.05.22 13:51:26, В системе найдена строка на сумму 241320 за 2024-03-25 от плательщика с ИНН 7207011883 и КПП 720345003 в ЭД Сведения о поступивших от юридических лиц платежах №14 от 2024-05-14 на сумму 77020954.69, соответствующий блок сообщения не будет обработан
2024.05.22 13:51:26, Строка пропущена. Связывание со входящим документом № 17 ЭД "Сведения о поступивших от юридических лиц платежах" № 14 ID = 1000224841. 
2024.05.22 13:51:26, В системе найдена строка на сумму 82395.32 за 2024-03-25 от плательщика с ИНН 7202227134 и КПП 720301001 в ЭД Сведения о поступивших от юридических лиц платежах №14 от 2024-05-14 на сумму 77020954.69, соответствующий блок сообщения не будет обработан
2024.05.22 13:51:26, Строка пропущена. Связывание со входящим документом № 17 ЭД "Сведения о поступивших от юридических лиц платежах" № 14 ID = 1000224841. 
2024.05.22 13:51:26, В системе найдена строка на сумму 2426 за 2024-03-25 от плательщика с ИНН 7203245062 и КПП 720301001 в ЭД Сведения о поступивших от юридических лиц платежах №14 от 2024-05-14 на сумму 77020954.69, соответствующий блок сообщения не будет обработан
2024.05.22 13:51:26, Строка пропущена. Связывание со входящим документом № 17 ЭД "Сведения о поступивших от юридических лиц платежах" № 14 ID = 1000224841. 
2024.05.22 13:51:26, В системе найдена строка на сумму 756 за 2024-03-25 от плательщика с ИНН 7204168830 и КПП 720301001 в ЭД Сведения о поступивших от юридических лиц платежах №14 от 2024-05-14 на сумму 77020954.69, соответствующий блок сообщения не будет обработан
2024.05.22 13:51:26, Строка пропущена. Связывание со входящим документом № 17 ЭД "Сведения о поступивших от юридических лиц платежах" № 14 ID = 1000224841. 
2024.05.22 13:51:26, В системе найдена строка на сумму 2602 за 2024-03-25 от плательщика с ИНН 6670104207 и КПП 720345001 в ЭД Сведения о поступивших от юридических лиц платежах №14 от 2024-05-14 на сумму 77020954.69, соответствующий блок сообщения не будет обработан
2024.05.22 13:51:26, Строка пропущена. Связывание со входящим документом № 17 ЭД "Сведения о поступивших от юридических лиц платежах" № 14 ID = 1000224841. 
2024.05.22 13:51:26, В системе найдена строка на сумму 38736 за 2024-03-25 от плательщика с ИНН 6674167078 и КПП 720343001 в ЭД Сведения о поступивших от юридических лиц платежах №14 от 2024-05-14 на сумму 77020954.69, соответствующий блок сообщения не будет обработан
2024.05.22 13:51:26, Строка пропущена. Связывание со входящим документом № 17 ЭД "Сведения о поступивших от юридических лиц платежах" № 14 ID = 1000224841. 
2024.05.22 13:51:26, В системе найдена строка на сумму 116.04 за 2024-03-25 от плательщика с ИНН 7204145600 и КПП 720301001 в ЭД Сведения о поступивших от юридических лиц платежах №14 от 2024-05-14 на сумму 77020954.69, соответствующий блок сообщения не будет обработан
2024.05.22 13:51:26, Строка пропущена. Связывание со входящим документом № 17 ЭД "Сведения о поступивших от юридических лиц платежах" № 14 ID = 1000224841. 
2024.05.22 13:51:26, В системе найдена строка на сумму 355877 за 2024-03-25 от плательщика с ИНН 7203236580 и КПП 720301001 в ЭД Сведения о поступивших от юридических лиц платежах №14 от 2024-05-14 на сумму 77020954.69, соответствующий блок сообщения не будет обработан
2024.05.22 13:51:26, Строка пропущена. Связывание со входящим документом № 17 ЭД "Сведения о поступивших от юридических лиц платежах" № 14 ID = 1000224841. 
2024.05.22 13:51:26, В системе найдена строка на сумму 807 за 2024-03-25 от плательщика с ИНН 7203236935 и КПП 720301001 в ЭД Сведения о поступивших от юридических лиц платежах №14 от 2024-05-14 на сумму 77020954.69, соответствующий блок сообщения не будет обработан
2024.05.22 13:51:26, Строка пропущена. Связывание со входящим документом № 17 ЭД "Сведения о поступивших от юридических лиц платежах" № 14 ID = 1000224841. 
2024.05.22 13:51:26, В системе найдена строка на сумму -458 за 2024-03-25 от плательщика с ИНН 7204151280 и КПП 720301001 в ЭД Сведения о поступивших от юридических лиц платежах №14 от 2024-05-14 на сумму 77020954.69, соответствующий блок сообщения не будет обработан
2024.05.22 13:51:26, Строка пропущена. Связывание со входящим документом № 17 ЭД "Сведения о поступивших от юридических лиц платежах" № 14 ID = 1000224841. 
2024.05.22 13:51:26, В системе найдена строка на сумму 22028 за 2024-03-25 от плательщика с ИНН 7203220090 и КПП 720301001 в ЭД Сведения о поступивших от юридических лиц платежах №14 от 2024-05-14 на сумму 77020954.69, соответствующий блок сообщения не будет обработан
2024.05.22 13:51:26, Строка пропущена. Связывание со входящим документом № 17 ЭД "Сведения о поступивших от юридических лиц платежах" № 14 ID = 1000224841. 
2024.05.22 13:51:26, В системе найдена строка на сумму -697 за 2024-03-25 от плательщика с ИНН 5534020926 и КПП 720345015 в ЭД Сведения о поступивших от юридических лиц платежах №14 от 2024-05-14 на сумму 77020954.69, соответствующий блок сообщения не будет обработан
2024.05.22 13:51:26, Строка пропущена. Связывание со входящим документом № 17 ЭД "Сведения о поступивших от юридических лиц платежах" № 14 ID = 1000224841. 
2024.05.22 13:51:26, В системе найдена строка на сумму 1 за 2024-03-25 от плательщика с ИНН 7204137359 и КПП 720301001 в ЭД Сведения о поступивших от юридических лиц платежах №14 от 2024-05-14 на сумму 77020954.69, соответствующий блок сообщения не будет обработан
2024.05.22 13:51:26, Строка пропущена. Связывание со входящим документом № 17 ЭД "Сведения о поступивших от юридических лиц платежах" № 14 ID = 1000224841. 
2024.05.22 13:51:26, В системе найдена строка на сумму 11960 за 2024-03-25 от плательщика с ИНН 7203244460 и КПП 720301001 в ЭД Сведения о поступивших от юридических лиц платежах №14 от 2024-05-14 на сумму 77020954.69, соответствующий блок сообщения не будет обработан
2024.05.22 13:51:26, Строка пропущена. Связывание со входящим документом № 17 ЭД "Сведения о поступивших от юридических лиц платежах" № 14 ID = 1000224841. 
2024.05.22 13:51:26, В системе найдена строка на сумму 14368 за 2024-03-25 от плательщика с ИНН 7203261113 и КПП 720301001 в ЭД Сведения о поступивших от юридических лиц платежах №14 от 2024-05-14 на сумму 77020954.69, соответствующий блок сообщения не будет обработан
2024.05.22 13:51:26, Строка пропущена. Связывание со входящим документом № 17 ЭД "Сведения о поступивших от юридических лиц платежах" № 14 ID = 1000224841. 
2024.05.22 13:51:26, В системе найдена строка на сумму 62583 за 2024-03-25 от плательщика с ИНН 7204109834 и КПП 720301001 в ЭД Сведения о поступивших от юридических лиц платежах №14 от 2024-05-14 на сумму 77020954.69, соответствующий блок сообщения не будет обработан
2024.05.22 13:51:26, Строка пропущена. Связывание со входящим документом № 17 ЭД "Сведения о поступивших от юридических лиц платежах" № 14 ID = 1000224841. 
2024.05.22 13:51:26, В системе найдена строка на сумму 21901 за 2024-03-25 от плательщика с ИНН 7203260670 и КПП 720301001 в ЭД Сведения о поступивших от юридических лиц платежах №14 от 2024-05-14 на сумму 77020954.69, соответствующий блок сообщения не будет обработан
2024.05.22 13:51:26, Строка пропущена. Связывание со входящим документом № 17 ЭД "Сведения о поступивших от юридических лиц платежах" № 14 ID = 1000224841. 
2024.05.22 13:51:26, В системе найдена строка на сумму -30350 за 2024-03-25 от плательщика с ИНН 7204165660 и КПП 720301001 в ЭД Сведения о поступивших от юридических лиц платежах №14 от 2024-05-14 на сумму 77020954.69, соответствующий блок сообщения не будет обработан
2024.05.22 13:51:26, Строка пропущена. Связывание со входящим документом № 17 ЭД "Сведения о поступивших от юридических лиц платежах" № 14 ID = 1000224841. 
2024.05.22 13:51:26, В системе найдена строка на сумму 6942 за 2024-03-25 от плательщика с ИНН 4823040990 и КПП 720345001 в ЭД Сведения о поступивших от юридических лиц платежах №14 от 2024-05-14 на сумму 77020954.69, соответствующий блок сообщения не будет обработан
2024.05.22 13:51:26, Строка пропущена. Связывание со входящим документом № 17 ЭД "Сведения о поступивших от юридических лиц платежах" № 14 ID = 1000224841. 
2024.05.22 13:51:26, В системе найдена строка на сумму 23290 за 2024-03-25 от плательщика с ИНН 7202193502 и КПП 720301001 в ЭД Сведения о поступивших от юридических лиц платежах №14 от 2024-05-14 на сумму 77020954.69, соответствующий блок сообщения не будет обработан
2024.05.22 13:51:26, Строка пропущена. Связывание со входящим документом № 17 ЭД "Сведения о поступивших от юридических лиц платежах" № 14 ID = 1000224841. 
2024.05.22 13:51:26, В системе найдена строка на сумму 327432 за 2024-03-25 от плательщика с ИНН 7204124550 и КПП 720301001 в ЭД Сведения о поступивших от юридических лиц платежах №14 от 2024-05-14 на сумму 77020954.69, соответствующий блок сообщения не будет обработан
2024.05.22 13:51:26, Строка пропущена. Связывание со входящим документом № 17 ЭД "Сведения о поступивших от юридических лиц платежах" № 14 ID = 1000224841. 
2024.05.22 13:51:26, В системе найдена строка на сумму 33112 за 2024-03-25 от плательщика с ИНН 7203252581 и КПП 720301001 в ЭД Сведения о поступивших от юридических лиц платежах №14 от 2024-05-14 на сумму 77020954.69, соответствующий блок сообщения не будет обработан
2024.05.22 13:51:26, Строка пропущена. Связывание со входящим документом № 17 ЭД "Сведения о поступивших от юридических лиц платежах" № 14 ID = 1000224841. 
2024.05.22 13:51:26, В системе найдена строка на сумму 287065.31 за 2024-03-25 от плательщика с ИНН 7202212508 и КПП 720345001 в ЭД Сведения о поступивших от юридических лиц платежах №14 от 2024-05-14 на сумму 77020954.69, соответствующий блок сообщения не будет обработан
2024.05.22 13:51:26, Строка пропущена. Связывание со входящим документом № 17 ЭД "Сведения о поступивших от юридических лиц платежах" № 14 ID = 1000224841. 
2024.05.22 13:51:26, В системе найдена строка на сумму 918 за 2024-03-25 от плательщика с ИНН 7202212508 и КПП 890401001 в ЭД Сведения о поступивших от юридических лиц платежах №14 от 2024-05-14 на сумму 77020954.69, соответствующий блок сообщения не будет обработан
2024.05.22 13:51:26, Строка пропущена. Связывание со входящим документом № 17 ЭД "Сведения о поступивших от юридических лиц платежах" № 14 ID = 1000224841. 
2024.05.22 13:51:26, В системе найдена строка на сумму 6728 за 2024-03-25 от плательщика с ИНН 7204164585 и КПП 720301001 в ЭД Сведения о поступивших от юридических лиц платежах №14 от 2024-05-14 на сумму 77020954.69, соответствующий блок сообщения не будет обработан
2024.05.22 13:51:26, Строка пропущена. Связывание со входящим документом № 17 ЭД "Сведения о поступивших от юридических лиц платежах" № 14 ID = 1000224841. 
2024.05.22 13:51:26, В системе найдена строка на сумму 14883 за 2024-03-25 от плательщика с ИНН 7731545683 и КПП 720345001 в ЭД Сведения о поступивших от юридических лиц платежах №14 от 2024-05-14 на сумму 77020954.69, соответствующий блок сообщения не будет обработан
2024.05.22 13:51:26, Строка пропущена. Связывание со входящим документом № 17 ЭД "Сведения о поступивших от юридических лиц платежах" № 14 ID = 1000224841. 
2024.05.22 13:51:26, В системе найдена строка на сумму 113652 за 2024-03-25 от плательщика с ИНН 8903029460 и КПП 720301001 в ЭД Сведения о поступивших от юридических лиц платежах №14 от 2024-05-14 на сумму 77020954.69, соответствующий блок сообщения не будет обработан
2024.05.22 13:51:26, Строка пропущена. Связывание со входящим документом № 17 ЭД "Сведения о поступивших от юридических лиц платежах" № 14 ID = 1000224841. 
2024.05.22 13:51:29, Добавление строки. Связывание со входящим документом № 17 ЭД "Сведения о поступивших от юридических лиц платежах" № 14 ID= 1000224841. 
2024.05.22 13:51:32, Добавление строки. Связывание со входящим документом № 17 ЭД "Сведения о поступивших от юридических лиц платежах" № 14 ID= 1000224841. 
2024.05.22 13:51:36, Добавление строки. Связывание со входящим документом № 17 ЭД "Сведения о поступивших от юридических лиц платежах" № 14 ID= 1000224841. 
2024.05.22 13:51:39, Добавление строки. Связывание со входящим документом № 17 ЭД "Сведения о поступивших от юридических лиц платежах" № 14 ID= 1000224841. 
2024.05.22 13:51:42, Добавление строки. Связывание со входящим документом № 17 ЭД "Сведения о поступивших от юридических лиц платежах" № 14 ID= 1000224841. 
2024.05.22 13:51:46, Добавление строки. Связывание со входящим документом № 17 ЭД "Сведения о поступивших от юридических лиц платежах" № 14 ID= 1000224841. 
2024.05.22 13:51:49, Добавление строки. Связывание со входящим документом № 17 ЭД "Сведения о поступивших от юридических лиц платежах" № 14 ID= 1000224841. 
2024.05.22 13:51:52, Добавление строки. Связывание со входящим документом № 17 ЭД "Сведения о поступивших от юридических лиц платежах" № 14 ID= 1000224841. 
2024.05.22 13:51:52, В системе найдена строка на сумму 9805 за 2024-03-25 от плательщика с ИНН 7204108781 и КПП 720301001 в ЭД Сведения о поступивших от юридических лиц платежах №14 от 2024-05-14 на сумму 77463413.49, соответствующий блок сообщения не будет обработан
2024.05.22 13:51:52, Строка пропущена. Связывание со входящим документом № 17 ЭД "Сведения о поступивших от юридических лиц платежах" № 14 ID = 1000224841. 
2024.05.22 13:51:52, В системе найдена строка на сумму 8793 за 2024-03-25 от плательщика с ИНН 7203192325 и КПП 720301001 в ЭД Сведения о поступивших от юридических лиц платежах №14 от 2024-05-14 на сумму 77463413.49, соответствующий блок сообщения не будет обработан
2024.05.22 13:51:52, Строка пропущена. Связывание со входящим документом № 17 ЭД "Сведения о поступивших от юридических лиц платежах" № 14 ID = 1000224841. 
2024.05.22 13:51:52, В системе найдена строка на сумму 1218 за 2024-03-25 от плательщика с ИНН 7202184113 и КПП 720301001 в ЭД Сведения о поступивших от юридических лиц платежах №14 от 2024-05-14 на сумму 77463413.49, соответствующий блок сообщения не будет обработан
2024.05.22 13:51:52, Строка пропущена. Связывание со входящим документом № 17 ЭД "Сведения о поступивших от юридических лиц платежах" № 14 ID = 1000224841. 
2024.05.22 13:51:52, В системе найдена строка на сумму 4741.23 за 2024-03-25 от плательщика с ИНН 7203266295 и КПП 720301001 в ЭД Сведения о поступивших от юридических лиц платежах №14 от 2024-05-14 на сумму 77463413.49, соответствующий блок сообщения не будет обработан
2024.05.22 13:51:52, Строка пропущена. Связывание со входящим документом № 17 ЭД "Сведения о поступивших от юридических лиц платежах" № 14 ID = 1000224841. 
2024.05.22 13:51:52, В системе найдена строка на сумму 43742 за 2024-03-25 от плательщика с ИНН 7204093172 и КПП 720301001 в ЭД Сведения о поступивших от юридических лиц платежах №14 от 2024-05-14 на сумму 77463413.49, соответствующий блок сообщения не будет обработан
2024.05.22 13:51:52, Строка пропущена. Связывание со входящим документом № 17 ЭД "Сведения о поступивших от юридических лиц платежах" № 14 ID = 1000224841. 
2024.05.22 13:51:52, В системе найдена строка на сумму -50164 за 2024-03-25 от плательщика с ИНН 7202161557 и КПП 720301001 в ЭД Сведения о поступивших от юридических лиц платежах №14 от 2024-05-14 на сумму 77463413.49, соответствующий блок сообщения не будет обработан
2024.05.22 13:51:52, Строка пропущена. Связывание со входящим документом № 17 ЭД "Сведения о поступивших от юридических лиц платежах" № 14 ID = 1000224841. 
2024.05.22 13:51:52, В системе найдена строка на сумму 416279 за 2024-03-25 от плательщика с ИНН 7202211977 и КПП 720301001 в ЭД Сведения о поступивших от юридических лиц платежах №14 от 2024-05-14 на сумму 77463413.49, соответствующий блок сообщения не будет обработан
2024.05.22 13:51:52, Строка пропущена. Связывание со входящим документом № 17 ЭД "Сведения о поступивших от юридических лиц платежах" № 14 ID = 1000224841. 
2024.05.22 13:51:52, В системе найдена строка на сумму 3087 за 2024-03-25 от плательщика с ИНН 7224043797 и КПП 720301001 в ЭД Сведения о поступивших от юридических лиц платежах №14 от 2024-05-14 на сумму 77463413.49, соответствующий блок сообщения не будет обработан
2024.05.22 13:51:52, Строка пропущена. Связывание со входящим документом № 17 ЭД "Сведения о поступивших от юридических лиц платежах" № 14 ID = 1000224841. 
2024.05.22 13:51:52, В системе найдена строка на сумму -30995 за 2024-03-25 от плательщика с ИНН 7203167745 и КПП 720301001 в ЭД Сведения о поступивших от юридических лиц платежах №14 от 2024-05-14 на сумму 77463413.49, соответствующий блок сообщения не будет обработан
2024.05.22 13:51:52, Строка пропущена. Связывание со входящим документом № 17 ЭД "Сведения о поступивших от юридических лиц платежах" № 14 ID = 1000224841. 
2024.05.22 13:51:52, В системе найдена строка на сумму 2921.52 за 2024-03-25 от плательщика с ИНН 7204094240 и КПП 720301001 в ЭД Сведения о поступивших от юридических лиц платежах №14 от 2024-05-14 на сумму 77463413.49, соответствующий блок сообщения не будет обработан
2024.05.22 13:51:52, Строка пропущена. Связывание со входящим документом № 17 ЭД "Сведения о поступивших от юридических лиц платежах" № 14 ID = 1000224841. 
2024.05.22 13:51:52, В системе найдена строка на сумму 16647 за 2024-03-25 от плательщика с ИНН 5460000016 и КПП 720345002 в ЭД Сведения о поступивших от юридических лиц платежах №14 от 2024-05-14 на сумму 77463413.49, соответствующий блок сообщения не будет обработан
2024.05.22 13:51:52, Строка пропущена. Связывание со входящим документом № 17 ЭД "Сведения о поступивших от юридических лиц платежах" № 14 ID = 1000224841. 
2024.05.22 13:51:52, В системе найдена строка на сумму 10259 за 2024-03-25 от плательщика с ИНН 7203211391 и КПП 720301001 в ЭД Сведения о поступивших от юридических лиц платежах №14 от 2024-05-14 на сумму 77463413.49, соответствующий блок сообщения не будет обработан
2024.05.22 13:51:52, Строка пропущена. Связывание со входящим документом № 17 ЭД "Сведения о поступивших от юридических лиц платежах" № 14 ID = 1000224841. 
2024.05.22 13:51:52, В системе найдена строка на сумму 4907 за 2024-03-25 от плательщика с ИНН 7203211673 и КПП 720301001 в ЭД Сведения о поступивших от юридических лиц платежах №14 от 2024-05-14 на сумму 77463413.49, соответствующий блок сообщения не будет обработан
2024.05.22 13:51:52, Строка пропущена. Связывание со входящим документом № 17 ЭД "Сведения о поступивших от юридических лиц платежах" № 14 ID = 1000224841. 
2024.05.22 13:51:52, В системе найдена строка на сумму 57700 за 2024-03-25 от плательщика с ИНН 7453209211 и КПП 720345001 в ЭД Сведения о поступивших от юридических лиц платежах №14 от 2024-05-14 на сумму 77463413.49, соответствующий блок сообщения не будет обработан
2024.05.22 13:51:52, Строка пропущена. Связывание со входящим документом № 17 ЭД "Сведения о поступивших от юридических лиц платежах" № 14 ID = 1000224841. 
2024.05.22 13:51:52, В системе найдена строка на сумму 3887 за 2024-03-25 от плательщика с ИНН 7204121158 и КПП 720301001 в ЭД Сведения о поступивших от юридических лиц платежах №14 от 2024-05-14 на сумму 77463413.49, соответствующий блок сообщения не будет обработан
2024.05.22 13:51:52, Строка пропущена. Связывание со входящим документом № 17 ЭД "Сведения о поступивших от юридических лиц платежах" № 14 ID = 1000224841. 
2024.05.22 13:51:52, В системе найдена строка на сумму -106051 за 2024-03-25 от плательщика с ИНН 7204121623 и КПП 720301001 в ЭД Сведения о поступивших от юридических лиц платежах №14 от 2024-05-14 на сумму 77463413.49, соответствующий блок сообщения не будет обработан
2024.05.22 13:51:52, Строка пропущена. Связывание со входящим документом № 17 ЭД "Сведения о поступивших от юридических лиц платежах" № 14 ID = 1000224841. 
2024.05.22 13:51:52, В системе найдена строка на сумму 3181 за 2024-03-25 от плательщика с ИНН 7204171208 и КПП 720301001 в ЭД Сведения о поступивших от юридических лиц платежах №14 от 2024-05-14 на сумму 77463413.49, соответствующий блок сообщения не будет обработан
2024.05.22 13:51:52, Строка пропущена. Связывание со входящим документом № 17 ЭД "Сведения о поступивших от юридических лиц платежах" № 14 ID = 1000224841. 
2024.05.22 13:51:53, В системе найдена строка на сумму 7651 за 2024-03-25 от плательщика с ИНН 7202212850 и КПП 720301001 в ЭД Сведения о поступивших от юридических лиц платежах №14 от 2024-05-14 на сумму 77463413.49, соответствующий блок сообщения не будет обработан
2024.05.22 13:51:53, Строка пропущена. Связывание со входящим документом № 17 ЭД "Сведения о поступивших от юридических лиц платежах" № 14 ID = 1000224841. 
2024.05.22 13:51:53, В системе найдена строка на сумму 1640.95 за 2024-03-25 от плательщика с ИНН 7202212875 и КПП 720301001 в ЭД Сведения о поступивших от юридических лиц платежах №14 от 2024-05-14 на сумму 77463413.49, соответствующий блок сообщения не будет обработан
2024.05.22 13:51:53, Строка пропущена. Связывание со входящим документом № 17 ЭД "Сведения о поступивших от юридических лиц платежах" № 14 ID = 1000224841. 
2024.05.22 13:51:53, В системе найдена строка на сумму 23609 за 2024-03-25 от плательщика с ИНН 7203252951 и КПП 720301001 в ЭД Сведения о поступивших от юридических лиц платежах №14 от 2024-05-14 на сумму 77463413.49, соответствующий блок сообщения не будет обработан
2024.05.22 13:51:53, Строка пропущена. Связывание со входящим документом № 17 ЭД "Сведения о поступивших от юридических лиц платежах" № 14 ID = 1000224841. 
2024.05.22 13:51:53, В системе найдена строка на сумму 477660 за 2024-03-25 от плательщика с ИНН 7826705374 и КПП 720343001 в ЭД Сведения о поступивших от юридических лиц платежах №14 от 2024-05-14 на сумму 77463413.49, соответствующий блок сообщения не будет обработан
2024.05.22 13:51:53, Строка пропущена. Связывание со входящим документом № 17 ЭД "Сведения о поступивших от юридических лиц платежах" № 14 ID = 1000224841. 
2024.05.22 13:51:53, В системе найдена строка на сумму 4014 за 2024-03-25 от плательщика с ИНН 7204170275 и КПП 720301001 в ЭД Сведения о поступивших от юридических лиц платежах №14 от 2024-05-14 на сумму 77463413.49, соответствующий блок сообщения не будет обработан
2024.05.22 13:51:53, Строка пропущена. Связывание со входящим документом № 17 ЭД "Сведения о поступивших от юридических лиц платежах" № 14 ID = 1000224841. 
2024.05.22 13:51:53, В системе найдена строка на сумму 861.29 за 2024-03-25 от плательщика с ИНН 7204166712 и КПП 720301001 в ЭД Сведения о поступивших от юридических лиц платежах №14 от 2024-05-14 на сумму 77463413.49, соответствующий блок сообщения не будет обработан
2024.05.22 13:51:53, Строка пропущена. Связывание со входящим документом № 17 ЭД "Сведения о поступивших от юридических лиц платежах" № 14 ID = 1000224841. 
2024.05.22 13:51:53, В системе найдена строка на сумму 1465 за 2024-03-25 от плательщика с ИНН 5611031435 и КПП 720344001 в ЭД Сведения о поступивших от юридических лиц платежах №14 от 2024-05-14 на сумму 77463413.49, соответствующий блок сообщения не будет обработан
2024.05.22 13:51:53, Строка пропущена. Связывание со входящим документом № 17 ЭД "Сведения о поступивших от юридических лиц платежах" № 14 ID = 1000224841. 
2024.05.22 13:51:53, В системе найдена строка на сумму 104598 за 2024-03-25 от плательщика с ИНН 7204150127 и КПП 720301001 в ЭД Сведения о поступивших от юридических лиц платежах №14 от 2024-05-14 на сумму 77463413.49, соответствующий блок сообщения не будет обработан
2024.05.22 13:51:53, Строка пропущена. Связывание со входящим документом № 17 ЭД "Сведения о поступивших от юридических лиц платежах" № 14 ID = 1000224841. 
2024.05.22 13:51:53, В системе найдена строка на сумму -21600 за 2024-03-25 от плательщика с ИНН 7203262974 и КПП 720301001 в ЭД Сведения о поступивших от юридических лиц платежах №14 от 2024-05-14 на сумму 77463413.49, соответствующий блок сообщения не будет обработан
2024.05.22 13:51:53, Строка пропущена. Связывание со входящим документом № 17 ЭД "Сведения о поступивших от юридических лиц платежах" № 14 ID = 1000224841. 
2024.05.22 13:51:53, В системе найдена строка на сумму 1253.5 за 2024-03-25 от плательщика с ИНН 7203065856 и КПП 720301001 в ЭД Сведения о поступивших от юридических лиц платежах №14 от 2024-05-14 на сумму 77463413.49, соответствующий блок сообщения не будет обработан
2024.05.22 13:51:53, Строка пропущена. Связывание со входящим документом № 17 ЭД "Сведения о поступивших от юридических лиц платежах" № 14 ID = 1000224841. 
2024.05.22 13:51:53, В системе найдена строка на сумму 24700 за 2024-03-25 от плательщика с ИНН 7203233892 и КПП 720301001 в ЭД Сведения о поступивших от юридических лиц платежах №14 от 2024-05-14 на сумму 77463413.49, соответствующий блок сообщения не будет обработан
2024.05.22 13:51:53, Строка пропущена. Связывание со входящим документом № 17 ЭД "Сведения о поступивших от юридических лиц платежах" № 14 ID = 1000224841. 
2024.05.22 13:51:53, В системе найдена строка на сумму 1977670 за 2024-03-25 от плательщика с ИНН 7203126481 и КПП 720301001 в ЭД Сведения о поступивших от юридических лиц платежах №14 от 2024-05-14 на сумму 77463413.49, соответствующий блок сообщения не будет обработан
2024.05.22 13:51:53, Строка пропущена. Связывание со входящим документом № 17 ЭД "Сведения о поступивших от юридических лиц платежах" № 14 ID = 1000224841. 
2024.05.22 13:51:56, Добавление строки. Связывание со входящим документом № 17 ЭД "Сведения о поступивших от юридических лиц платежах" № 14 ID= 1000224841. 
2024.05.22 13:51:59, Добавление строки. Связывание со входящим документом № 17 ЭД "Сведения о поступивших от юридических лиц платежах" № 14 ID= 1000224841. 
2024.05.22 13:52:03, Добавление строки. Связывание со входящим документом № 17 ЭД "Сведения о поступивших от юридических лиц платежах" № 14 ID= 1000224841. 
2024.05.22 13:52:06, Добавление строки. Связывание со входящим документом № 17 ЭД "Сведения о поступивших от юридических лиц платежах" № 14 ID= 1000224841. 
2024.05.22 13:52:09, Добавление строки. Связывание со входящим документом № 17 ЭД "Сведения о поступивших от юридических лиц платежах" № 14 ID= 1000224841. 
2024.05.22 13:52:13, Добавление строки. Связывание со входящим документом № 17 ЭД "Сведения о поступивших от юридических лиц платежах" № 14 ID= 1000224841. 
2024.05.22 13:52:16, Добавление строки. Связывание со входящим документом № 17 ЭД "Сведения о поступивших от юридических лиц платежах" № 14 ID= 1000224841. 
2024.05.22 13:52:19, Добавление строки. Связывание со входящим документом № 17 ЭД "Сведения о поступивших от юридических лиц платежах" № 14 ID= 1000224841. 
2024.05.22 13:52:23, Добавление строки. Связывание со входящим документом № 17 ЭД "Сведения о поступивших от юридических лиц платежах" № 14 ID= 1000224841. 
2024.05.22 13:52:26, Добавление строки. Связывание со входящим документом № 17 ЭД "Сведения о поступивших от юридических лиц платежах" № 14 ID= 1000224841. 
2024.05.22 13:52:29, Добавление строки. Связывание со входящим документом № 17 ЭД "Сведения о поступивших от юридических лиц платежах" № 14 ID= 1000224841. 
2024.05.22 13:52:33, Добавление строки. Связывание со входящим документом № 17 ЭД "Сведения о поступивших от юридических лиц платежах" № 14 ID= 1000224841. 
2024.05.22 13:52:36, Добавление строки. Связывание со входящим документом № 17 ЭД "Сведения о поступивших от юридических лиц платежах" № 14 ID= 1000224841. 
2024.05.22 13:52:40, Добавление строки. Связывание со входящим документом № 17 ЭД "Сведения о поступивших от юридических лиц платежах" № 14 ID= 1000224841. 
2024.05.22 13:52:43, Добавление строки. Связывание со входящим документом № 17 ЭД "Сведения о поступивших от юридических лиц платежах" № 14 ID= 1000224841. 
2024.05.22 13:52:46, Добавление строки. Связывание со входящим документом № 17 ЭД "Сведения о поступивших от юридических лиц платежах" № 14 ID= 1000224841. 
2024.05.22 13:52:50, Добавление строки. Связывание со входящим документом № 17 ЭД "Сведения о поступивших от юридических лиц платежах" № 14 ID= 1000224841. 
2024.05.22 13:52:53, Добавление строки. Связывание со входящим документом № 17 ЭД "Сведения о поступивших от юридических лиц платежах" № 14 ID= 1000224841. 
2024.05.22 13:52:57, Добавление строки. Связывание со входящим документом № 17 ЭД "Сведения о поступивших от юридических лиц платежах" № 14 ID= 1000224841. 
2024.05.22 13:53:00, Добавление строки. Связывание со входящим документом № 17 ЭД "Сведения о поступивших от юридических лиц платежах" № 14 ID= 1000224841. 
2024.05.22 13:53:04, Добавление строки. Связывание со входящим документом № 17 ЭД "Сведения о поступивших от юридических лиц платежах" № 14 ID= 1000224841. 
2024.05.22 13:53:07, Добавление строки. Связывание со входящим документом № 17 ЭД "Сведения о поступивших от юридических лиц платежах" № 14 ID= 1000224841. 
2024.05.22 13:53:10, Добавление строки. Связывание со входящим документом № 17 ЭД "Сведения о поступивших от юридических лиц платежах" № 14 ID= 1000224841. 
2024.05.22 13:53:14, Добавление строки. Связывание со входящим документом № 17 ЭД "Сведения о поступивших от юридических лиц платежах" № 14 ID= 1000224841. 
2024.05.22 13:53:17, Добавление строки. Связывание со входящим документом № 17 ЭД "Сведения о поступивших от юридических лиц платежах" № 14 ID= 1000224841. 
2024.05.22 13:53:21, Добавление строки. Связывание со входящим документом № 17 ЭД "Сведения о поступивших от юридических лиц платежах" № 14 ID= 1000224841. 
2024.05.22 13:53:24, Добавление строки. Связывание со входящим документом № 17 ЭД "Сведения о поступивших от юридических лиц платежах" № 14 ID= 1000224841. 
2024.05.22 13:53:27, Добавление строки. Связывание со входящим документом № 17 ЭД "Сведения о поступивших от юридических лиц платежах" № 14 ID= 1000224841. 
2024.05.22 13:53:31, Добавление строки. Связывание со входящим документом № 17 ЭД "Сведения о поступивших от юридических лиц платежах" № 14 ID= 1000224841. 
2024.05.22 13:53:34, Добавление строки. Связывание со входящим документом № 17 ЭД "Сведения о поступивших от юридических лиц платежах" № 14 ID= 1000224841. 
2024.05.22 13:53:38, Добавление строки. Связывание со входящим документом № 17 ЭД "Сведения о поступивших от юридических лиц платежах" № 14 ID= 1000224841. 
2024.05.22 13:53:41, Добавление строки. Связывание со входящим документом № 17 ЭД "Сведения о поступивших от юридических лиц платежах" № 14 ID= 1000224841. 
2024.05.22 13:53:44, Добавление строки. Связывание со входящим документом № 17 ЭД "Сведения о поступивших от юридических лиц платежах" № 14 ID= 1000224841. 
2024.05.22 13:53:48, Добавление строки. Связывание со входящим документом № 17 ЭД "Сведения о поступивших от юридических лиц платежах" № 14 ID= 1000224841. 
2024.05.22 13:53:51, Добавление строки. Связывание со входящим документом № 17 ЭД "Сведения о поступивших от юридических лиц платежах" № 14 ID= 1000224841. 
2024.05.22 13:53:54, Добавление строки. Связывание со входящим документом № 17 ЭД "Сведения о поступивших от юридических лиц платежах" № 14 ID= 1000224841. 
2024.05.22 13:53:58, Добавление строки. Связывание со входящим документом № 17 ЭД "Сведения о поступивших от юридических лиц платежах" № 14 ID= 1000224841. 
2024.05.22 13:54:01, Добавление строки. Связывание со входящим документом № 17 ЭД "Сведения о поступивших от юридических лиц платежах" № 14 ID= 1000224841. 
2024.05.22 13:54:01, В системе найдена строка на сумму 15776 за 2024-03-25 от плательщика с ИНН 7203217820 и КПП 720301001 в ЭД Сведения о поступивших от юридических лиц платежах №14 от 2024-05-14 на сумму 74219232.21, соответствующий блок сообщения не будет обработан
2024.05.22 13:54:01, Строка пропущена. Связывание со входящим документом № 17 ЭД "Сведения о поступивших от юридических лиц платежах" № 14 ID = 1000224841. 
2024.05.22 13:54:01, В системе найдена строка на сумму 2916 за 2024-03-25 от плательщика с ИНН 7202200319 и КПП 720301001 в ЭД Сведения о поступивших от юридических лиц платежах №14 от 2024-05-14 на сумму 74219232.21, соответствующий блок сообщения не будет обработан
2024.05.22 13:54:01, Строка пропущена. Связывание со входящим документом № 17 ЭД "Сведения о поступивших от юридических лиц платежах" № 14 ID = 1000224841. 
2024.05.22 13:54:01, В системе найдена строка на сумму -381705 за 2024-03-25 от плательщика с ИНН 7701330105 и КПП 720345002 в ЭД Сведения о поступивших от юридических лиц платежах №14 от 2024-05-14 на сумму 74219232.21, соответствующий блок сообщения не будет обработан
2024.05.22 13:54:01, Строка пропущена. Связывание со входящим документом № 17 ЭД "Сведения о поступивших от юридических лиц платежах" № 14 ID = 1000224841. 
2024.05.22 13:54:01, В системе найдена строка на сумму 8006.63 за 2024-03-25 от плательщика с ИНН 7202142667 и КПП 720301001 в ЭД Сведения о поступивших от юридических лиц платежах №14 от 2024-05-14 на сумму 74219232.21, соответствующий блок сообщения не будет обработан
2024.05.22 13:54:01, Строка пропущена. Связывание со входящим документом № 17 ЭД "Сведения о поступивших от юридических лиц платежах" № 14 ID = 1000224841. 
2024.05.22 13:54:01, В системе найдена строка на сумму 95271.81 за 2024-03-25 от плательщика с ИНН 7204095324 и КПП 720301001 в ЭД Сведения о поступивших от юридических лиц платежах №14 от 2024-05-14 на сумму 74219232.21, соответствующий блок сообщения не будет обработан
2024.05.22 13:54:01, Строка пропущена. Связывание со входящим документом № 17 ЭД "Сведения о поступивших от юридических лиц платежах" № 14 ID = 1000224841. 
2024.05.22 13:54:01, В системе найдена строка на сумму 133455 за 2024-03-25 от плательщика с ИНН 7202202683 и КПП 720301001 в ЭД Сведения о поступивших от юридических лиц платежах №14 от 2024-05-14 на сумму 74219232.21, соответствующий блок сообщения не будет обработан
2024.05.22 13:54:01, Строка пропущена. Связывание со входящим документом № 17 ЭД "Сведения о поступивших от юридических лиц платежах" № 14 ID = 1000224841. 
2024.05.22 13:54:01, В системе найдена строка на сумму 425196 за 2024-03-25 от плательщика с ИНН 7202212071 и КПП 720301001 в ЭД Сведения о поступивших от юридических лиц платежах №14 от 2024-05-14 на сумму 74219232.21, соответствующий блок сообщения не будет обработан
2024.05.22 13:54:01, Строка пропущена. Связывание со входящим документом № 17 ЭД "Сведения о поступивших от юридических лиц платежах" № 14 ID = 1000224841. 
2024.05.22 13:54:01, В системе найдена строка на сумму 36090 за 2024-03-25 от плательщика с ИНН 7203156711 и КПП 720301001 в ЭД Сведения о поступивших от юридических лиц платежах №14 от 2024-05-14 на сумму 74219232.21, соответствующий блок сообщения не будет обработан
2024.05.22 13:54:01, Строка пропущена. Связывание со входящим документом № 17 ЭД "Сведения о поступивших от юридических лиц платежах" № 14 ID = 1000224841. 
2024.05.22 13:54:01, В системе найдена строка на сумму -3963 за 2024-03-25 от плательщика с ИНН 7202214897 и КПП 720301001 в ЭД Сведения о поступивших от юридических лиц платежах №14 от 2024-05-14 на сумму 74219232.21, соответствующий блок сообщения не будет обработан
2024.05.22 13:54:01, Строка пропущена. Связывание со входящим документом № 17 ЭД "Сведения о поступивших от юридических лиц платежах" № 14 ID = 1000224841. 
2024.05.22 13:54:01, В системе найдена строка на сумму -5949 за 2024-03-25 от плательщика с ИНН 7202214907 и КПП 720301001 в ЭД Сведения о поступивших от юридических лиц платежах №14 от 2024-05-14 на сумму 74219232.21, соответствующий блок сообщения не будет обработан
2024.05.22 13:54:01, Строка пропущена. Связывание со входящим документом № 17 ЭД "Сведения о поступивших от юридических лиц платежах" № 14 ID = 1000224841. 
2024.05.22 13:54:01, В системе найдена строка на сумму 78.71 за 2024-03-25 от плательщика с ИНН 7202192308 и КПП 720301001 в ЭД Сведения о поступивших от юридических лиц платежах №14 от 2024-05-14 на сумму 74219232.21, соответствующий блок сообщения не будет обработан
2024.05.22 13:54:01, Строка пропущена. Связывание со входящим документом № 17 ЭД "Сведения о поступивших от юридических лиц платежах" № 14 ID = 1000224841. 
2024.05.22 13:54:01, В системе найдена строка на сумму 8970 за 2024-03-25 от плательщика с ИНН 7203254797 и КПП 720301001 в ЭД Сведения о поступивших от юридических лиц платежах №14 от 2024-05-14 на сумму 74219232.21, соответствующий блок сообщения не будет обработан
2024.05.22 13:54:01, Строка пропущена. Связывание со входящим документом № 17 ЭД "Сведения о поступивших от юридических лиц платежах" № 14 ID = 1000224841. 
2024.05.22 13:54:01, В системе найдена строка на сумму -1474508 за 2024-03-25 от плательщика с ИНН 7202214946 и КПП 720301001 в ЭД Сведения о поступивших от юридических лиц платежах №14 от 2024-05-14 на сумму 74219232.21, соответствующий блок сообщения не будет обработан
2024.05.22 13:54:01, Строка пропущена. Связывание со входящим документом № 17 ЭД "Сведения о поступивших от юридических лиц платежах" № 14 ID = 1000224841. 
2024.05.22 13:54:01, В системе найдена строка на сумму 674 за 2024-03-25 от плательщика с ИНН 6670328214 и КПП 720301001 в ЭД Сведения о поступивших от юридических лиц платежах №14 от 2024-05-14 на сумму 74219232.21, соответствующий блок сообщения не будет обработан
2024.05.22 13:54:01, Строка пропущена. Связывание со входящим документом № 17 ЭД "Сведения о поступивших от юридических лиц платежах" № 14 ID = 1000224841. 
2024.05.22 13:54:01, В системе найдена строка на сумму 33034 за 2024-03-25 от плательщика с ИНН 5262130969 и КПП 720345001 в ЭД Сведения о поступивших от юридических лиц платежах №14 от 2024-05-14 на сумму 74219232.21, соответствующий блок сообщения не будет обработан
2024.05.22 13:54:01, Строка пропущена. Связывание со входящим документом № 17 ЭД "Сведения о поступивших от юридических лиц платежах" № 14 ID = 1000224841. 
2024.05.22 13:54:01, В системе найдена строка на сумму 1937 за 2024-03-25 от плательщика с ИНН 6672327632 и КПП 720345001 в ЭД Сведения о поступивших от юридических лиц платежах №14 от 2024-05-14 на сумму 74219232.21, соответствующий блок сообщения не будет обработан
2024.05.22 13:54:01, Строка пропущена. Связывание со входящим документом № 17 ЭД "Сведения о поступивших от юридических лиц платежах" № 14 ID = 1000224841. 
2024.05.22 13:54:01, В системе найдена строка на сумму 35236 за 2024-03-25 от плательщика с ИНН 7203272852 и КПП 720301001 в ЭД Сведения о поступивших от юридических лиц платежах №14 от 2024-05-14 на сумму 74219232.21, соответствующий блок сообщения не будет обработан
2024.05.22 13:54:01, Строка пропущена. Связывание со входящим документом № 17 ЭД "Сведения о поступивших от юридических лиц платежах" № 14 ID = 1000224841. 
2024.05.22 13:54:01, В системе найдена строка на сумму 4121 за 2024-03-25 от плательщика с ИНН 7202224937 и КПП 720301001 в ЭД Сведения о поступивших от юридических лиц платежах №14 от 2024-05-14 на сумму 74219232.21, соответствующий блок сообщения не будет обработан
2024.05.22 13:54:01, Строка пропущена. Связывание со входящим документом № 17 ЭД "Сведения о поступивших от юридических лиц платежах" № 14 ID = 1000224841. 
2024.05.22 13:54:01, В системе найдена строка на сумму 38453 за 2024-03-25 от плательщика с ИНН 6664032762 и КПП 720345004 в ЭД Сведения о поступивших от юридических лиц платежах №14 от 2024-05-14 на сумму 74219232.21, соответствующий блок сообщения не будет обработан
2024.05.22 13:54:01, Строка пропущена. Связывание со входящим документом № 17 ЭД "Сведения о поступивших от юридических лиц платежах" № 14 ID = 1000224841. 
2024.05.22 13:54:01, В системе найдена строка на сумму 13740 за 2024-03-25 от плательщика с ИНН 7203192734 и КПП 720301001 в ЭД Сведения о поступивших от юридических лиц платежах №14 от 2024-05-14 на сумму 74219232.21, соответствующий блок сообщения не будет обработан
2024.05.22 13:54:01, Строка пропущена. Связывание со входящим документом № 17 ЭД "Сведения о поступивших от юридических лиц платежах" № 14 ID = 1000224841. 
2024.05.22 13:54:01, В системе найдена строка на сумму 6382 за 2024-03-25 от плательщика с ИНН 7204110614 и КПП 720301001 в ЭД Сведения о поступивших от юридических лиц платежах №14 от 2024-05-14 на сумму 74219232.21, соответствующий блок сообщения не будет обработан
2024.05.22 13:54:01, Строка пропущена. Связывание со входящим документом № 17 ЭД "Сведения о поступивших от юридических лиц платежах" № 14 ID = 1000224841. 
2024.05.22 13:54:01, В системе найдена строка на сумму 33193.58 за 2024-03-25 от плательщика с ИНН 7203188294 и КПП 720301001 в ЭД Сведения о поступивших от юридических лиц платежах №14 от 2024-05-14 на сумму 74219232.21, соответствующий блок сообщения не будет обработан
2024.05.22 13:54:01, Строка пропущена. Связывание со входящим документом № 17 ЭД "Сведения о поступивших от юридических лиц платежах" № 14 ID = 1000224841. 
2024.05.22 13:54:01, В системе найдена строка на сумму 9879.22 за 2024-03-25 от плательщика с ИНН 7203188294 и КПП 720301001 в ЭД Сведения о поступивших от юридических лиц платежах №14 от 2024-05-14 на сумму 74219232.21, соответствующий блок сообщения не будет обработан
2024.05.22 13:54:01, Строка пропущена. Связывание со входящим документом № 17 ЭД "Сведения о поступивших от юридических лиц платежах" № 14 ID = 1000224841. 
2024.05.22 13:54:01, В системе найдена строка на сумму 121 за 2024-03-25 от плательщика с ИНН 7203235280 и КПП 720301001 в ЭД Сведения о поступивших от юридических лиц платежах №14 от 2024-05-14 на сумму 74219232.21, соответствующий блок сообщения не будет обработан
2024.05.22 13:54:01, Строка пропущена. Связывание со входящим документом № 17 ЭД "Сведения о поступивших от юридических лиц платежах" № 14 ID = 1000224841. 
2024.05.22 13:54:01, В системе найдена строка на сумму 45576 за 2024-03-25 от плательщика с ИНН 7204106495 и КПП 720301001 в ЭД Сведения о поступивших от юридических лиц платежах №14 от 2024-05-14 на сумму 74219232.21, соответствующий блок сообщения не будет обработан
2024.05.22 13:54:01, Строка пропущена. Связывание со входящим документом № 17 ЭД "Сведения о поступивших от юридических лиц платежах" № 14 ID = 1000224841. 
2024.05.22 13:54:01, В системе найдена строка на сумму 52918 за 2024-03-25 от плательщика с ИНН 7202201961 и КПП 720301001 в ЭД Сведения о поступивших от юридических лиц платежах №14 от 2024-05-14 на сумму 74219232.21, соответствующий блок сообщения не будет обработан
2024.05.22 13:54:01, Строка пропущена. Связывание со входящим документом № 17 ЭД "Сведения о поступивших от юридических лиц платежах" № 14 ID = 1000224841. 
2024.05.22 13:54:01, В системе найдена строка на сумму 16920.4 за 2024-03-25 от плательщика с ИНН 7204149058 и КПП 720301001 в ЭД Сведения о поступивших от юридических лиц платежах №14 от 2024-05-14 на сумму 74219232.21, соответствующий блок сообщения не будет обработан
2024.05.22 13:54:01, Строка пропущена. Связывание со входящим документом № 17 ЭД "Сведения о поступивших от юридических лиц платежах" № 14 ID = 1000224841. 
2024.05.22 13:54:05, Добавление строки. Связывание со входящим документом № 17 ЭД "Сведения о поступивших от юридических лиц платежах" № 14 ID= 1000224841. 
2024.05.22 13:54:08, Добавление строки. Связывание со входящим документом № 17 ЭД "Сведения о поступивших от юридических лиц платежах" № 14 ID= 1000224841. 
2024.05.22 13:54:12, Добавление строки. Связывание со входящим документом № 17 ЭД "Сведения о поступивших от юридических лиц платежах" № 14 ID= 1000224841. 
2024.05.22 13:54:15, Добавление строки. Связывание со входящим документом № 17 ЭД "Сведения о поступивших от юридических лиц платежах" № 14 ID= 1000224841. 
2024.05.22 13:54:19, Добавление строки. Связывание со входящим документом № 17 ЭД "Сведения о поступивших от юридических лиц платежах" № 14 ID= 1000224841. 
2024.05.22 13:54:22, Добавление строки. Связывание со входящим документом № 17 ЭД "Сведения о поступивших от юридических лиц платежах" № 14 ID= 1000224841. 
2024.05.22 13:54:25, Добавление строки. Связывание со входящим документом № 17 ЭД "Сведения о поступивших от юридических лиц платежах" № 14 ID= 1000224841. 
2024.05.22 13:54:29, Добавление строки. Связывание со входящим документом № 17 ЭД "Сведения о поступивших от юридических лиц платежах" № 14 ID= 1000224841. 
2024.05.22 13:54:32, Добавление строки. Связывание со входящим документом № 17 ЭД "Сведения о поступивших от юридических лиц платежах" № 14 ID= 1000224841. 
2024.05.22 13:54:36, Добавление строки. Связывание со входящим документом № 17 ЭД "Сведения о поступивших от юридических лиц платежах" № 14 ID= 1000224841. 
2024.05.22 13:54:39, Добавление строки. Связывание со входящим документом № 17 ЭД "Сведения о поступивших от юридических лиц платежах" № 14 ID= 1000224841. 
2024.05.22 13:54:43, Добавление строки. Связывание со входящим документом № 17 ЭД "Сведения о поступивших от юридических лиц платежах" № 14 ID= 1000224841. 
2024.05.22 13:54:46, Добавление строки. Связывание со входящим документом № 17 ЭД "Сведения о поступивших от юридических лиц платежах" № 14 ID= 1000224841. 
2024.05.22 13:54:50, Добавление строки. Связывание со входящим документом № 17 ЭД "Сведения о поступивших от юридических лиц платежах" № 14 ID= 1000224841. 
2024.05.22 13:54:53, Добавление строки. Связывание со входящим документом № 17 ЭД "Сведения о поступивших от юридических лиц платежах" № 14 ID= 1000224841. 
2024.05.22 13:54:57, Добавление строки. Связывание со входящим документом № 17 ЭД "Сведения о поступивших от юридических лиц платежах" № 14 ID= 1000224841. 
2024.05.22 13:55:00, Добавление строки. Связывание со входящим документом № 17 ЭД "Сведения о поступивших от юридических лиц платежах" № 14 ID= 1000224841. 
2024.05.22 13:55:04, Добавление строки. Связывание со входящим документом № 17 ЭД "Сведения о поступивших от юридических лиц платежах" № 14 ID= 1000224841. 
2024.05.22 13:55:08, Добавление строки. Связывание со входящим документом № 17 ЭД "Сведения о поступивших от юридических лиц платежах" № 14 ID= 1000224841. 
2024.05.22 13:55:11, Добавление строки. Связывание со входящим документом № 17 ЭД "Сведения о поступивших от юридических лиц платежах" № 14 ID= 1000224841. 
2024.05.22 13:55:15, Добавление строки. Связывание со входящим документом № 17 ЭД "Сведения о поступивших от юридических лиц платежах" № 14 ID= 1000224841. 
2024.05.22 13:55:18, Добавление строки. Связывание со входящим документом № 17 ЭД "Сведения о поступивших от юридических лиц платежах" № 14 ID= 1000224841. 
2024.05.22 13:55:22, Добавление строки. Связывание со входящим документом № 17 ЭД "Сведения о поступивших от юридических лиц платежах" № 14 ID= 1000224841. 
2024.05.22 13:55:25, Добавление строки. Связывание со входящим документом № 17 ЭД "Сведения о поступивших от юридических лиц платежах" № 14 ID= 1000224841. 
2024.05.22 13:55:29, Добавление строки. Связывание со входящим документом № 17 ЭД "Сведения о поступивших от юридических лиц платежах" № 14 ID= 1000224841. 
2024.05.22 13:55:32, Добавление строки. Связывание со входящим документом № 17 ЭД "Сведения о поступивших от юридических лиц платежах" № 14 ID= 1000224841. 
2024.05.22 13:55:36, Добавление строки. Связывание со входящим документом № 17 ЭД "Сведения о поступивших от юридических лиц платежах" № 14 ID= 1000224841. 
2024.05.22 13:55:40, Добавление строки. Связывание со входящим документом № 17 ЭД "Сведения о поступивших от юридических лиц платежах" № 14 ID= 1000224841. 
2024.05.22 13:55:43, Добавление строки. Связывание со входящим документом № 17 ЭД "Сведения о поступивших от юридических лиц платежах" № 14 ID= 1000224841. 
2024.05.22 13:55:47, Добавление строки. Связывание со входящим документом № 17 ЭД "Сведения о поступивших от юридических лиц платежах" № 14 ID= 1000224841. 
2024.05.22 13:55:50, Добавление строки. Связывание со входящим документом № 17 ЭД "Сведения о поступивших от юридических лиц платежах" № 14 ID= 1000224841. 
2024.05.22 13:55:50, В системе найдена строка на сумму 468760 за 2024-03-25 от плательщика с ИНН 7202074978 и КПП 720301001 в ЭД Сведения о поступивших от юридических лиц платежах №14 от 2024-05-14 на сумму 71852904.92, соответствующий блок сообщения не будет обработан
2024.05.22 13:55:50, Строка пропущена. Связывание со входящим документом № 17 ЭД "Сведения о поступивших от юридических лиц платежах" № 14 ID = 1000224841. 
2024.05.22 13:55:50, В системе найдена строка на сумму 5 за 2024-03-25 от плательщика с ИНН 7204029480 и КПП 720301001 в ЭД Сведения о поступивших от юридических лиц платежах №14 от 2024-05-14 на сумму 71852904.92, соответствующий блок сообщения не будет обработан
2024.05.22 13:55:50, Строка пропущена. Связывание со входящим документом № 17 ЭД "Сведения о поступивших от юридических лиц платежах" № 14 ID = 1000224841. 
2024.05.22 13:55:50, В системе найдена строка на сумму -36204 за 2024-03-25 от плательщика с ИНН 7204030158 и КПП 720301001 в ЭД Сведения о поступивших от юридических лиц платежах №14 от 2024-05-14 на сумму 71852904.92, соответствующий блок сообщения не будет обработан
2024.05.22 13:55:50, Строка пропущена. Связывание со входящим документом № 17 ЭД "Сведения о поступивших от юридических лиц платежах" № 14 ID = 1000224841. 
2024.05.22 13:55:50, В системе найдена строка на сумму -168002 за 2024-03-25 от плательщика с ИНН 7202002638 и КПП 720301001 в ЭД Сведения о поступивших от юридических лиц платежах №14 от 2024-05-14 на сумму 71852904.92, соответствующий блок сообщения не будет обработан
2024.05.22 13:55:50, Строка пропущена. Связывание со входящим документом № 17 ЭД "Сведения о поступивших от юридических лиц платежах" № 14 ID = 1000224841. 
2024.05.22 13:55:50, В системе найдена строка на сумму 11450 за 2024-03-25 от плательщика с ИНН 7202087960 и КПП 720301001 в ЭД Сведения о поступивших от юридических лиц платежах №14 от 2024-05-14 на сумму 71852904.92, соответствующий блок сообщения не будет обработан
2024.05.22 13:55:50, Строка пропущена. Связывание со входящим документом № 17 ЭД "Сведения о поступивших от юридических лиц платежах" № 14 ID = 1000224841. 
2024.05.22 13:55:54, Добавление строки. Связывание со входящим документом № 17 ЭД "Сведения о поступивших от юридических лиц платежах" № 14 ID= 1000224841. 
2024.05.22 13:55:58, Добавление строки. Связывание со входящим документом № 17 ЭД "Сведения о поступивших от юридических лиц платежах" № 14 ID= 1000224841. 
2024.05.22 13:56:01, Добавление строки. Связывание со входящим документом № 17 ЭД "Сведения о поступивших от юридических лиц платежах" № 14 ID= 1000224841. 
2024.05.22 13:56:05, Добавление строки. Связывание со входящим документом № 17 ЭД "Сведения о поступивших от юридических лиц платежах" № 14 ID= 1000224841. 
2024.05.22 13:56:09, Добавление строки. Связывание со входящим документом № 17 ЭД "Сведения о поступивших от юридических лиц платежах" № 14 ID= 1000224841. 
2024.05.22 13:56:12, Добавление строки. Связывание со входящим документом № 17 ЭД "Сведения о поступивших от юридических лиц платежах" № 14 ID= 1000224841. 
2024.05.22 13:56:16, Добавление строки. Связывание со входящим документом № 17 ЭД "Сведения о поступивших от юридических лиц платежах" № 14 ID= 1000224841. 
2024.05.22 13:56:19, Добавление строки. Связывание со входящим документом № 17 ЭД "Сведения о поступивших от юридических лиц платежах" № 14 ID= 1000224841. 
2024.05.22 13:56:23, Добавление строки. Связывание со входящим документом № 17 ЭД "Сведения о поступивших от юридических лиц платежах" № 14 ID= 1000224841. 
2024.05.22 13:56:27, Добавление строки. Связывание со входящим документом № 17 ЭД "Сведения о поступивших от юридических лиц платежах" № 14 ID= 1000224841. 
2024.05.22 13:56:30, Добавление строки. Связывание со входящим документом № 17 ЭД "Сведения о поступивших от юридических лиц платежах" № 14 ID= 1000224841. 
2024.05.22 13:56:35, Добавление строки. Связывание со входящим документом № 17 ЭД "Сведения о поступивших от юридических лиц платежах" № 14 ID= 1000224841. 
2024.05.22 13:56:38, Добавление строки. Связывание со входящим документом № 17 ЭД "Сведения о поступивших от юридических лиц платежах" № 14 ID= 1000224841. 
2024.05.22 13:56:42, Добавление строки. Связывание со входящим документом № 17 ЭД "Сведения о поступивших от юридических лиц платежах" № 14 ID= 1000224841. 
2024.05.22 13:56:46, Добавление строки. Связывание со входящим документом № 17 ЭД "Сведения о поступивших от юридических лиц платежах" № 14 ID= 1000224841. 
2024.05.22 13:56:50, Добавление строки. Связывание со входящим документом № 17 ЭД "Сведения о поступивших от юридических лиц платежах" № 14 ID= 1000224841. 
2024.05.22 13:56:53, Добавление строки. Связывание со входящим документом № 17 ЭД "Сведения о поступивших от юридических лиц платежах" № 14 ID= 1000224841. 
2024.05.22 13:56:57, Добавление строки. Связывание со входящим документом № 17 ЭД "Сведения о поступивших от юридических лиц платежах" № 14 ID= 1000224841. 
2024.05.22 13:57:01, Добавление строки. Связывание со входящим документом № 17 ЭД "Сведения о поступивших от юридических лиц платежах" № 14 ID= 1000224841. 
2024.05.22 13:57:04, Добавление строки. Связывание со входящим документом № 17 ЭД "Сведения о поступивших от юридических лиц платежах" № 14 ID= 1000224841. 
2024.05.22 13:57:08, Добавление строки. Связывание со входящим документом № 17 ЭД "Сведения о поступивших от юридических лиц платежах" № 14 ID= 1000224841. 
2024.05.22 13:57:11, Добавление строки. Связывание со входящим документом № 17 ЭД "Сведения о поступивших от юридических лиц платежах" № 14 ID= 1000224841. 
2024.05.22 13:57:15, Добавление строки. Связывание со входящим документом № 17 ЭД "Сведения о поступивших от юридических лиц платежах" № 14 ID= 1000224841. 
2024.05.22 13:57:15, В системе найдена строка на сумму 36139 за 2024-03-25 от плательщика с ИНН 7203234014 и КПП 720301001 в ЭД Сведения о поступивших от юридических лиц платежах №14 от 2024-05-14 на сумму 67274300.72, соответствующий блок сообщения не будет обработан
2024.05.22 13:57:15, Строка пропущена. Связывание со входящим документом № 17 ЭД "Сведения о поступивших от юридических лиц платежах" № 14 ID = 1000224841. 
2024.05.22 13:57:18, Добавление строки. Связывание со входящим документом № 17 ЭД "Сведения о поступивших от юридических лиц платежах" № 14 ID= 1000224841. 
2024.05.22 13:57:21, Добавление строки. Связывание со входящим документом № 17 ЭД "Сведения о поступивших от юридических лиц платежах" № 14 ID= 1000224841. 
2024.05.22 13:57:25, Добавление строки. Связывание со входящим документом № 17 ЭД "Сведения о поступивших от юридических лиц платежах" № 14 ID= 1000224841. 
2024.05.22 13:57:28, Добавление строки. Связывание со входящим документом № 17 ЭД "Сведения о поступивших от юридических лиц платежах" № 14 ID= 1000224841. 
2024.05.22 13:57:31, Добавление строки. Связывание со входящим документом № 17 ЭД "Сведения о поступивших от юридических лиц платежах" № 14 ID= 1000224841. 
2024.05.22 13:57:31, В системе найдена строка на сумму 102485 за 2024-03-25 от плательщика с ИНН 6661014934 и КПП 720343001 в ЭД Сведения о поступивших от юридических лиц платежах №14 от 2024-05-14 на сумму 67741811.72, соответствующий блок сообщения не будет обработан
2024.05.22 13:57:31, Строка пропущена. Связывание со входящим документом № 17 ЭД "Сведения о поступивших от юридических лиц платежах" № 14 ID = 1000224841. 
2024.05.22 13:57:31, В системе найдена строка на сумму 149425 за 2024-03-25 от плательщика с ИНН 7203156655 и КПП 720301001 в ЭД Сведения о поступивших от юридических лиц платежах №14 от 2024-05-14 на сумму 67741811.72, соответствующий блок сообщения не будет обработан
2024.05.22 13:57:31, Строка пропущена. Связывание со входящим документом № 17 ЭД "Сведения о поступивших от юридических лиц платежах" № 14 ID = 1000224841. 
2024.05.22 13:57:31, В системе найдена строка на сумму 76201 за 2024-03-25 от плательщика с ИНН 6662086875 и КПП 720345001 в ЭД Сведения о поступивших от юридических лиц платежах №14 от 2024-05-14 на сумму 67741811.72, соответствующий блок сообщения не будет обработан
2024.05.22 13:57:31, Строка пропущена. Связывание со входящим документом № 17 ЭД "Сведения о поступивших от юридических лиц платежах" № 14 ID = 1000224841. 
2024.05.22 13:57:35, Добавление строки. Связывание со входящим документом № 17 ЭД "Сведения о поступивших от юридических лиц платежах" № 14 ID= 1000224841. 
2024.05.22 13:57:38, Добавление строки. Связывание со входящим документом № 17 ЭД "Сведения о поступивших от юридических лиц платежах" № 14 ID= 1000224841. 
2024.05.22 13:57:41, Добавление строки. Связывание со входящим документом № 17 ЭД "Сведения о поступивших от юридических лиц платежах" № 14 ID= 1000224841. 
2024.05.22 13:57:45, Добавление строки. Связывание со входящим документом № 17 ЭД "Сведения о поступивших от юридических лиц платежах" № 14 ID= 1000224841. 
2024.05.22 13:57:48, Добавление строки. Связывание со входящим документом № 17 ЭД "Сведения о поступивших от юридических лиц платежах" № 14 ID= 1000224841. 
2024.05.22 13:57:51, Добавление строки. Связывание со входящим документом № 17 ЭД "Сведения о поступивших от юридических лиц платежах" № 14 ID= 1000224841. 
2024.05.22 13:57:55, Добавление строки. Связывание со входящим документом № 17 ЭД "Сведения о поступивших от юридических лиц платежах" № 14 ID= 1000224841. 
2024.05.22 13:57:58, Добавление строки. Связывание со входящим документом № 17 ЭД "Сведения о поступивших от юридических лиц платежах" № 14 ID= 1000224841. 
2024.05.22 13:58:01, Добавление строки. Связывание со входящим документом № 17 ЭД "Сведения о поступивших от юридических лиц платежах" № 14 ID= 1000224841. 
2024.05.22 13:58:05, Добавление строки. Связывание со входящим документом № 17 ЭД "Сведения о поступивших от юридических лиц платежах" № 14 ID= 1000224841. 
2024.05.22 13:58:08, Добавление строки. Связывание со входящим документом № 17 ЭД "Сведения о поступивших от юридических лиц платежах" № 14 ID= 1000224841. 
2024.05.22 13:58:12, Добавление строки. Связывание со входящим документом № 17 ЭД "Сведения о поступивших от юридических лиц платежах" № 14 ID= 1000224841. 
2024.05.22 13:58:15, Добавление строки. Связывание со входящим документом № 17 ЭД "Сведения о поступивших от юридических лиц платежах" № 14 ID= 1000224841. 
2024.05.22 13:58:18, Добавление строки. Связывание со входящим документом № 17 ЭД "Сведения о поступивших от юридических лиц платежах" № 14 ID= 1000224841. 
2024.05.22 13:58:21, Добавление строки. Связывание со входящим документом № 17 ЭД "Сведения о поступивших от юридических лиц платежах" № 14 ID= 1000224841. 
2024.05.22 13:58:25, Добавление строки. Связывание со входящим документом № 17 ЭД "Сведения о поступивших от юридических лиц платежах" № 14 ID= 1000224841. 
2024.05.22 13:58:28, Добавление строки. Связывание со входящим документом № 17 ЭД "Сведения о поступивших от юридических лиц платежах" № 14 ID= 1000224841. 
2024.05.22 13:58:32, Добавление строки. Связывание со входящим документом № 17 ЭД "Сведения о поступивших от юридических лиц платежах" № 14 ID= 1000224841. 
2024.05.22 13:58:35, Добавление строки. Связывание со входящим документом № 17 ЭД "Сведения о поступивших от юридических лиц платежах" № 14 ID= 1000224841. 
2024.05.22 13:58:38, Добавление строки. Связывание со входящим документом № 17 ЭД "Сведения о поступивших от юридических лиц платежах" № 14 ID= 1000224841. 
2024.05.22 13:58:51, Добавление строки. Связывание со входящим документом № 17 ЭД "Сведения о поступивших от юридических лиц платежах" № 14 ID= 1000224841. 
2024.05.22 13:58:56, Добавление строки. Связывание со входящим документом № 17 ЭД "Сведения о поступивших от юридических лиц платежах" № 14 ID= 1000224841. 
2024.05.22 13:59:00, Добавление строки. Связывание со входящим документом № 17 ЭД "Сведения о поступивших от юридических лиц платежах" № 14 ID= 1000224841. 
2024.05.22 13:59:04, Добавление строки. Связывание со входящим документом № 17 ЭД "Сведения о поступивших от юридических лиц платежах" № 14 ID= 1000224841. 
2024.05.22 13:59:09, Добавление строки. Связывание со входящим документом № 17 ЭД "Сведения о поступивших от юридических лиц платежах" № 14 ID= 1000224841. 
2024.05.22 13:59:13, Добавление строки. Связывание со входящим документом № 17 ЭД "Сведения о поступивших от юридических лиц платежах" № 14 ID= 1000224841. 
2024.05.22 13:59:17, Добавление строки. Связывание со входящим документом № 17 ЭД "Сведения о поступивших от юридических лиц платежах" № 14 ID= 1000224841. 
2024.05.22 13:59:21, Добавление строки. Связывание со входящим документом № 17 ЭД "Сведения о поступивших от юридических лиц платежах" № 14 ID= 1000224841. 
2024.05.22 13:59:21, В системе найдена строка на сумму 311.01 за 2024-03-25 от плательщика с ИНН 7202202147 и КПП 720301001 в ЭД Сведения о поступивших от юридических лиц платежах №14 от 2024-05-14 на сумму 69414895.1, соответствующий блок сообщения не будет обработан
2024.05.22 13:59:21, Строка пропущена. Связывание со входящим документом № 17 ЭД "Сведения о поступивших от юридических лиц платежах" № 14 ID = 1000224841. 
2024.05.22 13:59:25, Добавление строки. Связывание со входящим документом № 17 ЭД "Сведения о поступивших от юридических лиц платежах" № 14 ID= 1000224841. 
2024.05.22 13:59:28, Добавление строки. Связывание со входящим документом № 17 ЭД "Сведения о поступивших от юридических лиц платежах" № 14 ID= 1000224841. 
2024.05.22 13:59:32, Добавление строки. Связывание со входящим документом № 17 ЭД "Сведения о поступивших от юридических лиц платежах" № 14 ID= 1000224841. 
2024.05.22 13:59:35, Добавление строки. Связывание со входящим документом № 17 ЭД "Сведения о поступивших от юридических лиц платежах" № 14 ID= 1000224841. 
2024.05.22 13:59:39, Добавление строки. Связывание со входящим документом № 17 ЭД "Сведения о поступивших от юридических лиц платежах" № 14 ID= 1000224841. 
2024.05.22 13:59:42, Добавление строки. Связывание со входящим документом № 17 ЭД "Сведения о поступивших от юридических лиц платежах" № 14 ID= 1000224841. 
2024.05.22 13:59:46, Добавление строки. Связывание со входящим документом № 17 ЭД "Сведения о поступивших от юридических лиц платежах" № 14 ID= 1000224841. 
2024.05.22 13:59:49, Добавление строки. Связывание со входящим документом № 17 ЭД "Сведения о поступивших от юридических лиц платежах" № 14 ID= 1000224841. 
2024.05.22 13:59:52, Добавление строки. Связывание со входящим документом № 17 ЭД "Сведения о поступивших от юридических лиц платежах" № 14 ID= 1000224841. 
2024.05.22 13:59:56, Добавление строки. Связывание со входящим документом № 17 ЭД "Сведения о поступивших от юридических лиц платежах" № 14 ID= 1000224841. 
2024.05.22 13:59:59, Добавление строки. Связывание со входящим документом № 17 ЭД "Сведения о поступивших от юридических лиц платежах" № 14 ID= 1000224841. 
2024.05.22 14:00:02, Добавление строки. Связывание со входящим документом № 17 ЭД "Сведения о поступивших от юридических лиц платежах" № 14 ID= 1000224841. 
2024.05.22 14:00:06, Добавление строки. Связывание со входящим документом № 17 ЭД "Сведения о поступивших от юридических лиц платежах" № 14 ID= 1000224841. 
2024.05.22 14:00:09, Добавление строки. Связывание со входящим документом № 17 ЭД "Сведения о поступивших от юридических лиц платежах" № 14 ID= 1000224841. 
2024.05.22 14:00:13, Добавление строки. Связывание со входящим документом № 17 ЭД "Сведения о поступивших от юридических лиц платежах" № 14 ID= 1000224841. 
2024.05.22 14:00:16, Добавление строки. Связывание со входящим документом № 17 ЭД "Сведения о поступивших от юридических лиц платежах" № 14 ID= 1000224841. 
2024.05.22 14:00:19, Добавление строки. Связывание со входящим документом № 17 ЭД "Сведения о поступивших от юридических лиц платежах" № 14 ID= 1000224841. 
2024.05.22 14:00:22, Добавление строки. Связывание со входящим документом № 17 ЭД "Сведения о поступивших от юридических лиц платежах" № 14 ID= 1000224841. 
2024.05.22 14:00:26, Добавление строки. Связывание со входящим документом № 17 ЭД "Сведения о поступивших от юридических лиц платежах" № 14 ID= 1000224841. 
2024.05.22 14:00:29, Добавление строки. Связывание со входящим документом № 17 ЭД "Сведения о поступивших от юридических лиц платежах" № 14 ID= 1000224841. 
2024.05.22 14:00:32, Добавление строки. Связывание со входящим документом № 17 ЭД "Сведения о поступивших от юридических лиц платежах" № 14 ID= 1000224841. 
2024.05.22 14:00:35, Добавление строки. Связывание со входящим документом № 17 ЭД "Сведения о поступивших от юридических лиц платежах" № 14 ID= 1000224841. 
2024.05.22 14:00:39, Добавление строки. Связывание со входящим документом № 17 ЭД "Сведения о поступивших от юридических лиц платежах" № 14 ID= 1000224841. 
2024.05.22 14:00:42, Добавление строки. Связывание со входящим документом № 17 ЭД "Сведения о поступивших от юридических лиц платежах" № 14 ID= 1000224841. 
2024.05.22 14:00:45, Добавление строки. Связывание со входящим документом № 17 ЭД "Сведения о поступивших от юридических лиц платежах" № 14 ID= 1000224841. 
2024.05.22 14:00:49, Добавление строки. Связывание со входящим документом № 17 ЭД "Сведения о поступивших от юридических лиц платежах" № 14 ID= 1000224841. 
2024.05.22 14:00:52, Добавление строки. Связывание со входящим документом № 17 ЭД "Сведения о поступивших от юридических лиц платежах" № 14 ID= 1000224841. 
2024.05.22 14:00:56, Добавление строки. Связывание со входящим документом № 17 ЭД "Сведения о поступивших от юридических лиц платежах" № 14 ID= 1000224841. 
2024.05.22 14:00:59, Добавление строки. Связывание со входящим документом № 17 ЭД "Сведения о поступивших от юридических лиц платежах" № 14 ID= 1000224841. 
2024.05.22 14:01:03, Добавление строки. Связывание со входящим документом № 17 ЭД "Сведения о поступивших от юридических лиц платежах" № 14 ID= 1000224841. 
2024.05.22 14:01:06, Добавление строки. Связывание со входящим документом № 17 ЭД "Сведения о поступивших от юридических лиц платежах" № 14 ID= 1000224841. 
2024.05.22 14:01:10, Добавление строки. Связывание со входящим документом № 17 ЭД "Сведения о поступивших от юридических лиц платежах" № 14 ID= 1000224841. 
2024.05.22 14:01:13, Добавление строки. Связывание со входящим документом № 17 ЭД "Сведения о поступивших от юридических лиц платежах" № 14 ID= 1000224841. 
2024.05.22 14:01:17, Добавление строки. Связывание со входящим документом № 17 ЭД "Сведения о поступивших от юридических лиц платежах" № 14 ID= 1000224841. 
2024.05.22 14:01:20, Добавление строки. Связывание со входящим документом № 17 ЭД "Сведения о поступивших от юридических лиц платежах" № 14 ID= 1000224841. 
2024.05.22 14:01:20, В системе найдена строка на сумму 10349.23 за 2024-03-25 от плательщика с ИНН 7202202683 и КПП 720301001 в ЭД Сведения о поступивших от юридических лиц платежах №14 от 2024-05-14 на сумму 69715301.49, соответствующий блок сообщения не будет обработан
2024.05.22 14:01:20, Строка пропущена. Связывание со входящим документом № 17 ЭД "Сведения о поступивших от юридических лиц платежах" № 14 ID = 1000224841. 
2024.05.22 14:01:20, В системе найдена строка на сумму 29708 за 2024-03-25 от плательщика с ИНН 7224042225 и КПП 720301001 в ЭД Сведения о поступивших от юридических лиц платежах №14 от 2024-05-14 на сумму 69715301.49, соответствующий блок сообщения не будет обработан
2024.05.22 14:01:20, Строка пропущена. Связывание со входящим документом № 17 ЭД "Сведения о поступивших от юридических лиц платежах" № 14 ID = 1000224841. 
2024.05.22 14:01:20, В системе найдена строка на сумму 156757.88 за 2024-03-25 от плательщика с ИНН 7203243481 и КПП 720301001 в ЭД Сведения о поступивших от юридических лиц платежах №14 от 2024-05-14 на сумму 69715301.49, соответствующий блок сообщения не будет обработан
2024.05.22 14:01:20, Строка пропущена. Связывание со входящим документом № 17 ЭД "Сведения о поступивших от юридических лиц платежах" № 14 ID = 1000224841. 
2024.05.22 14:01:20, В системе найдена строка на сумму -982 за 2024-03-25 от плательщика с ИНН 7202193301 и КПП 720301001 в ЭД Сведения о поступивших от юридических лиц платежах №14 от 2024-05-14 на сумму 69715301.49, соответствующий блок сообщения не будет обработан
2024.05.22 14:01:20, Строка пропущена. Связывание со входящим документом № 17 ЭД "Сведения о поступивших от юридических лиц платежах" № 14 ID = 1000224841. 
2024.05.22 14:01:20, В системе найдена строка на сумму -13 за 2024-03-25 от плательщика с ИНН 7202214463 и КПП 720301001 в ЭД Сведения о поступивших от юридических лиц платежах №14 от 2024-05-14 на сумму 69715301.49, соответствующий блок сообщения не будет обработан
2024.05.22 14:01:20, Строка пропущена. Связывание со входящим документом № 17 ЭД "Сведения о поступивших от юридических лиц платежах" № 14 ID = 1000224841. 
2024.05.22 14:01:20, В системе найдена строка на сумму 31965 за 2024-03-25 от плательщика с ИНН 7204163310 и КПП 720301001 в ЭД Сведения о поступивших от юридических лиц платежах №14 от 2024-05-14 на сумму 69715301.49, соответствующий блок сообщения не будет обработан
2024.05.22 14:01:20, Строка пропущена. Связывание со входящим документом № 17 ЭД "Сведения о поступивших от юридических лиц платежах" № 14 ID = 1000224841. 
2024.05.22 14:01:20, В системе найдена строка на сумму 257299.09 за 2024-03-25 от плательщика с ИНН 7203254395 и КПП 720301001 в ЭД Сведения о поступивших от юридических лиц платежах №14 от 2024-05-14 на сумму 69715301.49, соответствующий блок сообщения не будет обработан
2024.05.22 14:01:20, Строка пропущена. Связывание со входящим документом № 17 ЭД "Сведения о поступивших от юридических лиц платежах" № 14 ID = 1000224841. 
2024.05.22 14:01:20, В системе найдена строка на сумму 22425 за 2024-03-25 от плательщика с ИНН 7204163528 и КПП 720301001 в ЭД Сведения о поступивших от юридических лиц платежах №14 от 2024-05-14 на сумму 69715301.49, соответствующий блок сообщения не будет обработан
2024.05.22 14:01:20, Строка пропущена. Связывание со входящим документом № 17 ЭД "Сведения о поступивших от юридических лиц платежах" № 14 ID = 1000224841. 
2024.05.22 14:01:20, В системе найдена строка на сумму 8658 за 2024-03-25 от плательщика с ИНН 7202214664 и КПП 720301001 в ЭД Сведения о поступивших от юридических лиц платежах №14 от 2024-05-14 на сумму 69715301.49, соответствующий блок сообщения не будет обработан
2024.05.22 14:01:20, Строка пропущена. Связывание со входящим документом № 17 ЭД "Сведения о поступивших от юридических лиц платежах" № 14 ID = 1000224841. 
2024.05.22 14:01:20, В системе найдена строка на сумму -3950 за 2024-03-25 от плательщика с ИНН 7202192308 и КПП 720301001 в ЭД Сведения о поступивших от юридических лиц платежах №14 от 2024-05-14 на сумму 69715301.49, соответствующий блок сообщения не будет обработан
2024.05.22 14:01:20, Строка пропущена. Связывание со входящим документом № 17 ЭД "Сведения о поступивших от юридических лиц платежах" № 14 ID = 1000224841. 
2024.05.22 14:01:20, В системе найдена строка на сумму 145562 за 2024-03-25 от плательщика с ИНН 7202192499 и КПП 720301001 в ЭД Сведения о поступивших от юридических лиц платежах №14 от 2024-05-14 на сумму 69715301.49, соответствующий блок сообщения не будет обработан
2024.05.22 14:01:20, Строка пропущена. Связывание со входящим документом № 17 ЭД "Сведения о поступивших от юридических лиц платежах" № 14 ID = 1000224841. 
2024.05.22 14:01:20, В системе найдена строка на сумму 3315 за 2024-03-25 от плательщика с ИНН 7204164232 и КПП 720301001 в ЭД Сведения о поступивших от юридических лиц платежах №14 от 2024-05-14 на сумму 69715301.49, соответствующий блок сообщения не будет обработан
2024.05.22 14:01:20, Строка пропущена. Связывание со входящим документом № 17 ЭД "Сведения о поступивших от юридических лиц платежах" № 14 ID = 1000224841. 
2024.05.22 14:01:20, В системе найдена строка на сумму 68900 за 2024-03-25 от плательщика с ИНН 7202215308 и КПП 720301001 в ЭД Сведения о поступивших от юридических лиц платежах №14 от 2024-05-14 на сумму 69715301.49, соответствующий блок сообщения не будет обработан
2024.05.22 14:01:20, Строка пропущена. Связывание со входящим документом № 17 ЭД "Сведения о поступивших от юридических лиц платежах" № 14 ID = 1000224841. 
2024.05.22 14:01:20, В системе найдена строка на сумму -8092 за 2024-03-25 от плательщика с ИНН 0276061770 и КПП 720345001 в ЭД Сведения о поступивших от юридических лиц платежах №14 от 2024-05-14 на сумму 69715301.49, соответствующий блок сообщения не будет обработан
2024.05.22 14:01:20, Строка пропущена. Связывание со входящим документом № 17 ЭД "Сведения о поступивших от юридических лиц платежах" № 14 ID = 1000224841. 
2024.05.22 14:01:20, В системе найдена строка на сумму 187653 за 2024-03-25 от плательщика с ИНН 7202215668 и КПП 720301001 в ЭД Сведения о поступивших от юридических лиц платежах №14 от 2024-05-14 на сумму 69715301.49, соответствующий блок сообщения не будет обработан
2024.05.22 14:01:20, Строка пропущена. Связывание со входящим документом № 17 ЭД "Сведения о поступивших от юридических лиц платежах" № 14 ID = 1000224841. 
2024.05.22 14:01:20, В системе найдена строка на сумму 193787 за 2024-03-25 от плательщика с ИНН 7202224670 и КПП 720301001 в ЭД Сведения о поступивших от юридических лиц платежах №14 от 2024-05-14 на сумму 69715301.49, соответствующий блок сообщения не будет обработан
2024.05.22 14:01:20, Строка пропущена. Связывание со входящим документом № 17 ЭД "Сведения о поступивших от юридических лиц платежах" № 14 ID = 1000224841. 
2024.05.22 14:01:20, В системе найдена строка на сумму 200 за 2024-03-25 от плательщика с ИНН 8601024530 и КПП 720301001 в ЭД Сведения о поступивших от юридических лиц платежах №14 от 2024-05-14 на сумму 69715301.49, соответствующий блок сообщения не будет обработан
2024.05.22 14:01:20, Строка пропущена. Связывание со входящим документом № 17 ЭД "Сведения о поступивших от юридических лиц платежах" № 14 ID = 1000224841. 
2024.05.22 14:01:20, В системе найдена строка на сумму -5398.25 за 2024-03-25 от плательщика с ИНН 7202224920 и КПП 720301001 в ЭД Сведения о поступивших от юридических лиц платежах №14 от 2024-05-14 на сумму 69715301.49, соответствующий блок сообщения не будет обработан
2024.05.22 14:01:20, Строка пропущена. Связывание со входящим документом № 17 ЭД "Сведения о поступивших от юридических лиц платежах" № 14 ID = 1000224841. 
2024.05.22 14:01:20, В системе найдена строка на сумму 13886.96 за 2024-03-25 от плательщика с ИНН 7202224951 и КПП 720301001 в ЭД Сведения о поступивших от юридических лиц платежах №14 от 2024-05-14 на сумму 69715301.49, соответствующий блок сообщения не будет обработан
2024.05.22 14:01:20, Строка пропущена. Связывание со входящим документом № 17 ЭД "Сведения о поступивших от юридических лиц платежах" № 14 ID = 1000224841. 
2024.05.22 14:01:24, Добавление строки. Связывание со входящим документом № 17 ЭД "Сведения о поступивших от юридических лиц платежах" № 14 ID= 1000224841. 
2024.05.22 14:01:27, Добавление строки. Связывание со входящим документом № 17 ЭД "Сведения о поступивших от юридических лиц платежах" № 14 ID= 1000224841. 
2024.05.22 14:01:31, Добавление строки. Связывание со входящим документом № 17 ЭД "Сведения о поступивших от юридических лиц платежах" № 14 ID= 1000224841. 
2024.05.22 14:01:35, Добавление строки. Связывание со входящим документом № 17 ЭД "Сведения о поступивших от юридических лиц платежах" № 14 ID= 1000224841. 
2024.05.22 14:01:38, Добавление строки. Связывание со входящим документом № 17 ЭД "Сведения о поступивших от юридических лиц платежах" № 14 ID= 1000224841. 
2024.05.22 14:01:38, В системе найдена строка на сумму 177428 за 2024-03-25 от плательщика с ИНН 7203168876 и КПП 720301001 в ЭД Сведения о поступивших от юридических лиц платежах №14 от 2024-05-14 на сумму 69951371.11, соответствующий блок сообщения не будет обработан
2024.05.22 14:01:38, Строка пропущена. Связывание со входящим документом № 17 ЭД "Сведения о поступивших от юридических лиц платежах" № 14 ID = 1000224841. 
2024.05.22 14:01:38, В системе найдена строка на сумму 204152 за 2024-03-25 от плательщика с ИНН 6670324210 и КПП 720345001 в ЭД Сведения о поступивших от юридических лиц платежах №14 от 2024-05-14 на сумму 69951371.11, соответствующий блок сообщения не будет обработан
2024.05.22 14:01:38, Строка пропущена. Связывание со входящим документом № 17 ЭД "Сведения о поступивших от юридических лиц платежах" № 14 ID = 1000224841. 
2024.05.22 14:01:38, В системе найдена строка на сумму 25383 за 2024-03-25 от плательщика с ИНН 7203217178 и КПП 720301001 в ЭД Сведения о поступивших от юридических лиц платежах №14 от 2024-05-14 на сумму 69951371.11, соответствующий блок сообщения не будет обработан
2024.05.22 14:01:38, Строка пропущена. Связывание со входящим документом № 17 ЭД "Сведения о поступивших от юридических лиц платежах" № 14 ID = 1000224841. 
2024.05.22 14:01:38, В системе найдена строка на сумму 46408 за 2024-03-25 от плательщика с ИНН 7202143413 и КПП 720301001 в ЭД Сведения о поступивших от юридических лиц платежах №14 от 2024-05-14 на сумму 69951371.11, соответствующий блок сообщения не будет обработан
2024.05.22 14:01:38, Строка пропущена. Связывание со входящим документом № 17 ЭД "Сведения о поступивших от юридических лиц платежах" № 14 ID = 1000224841. 
2024.05.22 14:01:38, В системе найдена строка на сумму 100985 за 2024-03-25 от плательщика с ИНН 7202213389 и КПП 720301001 в ЭД Сведения о поступивших от юридических лиц платежах №14 от 2024-05-14 на сумму 69951371.11, соответствующий блок сообщения не будет обработан
2024.05.22 14:01:38, Строка пропущена. Связывание со входящим документом № 17 ЭД "Сведения о поступивших от юридических лиц платежах" № 14 ID = 1000224841. 
2024.05.22 14:01:38, В системе найдена строка на сумму 770 за 2024-03-25 от плательщика с ИНН 7204162066 и КПП 720301001 в ЭД Сведения о поступивших от юридических лиц платежах №14 от 2024-05-14 на сумму 69951371.11, соответствующий блок сообщения не будет обработан
2024.05.22 14:01:38, Строка пропущена. Связывание со входящим документом № 17 ЭД "Сведения о поступивших от юридических лиц платежах" № 14 ID = 1000224841. 
2024.05.22 14:01:38, В системе найдена строка на сумму -48896 за 2024-03-25 от плательщика с ИНН 7202132059 и КПП 720301001 в ЭД Сведения о поступивших от юридических лиц платежах №14 от 2024-05-14 на сумму 69951371.11, соответствующий блок сообщения не будет обработан
2024.05.22 14:01:38, Строка пропущена. Связывание со входящим документом № 17 ЭД "Сведения о поступивших от юридических лиц платежах" № 14 ID = 1000224841. 
2024.05.22 14:01:38, В системе найдена строка на сумму 33531 за 2024-03-25 от плательщика с ИНН 7202197553 и КПП 720301001 в ЭД Сведения о поступивших от юридических лиц платежах №14 от 2024-05-14 на сумму 69951371.11, соответствующий блок сообщения не будет обработан
2024.05.22 14:01:38, Строка пропущена. Связывание со входящим документом № 17 ЭД "Сведения о поступивших от юридических лиц платежах" № 14 ID = 1000224841. 
2024.05.22 14:01:38, В системе найдена строка на сумму 143126 за 2024-03-25 от плательщика с ИНН 7203188689 и КПП 720301001 в ЭД Сведения о поступивших от юридических лиц платежах №14 от 2024-05-14 на сумму 69951371.11, соответствующий блок сообщения не будет обработан
2024.05.22 14:01:38, Строка пропущена. Связывание со входящим документом № 17 ЭД "Сведения о поступивших от юридических лиц платежах" № 14 ID = 1000224841. 
2024.05.22 14:01:42, Добавление строки. Связывание со входящим документом № 17 ЭД "Сведения о поступивших от юридических лиц платежах" № 14 ID= 1000224841. 
2024.05.22 14:01:45, Добавление строки. Связывание со входящим документом № 17 ЭД "Сведения о поступивших от юридических лиц платежах" № 14 ID= 1000224841. 
2024.05.22 14:01:49, Добавление строки. Связывание со входящим документом № 17 ЭД "Сведения о поступивших от юридических лиц платежах" № 14 ID= 1000224841. 
2024.05.22 14:01:52, Добавление строки. Связывание со входящим документом № 17 ЭД "Сведения о поступивших от юридических лиц платежах" № 14 ID= 1000224841. 
2024.05.22 14:01:56, Добавление строки. Связывание со входящим документом № 17 ЭД "Сведения о поступивших от юридических лиц платежах" № 14 ID= 1000224841. 
2024.05.22 14:01:59, Добавление строки. Связывание со входящим документом № 17 ЭД "Сведения о поступивших от юридических лиц платежах" № 14 ID= 1000224841. 
2024.05.22 14:02:03, Добавление строки. Связывание со входящим документом № 17 ЭД "Сведения о поступивших от юридических лиц платежах" № 14 ID= 1000224841. 
2024.05.22 14:02:06, Добавление строки. Связывание со входящим документом № 17 ЭД "Сведения о поступивших от юридических лиц платежах" № 14 ID= 1000224841. 
2024.05.22 14:02:10, Добавление строки. Связывание со входящим документом № 17 ЭД "Сведения о поступивших от юридических лиц платежах" № 14 ID= 1000224841. 
2024.05.22 14:02:13, Добавление строки. Связывание со входящим документом № 17 ЭД "Сведения о поступивших от юридических лиц платежах" № 14 ID= 1000224841. 
2024.05.22 14:02:18, Добавление строки. Связывание со входящим документом № 17 ЭД "Сведения о поступивших от юридических лиц платежах" № 14 ID= 1000224841. 
2024.05.22 14:02:22, Добавление строки. Связывание со входящим документом № 17 ЭД "Сведения о поступивших от юридических лиц платежах" № 14 ID= 1000224841. 
2024.05.22 14:02:25, Добавление строки. Связывание со входящим документом № 17 ЭД "Сведения о поступивших от юридических лиц платежах" № 14 ID= 1000224841. 
2024.05.22 14:02:29, Добавление строки. Связывание со входящим документом № 17 ЭД "Сведения о поступивших от юридических лиц платежах" № 14 ID= 1000224841. 
2024.05.22 14:02:32, Добавление строки. Связывание со входящим документом № 17 ЭД "Сведения о поступивших от юридических лиц платежах" № 14 ID= 1000224841. 
2024.05.22 14:02:36, Добавление строки. Связывание со входящим документом № 17 ЭД "Сведения о поступивших от юридических лиц платежах" № 14 ID= 1000224841. 
2024.05.22 14:02:39, Добавление строки. Связывание со входящим документом № 17 ЭД "Сведения о поступивших от юридических лиц платежах" № 14 ID= 1000224841. 
2024.05.22 14:02:43, Добавление строки. Связывание со входящим документом № 17 ЭД "Сведения о поступивших от юридических лиц платежах" № 14 ID= 1000224841. 
2024.05.22 14:02:46, Добавление строки. Связывание со входящим документом № 17 ЭД "Сведения о поступивших от юридических лиц платежах" № 14 ID= 1000224841. 
2024.05.22 14:02:50, Добавление строки. Связывание со входящим документом № 17 ЭД "Сведения о поступивших от юридических лиц платежах" № 14 ID= 1000224841. 
2024.05.22 14:02:53, Добавление строки. Связывание со входящим документом № 17 ЭД "Сведения о поступивших от юридических лиц платежах" № 14 ID= 1000224841. 
2024.05.22 14:02:57, Добавление строки. Связывание со входящим документом № 17 ЭД "Сведения о поступивших от юридических лиц платежах" № 14 ID= 1000224841. 
2024.05.22 14:03:00, Добавление строки. Связывание со входящим документом № 17 ЭД "Сведения о поступивших от юридических лиц платежах" № 14 ID= 1000224841. 
2024.05.22 14:03:04, Добавление строки. Связывание со входящим документом № 17 ЭД "Сведения о поступивших от юридических лиц платежах" № 14 ID= 1000224841. 
2024.05.22 14:03:07, Добавление строки. Связывание со входящим документом № 17 ЭД "Сведения о поступивших от юридических лиц платежах" № 14 ID= 1000224841. 
2024.05.22 14:03:11, Добавление строки. Связывание со входящим документом № 17 ЭД "Сведения о поступивших от юридических лиц платежах" № 14 ID= 1000224841. 
2024.05.22 14:03:14, Добавление строки. Связывание со входящим документом № 17 ЭД "Сведения о поступивших от юридических лиц платежах" № 14 ID= 1000224841. 
2024.05.22 14:03:18, Добавление строки. Связывание со входящим документом № 17 ЭД "Сведения о поступивших от юридических лиц платежах" № 14 ID= 1000224841. 
2024.05.22 14:03:22, Добавление строки. Связывание со входящим документом № 17 ЭД "Сведения о поступивших от юридических лиц платежах" № 14 ID= 1000224841. 
2024.05.22 14:03:25, Добавление строки. Связывание со входящим документом № 17 ЭД "Сведения о поступивших от юридических лиц платежах" № 14 ID= 1000224841. 
2024.05.22 14:03:29, Добавление строки. Связывание со входящим документом № 17 ЭД "Сведения о поступивших от юридических лиц платежах" № 14 ID= 1000224841. 
2024.05.22 14:03:32, Добавление строки. Связывание со входящим документом № 17 ЭД "Сведения о поступивших от юридических лиц платежах" № 14 ID= 1000224841. 
2024.05.22 14:03:32, В системе найдена строка на сумму 25824 за 2024-03-25 от плательщика с ИНН 7203253271 и КПП 720301001 в ЭД Сведения о поступивших от юридических лиц платежах №14 от 2024-05-14 на сумму 70616777.55, соответствующий блок сообщения не будет обработан
2024.05.22 14:03:32, Строка пропущена. Связывание со входящим документом № 17 ЭД "Сведения о поступивших от юридических лиц платежах" № 14 ID = 1000224841. 
2024.05.22 14:03:32, В системе найдена строка на сумму 7716528 за 2024-03-25 от плательщика с ИНН 8604005359 и КПП 720345001 в ЭД Сведения о поступивших от юридических лиц платежах №14 от 2024-05-14 на сумму 70616777.55, соответствующий блок сообщения не будет обработан
2024.05.22 14:03:32, Строка пропущена. Связывание со входящим документом № 17 ЭД "Сведения о поступивших от юридических лиц платежах" № 14 ID = 1000224841. 
2024.05.22 14:03:32, В системе найдена строка на сумму 1518581 за 2024-03-25 от плательщика с ИНН 7203267387 и КПП 720301001 в ЭД Сведения о поступивших от юридических лиц платежах №14 от 2024-05-14 на сумму 70616777.55, соответствующий блок сообщения не будет обработан
2024.05.22 14:03:32, Строка пропущена. Связывание со входящим документом № 17 ЭД "Сведения о поступивших от юридических лиц платежах" № 14 ID = 1000224841. 
2024.05.22 14:03:32, В системе найдена строка на сумму 12450 за 2024-03-25 от плательщика с ИНН 7204121655 и КПП 720301001 в ЭД Сведения о поступивших от юридических лиц платежах №14 от 2024-05-14 на сумму 70616777.55, соответствующий блок сообщения не будет обработан
2024.05.22 14:03:32, Строка пропущена. Связывание со входящим документом № 17 ЭД "Сведения о поступивших от юридических лиц платежах" № 14 ID = 1000224841. 
2024.05.22 14:03:32, В системе найдена строка на сумму 219273.03 за 2024-03-25 от плательщика с ИНН 8901012006 и КПП 720301001 в ЭД Сведения о поступивших от юридических лиц платежах №14 от 2024-05-14 на сумму 70616777.55, соответствующий блок сообщения не будет обработан
2024.05.22 14:03:32, Строка пропущена. Связывание со входящим документом № 17 ЭД "Сведения о поступивших от юридических лиц платежах" № 14 ID = 1000224841. 
2024.05.22 14:03:32, В системе найдена строка на сумму 3608 за 2024-03-25 от плательщика с ИНН 7202220629 и КПП 720301001 в ЭД Сведения о поступивших от юридических лиц платежах №14 от 2024-05-14 на сумму 70616777.55, соответствующий блок сообщения не будет обработан
2024.05.22 14:03:32, Строка пропущена. Связывание со входящим документом № 17 ЭД "Сведения о поступивших от юридических лиц платежах" № 14 ID = 1000224841. 
2024.05.22 14:03:32, В системе найдена строка на сумму 23760.02 за 2024-03-25 от плательщика с ИНН 7204123412 и КПП 720301001 в ЭД Сведения о поступивших от юридических лиц платежах №14 от 2024-05-14 на сумму 70616777.55, соответствующий блок сообщения не будет обработан
2024.05.22 14:03:32, Строка пропущена. Связывание со входящим документом № 17 ЭД "Сведения о поступивших от юридических лиц платежах" № 14 ID = 1000224841. 
2024.05.22 14:03:32, В системе найдена строка на сумму -60144 за 2024-03-25 от плательщика с ИНН 8603093264 и КПП 720345001 в ЭД Сведения о поступивших от юридических лиц платежах №14 от 2024-05-14 на сумму 70616777.55, соответствующий блок сообщения не будет обработан
2024.05.22 14:03:32, Строка пропущена. Связывание со входящим документом № 17 ЭД "Сведения о поступивших от юридических лиц платежах" № 14 ID = 1000224841. 
2024.05.22 14:03:32, В системе найдена строка на сумму -284699.96 за 2024-03-25 от плательщика с ИНН 8602174062 и КПП 860201001 в ЭД Сведения о поступивших от юридических лиц платежах №14 от 2024-05-14 на сумму 70616777.55, соответствующий блок сообщения не будет обработан
2024.05.22 14:03:32, Строка пропущена. Связывание со входящим документом № 17 ЭД "Сведения о поступивших от юридических лиц платежах" № 14 ID = 1000224841. 
2024.05.22 14:03:32, В системе найдена строка на сумму 1300 за 2024-03-25 от плательщика с ИНН 7203267154 и КПП 720301001 в ЭД Сведения о поступивших от юридических лиц платежах №14 от 2024-05-14 на сумму 70616777.55, соответствующий блок сообщения не будет обработан
2024.05.22 14:03:32, Строка пропущена. Связывание со входящим документом № 17 ЭД "Сведения о поступивших от юридических лиц платежах" № 14 ID = 1000224841. 
2024.05.22 14:03:32, В системе найдена строка на сумму 5124 за 2024-03-25 от плательщика с ИНН 7202212836 и КПП 720301001 в ЭД Сведения о поступивших от юридических лиц платежах №14 от 2024-05-14 на сумму 70616777.55, соответствующий блок сообщения не будет обработан
2024.05.22 14:03:32, Строка пропущена. Связывание со входящим документом № 17 ЭД "Сведения о поступивших от юридических лиц платежах" № 14 ID = 1000224841. 
2024.05.22 14:03:32, В системе найдена строка на сумму 26715 за 2024-03-25 от плательщика с ИНН 7202212875 и КПП 720301001 в ЭД Сведения о поступивших от юридических лиц платежах №14 от 2024-05-14 на сумму 70616777.55, соответствующий блок сообщения не будет обработан
2024.05.22 14:03:32, Строка пропущена. Связывание со входящим документом № 17 ЭД "Сведения о поступивших от юридических лиц платежах" № 14 ID = 1000224841. 
2024.05.22 14:03:32, В системе найдена строка на сумму 57213 за 2024-03-25 от плательщика с ИНН 7202004610 и КПП 720301001 в ЭД Сведения о поступивших от юридических лиц платежах №14 от 2024-05-14 на сумму 70616777.55, соответствующий блок сообщения не будет обработан
2024.05.22 14:03:32, Строка пропущена. Связывание со входящим документом № 17 ЭД "Сведения о поступивших от юридических лиц платежах" № 14 ID = 1000224841. 
2024.05.22 14:03:32, В системе найдена строка на сумму 56678 за 2024-03-25 от плательщика с ИНН 5408227078 и КПП 720345001 в ЭД Сведения о поступивших от юридических лиц платежах №14 от 2024-05-14 на сумму 70616777.55, соответствующий блок сообщения не будет обработан
2024.05.22 14:03:32, Строка пропущена. Связывание со входящим документом № 17 ЭД "Сведения о поступивших от юридических лиц платежах" № 14 ID = 1000224841. 
2024.05.22 14:03:32, В системе найдена строка на сумму 540.5 за 2024-03-25 от плательщика с ИНН 7204137616 и КПП 720301001 в ЭД Сведения о поступивших от юридических лиц платежах №14 от 2024-05-14 на сумму 70616777.55, соответствующий блок сообщения не будет обработан
2024.05.22 14:03:32, Строка пропущена. Связывание со входящим документом № 17 ЭД "Сведения о поступивших от юридических лиц платежах" № 14 ID = 1000224841. 
2024.05.22 14:03:32, В системе найдена строка на сумму 39208 за 2024-03-25 от плательщика с ИНН 7202203084 и КПП 720301001 в ЭД Сведения о поступивших от юридических лиц платежах №14 от 2024-05-14 на сумму 70616777.55, соответствующий блок сообщения не будет обработан
2024.05.22 14:03:32, Строка пропущена. Связывание со входящим документом № 17 ЭД "Сведения о поступивших от юридических лиц платежах" № 14 ID = 1000224841. 
2024.05.22 14:03:32, В системе найдена строка на сумму -410754 за 2024-03-25 от плательщика с ИНН 7204150127 и КПП 720301001 в ЭД Сведения о поступивших от юридических лиц платежах №14 от 2024-05-14 на сумму 70616777.55, соответствующий блок сообщения не будет обработан
2024.05.22 14:03:32, Строка пропущена. Связывание со входящим документом № 17 ЭД "Сведения о поступивших от юридических лиц платежах" № 14 ID = 1000224841. 
2024.05.22 14:03:32, В системе найдена строка на сумму 103402 за 2024-03-25 от плательщика с ИНН 7204150127 и КПП 720301001 в ЭД Сведения о поступивших от юридических лиц платежах №14 от 2024-05-14 на сумму 70616777.55, соответствующий блок сообщения не будет обработан
2024.05.22 14:03:32, Строка пропущена. Связывание со входящим документом № 17 ЭД "Сведения о поступивших от юридических лиц платежах" № 14 ID = 1000224841. 
2024.05.22 14:03:32, В системе найдена строка на сумму 109200 за 2024-03-25 от плательщика с ИНН 7203065856 и КПП 720301001 в ЭД Сведения о поступивших от юридических лиц платежах №14 от 2024-05-14 на сумму 70616777.55, соответствующий блок сообщения не будет обработан
2024.05.22 14:03:32, Строка пропущена. Связывание со входящим документом № 17 ЭД "Сведения о поступивших от юридических лиц платежах" № 14 ID = 1000224841. 
2024.05.22 14:03:32, В системе найдена строка на сумму -1 за 2024-03-25 от плательщика с ИНН 7204031360 и КПП 720301001 в ЭД Сведения о поступивших от юридических лиц платежах №14 от 2024-05-14 на сумму 70616777.55, соответствующий блок сообщения не будет обработан
2024.05.22 14:03:32, Строка пропущена. Связывание со входящим документом № 17 ЭД "Сведения о поступивших от юридических лиц платежах" № 14 ID = 1000224841. 
2024.05.22 14:03:32, В системе найдена строка на сумму 408 за 2024-03-25 от плательщика с ИНН 7202087960 и КПП 720301001 в ЭД Сведения о поступивших от юридических лиц платежах №14 от 2024-05-14 на сумму 70616777.55, соответствующий блок сообщения не будет обработан
2024.05.22 14:03:32, Строка пропущена. Связывание со входящим документом № 17 ЭД "Сведения о поступивших от юридических лиц платежах" № 14 ID = 1000224841. 
2024.05.22 14:03:32, В системе найдена строка на сумму -147676 за 2024-03-25 от плательщика с ИНН 7203234303 и КПП 720301001 в ЭД Сведения о поступивших от юридических лиц платежах №14 от 2024-05-14 на сумму 70616777.55, соответствующий блок сообщения не будет обработан
2024.05.22 14:03:32, Строка пропущена. Связывание со входящим документом № 17 ЭД "Сведения о поступивших от юридических лиц платежах" № 14 ID = 1000224841. 
2024.05.22 14:03:32, В системе найдена строка на сумму -5932824 за 2024-03-25 от плательщика с ИНН 7207007157 и КПП 720301001 в ЭД Сведения о поступивших от юридических лиц платежах №14 от 2024-05-14 на сумму 70616777.55, соответствующий блок сообщения не будет обработан
2024.05.22 14:03:32, Строка пропущена. Связывание со входящим документом № 17 ЭД "Сведения о поступивших от юридических лиц платежах" № 14 ID = 1000224841. 
2024.05.22 14:03:32, В системе найдена строка на сумму -17327 за 2024-03-25 от плательщика с ИНН 7203080558 и КПП 720301001 в ЭД Сведения о поступивших от юридических лиц платежах №14 от 2024-05-14 на сумму 70616777.55, соответствующий блок сообщения не будет обработан
2024.05.22 14:03:32, Строка пропущена. Связывание со входящим документом № 17 ЭД "Сведения о поступивших от юридических лиц платежах" № 14 ID = 1000224841. 
2024.05.22 14:03:32, В системе найдена строка на сумму 196586 за 2024-03-25 от плательщика с ИНН 7202012996 и КПП 720301001 в ЭД Сведения о поступивших от юридических лиц платежах №14 от 2024-05-14 на сумму 70616777.55, соответствующий блок сообщения не будет обработан
2024.05.22 14:03:32, Строка пропущена. Связывание со входящим документом № 17 ЭД "Сведения о поступивших от юридических лиц платежах" № 14 ID = 1000224841. 
2024.05.22 14:03:32, В системе найдена строка на сумму -1124 за 2024-03-25 от плательщика с ИНН 7203095096 и КПП 720301001 в ЭД Сведения о поступивших от юридических лиц платежах №14 от 2024-05-14 на сумму 70616777.55, соответствующий блок сообщения не будет обработан
2024.05.22 14:03:32, Строка пропущена. Связывание со входящим документом № 17 ЭД "Сведения о поступивших от юридических лиц платежах" № 14 ID = 1000224841. 
2024.05.22 14:03:32, В системе найдена строка на сумму 521.18 за 2024-03-25 от плательщика с ИНН 7224002800 и КПП 720301001 в ЭД Сведения о поступивших от юридических лиц платежах №14 от 2024-05-14 на сумму 70616777.55, соответствующий блок сообщения не будет обработан
2024.05.22 14:03:32, Строка пропущена. Связывание со входящим документом № 17 ЭД "Сведения о поступивших от юридических лиц платежах" № 14 ID = 1000224841. 
2024.05.22 14:03:32, В системе найдена строка на сумму 1868 за 2024-03-25 от плательщика с ИНН 7203036076 и КПП 720301001 в ЭД Сведения о поступивших от юридических лиц платежах №14 от 2024-05-14 на сумму 70616777.55, соответствующий блок сообщения не будет обработан
2024.05.22 14:03:32, Строка пропущена. Связывание со входящим документом № 17 ЭД "Сведения о поступивших от юридических лиц платежах" № 14 ID = 1000224841. 
2024.05.22 14:03:32, В системе найдена строка на сумму 203316.23 за 2024-03-25 от плательщика с ИНН 7201001381 и КПП 720301001 в ЭД Сведения о поступивших от юридических лиц платежах №14 от 2024-05-14 на сумму 70616777.55, соответствующий блок сообщения не будет обработан
2024.05.22 14:03:32, Строка пропущена. Связывание со входящим документом № 17 ЭД "Сведения о поступивших от юридических лиц платежах" № 14 ID = 1000224841. 
2024.05.22 14:03:32, В системе найдена строка на сумму -1281 за 2024-03-25 от плательщика с ИНН 7203110481 и КПП 720301001 в ЭД Сведения о поступивших от юридических лиц платежах №14 от 2024-05-14 на сумму 70616777.55, соответствующий блок сообщения не будет обработан
2024.05.22 14:03:32, Строка пропущена. Связывание со входящим документом № 17 ЭД "Сведения о поступивших от юридических лиц платежах" № 14 ID = 1000224841. 
2024.05.22 14:03:32, В системе найдена строка на сумму 3584 за 2024-03-25 от плательщика с ИНН 7202218997 и КПП 720301001 в ЭД Сведения о поступивших от юридических лиц платежах №14 от 2024-05-14 на сумму 70616777.55, соответствующий блок сообщения не будет обработан
2024.05.22 14:03:32, Строка пропущена. Связывание со входящим документом № 17 ЭД "Сведения о поступивших от юридических лиц платежах" № 14 ID = 1000224841. 
2024.05.22 14:03:32, В системе найдена строка на сумму 29300 за 2024-03-25 от плательщика с ИНН 7202092938 и КПП 720301001 в ЭД Сведения о поступивших от юридических лиц платежах №14 от 2024-05-14 на сумму 70616777.55, соответствующий блок сообщения не будет обработан
2024.05.22 14:03:32, Строка пропущена. Связывание со входящим документом № 17 ЭД "Сведения о поступивших от юридических лиц платежах" № 14 ID = 1000224841. 
2024.05.22 14:03:32, В системе найдена строка на сумму 1266 за 2024-03-25 от плательщика с ИНН 7202076492 и КПП 720301001 в ЭД Сведения о поступивших от юридических лиц платежах №14 от 2024-05-14 на сумму 70616777.55, соответствующий блок сообщения не будет обработан
2024.05.22 14:03:32, Строка пропущена. Связывание со входящим документом № 17 ЭД "Сведения о поступивших от юридических лиц платежах" № 14 ID = 1000224841. 
2024.05.22 14:03:32, В системе найдена строка на сумму 4153 за 2024-03-25 от плательщика с ИНН 7202079937 и КПП 720301001 в ЭД Сведения о поступивших от юридических лиц платежах №14 от 2024-05-14 на сумму 70616777.55, соответствующий блок сообщения не будет обработан
2024.05.22 14:03:32, Строка пропущена. Связывание со входящим документом № 17 ЭД "Сведения о поступивших от юридических лиц платежах" № 14 ID = 1000224841. 
2024.05.22 14:03:32, В системе найдена строка на сумму 9888 за 2024-03-25 от плательщика с ИНН 7203063111 и КПП 720301001 в ЭД Сведения о поступивших от юридических лиц платежах №14 от 2024-05-14 на сумму 70616777.55, соответствующий блок сообщения не будет обработан
2024.05.22 14:03:32, Строка пропущена. Связывание со входящим документом № 17 ЭД "Сведения о поступивших от юридических лиц платежах" № 14 ID = 1000224841. 
2024.05.22 14:03:32, В системе найдена строка на сумму 171073 за 2024-03-25 от плательщика с ИНН 7202065814 и КПП 720301001 в ЭД Сведения о поступивших от юридических лиц платежах №14 от 2024-05-14 на сумму 70616777.55, соответствующий блок сообщения не будет обработан
2024.05.22 14:03:32, Строка пропущена. Связывание со входящим документом № 17 ЭД "Сведения о поступивших от юридических лиц платежах" № 14 ID = 1000224841. 
2024.05.22 14:03:32, В системе найдена строка на сумму 8251 за 2024-03-25 от плательщика с ИНН 7203125400 и КПП 720301001 в ЭД Сведения о поступивших от юридических лиц платежах №14 от 2024-05-14 на сумму 70616777.55, соответствующий блок сообщения не будет обработан
2024.05.22 14:03:32, Строка пропущена. Связывание со входящим документом № 17 ЭД "Сведения о поступивших от юридических лиц платежах" № 14 ID = 1000224841. 
2024.05.22 14:03:32, В системе найдена строка на сумму 171746 за 2024-03-25 от плательщика с ИНН 7203129027 и КПП 720301001 в ЭД Сведения о поступивших от юридических лиц платежах №14 от 2024-05-14 на сумму 70616777.55, соответствующий блок сообщения не будет обработан
2024.05.22 14:03:32, Строка пропущена. Связывание со входящим документом № 17 ЭД "Сведения о поступивших от юридических лиц платежах" № 14 ID = 1000224841. 
2024.05.22 14:03:32, В системе найдена строка на сумму 1418280 за 2024-03-25 от плательщика с ИНН 7202060380 и КПП 720301001 в ЭД Сведения о поступивших от юридических лиц платежах №14 от 2024-05-14 на сумму 70616777.55, соответствующий блок сообщения не будет обработан
2024.05.22 14:03:32, Строка пропущена. Связывание со входящим документом № 17 ЭД "Сведения о поступивших от юридических лиц платежах" № 14 ID = 1000224841. 
2024.05.22 14:03:32, В системе найдена строка на сумму 21069 за 2024-03-25 от плательщика с ИНН 7203122310 и КПП 720301001 в ЭД Сведения о поступивших от юридических лиц платежах №14 от 2024-05-14 на сумму 70616777.55, соответствующий блок сообщения не будет обработан
2024.05.22 14:03:32, Строка пропущена. Связывание со входящим документом № 17 ЭД "Сведения о поступивших от юридических лиц платежах" № 14 ID = 1000224841. 
2024.05.22 14:03:32, В системе найдена строка на сумму -68673 за 2024-03-25 от плательщика с ИНН 7202031068 и КПП 720301001 в ЭД Сведения о поступивших от юридических лиц платежах №14 от 2024-05-14 на сумму 70616777.55, соответствующий блок сообщения не будет обработан
2024.05.22 14:03:32, Строка пропущена. Связывание со входящим документом № 17 ЭД "Сведения о поступивших от юридических лиц платежах" № 14 ID = 1000224841. 
2024.05.22 14:03:32, В системе найдена строка на сумму 21039 за 2024-03-25 от плательщика с ИНН 7203089913 и КПП 720301001 в ЭД Сведения о поступивших от юридических лиц платежах №14 от 2024-05-14 на сумму 70616777.55, соответствующий блок сообщения не будет обработан
2024.05.22 14:03:32, Строка пропущена. Связывание со входящим документом № 17 ЭД "Сведения о поступивших от юридических лиц платежах" № 14 ID = 1000224841. 
2024.05.22 14:03:32, В системе найдена строка на сумму -4700 за 2024-03-25 от плательщика с ИНН 7202082520 и КПП 720301001 в ЭД Сведения о поступивших от юридических лиц платежах №14 от 2024-05-14 на сумму 70616777.55, соответствующий блок сообщения не будет обработан
2024.05.22 14:03:32, Строка пропущена. Связывание со входящим документом № 17 ЭД "Сведения о поступивших от юридических лиц платежах" № 14 ID = 1000224841. 
2024.05.22 14:03:32, В системе найдена строка на сумму 77.3 за 2024-03-25 от плательщика с ИНН 7204155414 и КПП 720301001 в ЭД Сведения о поступивших от юридических лиц платежах №14 от 2024-05-14 на сумму 70616777.55, соответствующий блок сообщения не будет обработан
2024.05.22 14:03:32, Строка пропущена. Связывание со входящим документом № 17 ЭД "Сведения о поступивших от юридических лиц платежах" № 14 ID = 1000224841. 
2024.05.22 14:03:32, В системе найдена строка на сумму 38059 за 2024-03-25 от плательщика с ИНН 7202206198 и КПП 720301001 в ЭД Сведения о поступивших от юридических лиц платежах №14 от 2024-05-14 на сумму 70616777.55, соответствующий блок сообщения не будет обработан
2024.05.22 14:03:32, Строка пропущена. Связывание со входящим документом № 17 ЭД "Сведения о поступивших от юридических лиц платежах" № 14 ID = 1000224841. 
2024.05.22 14:03:32, В системе найдена строка на сумму -268048 за 2024-03-25 от плательщика с ИНН 7202228113 и КПП 720301001 в ЭД Сведения о поступивших от юридических лиц платежах №14 от 2024-05-14 на сумму 70616777.55, соответствующий блок сообщения не будет обработан
2024.05.22 14:03:32, Строка пропущена. Связывание со входящим документом № 17 ЭД "Сведения о поступивших от юридических лиц платежах" № 14 ID = 1000224841. 
2024.05.22 14:03:32, В системе найдена строка на сумму 8000.77 за 2024-03-25 от плательщика с ИНН 7202228113 и КПП 720301001 в ЭД Сведения о поступивших от юридических лиц платежах №14 от 2024-05-14 на сумму 70616777.55, соответствующий блок сообщения не будет обработан
2024.05.22 14:03:32, Строка пропущена. Связывание со входящим документом № 17 ЭД "Сведения о поступивших от юридических лиц платежах" № 14 ID = 1000224841. 
2024.05.22 14:03:32, В системе найдена строка на сумму 3003 за 2024-03-25 от плательщика с ИНН 7202121924 и КПП 720301001 в ЭД Сведения о поступивших от юридических лиц платежах №14 от 2024-05-14 на сумму 70616777.55, соответствующий блок сообщения не будет обработан
2024.05.22 14:03:32, Строка пропущена. Связывание со входящим документом № 17 ЭД "Сведения о поступивших от юридических лиц платежах" № 14 ID = 1000224841. 
2024.05.22 14:03:32, В системе найдена строка на сумму 5067 за 2024-03-25 от плательщика с ИНН 7204154160 и КПП 720301001 в ЭД Сведения о поступивших от юридических лиц платежах №14 от 2024-05-14 на сумму 70616777.55, соответствующий блок сообщения не будет обработан
2024.05.22 14:03:32, Строка пропущена. Связывание со входящим документом № 17 ЭД "Сведения о поступивших от юридических лиц платежах" № 14 ID = 1000224841. 
2024.05.22 14:03:32, В системе найдена строка на сумму 12654 за 2024-03-25 от плательщика с ИНН 6658371284 и КПП 720345001 в ЭД Сведения о поступивших от юридических лиц платежах №14 от 2024-05-14 на сумму 70616777.55, соответствующий блок сообщения не будет обработан
2024.05.22 14:03:32, Строка пропущена. Связывание со входящим документом № 17 ЭД "Сведения о поступивших от юридических лиц платежах" № 14 ID = 1000224841. 
2024.05.22 14:03:32, В системе найдена строка на сумму -6266 за 2024-03-25 от плательщика с ИНН 7204173325 и КПП 720301001 в ЭД Сведения о поступивших от юридических лиц платежах №14 от 2024-05-14 на сумму 70616777.55, соответствующий блок сообщения не будет обработан
2024.05.22 14:03:32, Строка пропущена. Связывание со входящим документом № 17 ЭД "Сведения о поступивших от юридических лиц платежах" № 14 ID = 1000224841. 
2024.05.22 14:03:32, В системе найдена строка на сумму 586759.65 за 2024-03-25 от плательщика с ИНН 7202223490 и КПП 720301001 в ЭД Сведения о поступивших от юридических лиц платежах №14 от 2024-05-14 на сумму 70616777.55, соответствующий блок сообщения не будет обработан
2024.05.22 14:03:32, Строка пропущена. Связывание со входящим документом № 17 ЭД "Сведения о поступивших от юридических лиц платежах" № 14 ID = 1000224841. 
2024.05.22 14:03:32, В системе найдена строка на сумму 35816 за 2024-03-25 от плательщика с ИНН 7705513090 и КПП 720343001 в ЭД Сведения о поступивших от юридических лиц платежах №14 от 2024-05-14 на сумму 70616777.55, соответствующий блок сообщения не будет обработан
2024.05.22 14:03:32, Строка пропущена. Связывание со входящим документом № 17 ЭД "Сведения о поступивших от юридических лиц платежах" № 14 ID = 1000224841. 
2024.05.22 14:03:32, В системе найдена строка на сумму 191967.09 за 2024-03-25 от плательщика с ИНН 7202227134 и КПП 720301001 в ЭД Сведения о поступивших от юридических лиц платежах №14 от 2024-05-14 на сумму 70616777.55, соответствующий блок сообщения не будет обработан
2024.05.22 14:03:32, Строка пропущена. Связывание со входящим документом № 17 ЭД "Сведения о поступивших от юридических лиц платежах" № 14 ID = 1000224841. 
2024.05.22 14:03:32, В системе найдена строка на сумму -50764 за 2024-03-25 от плательщика с ИНН 7203263985 и КПП 720301001 в ЭД Сведения о поступивших от юридических лиц платежах №14 от 2024-05-14 на сумму 70616777.55, соответствующий блок сообщения не будет обработан
2024.05.22 14:03:32, Строка пропущена. Связывание со входящим документом № 17 ЭД "Сведения о поступивших от юридических лиц платежах" № 14 ID = 1000224841. 
2024.05.22 14:03:32, В системе найдена строка на сумму 182 за 2024-03-25 от плательщика с ИНН 7202203599 и КПП 720301001 в ЭД Сведения о поступивших от юридических лиц платежах №14 от 2024-05-14 на сумму 70616777.55, соответствующий блок сообщения не будет обработан
2024.05.22 14:03:32, Строка пропущена. Связывание со входящим документом № 17 ЭД "Сведения о поступивших от юридических лиц платежах" № 14 ID = 1000224841. 
2024.05.22 14:03:32, В системе найдена строка на сумму -736171 за 2024-03-25 от плательщика с ИНН 7204151970 и КПП 720301001 в ЭД Сведения о поступивших от юридических лиц платежах №14 от 2024-05-14 на сумму 70616777.55, соответствующий блок сообщения не будет обработан
2024.05.22 14:03:32, Строка пропущена. Связывание со входящим документом № 17 ЭД "Сведения о поступивших от юридических лиц платежах" № 14 ID = 1000224841. 
2024.05.22 14:03:32, В системе найдена строка на сумму 21898 за 2024-03-25 от плательщика с ИНН 5036091667 и КПП 720343002 в ЭД Сведения о поступивших от юридических лиц платежах №14 от 2024-05-14 на сумму 70616777.55, соответствующий блок сообщения не будет обработан
2024.05.22 14:03:32, Строка пропущена. Связывание со входящим документом № 17 ЭД "Сведения о поступивших от юридических лиц платежах" № 14 ID = 1000224841. 
2024.05.22 14:03:32, В системе найдена строка на сумму 15069 за 2024-03-25 от плательщика с ИНН 7202199430 и КПП 720301001 в ЭД Сведения о поступивших от юридических лиц платежах №14 от 2024-05-14 на сумму 70616777.55, соответствующий блок сообщения не будет обработан
2024.05.22 14:03:32, Строка пропущена. Связывание со входящим документом № 17 ЭД "Сведения о поступивших от юридических лиц платежах" № 14 ID = 1000224841. 
2024.05.22 14:03:32, В системе найдена строка на сумму 3140 за 2024-03-25 от плательщика с ИНН 7203220318 и КПП 720301001 в ЭД Сведения о поступивших от юридических лиц платежах №14 от 2024-05-14 на сумму 70616777.55, соответствующий блок сообщения не будет обработан
2024.05.22 14:03:32, Строка пропущена. Связывание со входящим документом № 17 ЭД "Сведения о поступивших от юридических лиц платежах" № 14 ID = 1000224841. 
2024.05.22 14:03:32, В системе найдена строка на сумму -486 за 2024-03-25 от плательщика с ИНН 5534020926 и КПП 720345014 в ЭД Сведения о поступивших от юридических лиц платежах №14 от 2024-05-14 на сумму 70616777.55, соответствующий блок сообщения не будет обработан
2024.05.22 14:03:32, Строка пропущена. Связывание со входящим документом № 17 ЭД "Сведения о поступивших от юридических лиц платежах" № 14 ID = 1000224841. 
2024.05.22 14:03:32, В системе найдена строка на сумму 235481 за 2024-03-25 от плательщика с ИНН 7203244407 и КПП 720301001 в ЭД Сведения о поступивших от юридических лиц платежах №14 от 2024-05-14 на сумму 70616777.55, соответствующий блок сообщения не будет обработан
2024.05.22 14:03:32, Строка пропущена. Связывание со входящим документом № 17 ЭД "Сведения о поступивших от юридических лиц платежах" № 14 ID = 1000224841. 
2024.05.22 14:03:32, В системе найдена строка на сумму 897 за 2024-03-25 от плательщика с ИНН 7203244710 и КПП 720301001 в ЭД Сведения о поступивших от юридических лиц платежах №14 от 2024-05-14 на сумму 70616777.55, соответствующий блок сообщения не будет обработан
2024.05.22 14:03:32, Строка пропущена. Связывание со входящим документом № 17 ЭД "Сведения о поступивших от юридических лиц платежах" № 14 ID = 1000224841. 
2024.05.22 14:03:32, В системе найдена строка на сумму -193156 за 2024-03-25 от плательщика с ИНН 7203260952 и КПП 720301001 в ЭД Сведения о поступивших от юридических лиц платежах №14 от 2024-05-14 на сумму 70616777.55, соответствующий блок сообщения не будет обработан
2024.05.22 14:03:32, Строка пропущена. Связывание со входящим документом № 17 ЭД "Сведения о поступивших от юридических лиц платежах" № 14 ID = 1000224841. 
2024.05.22 14:03:32, В системе найдена строка на сумму -3178.85 за 2024-03-25 от плательщика с ИНН 7203260952 и КПП 720301001 в ЭД Сведения о поступивших от юридических лиц платежах №14 от 2024-05-14 на сумму 70616777.55, соответствующий блок сообщения не будет обработан
2024.05.22 14:03:32, Строка пропущена. Связывание со входящим документом № 17 ЭД "Сведения о поступивших от юридических лиц платежах" № 14 ID = 1000224841. 
2024.05.22 14:03:32, В системе найдена строка на сумму 26580 за 2024-03-25 от плательщика с ИНН 7202161910 и КПП 720301001 в ЭД Сведения о поступивших от юридических лиц платежах №14 от 2024-05-14 на сумму 70616777.55, соответствующий блок сообщения не будет обработан
2024.05.22 14:03:32, Строка пропущена. Связывание со входящим документом № 17 ЭД "Сведения о поступивших от юридических лиц платежах" № 14 ID = 1000224841. 
2024.05.22 14:03:32, В системе найдена строка на сумму 27183 за 2024-03-25 от плательщика с ИНН 6234089580 и КПП 720345001 в ЭД Сведения о поступивших от юридических лиц платежах №14 от 2024-05-14 на сумму 70616777.55, соответствующий блок сообщения не будет обработан
2024.05.22 14:03:32, Строка пропущена. Связывание со входящим документом № 17 ЭД "Сведения о поступивших от юридических лиц платежах" № 14 ID = 1000224841. 
2024.05.22 14:03:32, В системе найдена строка на сумму 14185 за 2024-03-25 от плательщика с ИНН 7204124416 и КПП 720301001 в ЭД Сведения о поступивших от юридических лиц платежах №14 от 2024-05-14 на сумму 70616777.55, соответствующий блок сообщения не будет обработан
2024.05.22 14:03:32, Строка пропущена. Связывание со входящим документом № 17 ЭД "Сведения о поступивших от юридических лиц платежах" № 14 ID = 1000224841. 
2024.05.22 14:03:32, В системе найдена строка на сумму 47657 за 2024-03-25 от плательщика с ИНН 6670079110 и КПП 720332001 в ЭД Сведения о поступивших от юридических лиц платежах №14 от 2024-05-14 на сумму 70616777.55, соответствующий блок сообщения не будет обработан
2024.05.22 14:03:32, Строка пропущена. Связывание со входящим документом № 17 ЭД "Сведения о поступивших от юридических лиц платежах" № 14 ID = 1000224841. 
2024.05.22 14:03:32, В системе найдена строка на сумму -353588 за 2024-03-25 от плательщика с ИНН 7203239260 и КПП 720301001 в ЭД Сведения о поступивших от юридических лиц платежах №14 от 2024-05-14 на сумму 70616777.55, соответствующий блок сообщения не будет обработан
2024.05.22 14:03:32, Строка пропущена. Связывание со входящим документом № 17 ЭД "Сведения о поступивших от юридических лиц платежах" № 14 ID = 1000224841. 
2024.05.22 14:03:32, В системе найдена строка на сумму 6873 за 2024-03-25 от плательщика с ИНН 6317041818 и КПП 720345001 в ЭД Сведения о поступивших от юридических лиц платежах №14 от 2024-05-14 на сумму 70616777.55, соответствующий блок сообщения не будет обработан
2024.05.22 14:03:32, Строка пропущена. Связывание со входящим документом № 17 ЭД "Сведения о поступивших от юридических лиц платежах" № 14 ID = 1000224841. 
2024.05.22 14:03:32, В системе найдена строка на сумму 1486 за 2024-03-25 от плательщика с ИНН 7224031223 и КПП 720301001 в ЭД Сведения о поступивших от юридических лиц платежах №14 от 2024-05-14 на сумму 70616777.55, соответствующий блок сообщения не будет обработан
2024.05.22 14:03:32, Строка пропущена. Связывание со входящим документом № 17 ЭД "Сведения о поступивших от юридических лиц платежах" № 14 ID = 1000224841. 
2024.05.22 14:03:32, В системе найдена строка на сумму 64904 за 2024-03-25 от плательщика с ИНН 7203169020 и КПП 720301001 в ЭД Сведения о поступивших от юридических лиц платежах №14 от 2024-05-14 на сумму 70616777.55, соответствующий блок сообщения не будет обработан
2024.05.22 14:03:32, Строка пропущена. Связывание со входящим документом № 17 ЭД "Сведения о поступивших от юридических лиц платежах" № 14 ID = 1000224841. 
2024.05.22 14:03:32, В системе найдена строка на сумму 353.34 за 2024-03-25 от плательщика с ИНН 7204110396 и КПП 720301001 в ЭД Сведения о поступивших от юридических лиц платежах №14 от 2024-05-14 на сумму 70616777.55, соответствующий блок сообщения не будет обработан
2024.05.22 14:03:32, Строка пропущена. Связывание со входящим документом № 17 ЭД "Сведения о поступивших от юридических лиц платежах" № 14 ID = 1000224841. 
2024.05.22 14:03:32, В системе найдена строка на сумму 189595 за 2024-03-25 от плательщика с ИНН 7722184374 и КПП 720343001 в ЭД Сведения о поступивших от юридических лиц платежах №14 от 2024-05-14 на сумму 70616777.55, соответствующий блок сообщения не будет обработан
2024.05.22 14:03:32, Строка пропущена. Связывание со входящим документом № 17 ЭД "Сведения о поступивших от юридических лиц платежах" № 14 ID = 1000224841. 
2024.05.22 14:03:32, В системе найдена строка на сумму 2224.27 за 2024-03-25 от плательщика с ИНН 7203253666 и КПП 720301001 в ЭД Сведения о поступивших от юридических лиц платежах №14 от 2024-05-14 на сумму 70616777.55, соответствующий блок сообщения не будет обработан
2024.05.22 14:03:32, Строка пропущена. Связывание со входящим документом № 17 ЭД "Сведения о поступивших от юридических лиц платежах" № 14 ID = 1000224841. 
2024.05.22 14:03:32, В системе найдена строка на сумму 102261.34 за 2024-03-25 от плательщика с ИНН 7204124198 и КПП 720301001 в ЭД Сведения о поступивших от юридических лиц платежах №14 от 2024-05-14 на сумму 70616777.55, соответствующий блок сообщения не будет обработан
2024.05.22 14:03:32, Строка пропущена. Связывание со входящим документом № 17 ЭД "Сведения о поступивших от юридических лиц платежах" № 14 ID = 1000224841. 
2024.05.22 14:03:32, В системе найдена строка на сумму 1970 за 2024-03-25 от плательщика с ИНН 7202143815 и КПП 720301001 в ЭД Сведения о поступивших от юридических лиц платежах №14 от 2024-05-14 на сумму 70616777.55, соответствующий блок сообщения не будет обработан
2024.05.22 14:03:32, Строка пропущена. Связывание со входящим документом № 17 ЭД "Сведения о поступивших от юридических лиц платежах" № 14 ID = 1000224841. 
2024.05.22 14:03:32, В системе найдена строка на сумму 116.14 за 2024-03-25 от плательщика с ИНН 7204149700 и КПП 720301001 в ЭД Сведения о поступивших от юридических лиц платежах №14 от 2024-05-14 на сумму 70616777.55, соответствующий блок сообщения не будет обработан
2024.05.22 14:03:32, Строка пропущена. Связывание со входящим документом № 17 ЭД "Сведения о поступивших от юридических лиц платежах" № 14 ID = 1000224841. 
2024.05.22 14:03:32, В системе найдена строка на сумму -89 за 2024-03-25 от плательщика с ИНН 7203251852 и КПП 720301001 в ЭД Сведения о поступивших от юридических лиц платежах №14 от 2024-05-14 на сумму 70616777.55, соответствующий блок сообщения не будет обработан
2024.05.22 14:03:32, Строка пропущена. Связывание со входящим документом № 17 ЭД "Сведения о поступивших от юридических лиц платежах" № 14 ID = 1000224841. 
2024.05.22 14:03:32, В системе найдена строка на сумму 21001 за 2024-03-25 от плательщика с ИНН 2221183701 и КПП 720301001 в ЭД Сведения о поступивших от юридических лиц платежах №14 от 2024-05-14 на сумму 70616777.55, соответствующий блок сообщения не будет обработан
2024.05.22 14:03:32, Строка пропущена. Связывание со входящим документом № 17 ЭД "Сведения о поступивших от юридических лиц платежах" № 14 ID = 1000224841. 
2024.05.22 14:03:32, В системе найдена строка на сумму -3800 за 2024-03-25 от плательщика с ИНН 7203226849 и КПП 720301001 в ЭД Сведения о поступивших от юридических лиц платежах №14 от 2024-05-14 на сумму 70616777.55, соответствующий блок сообщения не будет обработан
2024.05.22 14:03:32, Строка пропущена. Связывание со входящим документом № 17 ЭД "Сведения о поступивших от юридических лиц платежах" № 14 ID = 1000224841. 
2024.05.22 14:03:32, В системе найдена строка на сумму 77547 за 2024-03-25 от плательщика с ИНН 7202214946 и КПП 720301001 в ЭД Сведения о поступивших от юридических лиц платежах №14 от 2024-05-14 на сумму 70616777.55, соответствующий блок сообщения не будет обработан
2024.05.22 14:03:32, Строка пропущена. Связывание со входящим документом № 17 ЭД "Сведения о поступивших от юридических лиц платежах" № 14 ID = 1000224841. 
2024.05.22 14:03:32, В системе найдена строка на сумму 12270.95 за 2024-03-25 от плательщика с ИНН 6670328214 и КПП 720301001 в ЭД Сведения о поступивших от юридических лиц платежах №14 от 2024-05-14 на сумму 70616777.55, соответствующий блок сообщения не будет обработан
2024.05.22 14:03:32, Строка пропущена. Связывание со входящим документом № 17 ЭД "Сведения о поступивших от юридических лиц платежах" № 14 ID = 1000224841. 
2024.05.22 14:03:32, В системе найдена строка на сумму 64481 за 2024-03-25 от плательщика с ИНН 7204164842 и КПП 720301001 в ЭД Сведения о поступивших от юридических лиц платежах №14 от 2024-05-14 на сумму 70616777.55, соответствующий блок сообщения не будет обработан
2024.05.22 14:03:32, Строка пропущена. Связывание со входящим документом № 17 ЭД "Сведения о поступивших от юридических лиц платежах" № 14 ID = 1000224841. 
2024.05.22 14:03:32, В системе найдена строка на сумму 748 за 2024-03-25 от плательщика с ИНН 7202224824 и КПП 720301001 в ЭД Сведения о поступивших от юридических лиц платежах №14 от 2024-05-14 на сумму 70616777.55, соответствующий блок сообщения не будет обработан
2024.05.22 14:03:32, Строка пропущена. Связывание со входящим документом № 17 ЭД "Сведения о поступивших от юридических лиц платежах" № 14 ID = 1000224841. 
2024.05.22 14:03:32, В системе найдена строка на сумму -14105 за 2024-03-25 от плательщика с ИНН 7204176728 и КПП 720301001 в ЭД Сведения о поступивших от юридических лиц платежах №14 от 2024-05-14 на сумму 70616777.55, соответствующий блок сообщения не будет обработан
2024.05.22 14:03:32, Строка пропущена. Связывание со входящим документом № 17 ЭД "Сведения о поступивших от юридических лиц платежах" № 14 ID = 1000224841. 
2024.05.22 14:03:32, В системе найдена строка на сумму -144737 за 2024-03-25 от плательщика с ИНН 8618006151 и КПП 720301001 в ЭД Сведения о поступивших от юридических лиц платежах №14 от 2024-05-14 на сумму 70616777.55, соответствующий блок сообщения не будет обработан
2024.05.22 14:03:32, Строка пропущена. Связывание со входящим документом № 17 ЭД "Сведения о поступивших от юридических лиц платежах" № 14 ID = 1000224841. 
2024.05.22 14:03:32, В системе найдена строка на сумму 52509.93 за 2024-03-25 от плательщика с ИНН 7203216495 и КПП 720301001 в ЭД Сведения о поступивших от юридических лиц платежах №14 от 2024-05-14 на сумму 70616777.55, соответствующий блок сообщения не будет обработан
2024.05.22 14:03:32, Строка пропущена. Связывание со входящим документом № 17 ЭД "Сведения о поступивших от юридических лиц платежах" № 14 ID = 1000224841. 
2024.05.22 14:03:32, В системе найдена строка на сумму 29755 за 2024-03-25 от плательщика с ИНН 7202132059 и КПП 720301001 в ЭД Сведения о поступивших от юридических лиц платежах №14 от 2024-05-14 на сумму 70616777.55, соответствующий блок сообщения не будет обработан
2024.05.22 14:03:32, Строка пропущена. Связывание со входящим документом № 17 ЭД "Сведения о поступивших от юридических лиц платежах" № 14 ID = 1000224841. 
2024.05.22 14:03:32, В системе найдена строка на сумму 40989 за 2024-03-25 от плательщика с ИНН 7204106431 и КПП 720301001 в ЭД Сведения о поступивших от юридических лиц платежах №14 от 2024-05-14 на сумму 70616777.55, соответствующий блок сообщения не будет обработан
2024.05.22 14:03:32, Строка пропущена. Связывание со входящим документом № 17 ЭД "Сведения о поступивших от юридических лиц платежах" № 14 ID = 1000224841. 
2024.05.22 14:03:32, В системе найдена строка на сумму 637236 за 2024-03-25 от плательщика с ИНН 7203188865 и КПП 720301001 в ЭД Сведения о поступивших от юридических лиц платежах №14 от 2024-05-14 на сумму 70616777.55, соответствующий блок сообщения не будет обработан
2024.05.22 14:03:32, Строка пропущена. Связывание со входящим документом № 17 ЭД "Сведения о поступивших от юридических лиц платежах" № 14 ID = 1000224841. 
2024.05.22 14:03:32, В системе найдена строка на сумму -23066 за 2024-03-25 от плательщика с ИНН 7202201961 и КПП 720301001 в ЭД Сведения о поступивших от юридических лиц платежах №14 от 2024-05-14 на сумму 70616777.55, соответствующий блок сообщения не будет обработан
2024.05.22 14:03:32, Строка пропущена. Связывание со входящим документом № 17 ЭД "Сведения о поступивших от юридических лиц платежах" № 14 ID = 1000224841. 
2024.05.22 14:03:32, В системе найдена строка на сумму 386.36 за 2024-03-25 от плательщика с ИНН 7202201961 и КПП 720301001 в ЭД Сведения о поступивших от юридических лиц платежах №14 от 2024-05-14 на сумму 70616777.55, соответствующий блок сообщения не будет обработан
2024.05.22 14:03:32, Строка пропущена. Связывание со входящим документом № 17 ЭД "Сведения о поступивших от юридических лиц платежах" № 14 ID = 1000224841. 
2024.05.22 14:03:32, В системе найдена строка на сумму 17359 за 2024-03-25 от плательщика с ИНН 7204088574 и КПП 720301001 в ЭД Сведения о поступивших от юридических лиц платежах №14 от 2024-05-14 на сумму 70616777.55, соответствующий блок сообщения не будет обработан
2024.05.22 14:03:32, Строка пропущена. Связывание со входящим документом № 17 ЭД "Сведения о поступивших от юридических лиц платежах" № 14 ID = 1000224841. 
2024.05.22 14:03:32, В системе найдена строка на сумму 72125 за 2024-03-25 от плательщика с ИНН 7203157673 и КПП 720301001 в ЭД Сведения о поступивших от юридических лиц платежах №14 от 2024-05-14 на сумму 70616777.55, соответствующий блок сообщения не будет обработан
2024.05.22 14:03:32, Строка пропущена. Связывание со входящим документом № 17 ЭД "Сведения о поступивших от юридических лиц платежах" № 14 ID = 1000224841. 
2024.05.22 14:03:32, В системе найдена строка на сумму 11512 за 2024-03-25 от плательщика с ИНН 7202133944 и КПП 720301001 в ЭД Сведения о поступивших от юридических лиц платежах №14 от 2024-05-14 на сумму 70616777.55, соответствующий блок сообщения не будет обработан
2024.05.22 14:03:32, Строка пропущена. Связывание со входящим документом № 17 ЭД "Сведения о поступивших от юридических лиц платежах" № 14 ID = 1000224841. 
2024.05.22 14:03:32, В системе найдена строка на сумму 47201 за 2024-03-25 от плательщика с ИНН 7203189675 и КПП 720301001 в ЭД Сведения о поступивших от юридических лиц платежах №14 от 2024-05-14 на сумму 70616777.55, соответствующий блок сообщения не будет обработан
2024.05.22 14:03:32, Строка пропущена. Связывание со входящим документом № 17 ЭД "Сведения о поступивших от юридических лиц платежах" № 14 ID = 1000224841. 
2024.05.22 14:03:32, В системе найдена строка на сумму 2990 за 2024-03-25 от плательщика с ИНН 7203159110 и КПП 720301001 в ЭД Сведения о поступивших от юридических лиц платежах №14 от 2024-05-14 на сумму 70616777.55, соответствующий блок сообщения не будет обработан
2024.05.22 14:03:32, Строка пропущена. Связывание со входящим документом № 17 ЭД "Сведения о поступивших от юридических лиц платежах" № 14 ID = 1000224841. 
2024.05.22 14:03:32, В системе найдена строка на сумму 7475 за 2024-03-25 от плательщика с ИНН 5504123829 и КПП 720301001 в ЭД Сведения о поступивших от юридических лиц платежах №14 от 2024-05-14 на сумму 70616777.55, соответствующий блок сообщения не будет обработан
2024.05.22 14:03:32, Строка пропущена. Связывание со входящим документом № 17 ЭД "Сведения о поступивших от юридических лиц платежах" № 14 ID = 1000224841. 
2024.05.22 14:03:32, В системе найдена строка на сумму 30460 за 2024-03-25 от плательщика с ИНН 7203160500 и КПП 720301001 в ЭД Сведения о поступивших от юридических лиц платежах №14 от 2024-05-14 на сумму 70616777.55, соответствующий блок сообщения не будет обработан
2024.05.22 14:03:32, Строка пропущена. Связывание со входящим документом № 17 ЭД "Сведения о поступивших от юридических лиц платежах" № 14 ID = 1000224841. 
2024.05.22 14:03:32, В системе найдена строка на сумму 897 за 2024-03-25 от плательщика с ИНН 7202202147 и КПП 720301001 в ЭД Сведения о поступивших от юридических лиц платежах №14 от 2024-05-14 на сумму 70616777.55, соответствующий блок сообщения не будет обработан
2024.05.22 14:03:32, Строка пропущена. Связывание со входящим документом № 17 ЭД "Сведения о поступивших от юридических лиц платежах" № 14 ID = 1000224841. 
2024.05.22 14:03:32, В системе найдена строка на сумму 10049 за 2024-03-25 от плательщика с ИНН 7203156623 и КПП 720301001 в ЭД Сведения о поступивших от юридических лиц платежах №14 от 2024-05-14 на сумму 70616777.55, соответствующий блок сообщения не будет обработан
2024.05.22 14:03:32, Строка пропущена. Связывание со входящим документом № 17 ЭД "Сведения о поступивших от юридических лиц платежах" № 14 ID = 1000224841. 
2024.05.22 14:03:32, В системе найдена строка на сумму 35769.51 за 2024-03-25 от плательщика с ИНН 6672303279 и КПП 720345001 в ЭД Сведения о поступивших от юридических лиц платежах №14 от 2024-05-14 на сумму 70616777.55, соответствующий блок сообщения не будет обработан
2024.05.22 14:03:32, Строка пропущена. Связывание со входящим документом № 17 ЭД "Сведения о поступивших от юридических лиц платежах" № 14 ID = 1000224841. 
2024.05.22 14:03:32, В системе найдена строка на сумму 74986 за 2024-03-25 от плательщика с ИНН 5258094179 и КПП 526001001 в ЭД Сведения о поступивших от юридических лиц платежах №14 от 2024-05-14 на сумму 70616777.55, соответствующий блок сообщения не будет обработан
2024.05.22 14:03:32, Строка пропущена. Связывание со входящим документом № 17 ЭД "Сведения о поступивших от юридических лиц платежах" № 14 ID = 1000224841. 
2024.05.22 14:03:32, В системе найдена строка на сумму -40298 за 2024-03-25 от плательщика с ИНН 7203159247 и КПП 720301001 в ЭД Сведения о поступивших от юридических лиц платежах №14 от 2024-05-14 на сумму 70616777.55, соответствующий блок сообщения не будет обработан
2024.05.22 14:03:32, Строка пропущена. Связывание со входящим документом № 17 ЭД "Сведения о поступивших от юридических лиц платежах" № 14 ID = 1000224841. 
2024.05.22 14:03:32, В системе найдена строка на сумму 2844.94 за 2024-03-25 от плательщика с ИНН 7203160281 и КПП 720301001 в ЭД Сведения о поступивших от юридических лиц платежах №14 от 2024-05-14 на сумму 70616777.55, соответствующий блок сообщения не будет обработан
2024.05.22 14:03:32, Строка пропущена. Связывание со входящим документом № 17 ЭД "Сведения о поступивших от юридических лиц платежах" № 14 ID = 1000224841. 
2024.05.22 14:03:32, В системе найдена строка на сумму 1444 за 2024-03-25 от плательщика с ИНН 7203254331 и КПП 720301001 в ЭД Сведения о поступивших от юридических лиц платежах №14 от 2024-05-14 на сумму 70616777.55, соответствующий блок сообщения не будет обработан
2024.05.22 14:03:32, Строка пропущена. Связывание со входящим документом № 17 ЭД "Сведения о поступивших от юридических лиц платежах" № 14 ID = 1000224841. 
2024.05.22 14:03:32, В системе найдена строка на сумму 10727 за 2024-03-25 от плательщика с ИНН 7204163214 и КПП 720301001 в ЭД Сведения о поступивших от юридических лиц платежах №14 от 2024-05-14 на сумму 70616777.55, соответствующий блок сообщения не будет обработан
2024.05.22 14:03:32, Строка пропущена. Связывание со входящим документом № 17 ЭД "Сведения о поступивших от юридических лиц платежах" № 14 ID = 1000224841. 
2024.05.22 14:03:32, В системе найдена строка на сумму 276.61 за 2024-03-25 от плательщика с ИНН 7224041422 и КПП 720301001 в ЭД Сведения о поступивших от юридических лиц платежах №14 от 2024-05-14 на сумму 70616777.55, соответствующий блок сообщения не будет обработан
2024.05.22 14:03:32, Строка пропущена. Связывание со входящим документом № 17 ЭД "Сведения о поступивших от юридических лиц платежах" № 14 ID = 1000224841. 
2024.05.22 14:03:32, В системе найдена строка на сумму 219008 за 2024-03-25 от плательщика с ИНН 7202198042 и КПП 720301001 в ЭД Сведения о поступивших от юридических лиц платежах №14 от 2024-05-14 на сумму 70616777.55, соответствующий блок сообщения не будет обработан
2024.05.22 14:03:32, Строка пропущена. Связывание со входящим документом № 17 ЭД "Сведения о поступивших от юридических лиц платежах" № 14 ID = 1000224841. 
2024.05.22 14:03:32, В системе найдена строка на сумму 5015.6 за 2024-03-25 от плательщика с ИНН 7203215124 и КПП 720301001 в ЭД Сведения о поступивших от юридических лиц платежах №14 от 2024-05-14 на сумму 70616777.55, соответствующий блок сообщения не будет обработан
2024.05.22 14:03:32, Строка пропущена. Связывание со входящим документом № 17 ЭД "Сведения о поступивших от юридических лиц платежах" № 14 ID = 1000224841. 
2024.05.22 14:03:32, В системе найдена строка на сумму 2242 за 2024-03-25 от плательщика с ИНН 7202136208 и КПП 720301001 в ЭД Сведения о поступивших от юридических лиц платежах №14 от 2024-05-14 на сумму 70616777.55, соответствующий блок сообщения не будет обработан
2024.05.22 14:03:32, Строка пропущена. Связывание со входящим документом № 17 ЭД "Сведения о поступивших от юридических лиц платежах" № 14 ID = 1000224841. 
2024.05.22 14:03:32, В системе найдена строка на сумму -1456050 за 2024-03-25 от плательщика с ИНН 5003052454 и КПП 720343001 в ЭД Сведения о поступивших от юридических лиц платежах №14 от 2024-05-14 на сумму 70616777.55, соответствующий блок сообщения не будет обработан
2024.05.22 14:03:32, Строка пропущена. Связывание со входящим документом № 17 ЭД "Сведения о поступивших от юридических лиц платежах" № 14 ID = 1000224841. 
2024.05.22 14:03:32, В системе найдена строка на сумму 70259 за 2024-03-25 от плательщика с ИНН 7202136712 и КПП 720301001 в ЭД Сведения о поступивших от юридических лиц платежах №14 от 2024-05-14 на сумму 70616777.55, соответствующий блок сообщения не будет обработан
2024.05.22 14:03:32, Строка пропущена. Связывание со входящим документом № 17 ЭД "Сведения о поступивших от юридических лиц платежах" № 14 ID = 1000224841. 
2024.05.22 14:03:32, В системе найдена строка на сумму -53748 за 2024-03-25 от плательщика с ИНН 7203215251 и КПП 720301001 в ЭД Сведения о поступивших от юридических лиц платежах №14 от 2024-05-14 на сумму 70616777.55, соответствующий блок сообщения не будет обработан
2024.05.22 14:03:32, Строка пропущена. Связывание со входящим документом № 17 ЭД "Сведения о поступивших от юридических лиц платежах" № 14 ID = 1000224841. 
2024.05.22 14:03:32, В системе найдена строка на сумму 2886 за 2024-03-25 от плательщика с ИНН 7203215406 и КПП 720301001 в ЭД Сведения о поступивших от юридических лиц платежах №14 от 2024-05-14 на сумму 70616777.55, соответствующий блок сообщения не будет обработан
2024.05.22 14:03:32, Строка пропущена. Связывание со входящим документом № 17 ЭД "Сведения о поступивших от юридических лиц платежах" № 14 ID = 1000224841. 
2024.05.22 14:03:32, В системе найдена строка на сумму 664 за 2024-03-25 от плательщика с ИНН 7203215452 и КПП 720301001 в ЭД Сведения о поступивших от юридических лиц платежах №14 от 2024-05-14 на сумму 70616777.55, соответствующий блок сообщения не будет обработан
2024.05.22 14:03:32, Строка пропущена. Связывание со входящим документом № 17 ЭД "Сведения о поступивших от юридических лиц платежах" № 14 ID = 1000224841. 
2024.05.22 14:03:32, В системе найдена строка на сумму -1 за 2024-03-25 от плательщика с ИНН 8603124226 и КПП 720301001 в ЭД Сведения о поступивших от юридических лиц платежах №14 от 2024-05-14 на сумму 70616777.55, соответствующий блок сообщения не будет обработан
2024.05.22 14:03:32, Строка пропущена. Связывание со входящим документом № 17 ЭД "Сведения о поступивших от юридических лиц платежах" № 14 ID = 1000224841. 
2024.05.22 14:03:32, В системе найдена строка на сумму -2610 за 2024-03-25 от плательщика с ИНН 7203162296 и КПП 720301001 в ЭД Сведения о поступивших от юридических лиц платежах №14 от 2024-05-14 на сумму 70616777.55, соответствующий блок сообщения не будет обработан
2024.05.22 14:03:32, Строка пропущена. Связывание со входящим документом № 17 ЭД "Сведения о поступивших от юридических лиц платежах" № 14 ID = 1000224841. 
2024.05.22 14:03:32, В системе найдена строка на сумму 187782 за 2024-03-25 от плательщика с ИНН 7204090950 и КПП 720301001 в ЭД Сведения о поступивших от юридических лиц платежах №14 от 2024-05-14 на сумму 70616777.55, соответствующий блок сообщения не будет обработан
2024.05.22 14:03:32, Строка пропущена. Связывание со входящим документом № 17 ЭД "Сведения о поступивших от юридических лиц платежах" № 14 ID = 1000224841. 
2024.05.22 14:03:32, В системе найдена строка на сумму 8638 за 2024-03-25 от плательщика с ИНН 7203191089 и КПП 720301001 в ЭД Сведения о поступивших от юридических лиц платежах №14 от 2024-05-14 на сумму 70616777.55, соответствующий блок сообщения не будет обработан
2024.05.22 14:03:32, Строка пропущена. Связывание со входящим документом № 17 ЭД "Сведения о поступивших от юридических лиц платежах" № 14 ID = 1000224841. 
2024.05.22 14:03:32, В системе найдена строка на сумму -17397 за 2024-03-25 от плательщика с ИНН 7203191089 и КПП 720301001 в ЭД Сведения о поступивших от юридических лиц платежах №14 от 2024-05-14 на сумму 70616777.55, соответствующий блок сообщения не будет обработан
2024.05.22 14:03:32, Строка пропущена. Связывание со входящим документом № 17 ЭД "Сведения о поступивших от юридических лиц платежах" № 14 ID = 1000224841. 
2024.05.22 14:03:32, В системе найдена строка на сумму 63367 за 2024-03-25 от плательщика с ИНН 7203164110 и КПП 720301001 в ЭД Сведения о поступивших от юридических лиц платежах №14 от 2024-05-14 на сумму 70616777.55, соответствующий блок сообщения не будет обработан
2024.05.22 14:03:32, Строка пропущена. Связывание со входящим документом № 17 ЭД "Сведения о поступивших от юридических лиц платежах" № 14 ID = 1000224841. 
2024.05.22 14:03:32, В системе найдена строка на сумму 21514 за 2024-03-25 от плательщика с ИНН 7203164991 и КПП 720301001 в ЭД Сведения о поступивших от юридических лиц платежах №14 от 2024-05-14 на сумму 70616777.55, соответствующий блок сообщения не будет обработан
2024.05.22 14:03:32, Строка пропущена. Связывание со входящим документом № 17 ЭД "Сведения о поступивших от юридических лиц платежах" № 14 ID = 1000224841. 
2024.05.22 14:03:32, В системе найдена строка на сумму 169.7 за 2024-03-25 от плательщика с ИНН 7204108703 и КПП 720301001 в ЭД Сведения о поступивших от юридических лиц платежах №14 от 2024-05-14 на сумму 70616777.55, соответствующий блок сообщения не будет обработан
2024.05.22 14:03:32, Строка пропущена. Связывание со входящим документом № 17 ЭД "Сведения о поступивших от юридических лиц платежах" № 14 ID = 1000224841. 
2024.05.22 14:03:32, В системе найдена строка на сумму -23528 за 2024-03-25 от плательщика с ИНН 7203166205 и КПП 720301001 в ЭД Сведения о поступивших от юридических лиц платежах №14 от 2024-05-14 на сумму 70616777.55, соответствующий блок сообщения не будет обработан
2024.05.22 14:03:32, Строка пропущена. Связывание со входящим документом № 17 ЭД "Сведения о поступивших от юридических лиц платежах" № 14 ID = 1000224841. 
2024.05.22 14:03:32, В системе найдена строка на сумму 3417.55 за 2024-03-25 от плательщика с ИНН 7203193047 и КПП 720301001 в ЭД Сведения о поступивших от юридических лиц платежах №14 от 2024-05-14 на сумму 70616777.55, соответствующий блок сообщения не будет обработан
2024.05.22 14:03:32, Строка пропущена. Связывание со входящим документом № 17 ЭД "Сведения о поступивших от юридических лиц платежах" № 14 ID = 1000224841. 
2024.05.22 14:03:32, В системе найдена строка на сумму 10083 за 2024-03-25 от плательщика с ИНН 7438016550 и КПП 720345020 в ЭД Сведения о поступивших от юридических лиц платежах №14 от 2024-05-14 на сумму 70616777.55, соответствующий блок сообщения не будет обработан
2024.05.22 14:03:32, Строка пропущена. Связывание со входящим документом № 17 ЭД "Сведения о поступивших от юридических лиц платежах" № 14 ID = 1000224841. 
2024.05.22 14:03:32, В системе найдена строка на сумму -237138 за 2024-03-25 от плательщика с ИНН 7203251027 и КПП 720301001 в ЭД Сведения о поступивших от юридических лиц платежах №14 от 2024-05-14 на сумму 70616777.55, соответствующий блок сообщения не будет обработан
2024.05.22 14:03:32, Строка пропущена. Связывание со входящим документом № 17 ЭД "Сведения о поступивших от юридических лиц платежах" № 14 ID = 1000224841. 
2024.05.22 14:03:32, В системе найдена строка на сумму 3289 за 2024-03-25 от плательщика с ИНН 7224030910 и КПП 720301001 в ЭД Сведения о поступивших от юридических лиц платежах №14 от 2024-05-14 на сумму 70616777.55, соответствующий блок сообщения не будет обработан
2024.05.22 14:03:32, Строка пропущена. Связывание со входящим документом № 17 ЭД "Сведения о поступивших от юридических лиц платежах" № 14 ID = 1000224841. 
2024.05.22 14:03:32, В системе найдена строка на сумму 22613 за 2024-03-25 от плательщика с ИНН 7204094296 и КПП 720301001 в ЭД Сведения о поступивших от юридических лиц платежах №14 от 2024-05-14 на сумму 70616777.55, соответствующий блок сообщения не будет обработан
2024.05.22 14:03:32, Строка пропущена. Связывание со входящим документом № 17 ЭД "Сведения о поступивших от юридических лиц платежах" № 14 ID = 1000224841. 
2024.05.22 14:03:32, В системе найдена строка на сумму 30134 за 2024-03-25 от плательщика с ИНН 7204172441 и КПП 720301001 в ЭД Сведения о поступивших от юридических лиц платежах №14 от 2024-05-14 на сумму 70616777.55, соответствующий блок сообщения не будет обработан
2024.05.22 14:03:32, Строка пропущена. Связывание со входящим документом № 17 ЭД "Сведения о поступивших от юридических лиц платежах" № 14 ID = 1000224841. 
2024.05.22 14:03:32, В системе найдена строка на сумму -123994 за 2024-03-25 от плательщика с ИНН 7204145293 и КПП 720301001 в ЭД Сведения о поступивших от юридических лиц платежах №14 от 2024-05-14 на сумму 70616777.55, соответствующий блок сообщения не будет обработан
2024.05.22 14:03:32, Строка пропущена. Связывание со входящим документом № 17 ЭД "Сведения о поступивших от юридических лиц платежах" № 14 ID = 1000224841. 
2024.05.22 14:03:32, В системе найдена строка на сумму 300395.85 за 2024-03-25 от плательщика с ИНН 7203161670 и КПП 720301001 в ЭД Сведения о поступивших от юридических лиц платежах №14 от 2024-05-14 на сумму 70616777.55, соответствующий блок сообщения не будет обработан
2024.05.22 14:03:32, Строка пропущена. Связывание со входящим документом № 17 ЭД "Сведения о поступивших от юридических лиц платежах" № 14 ID = 1000224841. 
2024.05.22 14:03:36, Добавление строки. Связывание со входящим документом № 17 ЭД "Сведения о поступивших от юридических лиц платежах" № 14 ID= 1000224841. 
2024.05.22 14:03:39, Добавление строки. Связывание со входящим документом № 17 ЭД "Сведения о поступивших от юридических лиц платежах" № 14 ID= 1000224841. 
2024.05.22 14:03:43, Добавление строки. Связывание со входящим документом № 17 ЭД "Сведения о поступивших от юридических лиц платежах" № 14 ID= 1000224841. 
2024.05.22 14:03:47, Добавление строки. Связывание со входящим документом № 17 ЭД "Сведения о поступивших от юридических лиц платежах" № 14 ID= 1000224841. 
2024.05.22 14:03:51, Добавление строки. Связывание со входящим документом № 17 ЭД "Сведения о поступивших от юридических лиц платежах" № 14 ID= 1000224841. 
2024.05.22 14:03:55, Добавление строки. Связывание со входящим документом № 17 ЭД "Сведения о поступивших от юридических лиц платежах" № 14 ID= 1000224841. 
2024.05.22 14:03:58, Добавление строки. Связывание со входящим документом № 17 ЭД "Сведения о поступивших от юридических лиц платежах" № 14 ID= 1000224841. 
2024.05.22 14:04:02, Добавление строки. Связывание со входящим документом № 17 ЭД "Сведения о поступивших от юридических лиц платежах" № 14 ID= 1000224841. 
2024.05.22 14:04:06, Добавление строки. Связывание со входящим документом № 17 ЭД "Сведения о поступивших от юридических лиц платежах" № 14 ID= 1000224841. 
2024.05.22 14:04:09, Добавление строки. Связывание со входящим документом № 17 ЭД "Сведения о поступивших от юридических лиц платежах" № 14 ID= 1000224841. 
2024.05.22 14:04:13, Добавление строки. Связывание со входящим документом № 17 ЭД "Сведения о поступивших от юридических лиц платежах" № 14 ID= 1000224841. 
2024.05.22 14:04:17, Добавление строки. Связывание со входящим документом № 17 ЭД "Сведения о поступивших от юридических лиц платежах" № 14 ID= 1000224841. 
2024.05.22 14:04:21, Добавление строки. Связывание со входящим документом № 17 ЭД "Сведения о поступивших от юридических лиц платежах" № 14 ID= 1000224841. 
2024.05.22 14:04:24, Добавление строки. Связывание со входящим документом № 17 ЭД "Сведения о поступивших от юридических лиц платежах" № 14 ID= 1000224841. 
2024.05.22 14:04:28, Добавление строки. Связывание со входящим документом № 17 ЭД "Сведения о поступивших от юридических лиц платежах" № 14 ID= 1000224841. 
2024.05.22 14:04:31, Добавление строки. Связывание со входящим документом № 17 ЭД "Сведения о поступивших от юридических лиц платежах" № 14 ID= 1000224841. 
2024.05.22 14:04:35, Добавление строки. Связывание со входящим документом № 17 ЭД "Сведения о поступивших от юридических лиц платежах" № 14 ID= 1000224841. 
2024.05.22 14:04:38, Добавление строки. Связывание со входящим документом № 17 ЭД "Сведения о поступивших от юридических лиц платежах" № 14 ID= 1000224841. 
2024.05.22 14:04:42, Добавление строки. Связывание со входящим документом № 17 ЭД "Сведения о поступивших от юридических лиц платежах" № 14 ID= 1000224841. 
2024.05.22 14:04:45, Добавление строки. Связывание со входящим документом № 17 ЭД "Сведения о поступивших от юридических лиц платежах" № 14 ID= 1000224841. 
2024.05.22 14:04:49, Добавление строки. Связывание со входящим документом № 17 ЭД "Сведения о поступивших от юридических лиц платежах" № 14 ID= 1000224841. 
2024.05.22 14:04:53, Добавление строки. Связывание со входящим документом № 17 ЭД "Сведения о поступивших от юридических лиц платежах" № 14 ID= 1000224841. 
2024.05.22 14:04:56, Добавление строки. Связывание со входящим документом № 17 ЭД "Сведения о поступивших от юридических лиц платежах" № 14 ID= 1000224841. 
2024.05.22 14:05:00, Добавление строки. Связывание со входящим документом № 17 ЭД "Сведения о поступивших от юридических лиц платежах" № 14 ID= 1000224841. 
2024.05.22 14:05:03, Добавление строки. Связывание со входящим документом № 17 ЭД "Сведения о поступивших от юридических лиц платежах" № 14 ID= 1000224841. 
2024.05.22 14:05:07, Добавление строки. Связывание со входящим документом № 17 ЭД "Сведения о поступивших от юридических лиц платежах" № 14 ID= 1000224841. 
2024.05.22 14:05:11, Добавление строки. Связывание со входящим документом № 17 ЭД "Сведения о поступивших от юридических лиц платежах" № 14 ID= 1000224841. 
2024.05.22 14:05:14, Добавление строки. Связывание со входящим документом № 17 ЭД "Сведения о поступивших от юридических лиц платежах" № 14 ID= 1000224841. 
2024.05.22 14:05:18, Добавление строки. Связывание со входящим документом № 17 ЭД "Сведения о поступивших от юридических лиц платежах" № 14 ID= 1000224841. 
2024.05.22 14:05:21, Добавление строки. Связывание со входящим документом № 17 ЭД "Сведения о поступивших от юридических лиц платежах" № 14 ID= 1000224841. 
2024.05.22 14:05:25, Добавление строки. Связывание со входящим документом № 17 ЭД "Сведения о поступивших от юридических лиц платежах" № 14 ID= 1000224841. 
2024.05.22 14:05:29, Добавление строки. Связывание со входящим документом № 17 ЭД "Сведения о поступивших от юридических лиц платежах" № 14 ID= 1000224841. 
2024.05.22 14:05:33, Добавление строки. Связывание со входящим документом № 17 ЭД "Сведения о поступивших от юридических лиц платежах" № 14 ID= 1000224841. 
2024.05.22 14:05:36, Добавление строки. Связывание со входящим документом № 17 ЭД "Сведения о поступивших от юридических лиц платежах" № 14 ID= 1000224841. 
2024.05.22 14:05:40, Добавление строки. Связывание со входящим документом № 17 ЭД "Сведения о поступивших от юридических лиц платежах" № 14 ID= 1000224841. 
2024.05.22 14:05:43, Добавление строки. Связывание со входящим документом № 17 ЭД "Сведения о поступивших от юридических лиц платежах" № 14 ID= 1000224841. 
2024.05.22 14:05:47, Добавление строки. Связывание со входящим документом № 17 ЭД "Сведения о поступивших от юридических лиц платежах" № 14 ID= 1000224841. 
2024.05.22 14:05:51, Добавление строки. Связывание со входящим документом № 17 ЭД "Сведения о поступивших от юридических лиц платежах" № 14 ID= 1000224841. 
2024.05.22 14:05:54, Добавление строки. Связывание со входящим документом № 17 ЭД "Сведения о поступивших от юридических лиц платежах" № 14 ID= 1000224841. 
2024.05.22 14:05:58, Добавление строки. Связывание со входящим документом № 17 ЭД "Сведения о поступивших от юридических лиц платежах" № 14 ID= 1000224841. 
2024.05.22 14:06:02, Добавление строки. Связывание со входящим документом № 17 ЭД "Сведения о поступивших от юридических лиц платежах" № 14 ID= 1000224841. 
2024.05.22 14:06:06, Добавление строки. Связывание со входящим документом № 17 ЭД "Сведения о поступивших от юридических лиц платежах" № 14 ID= 1000224841. 
2024.05.22 14:06:10, Добавление строки. Связывание со входящим документом № 17 ЭД "Сведения о поступивших от юридических лиц платежах" № 14 ID= 1000224841. 
2024.05.22 14:06:13, Добавление строки. Связывание со входящим документом № 17 ЭД "Сведения о поступивших от юридических лиц платежах" № 14 ID= 1000224841. 
2024.05.22 14:06:17, Добавление строки. Связывание со входящим документом № 17 ЭД "Сведения о поступивших от юридических лиц платежах" № 14 ID= 1000224841. 
2024.05.22 14:06:21, Добавление строки. Связывание со входящим документом № 17 ЭД "Сведения о поступивших от юридических лиц платежах" № 14 ID= 1000224841. 
2024.05.22 14:06:25, Добавление строки. Связывание со входящим документом № 17 ЭД "Сведения о поступивших от юридических лиц платежах" № 14 ID= 1000224841. 
2024.05.22 14:06:28, Добавление строки. Связывание со входящим документом № 17 ЭД "Сведения о поступивших от юридических лиц платежах" № 14 ID= 1000224841. 
2024.05.22 14:06:32, Добавление строки. Связывание со входящим документом № 17 ЭД "Сведения о поступивших от юридических лиц платежах" № 14 ID= 1000224841. 
2024.05.22 14:06:35, Добавление строки. Связывание со входящим документом № 17 ЭД "Сведения о поступивших от юридических лиц платежах" № 14 ID= 1000224841. 
2024.05.22 14:06:39, Добавление строки. Связывание со входящим документом № 17 ЭД "Сведения о поступивших от юридических лиц платежах" № 14 ID= 1000224841. 
2024.05.22 14:06:42, Добавление строки. Связывание со входящим документом № 17 ЭД "Сведения о поступивших от юридических лиц платежах" № 14 ID= 1000224841. 
2024.05.22 14:06:46, Добавление строки. Связывание со входящим документом № 17 ЭД "Сведения о поступивших от юридических лиц платежах" № 14 ID= 1000224841. 
2024.05.22 14:06:49, Добавление строки. Связывание со входящим документом № 17 ЭД "Сведения о поступивших от юридических лиц платежах" № 14 ID= 1000224841. 
2024.05.22 14:06:53, Добавление строки. Связывание со входящим документом № 17 ЭД "Сведения о поступивших от юридических лиц платежах" № 14 ID= 1000224841. 
2024.05.22 14:06:57, Добавление строки. Связывание со входящим документом № 17 ЭД "Сведения о поступивших от юридических лиц платежах" № 14 ID= 1000224841. 
2024.05.22 14:07:01, Добавление строки. Связывание со входящим документом № 17 ЭД "Сведения о поступивших от юридических лиц платежах" № 14 ID= 1000224841. 
2024.05.22 14:07:04, Добавление строки. Связывание со входящим документом № 17 ЭД "Сведения о поступивших от юридических лиц платежах" № 14 ID= 1000224841. 
2024.05.22 14:07:08, Добавление строки. Связывание со входящим документом № 17 ЭД "Сведения о поступивших от юридических лиц платежах" № 14 ID= 1000224841. 
2024.05.22 14:07:12, Добавление строки. Связывание со входящим документом № 17 ЭД "Сведения о поступивших от юридических лиц платежах" № 14 ID= 1000224841. 
2024.05.22 14:07:16, Добавление строки. Связывание со входящим документом № 17 ЭД "Сведения о поступивших от юридических лиц платежах" № 14 ID= 1000224841. 
2024.05.22 14:07:20, Добавление строки. Связывание со входящим документом № 17 ЭД "Сведения о поступивших от юридических лиц платежах" № 14 ID= 1000224841. 
2024.05.22 14:07:24, Добавление строки. Связывание со входящим документом № 17 ЭД "Сведения о поступивших от юридических лиц платежах" № 14 ID= 1000224841. 
2024.05.22 14:07:28, Добавление строки. Связывание со входящим документом № 17 ЭД "Сведения о поступивших от юридических лиц платежах" № 14 ID= 1000224841. 
2024.05.22 14:07:32, Добавление строки. Связывание со входящим документом № 17 ЭД "Сведения о поступивших от юридических лиц платежах" № 14 ID= 1000224841. 
2024.05.22 14:07:35, Добавление строки. Связывание со входящим документом № 17 ЭД "Сведения о поступивших от юридических лиц платежах" № 14 ID= 1000224841. 
2024.05.22 14:07:40, Добавление строки. Связывание со входящим документом № 17 ЭД "Сведения о поступивших от юридических лиц платежах" № 14 ID= 1000224841. 
2024.05.22 14:07:44, Добавление строки. Связывание со входящим документом № 17 ЭД "Сведения о поступивших от юридических лиц платежах" № 14 ID= 1000224841. 
2024.05.22 14:07:48, Добавление строки. Связывание со входящим документом № 17 ЭД "Сведения о поступивших от юридических лиц платежах" № 14 ID= 1000224841. 
2024.05.22 14:07:52, Добавление строки. Связывание со входящим документом № 17 ЭД "Сведения о поступивших от юридических лиц платежах" № 14 ID= 1000224841. 
2024.05.22 14:07:55, Добавление строки. Связывание со входящим документом № 17 ЭД "Сведения о поступивших от юридических лиц платежах" № 14 ID= 1000224841. 
2024.05.22 14:07:59, Добавление строки. Связывание со входящим документом № 17 ЭД "Сведения о поступивших от юридических лиц платежах" № 14 ID= 1000224841. 
2024.05.22 14:08:02, Добавление строки. Связывание со входящим документом № 17 ЭД "Сведения о поступивших от юридических лиц платежах" № 14 ID= 1000224841. 
2024.05.22 14:08:06, Добавление строки. Связывание со входящим документом № 17 ЭД "Сведения о поступивших от юридических лиц платежах" № 14 ID= 1000224841. 
2024.05.22 14:08:10, Добавление строки. Связывание со входящим документом № 17 ЭД "Сведения о поступивших от юридических лиц платежах" № 14 ID= 1000224841. 
2024.05.22 14:08:14, Добавление строки. Связывание со входящим документом № 17 ЭД "Сведения о поступивших от юридических лиц платежах" № 14 ID= 1000224841. 
2024.05.22 14:08:17, Добавление строки. Связывание со входящим документом № 17 ЭД "Сведения о поступивших от юридических лиц платежах" № 14 ID= 1000224841. 
2024.05.22 14:08:21, Добавление строки. Связывание со входящим документом № 17 ЭД "Сведения о поступивших от юридических лиц платежах" № 14 ID= 1000224841. 
2024.05.22 14:08:25, Добавление строки. Связывание со входящим документом № 17 ЭД "Сведения о поступивших от юридических лиц платежах" № 14 ID= 1000224841. 
2024.05.22 14:08:29, Добавление строки. Связывание со входящим документом № 17 ЭД "Сведения о поступивших от юридических лиц платежах" № 14 ID= 1000224841. 
2024.05.22 14:08:33, Добавление строки. Связывание со входящим документом № 17 ЭД "Сведения о поступивших от юридических лиц платежах" № 14 ID= 1000224841. 
2024.05.22 14:08:37, Добавление строки. Связывание со входящим документом № 17 ЭД "Сведения о поступивших от юридических лиц платежах" № 14 ID= 1000224841. 
2024.05.22 14:08:41, Добавление строки. Связывание со входящим документом № 17 ЭД "Сведения о поступивших от юридических лиц платежах" № 14 ID= 1000224841. 
2024.05.22 14:08:45, Добавление строки. Связывание со входящим документом № 17 ЭД "Сведения о поступивших от юридических лиц платежах" № 14 ID= 1000224841. 
2024.05.22 14:08:49, Добавление строки. Связывание со входящим документом № 17 ЭД "Сведения о поступивших от юридических лиц платежах" № 14 ID= 1000224841. 
2024.05.22 14:08:53, Добавление строки. Связывание со входящим документом № 17 ЭД "Сведения о поступивших от юридических лиц платежах" № 14 ID= 1000224841. 
2024.05.22 14:08:57, Добавление строки. Связывание со входящим документом № 17 ЭД "Сведения о поступивших от юридических лиц платежах" № 14 ID= 1000224841. 
2024.05.22 14:09:01, Добавление строки. Связывание со входящим документом № 17 ЭД "Сведения о поступивших от юридических лиц платежах" № 14 ID= 1000224841. 
2024.05.22 14:09:05, Добавление строки. Связывание со входящим документом № 17 ЭД "Сведения о поступивших от юридических лиц платежах" № 14 ID= 1000224841. 
2024.05.22 14:09:09, Добавление строки. Связывание со входящим документом № 17 ЭД "Сведения о поступивших от юридических лиц платежах" № 14 ID= 1000224841. 
2024.05.22 14:09:12, Добавление строки. Связывание со входящим документом № 17 ЭД "Сведения о поступивших от юридических лиц платежах" № 14 ID= 1000224841. 
2024.05.22 14:09:16, Добавление строки. Связывание со входящим документом № 17 ЭД "Сведения о поступивших от юридических лиц платежах" № 14 ID= 1000224841. 
2024.05.22 14:09:20, Добавление строки. Связывание со входящим документом № 17 ЭД "Сведения о поступивших от юридических лиц платежах" № 14 ID= 1000224841. 
2024.05.22 14:09:23, Добавление строки. Связывание со входящим документом № 17 ЭД "Сведения о поступивших от юридических лиц платежах" № 14 ID= 1000224841. 
2024.05.22 14:09:27, Добавление строки. Связывание со входящим документом № 17 ЭД "Сведения о поступивших от юридических лиц платежах" № 14 ID= 1000224841. 
2024.05.22 14:09:31, Добавление строки. Связывание со входящим документом № 17 ЭД "Сведения о поступивших от юридических лиц платежах" № 14 ID= 1000224841. 
2024.05.22 14:09:35, Добавление строки. Связывание со входящим документом № 17 ЭД "Сведения о поступивших от юридических лиц платежах" № 14 ID= 1000224841. 
2024.05.22 14:09:38, Добавление строки. Связывание со входящим документом № 17 ЭД "Сведения о поступивших от юридических лиц платежах" № 14 ID= 1000224841. 
2024.05.22 14:09:42, Добавление строки. Связывание со входящим документом № 17 ЭД "Сведения о поступивших от юридических лиц платежах" № 14 ID= 1000224841. 
2024.05.22 14:09:45, Добавление строки. Связывание со входящим документом № 17 ЭД "Сведения о поступивших от юридических лиц платежах" № 14 ID= 1000224841. 
2024.05.22 14:09:49, Добавление строки. Связывание со входящим документом № 17 ЭД "Сведения о поступивших от юридических лиц платежах" № 14 ID= 1000224841. 
2024.05.22 14:09:53, Добавление строки. Связывание со входящим документом № 17 ЭД "Сведения о поступивших от юридических лиц платежах" № 14 ID= 1000224841. 
2024.05.22 14:09:57, Добавление строки. Связывание со входящим документом № 17 ЭД "Сведения о поступивших от юридических лиц платежах" № 14 ID= 1000224841. 
2024.05.22 14:10:01, Добавление строки. Связывание со входящим документом № 17 ЭД "Сведения о поступивших от юридических лиц платежах" № 14 ID= 1000224841. 
2024.05.22 14:10:04, Добавление строки. Связывание со входящим документом № 17 ЭД "Сведения о поступивших от юридических лиц платежах" № 14 ID= 1000224841. 
2024.05.22 14:10:08, Добавление строки. Связывание со входящим документом № 17 ЭД "Сведения о поступивших от юридических лиц платежах" № 14 ID= 1000224841. 
2024.05.22 14:10:12, Добавление строки. Связывание со входящим документом № 17 ЭД "Сведения о поступивших от юридических лиц платежах" № 14 ID= 1000224841. 
2024.05.22 14:10:16, Добавление строки. Связывание со входящим документом № 17 ЭД "Сведения о поступивших от юридических лиц платежах" № 14 ID= 1000224841. 
2024.05.22 14:10:20, Добавление строки. Связывание со входящим документом № 17 ЭД "Сведения о поступивших от юридических лиц платежах" № 14 ID= 1000224841. 
2024.05.22 14:10:24, Добавление строки. Связывание со входящим документом № 17 ЭД "Сведения о поступивших от юридических лиц платежах" № 14 ID= 1000224841. 
2024.05.22 14:10:28, Добавление строки. Связывание со входящим документом № 17 ЭД "Сведения о поступивших от юридических лиц платежах" № 14 ID= 1000224841. 
2024.05.22 14:10:31, Добавление строки. Связывание со входящим документом № 17 ЭД "Сведения о поступивших от юридических лиц платежах" № 14 ID= 1000224841. 
2024.05.22 14:10:35, Добавление строки. Связывание со входящим документом № 17 ЭД "Сведения о поступивших от юридических лиц платежах" № 14 ID= 1000224841. 
2024.05.22 14:10:39, Добавление строки. Связывание со входящим документом № 17 ЭД "Сведения о поступивших от юридических лиц платежах" № 14 ID= 1000224841. 
2024.05.22 14:10:42, Добавление строки. Связывание со входящим документом № 17 ЭД "Сведения о поступивших от юридических лиц платежах" № 14 ID= 1000224841. 
2024.05.22 14:10:47, Добавление строки. Связывание со входящим документом № 17 ЭД "Сведения о поступивших от юридических лиц платежах" № 14 ID= 1000224841. 
2024.05.22 14:10:50, Добавление строки. Связывание со входящим документом № 17 ЭД "Сведения о поступивших от юридических лиц платежах" № 14 ID= 1000224841. 
2024.05.22 14:10:54, Добавление строки. Связывание со входящим документом № 17 ЭД "Сведения о поступивших от юридических лиц платежах" № 14 ID= 1000224841. 
2024.05.22 14:10:58, Добавление строки. Связывание со входящим документом № 17 ЭД "Сведения о поступивших от юридических лиц платежах" № 14 ID= 1000224841. 
2024.05.22 14:11:02, Добавление строки. Связывание со входящим документом № 17 ЭД "Сведения о поступивших от юридических лиц платежах" № 14 ID= 1000224841. 
2024.05.22 14:11:05, Добавление строки. Связывание со входящим документом № 17 ЭД "Сведения о поступивших от юридических лиц платежах" № 14 ID= 1000224841. 
2024.05.22 14:11:09, Добавление строки. Связывание со входящим документом № 17 ЭД "Сведения о поступивших от юридических лиц платежах" № 14 ID= 1000224841. 
2024.05.22 14:11:13, Добавление строки. Связывание со входящим документом № 17 ЭД "Сведения о поступивших от юридических лиц платежах" № 14 ID= 1000224841. 
2024.05.22 14:11:17, Добавление строки. Связывание со входящим документом № 17 ЭД "Сведения о поступивших от юридических лиц платежах" № 14 ID= 1000224841. 
2024.05.22 14:11:20, Добавление строки. Связывание со входящим документом № 17 ЭД "Сведения о поступивших от юридических лиц платежах" № 14 ID= 1000224841. 
2024.05.22 14:11:25, Добавление строки. Связывание со входящим документом № 17 ЭД "Сведения о поступивших от юридических лиц платежах" № 14 ID= 1000224841. 
2024.05.22 14:11:28, Добавление строки. Связывание со входящим документом № 17 ЭД "Сведения о поступивших от юридических лиц платежах" № 14 ID= 1000224841. 
2024.05.22 14:11:32, Добавление строки. Связывание со входящим документом № 17 ЭД "Сведения о поступивших от юридических лиц платежах" № 14 ID= 1000224841. 
2024.05.22 14:11:36, Добавление строки. Связывание со входящим документом № 17 ЭД "Сведения о поступивших от юридических лиц платежах" № 14 ID= 1000224841. 
2024.05.22 14:11:39, Добавление строки. Связывание со входящим документом № 17 ЭД "Сведения о поступивших от юридических лиц платежах" № 14 ID= 1000224841. 
2024.05.22 14:11:43, Добавление строки. Связывание со входящим документом № 17 ЭД "Сведения о поступивших от юридических лиц платежах" № 14 ID= 1000224841. 
2024.05.22 14:11:47, Добавление строки. Связывание со входящим документом № 17 ЭД "Сведения о поступивших от юридических лиц платежах" № 14 ID= 1000224841. 
2024.05.22 14:11:51, Добавление строки. Связывание со входящим документом № 17 ЭД "Сведения о поступивших от юридических лиц платежах" № 14 ID= 1000224841. 
2024.05.22 14:11:55, Добавление строки. Связывание со входящим документом № 17 ЭД "Сведения о поступивших от юридических лиц платежах" № 14 ID= 1000224841. 
2024.05.22 14:11:58, Добавление строки. Связывание со входящим документом № 17 ЭД "Сведения о поступивших от юридических лиц платежах" № 14 ID= 1000224841. 
2024.05.22 14:12:02, Добавление строки. Связывание со входящим документом № 17 ЭД "Сведения о поступивших от юридических лиц платежах" № 14 ID= 1000224841. 
2024.05.22 14:12:06, Добавление строки. Связывание со входящим документом № 17 ЭД "Сведения о поступивших от юридических лиц платежах" № 14 ID= 1000224841. 
2024.05.22 14:12:10, Добавление строки. Связывание со входящим документом № 17 ЭД "Сведения о поступивших от юридических лиц платежах" № 14 ID= 1000224841. 
2024.05.22 14:12:14, Добавление строки. Связывание со входящим документом № 17 ЭД "Сведения о поступивших от юридических лиц платежах" № 14 ID= 1000224841. 
2024.05.22 14:12:18, Добавление строки. Связывание со входящим документом № 17 ЭД "Сведения о поступивших от юридических лиц платежах" № 14 ID= 1000224841. 
2024.05.22 14:12:22, Добавление строки. Связывание со входящим документом № 17 ЭД "Сведения о поступивших от юридических лиц платежах" № 14 ID= 1000224841. 
2024.05.22 14:12:25, Добавление строки. Связывание со входящим документом № 17 ЭД "Сведения о поступивших от юридических лиц платежах" № 14 ID= 1000224841. 
2024.05.22 14:12:30, Добавление строки. Связывание со входящим документом № 17 ЭД "Сведения о поступивших от юридических лиц платежах" № 14 ID= 1000224841. 
2024.05.22 14:12:33, Добавление строки. Связывание со входящим документом № 17 ЭД "Сведения о поступивших от юридических лиц платежах" № 14 ID= 1000224841. 
2024.05.22 14:12:37, Добавление строки. Связывание со входящим документом № 17 ЭД "Сведения о поступивших от юридических лиц платежах" № 14 ID= 1000224841. 
2024.05.22 14:12:41, Добавление строки. Связывание со входящим документом № 17 ЭД "Сведения о поступивших от юридических лиц платежах" № 14 ID= 1000224841. 
2024.05.22 14:12:45, Добавление строки. Связывание со входящим документом № 17 ЭД "Сведения о поступивших от юридических лиц платежах" № 14 ID= 1000224841. 
2024.05.22 14:12:49, Добавление строки. Связывание со входящим документом № 17 ЭД "Сведения о поступивших от юридических лиц платежах" № 14 ID= 1000224841. 
2024.05.22 14:12:53, Добавление строки. Связывание со входящим документом № 17 ЭД "Сведения о поступивших от юридических лиц платежах" № 14 ID= 1000224841. 
2024.05.22 14:12:57, Добавление строки. Связывание со входящим документом № 17 ЭД "Сведения о поступивших от юридических лиц платежах" № 14 ID= 1000224841. 
2024.05.22 14:13:01, Добавление строки. Связывание со входящим документом № 17 ЭД "Сведения о поступивших от юридических лиц платежах" № 14 ID= 1000224841. 
2024.05.22 14:13:05, Добавление строки. Связывание со входящим документом № 17 ЭД "Сведения о поступивших от юридических лиц платежах" № 14 ID= 1000224841. 
2024.05.22 14:13:09, Добавление строки. Связывание со входящим документом № 17 ЭД "Сведения о поступивших от юридических лиц платежах" № 14 ID= 1000224841. 
2024.05.22 14:13:13, Добавление строки. Связывание со входящим документом № 17 ЭД "Сведения о поступивших от юридических лиц платежах" № 14 ID= 1000224841. 
2024.05.22 14:13:17, Добавление строки. Связывание со входящим документом № 17 ЭД "Сведения о поступивших от юридических лиц платежах" № 14 ID= 1000224841. 
2024.05.22 14:13:21, Добавление строки. Связывание со входящим документом № 17 ЭД "Сведения о поступивших от юридических лиц платежах" № 14 ID= 1000224841. 
2024.05.22 14:13:25, Добавление строки. Связывание со входящим документом № 17 ЭД "Сведения о поступивших от юридических лиц платежах" № 14 ID= 1000224841. 
2024.05.22 14:13:29, Добавление строки. Связывание со входящим документом № 17 ЭД "Сведения о поступивших от юридических лиц платежах" № 14 ID= 1000224841. 
2024.05.22 14:13:33, Добавление строки. Связывание со входящим документом № 17 ЭД "Сведения о поступивших от юридических лиц платежах" № 14 ID= 1000224841. 
2024.05.22 14:13:37, Добавление строки. Связывание со входящим документом № 17 ЭД "Сведения о поступивших от юридических лиц платежах" № 14 ID= 1000224841. 
2024.05.22 14:13:40, Добавление строки. Связывание со входящим документом № 17 ЭД "Сведения о поступивших от юридических лиц платежах" № 14 ID= 1000224841. 
2024.05.22 14:13:44, Добавление строки. Связывание со входящим документом № 17 ЭД "Сведения о поступивших от юридических лиц платежах" № 14 ID= 1000224841. 
2024.05.22 14:13:48, Добавление строки. Связывание со входящим документом № 17 ЭД "Сведения о поступивших от юридических лиц платежах" № 14 ID= 1000224841. 
2024.05.22 14:13:52, Добавление строки. Связывание со входящим документом № 17 ЭД "Сведения о поступивших от юридических лиц платежах" № 14 ID= 1000224841. 
2024.05.22 14:13:56, Добавление строки. Связывание со входящим документом № 17 ЭД "Сведения о поступивших от юридических лиц платежах" № 14 ID= 1000224841. 
2024.05.22 14:14:00, Добавление строки. Связывание со входящим документом № 17 ЭД "Сведения о поступивших от юридических лиц платежах" № 14 ID= 1000224841. 
2024.05.22 14:14:04, Добавление строки. Связывание со входящим документом № 17 ЭД "Сведения о поступивших от юридических лиц платежах" № 14 ID= 1000224841. 
2024.05.22 14:14:08, Добавление строки. Связывание со входящим документом № 17 ЭД "Сведения о поступивших от юридических лиц платежах" № 14 ID= 1000224841. 
2024.05.22 14:14:12, Добавление строки. Связывание со входящим документом № 17 ЭД "Сведения о поступивших от юридических лиц платежах" № 14 ID= 1000224841. 
2024.05.22 14:14:15, Добавление строки. Связывание со входящим документом № 17 ЭД "Сведения о поступивших от юридических лиц платежах" № 14 ID= 1000224841. 
2024.05.22 14:14:19, Добавление строки. Связывание со входящим документом № 17 ЭД "Сведения о поступивших от юридических лиц платежах" № 14 ID= 1000224841. 
2024.05.22 14:14:23, Добавление строки. Связывание со входящим документом № 17 ЭД "Сведения о поступивших от юридических лиц платежах" № 14 ID= 1000224841. 
2024.05.22 14:14:27, Добавление строки. Связывание со входящим документом № 17 ЭД "Сведения о поступивших от юридических лиц платежах" № 14 ID= 1000224841. 
2024.05.22 14:14:31, Добавление строки. Связывание со входящим документом № 17 ЭД "Сведения о поступивших от юридических лиц платежах" № 14 ID= 1000224841. 
2024.05.22 14:14:35, Добавление строки. Связывание со входящим документом № 17 ЭД "Сведения о поступивших от юридических лиц платежах" № 14 ID= 1000224841. 
2024.05.22 14:14:39, Добавление строки. Связывание со входящим документом № 17 ЭД "Сведения о поступивших от юридических лиц платежах" № 14 ID= 1000224841. 
2024.05.22 14:14:43, Добавление строки. Связывание со входящим документом № 17 ЭД "Сведения о поступивших от юридических лиц платежах" № 14 ID= 1000224841. 
2024.05.22 14:14:47, Добавление строки. Связывание со входящим документом № 17 ЭД "Сведения о поступивших от юридических лиц платежах" № 14 ID= 1000224841. 
2024.05.22 14:14:51, Добавление строки. Связывание со входящим документом № 17 ЭД "Сведения о поступивших от юридических лиц платежах" № 14 ID= 1000224841. 
2024.05.22 14:14:55, Добавление строки. Связывание со входящим документом № 17 ЭД "Сведения о поступивших от юридических лиц платежах" № 14 ID= 1000224841. 
2024.05.22 14:14:59, Добавление строки. Связывание со входящим документом № 17 ЭД "Сведения о поступивших от юридических лиц платежах" № 14 ID= 1000224841. 
2024.05.22 14:15:02, Добавление строки. Связывание со входящим документом № 17 ЭД "Сведения о поступивших от юридических лиц платежах" № 14 ID= 1000224841. 
2024.05.22 14:15:06, Добавление строки. Связывание со входящим документом № 17 ЭД "Сведения о поступивших от юридических лиц платежах" № 14 ID= 1000224841. 
2024.05.22 14:15:10, Добавление строки. Связывание со входящим документом № 17 ЭД "Сведения о поступивших от юридических лиц платежах" № 14 ID= 1000224841. 
2024.05.22 14:15:14, Добавление строки. Связывание со входящим документом № 17 ЭД "Сведения о поступивших от юридических лиц платежах" № 14 ID= 1000224841. 
2024.05.22 14:15:18, Добавление строки. Связывание со входящим документом № 17 ЭД "Сведения о поступивших от юридических лиц платежах" № 14 ID= 1000224841. 
2024.05.22 14:15:21, Добавление строки. Связывание со входящим документом № 17 ЭД "Сведения о поступивших от юридических лиц платежах" № 14 ID= 1000224841. 
2024.05.22 14:15:25, Добавление строки. Связывание со входящим документом № 17 ЭД "Сведения о поступивших от юридических лиц платежах" № 14 ID= 1000224841. 
2024.05.22 14:15:29, Добавление строки. Связывание со входящим документом № 17 ЭД "Сведения о поступивших от юридических лиц платежах" № 14 ID= 1000224841. 
2024.05.22 14:15:33, Добавление строки. Связывание со входящим документом № 17 ЭД "Сведения о поступивших от юридических лиц платежах" № 14 ID= 1000224841. 
2024.05.22 14:15:36, Добавление строки. Связывание со входящим документом № 17 ЭД "Сведения о поступивших от юридических лиц платежах" № 14 ID= 1000224841. 
2024.05.22 14:15:40, Добавление строки. Связывание со входящим документом № 17 ЭД "Сведения о поступивших от юридических лиц платежах" № 14 ID= 1000224841. 
2024.05.22 14:15:44, Добавление строки. Связывание со входящим документом № 17 ЭД "Сведения о поступивших от юридических лиц платежах" № 14 ID= 1000224841. 
2024.05.22 14:15:48, Добавление строки. Связывание со входящим документом № 17 ЭД "Сведения о поступивших от юридических лиц платежах" № 14 ID= 1000224841. 
2024.05.22 14:15:51, Добавление строки. Связывание со входящим документом № 17 ЭД "Сведения о поступивших от юридических лиц платежах" № 14 ID= 1000224841. 
2024.05.22 14:15:55, Добавление строки. Связывание со входящим документом № 17 ЭД "Сведения о поступивших от юридических лиц платежах" № 14 ID= 1000224841. 
2024.05.22 14:15:59, Добавление строки. Связывание со входящим документом № 17 ЭД "Сведения о поступивших от юридических лиц платежах" № 14 ID= 1000224841. 
2024.05.22 14:16:03, Добавление строки. Связывание со входящим документом № 17 ЭД "Сведения о поступивших от юридических лиц платежах" № 14 ID= 1000224841. 
2024.05.22 14:16:07, Добавление строки. Связывание со входящим документом № 17 ЭД "Сведения о поступивших от юридических лиц платежах" № 14 ID= 1000224841. 
2024.05.22 14:16:10, Добавление строки. Связывание со входящим документом № 17 ЭД "Сведения о поступивших от юридических лиц платежах" № 14 ID= 1000224841. 
2024.05.22 14:16:14, Добавление строки. Связывание со входящим документом № 17 ЭД "Сведения о поступивших от юридических лиц платежах" № 14 ID= 1000224841. 
2024.05.22 14:16:18, Добавление строки. Связывание со входящим документом № 17 ЭД "Сведения о поступивших от юридических лиц платежах" № 14 ID= 1000224841. 
2024.05.22 14:16:22, Добавление строки. Связывание со входящим документом № 17 ЭД "Сведения о поступивших от юридических лиц платежах" № 14 ID= 1000224841. 
2024.05.22 14:16:26, Добавление строки. Связывание со входящим документом № 17 ЭД "Сведения о поступивших от юридических лиц платежах" № 14 ID= 1000224841. 
2024.05.22 14:16:30, Добавление строки. Связывание со входящим документом № 17 ЭД "Сведения о поступивших от юридических лиц платежах" № 14 ID= 1000224841. 
2024.05.22 14:16:34, Добавление строки. Связывание со входящим документом № 17 ЭД "Сведения о поступивших от юридических лиц платежах" № 14 ID= 1000224841. 
2024.05.22 14:16:38, Добавление строки. Связывание со входящим документом № 17 ЭД "Сведения о поступивших от юридических лиц платежах" № 14 ID= 1000224841. 
2024.05.22 14:16:42, Добавление строки. Связывание со входящим документом № 17 ЭД "Сведения о поступивших от юридических лиц платежах" № 14 ID= 1000224841. 
2024.05.22 14:16:46, Добавление строки. Связывание со входящим документом № 17 ЭД "Сведения о поступивших от юридических лиц платежах" № 14 ID= 1000224841. 
2024.05.22 14:16:50, Добавление строки. Связывание со входящим документом № 17 ЭД "Сведения о поступивших от юридических лиц платежах" № 14 ID= 1000224841. 
2024.05.22 14:16:54, Добавление строки. Связывание со входящим документом № 17 ЭД "Сведения о поступивших от юридических лиц платежах" № 14 ID= 1000224841. 
2024.05.22 14:16:58, Добавление строки. Связывание со входящим документом № 17 ЭД "Сведения о поступивших от юридических лиц платежах" № 14 ID= 1000224841. 
2024.05.22 14:17:02, Добавление строки. Связывание со входящим документом № 17 ЭД "Сведения о поступивших от юридических лиц платежах" № 14 ID= 1000224841. 
2024.05.22 14:17:06, Добавление строки. Связывание со входящим документом № 17 ЭД "Сведения о поступивших от юридических лиц платежах" № 14 ID= 1000224841. 
2024.05.22 14:17:10, Добавление строки. Связывание со входящим документом № 17 ЭД "Сведения о поступивших от юридических лиц платежах" № 14 ID= 1000224841. 
2024.05.22 14:17:14, Добавление строки. Связывание со входящим документом № 17 ЭД "Сведения о поступивших от юридических лиц платежах" № 14 ID= 1000224841. 
2024.05.22 14:17:18, Добавление строки. Связывание со входящим документом № 17 ЭД "Сведения о поступивших от юридических лиц платежах" № 14 ID= 1000224841. 
2024.05.22 14:17:22, Добавление строки. Связывание со входящим документом № 17 ЭД "Сведения о поступивших от юридических лиц платежах" № 14 ID= 1000224841. 
2024.05.22 14:17:26, Добавление строки. Связывание со входящим документом № 17 ЭД "Сведения о поступивших от юридических лиц платежах" № 14 ID= 1000224841. 
2024.05.22 14:17:30, Добавление строки. Связывание со входящим документом № 17 ЭД "Сведения о поступивших от юридических лиц платежах" № 14 ID= 1000224841. 
2024.05.22 14:17:34, Добавление строки. Связывание со входящим документом № 17 ЭД "Сведения о поступивших от юридических лиц платежах" № 14 ID= 1000224841. 
2024.05.22 14:17:38, Добавление строки. Связывание со входящим документом № 17 ЭД "Сведения о поступивших от юридических лиц платежах" № 14 ID= 1000224841. 
2024.05.22 14:17:42, Добавление строки. Связывание со входящим документом № 17 ЭД "Сведения о поступивших от юридических лиц платежах" № 14 ID= 1000224841. 
2024.05.22 14:17:46, Добавление строки. Связывание со входящим документом № 17 ЭД "Сведения о поступивших от юридических лиц платежах" № 14 ID= 1000224841. 
2024.05.22 14:17:50, Добавление строки. Связывание со входящим документом № 17 ЭД "Сведения о поступивших от юридических лиц платежах" № 14 ID= 1000224841. 
2024.05.22 14:17:53, Добавление строки. Связывание со входящим документом № 17 ЭД "Сведения о поступивших от юридических лиц платежах" № 14 ID= 1000224841. 
2024.05.22 14:17:57, Добавление строки. Связывание со входящим документом № 17 ЭД "Сведения о поступивших от юридических лиц платежах" № 14 ID= 1000224841. 
2024.05.22 14:18:02, Добавление строки. Связывание со входящим документом № 17 ЭД "Сведения о поступивших от юридических лиц платежах" № 14 ID= 1000224841. 
2024.05.22 14:18:06, Добавление строки. Связывание со входящим документом № 17 ЭД "Сведения о поступивших от юридических лиц платежах" № 14 ID= 1000224841. 
2024.05.22 14:18:10, Добавление строки. Связывание со входящим документом № 17 ЭД "Сведения о поступивших от юридических лиц платежах" № 14 ID= 1000224841. 
2024.05.22 14:18:13, Добавление строки. Связывание со входящим документом № 17 ЭД "Сведения о поступивших от юридических лиц платежах" № 14 ID= 1000224841. 
2024.05.22 14:18:18, Добавление строки. Связывание со входящим документом № 17 ЭД "Сведения о поступивших от юридических лиц платежах" № 14 ID= 1000224841. 
2024.05.22 14:18:21, Добавление строки. Связывание со входящим документом № 17 ЭД "Сведения о поступивших от юридических лиц платежах" № 14 ID= 1000224841. 
2024.05.22 14:18:25, Добавление строки. Связывание со входящим документом № 17 ЭД "Сведения о поступивших от юридических лиц платежах" № 14 ID= 1000224841. 
2024.05.22 14:18:29, Добавление строки. Связывание со входящим документом № 17 ЭД "Сведения о поступивших от юридических лиц платежах" № 14 ID= 1000224841. 
2024.05.22 14:18:33, Добавление строки. Связывание со входящим документом № 17 ЭД "Сведения о поступивших от юридических лиц платежах" № 14 ID= 1000224841. 
2024.05.22 14:18:37, Добавление строки. Связывание со входящим документом № 17 ЭД "Сведения о поступивших от юридических лиц платежах" № 14 ID= 1000224841. 
2024.05.22 14:18:41, Добавление строки. Связывание со входящим документом № 17 ЭД "Сведения о поступивших от юридических лиц платежах" № 14 ID= 1000224841. 
2024.05.22 14:18:46, Добавление строки. Связывание со входящим документом № 17 ЭД "Сведения о поступивших от юридических лиц платежах" № 14 ID= 1000224841. 
2024.05.22 14:18:50, Добавление строки. Связывание со входящим документом № 17 ЭД "Сведения о поступивших от юридических лиц платежах" № 14 ID= 1000224841. 
2024.05.22 14:18:54, Добавление строки. Связывание со входящим документом № 17 ЭД "Сведения о поступивших от юридических лиц платежах" № 14 ID= 1000224841. 
2024.05.22 14:18:58, Добавление строки. Связывание со входящим документом № 17 ЭД "Сведения о поступивших от юридических лиц платежах" № 14 ID= 1000224841. 
2024.05.22 14:19:02, Добавление строки. Связывание со входящим документом № 17 ЭД "Сведения о поступивших от юридических лиц платежах" № 14 ID= 1000224841. 
2024.05.22 14:19:06, Добавление строки. Связывание со входящим документом № 17 ЭД "Сведения о поступивших от юридических лиц платежах" № 14 ID= 1000224841. 
2024.05.22 14:19:10, Добавление строки. Связывание со входящим документом № 17 ЭД "Сведения о поступивших от юридических лиц платежах" № 14 ID= 1000224841. 
2024.05.22 14:19:14, Добавление строки. Связывание со входящим документом № 17 ЭД "Сведения о поступивших от юридических лиц платежах" № 14 ID= 1000224841. 
2024.05.22 14:19:17, Добавление строки. Связывание со входящим документом № 17 ЭД "Сведения о поступивших от юридических лиц платежах" № 14 ID= 1000224841. 
2024.05.22 14:19:22, Добавление строки. Связывание со входящим документом № 17 ЭД "Сведения о поступивших от юридических лиц платежах" № 14 ID= 1000224841. 
2024.05.22 14:19:26, Добавление строки. Связывание со входящим документом № 17 ЭД "Сведения о поступивших от юридических лиц платежах" № 14 ID= 1000224841. 
2024.05.22 14:19:30, Добавление строки. Связывание со входящим документом № 17 ЭД "Сведения о поступивших от юридических лиц платежах" № 14 ID= 1000224841. 
2024.05.22 14:19:34, Добавление строки. Связывание со входящим документом № 17 ЭД "Сведения о поступивших от юридических лиц платежах" № 14 ID= 1000224841. 
2024.05.22 14:19:38, Добавление строки. Связывание со входящим документом № 17 ЭД "Сведения о поступивших от юридических лиц платежах" № 14 ID= 1000224841. 
2024.05.22 14:19:42, Добавление строки. Связывание со входящим документом № 17 ЭД "Сведения о поступивших от юридических лиц платежах" № 14 ID= 1000224841. 
2024.05.22 14:19:46, Добавление строки. Связывание со входящим документом № 17 ЭД "Сведения о поступивших от юридических лиц платежах" № 14 ID= 1000224841. 
2024.05.22 14:19:50, Добавление строки. Связывание со входящим документом № 17 ЭД "Сведения о поступивших от юридических лиц платежах" № 14 ID= 1000224841. 
2024.05.22 14:19:54, Добавление строки. Связывание со входящим документом № 17 ЭД "Сведения о поступивших от юридических лиц платежах" № 14 ID= 1000224841. 
2024.05.22 14:19:58, Добавление строки. Связывание со входящим документом № 17 ЭД "Сведения о поступивших от юридических лиц платежах" № 14 ID= 1000224841. 
2024.05.22 14:20:03, Добавление строки. Связывание со входящим документом № 17 ЭД "Сведения о поступивших от юридических лиц платежах" № 14 ID= 1000224841. 
2024.05.22 14:20:07, Добавление строки. Связывание со входящим документом № 17 ЭД "Сведения о поступивших от юридических лиц платежах" № 14 ID= 1000224841. 
2024.05.22 14:20:11, Добавление строки. Связывание со входящим документом № 17 ЭД "Сведения о поступивших от юридических лиц платежах" № 14 ID= 1000224841. 
2024.05.22 14:20:15, Добавление строки. Связывание со входящим документом № 17 ЭД "Сведения о поступивших от юридических лиц платежах" № 14 ID= 1000224841. 
2024.05.22 14:20:19, Добавление строки. Связывание со входящим документом № 17 ЭД "Сведения о поступивших от юридических лиц платежах" № 14 ID= 1000224841. 
2024.05.22 14:20:22, Добавление строки. Связывание со входящим документом № 17 ЭД "Сведения о поступивших от юридических лиц платежах" № 14 ID= 1000224841. 
2024.05.22 14:20:26, Добавление строки. Связывание со входящим документом № 17 ЭД "Сведения о поступивших от юридических лиц платежах" № 14 ID= 1000224841. 
2024.05.22 14:20:30, Добавление строки. Связывание со входящим документом № 17 ЭД "Сведения о поступивших от юридических лиц платежах" № 14 ID= 1000224841. 
2024.05.22 14:20:34, Добавление строки. Связывание со входящим документом № 17 ЭД "Сведения о поступивших от юридических лиц платежах" № 14 ID= 1000224841. 
2024.05.22 14:20:38, Добавление строки. Связывание со входящим документом № 17 ЭД "Сведения о поступивших от юридических лиц платежах" № 14 ID= 1000224841. 
2024.05.22 14:20:42, Добавление строки. Связывание со входящим документом № 17 ЭД "Сведения о поступивших от юридических лиц платежах" № 14 ID= 1000224841. 
2024.05.22 14:20:47, Добавление строки. Связывание со входящим документом № 17 ЭД "Сведения о поступивших от юридических лиц платежах" № 14 ID= 1000224841. 
2024.05.22 14:20:51, Добавление строки. Связывание со входящим документом № 17 ЭД "Сведения о поступивших от юридических лиц платежах" № 14 ID= 1000224841. 
2024.05.22 14:20:56, Добавление строки. Связывание со входящим документом № 17 ЭД "Сведения о поступивших от юридических лиц платежах" № 14 ID= 1000224841. 
2024.05.22 14:21:00, Добавление строки. Связывание со входящим документом № 17 ЭД "Сведения о поступивших от юридических лиц платежах" № 14 ID= 1000224841. 
2024.05.22 14:21:04, Добавление строки. Связывание со входящим документом № 17 ЭД "Сведения о поступивших от юридических лиц платежах" № 14 ID= 1000224841. 
2024.05.22 14:21:08, Добавление строки. Связывание со входящим документом № 17 ЭД "Сведения о поступивших от юридических лиц платежах" № 14 ID= 1000224841. 
2024.05.22 14:21:12, Добавление строки. Связывание со входящим документом № 17 ЭД "Сведения о поступивших от юридических лиц платежах" № 14 ID= 1000224841. 
2024.05.22 14:21:16, Добавление строки. Связывание со входящим документом № 17 ЭД "Сведения о поступивших от юридических лиц платежах" № 14 ID= 1000224841. 
2024.05.22 14:21:21, Добавление строки. Связывание со входящим документом № 17 ЭД "Сведения о поступивших от юридических лиц платежах" № 14 ID= 1000224841. 
2024.05.22 14:21:25, Добавление строки. Связывание со входящим документом № 17 ЭД "Сведения о поступивших от юридических лиц платежах" № 14 ID= 1000224841. 
2024.05.22 14:21:29, Добавление строки. Связывание со входящим документом № 17 ЭД "Сведения о поступивших от юридических лиц платежах" № 14 ID= 1000224841. 
2024.05.22 14:21:33, Добавление строки. Связывание со входящим документом № 17 ЭД "Сведения о поступивших от юридических лиц платежах" № 14 ID= 1000224841. 
2024.05.22 14:21:37, Добавление строки. Связывание со входящим документом № 17 ЭД "Сведения о поступивших от юридических лиц платежах" № 14 ID= 1000224841. 
2024.05.22 14:21:41, Добавление строки. Связывание со входящим документом № 17 ЭД "Сведения о поступивших от юридических лиц платежах" № 14 ID= 1000224841. 
2024.05.22 14:21:45, Добавление строки. Связывание со входящим документом № 17 ЭД "Сведения о поступивших от юридических лиц платежах" № 14 ID= 1000224841. 
2024.05.22 14:21:49, Добавление строки. Связывание со входящим документом № 17 ЭД "Сведения о поступивших от юридических лиц платежах" № 14 ID= 1000224841. 
2024.05.22 14:21:53, Добавление строки. Связывание со входящим документом № 17 ЭД "Сведения о поступивших от юридических лиц платежах" № 14 ID= 1000224841. 
2024.05.22 14:21:57, Добавление строки. Связывание со входящим документом № 17 ЭД "Сведения о поступивших от юридических лиц платежах" № 14 ID= 1000224841. 
2024.05.22 14:22:01, Добавление строки. Связывание со входящим документом № 17 ЭД "Сведения о поступивших от юридических лиц платежах" № 14 ID= 1000224841. 
2024.05.22 14:22:05, Добавление строки. Связывание со входящим документом № 17 ЭД "Сведения о поступивших от юридических лиц платежах" № 14 ID= 1000224841. 
2024.05.22 14:22:09, Добавление строки. Связывание со входящим документом № 17 ЭД "Сведения о поступивших от юридических лиц платежах" № 14 ID= 1000224841. 
2024.05.22 14:22:14, Добавление строки. Связывание со входящим документом № 17 ЭД "Сведения о поступивших от юридических лиц платежах" № 14 ID= 1000224841. 
2024.05.22 14:22:18, Добавление строки. Связывание со входящим документом № 17 ЭД "Сведения о поступивших от юридических лиц платежах" № 14 ID= 1000224841. 
2024.05.22 14:22:22, Добавление строки. Связывание со входящим документом № 17 ЭД "Сведения о поступивших от юридических лиц платежах" № 14 ID= 1000224841. 
2024.05.22 14:22:26, Добавление строки. Связывание со входящим документом № 17 ЭД "Сведения о поступивших от юридических лиц платежах" № 14 ID= 1000224841. 
2024.05.22 14:22:31, Добавление строки. Связывание со входящим документом № 17 ЭД "Сведения о поступивших от юридических лиц платежах" № 14 ID= 1000224841. 
2024.05.22 14:22:35, Добавление строки. Связывание со входящим документом № 17 ЭД "Сведения о поступивших от юридических лиц платежах" № 14 ID= 1000224841. 
2024.05.22 14:22:40, Добавление строки. Связывание со входящим документом № 17 ЭД "Сведения о поступивших от юридических лиц платежах" № 14 ID= 1000224841. 
2024.05.22 14:22:45, Добавление строки. Связывание со входящим документом № 17 ЭД "Сведения о поступивших от юридических лиц платежах" № 14 ID= 1000224841. 
2024.05.22 14:22:53, Добавление строки. Связывание со входящим документом № 17 ЭД "Сведения о поступивших от юридических лиц платежах" № 14 ID= 1000224841. 
2024.05.22 14:23:00, Добавление строки. Связывание со входящим документом № 17 ЭД "Сведения о поступивших от юридических лиц платежах" № 14 ID= 1000224841. 
2024.05.22 14:23:07, Добавление строки. Связывание со входящим документом № 17 ЭД "Сведения о поступивших от юридических лиц платежах" № 14 ID= 1000224841. 
2024.05.22 14:23:11, Добавление строки. Связывание со входящим документом № 17 ЭД "Сведения о поступивших от юридических лиц платежах" № 14 ID= 1000224841. 
2024.05.22 14:23:16, Добавление строки. Связывание со входящим документом № 17 ЭД "Сведения о поступивших от юридических лиц платежах" № 14 ID= 1000224841. 
2024.05.22 14:23:20, Добавление строки. Связывание со входящим документом № 17 ЭД "Сведения о поступивших от юридических лиц платежах" № 14 ID= 1000224841. 
2024.05.22 14:23:24, Добавление строки. Связывание со входящим документом № 17 ЭД "Сведения о поступивших от юридических лиц платежах" № 14 ID= 1000224841. 
2024.05.22 14:23:28, Добавление строки. Связывание со входящим документом № 17 ЭД "Сведения о поступивших от юридических лиц платежах" № 14 ID= 1000224841. 
2024.05.22 14:23:32, Добавление строки. Связывание со входящим документом № 17 ЭД "Сведения о поступивших от юридических лиц платежах" № 14 ID= 1000224841. 
2024.05.22 14:23:36, Добавление строки. Связывание со входящим документом № 17 ЭД "Сведения о поступивших от юридических лиц платежах" № 14 ID= 1000224841. 
2024.05.22 14:23:40, Добавление строки. Связывание со входящим документом № 17 ЭД "Сведения о поступивших от юридических лиц платежах" № 14 ID= 1000224841. 
2024.05.22 14:23:44, Добавление строки. Связывание со входящим документом № 17 ЭД "Сведения о поступивших от юридических лиц платежах" № 14 ID= 1000224841. 
2024.05.22 14:23:48, Добавление строки. Связывание со входящим документом № 17 ЭД "Сведения о поступивших от юридических лиц платежах" № 14 ID= 1000224841. 
2024.05.22 14:23:52, Добавление строки. Связывание со входящим документом № 17 ЭД "Сведения о поступивших от юридических лиц платежах" № 14 ID= 1000224841. 
2024.05.22 14:23:56, Добавление строки. Связывание со входящим документом № 17 ЭД "Сведения о поступивших от юридических лиц платежах" № 14 ID= 1000224841. 
2024.05.22 14:24:01, Добавление строки. Связывание со входящим документом № 17 ЭД "Сведения о поступивших от юридических лиц платежах" № 14 ID= 1000224841. 
2024.05.22 14:24:05, Добавление строки. Связывание со входящим документом № 17 ЭД "Сведения о поступивших от юридических лиц платежах" № 14 ID= 1000224841. 
2024.05.22 14:24:09, Добавление строки. Связывание со входящим документом № 17 ЭД "Сведения о поступивших от юридических лиц платежах" № 14 ID= 1000224841. 
2024.05.22 14:24:13, Добавление строки. Связывание со входящим документом № 17 ЭД "Сведения о поступивших от юридических лиц платежах" № 14 ID= 1000224841. 
2024.05.22 14:24:17, Добавление строки. Связывание со входящим документом № 17 ЭД "Сведения о поступивших от юридических лиц платежах" № 14 ID= 1000224841. 
2024.05.22 14:24:21, Добавление строки. Связывание со входящим документом № 17 ЭД "Сведения о поступивших от юридических лиц платежах" № 14 ID= 1000224841. 
2024.05.22 14:24:25, Добавление строки. Связывание со входящим документом № 17 ЭД "Сведения о поступивших от юридических лиц платежах" № 14 ID= 1000224841. 
2024.05.22 14:24:29, Добавление строки. Связывание со входящим документом № 17 ЭД "Сведения о поступивших от юридических лиц платежах" № 14 ID= 1000224841. 
2024.05.22 14:24:34, Добавление строки. Связывание со входящим документом № 17 ЭД "Сведения о поступивших от юридических лиц платежах" № 14 ID= 1000224841. 
2024.05.22 14:24:38, Добавление строки. Связывание со входящим документом № 17 ЭД "Сведения о поступивших от юридических лиц платежах" № 14 ID= 1000224841. 
2024.05.22 14:24:42, Добавление строки. Связывание со входящим документом № 17 ЭД "Сведения о поступивших от юридических лиц платежах" № 14 ID= 1000224841. 
2024.05.22 14:24:46, Добавление строки. Связывание со входящим документом № 17 ЭД "Сведения о поступивших от юридических лиц платежах" № 14 ID= 1000224841. 
2024.05.22 14:24:50, Добавление строки. Связывание со входящим документом № 17 ЭД "Сведения о поступивших от юридических лиц платежах" № 14 ID= 1000224841. 
2024.05.22 14:24:54, Добавление строки. Связывание со входящим документом № 17 ЭД "Сведения о поступивших от юридических лиц платежах" № 14 ID= 1000224841. 
2024.05.22 14:24:58, Добавление строки. Связывание со входящим документом № 17 ЭД "Сведения о поступивших от юридических лиц платежах" № 14 ID= 1000224841. 
2024.05.22 14:25:02, Добавление строки. Связывание со входящим документом № 17 ЭД "Сведения о поступивших от юридических лиц платежах" № 14 ID= 1000224841. 
2024.05.22 14:25:06, Добавление строки. Связывание со входящим документом № 17 ЭД "Сведения о поступивших от юридических лиц платежах" № 14 ID= 1000224841. 
2024.05.22 14:25:10, Добавление строки. Связывание со входящим документом № 17 ЭД "Сведения о поступивших от юридических лиц платежах" № 14 ID= 1000224841. 
2024.05.22 14:25:14, Добавление строки. Связывание со входящим документом № 17 ЭД "Сведения о поступивших от юридических лиц платежах" № 14 ID= 1000224841. 
2024.05.22 14:25:19, Добавление строки. Связывание со входящим документом № 17 ЭД "Сведения о поступивших от юридических лиц платежах" № 14 ID= 1000224841. 
2024.05.22 14:25:23, Добавление строки. Связывание со входящим документом № 17 ЭД "Сведения о поступивших от юридических лиц платежах" № 14 ID= 1000224841. 
2024.05.22 14:25:27, Добавление строки. Связывание со входящим документом № 17 ЭД "Сведения о поступивших от юридических лиц платежах" № 14 ID= 1000224841. 
2024.05.22 14:25:31, Добавление строки. Связывание со входящим документом № 17 ЭД "Сведения о поступивших от юридических лиц платежах" № 14 ID= 1000224841. 
2024.05.22 14:25:36, Добавление строки. Связывание со входящим документом № 17 ЭД "Сведения о поступивших от юридических лиц платежах" № 14 ID= 1000224841. 
2024.05.22 14:25:40, Добавление строки. Связывание со входящим документом № 17 ЭД "Сведения о поступивших от юридических лиц платежах" № 14 ID= 1000224841. 
2024.05.22 14:25:44, Добавление строки. Связывание со входящим документом № 17 ЭД "Сведения о поступивших от юридических лиц платежах" № 14 ID= 1000224841. 
2024.05.22 14:25:48, Добавление строки. Связывание со входящим документом № 17 ЭД "Сведения о поступивших от юридических лиц платежах" № 14 ID= 1000224841. 
2024.05.22 14:25:54, Добавление строки. Связывание со входящим документом № 17 ЭД "Сведения о поступивших от юридических лиц платежах" № 14 ID= 1000224841. 
2024.05.22 14:25:58, Добавление строки. Связывание со входящим документом № 17 ЭД "Сведения о поступивших от юридических лиц платежах" № 14 ID= 1000224841. 
2024.05.22 14:26:03, Добавление строки. Связывание со входящим документом № 17 ЭД "Сведения о поступивших от юридических лиц платежах" № 14 ID= 1000224841. 
2024.05.22 14:26:08, Добавление строки. Связывание со входящим документом № 17 ЭД "Сведения о поступивших от юридических лиц платежах" № 14 ID= 1000224841. 
2024.05.22 14:26:12, Добавление строки. Связывание со входящим документом № 17 ЭД "Сведения о поступивших от юридических лиц платежах" № 14 ID= 1000224841. 
2024.05.22 14:26:17, Добавление строки. Связывание со входящим документом № 17 ЭД "Сведения о поступивших от юридических лиц платежах" № 14 ID= 1000224841. 
2024.05.22 14:26:22, Добавление строки. Связывание со входящим документом № 17 ЭД "Сведения о поступивших от юридических лиц платежах" № 14 ID= 1000224841. 
2024.05.22 14:26:26, Добавление строки. Связывание со входящим документом № 17 ЭД "Сведения о поступивших от юридических лиц платежах" № 14 ID= 1000224841. 
2024.05.22 14:26:31, Добавление строки. Связывание со входящим документом № 17 ЭД "Сведения о поступивших от юридических лиц платежах" № 14 ID= 1000224841. 
2024.05.22 14:26:36, Добавление строки. Связывание со входящим документом № 17 ЭД "Сведения о поступивших от юридических лиц платежах" № 14 ID= 1000224841. 
2024.05.22 14:26:41, Добавление строки. Связывание со входящим документом № 17 ЭД "Сведения о поступивших от юридических лиц платежах" № 14 ID= 1000224841. 
2024.05.22 14:26:46, Добавление строки. Связывание со входящим документом № 17 ЭД "Сведения о поступивших от юридических лиц платежах" № 14 ID= 1000224841. 
2024.05.22 14:26:52, Добавление строки. Связывание со входящим документом № 17 ЭД "Сведения о поступивших от юридических лиц платежах" № 14 ID= 1000224841. 
2024.05.22 14:26:58, Добавление строки. Связывание со входящим документом № 17 ЭД "Сведения о поступивших от юридических лиц платежах" № 14 ID= 1000224841. 
2024.05.22 14:27:02, Добавление строки. Связывание со входящим документом № 17 ЭД "Сведения о поступивших от юридических лиц платежах" № 14 ID= 1000224841. 
2024.05.22 14:27:07, Добавление строки. Связывание со входящим документом № 17 ЭД "Сведения о поступивших от юридических лиц платежах" № 14 ID= 1000224841. 
2024.05.22 14:27:11, Добавление строки. Связывание со входящим документом № 17 ЭД "Сведения о поступивших от юридических лиц платежах" № 14 ID= 1000224841. 
2024.05.22 14:27:16, Добавление строки. Связывание со входящим документом № 17 ЭД "Сведения о поступивших от юридических лиц платежах" № 14 ID= 1000224841. 
2024.05.22 14:27:21, Добавление строки. Связывание со входящим документом № 17 ЭД "Сведения о поступивших от юридических лиц платежах" № 14 ID= 1000224841. 
2024.05.22 14:27:27, Добавление строки. Связывание со входящим документом № 17 ЭД "Сведения о поступивших от юридических лиц платежах" № 14 ID= 1000224841. 
2024.05.22 14:27:32, Добавление строки. Связывание со входящим документом № 17 ЭД "Сведения о поступивших от юридических лиц платежах" № 14 ID= 1000224841. 
2024.05.22 14:27:37, Добавление строки. Связывание со входящим документом № 17 ЭД "Сведения о поступивших от юридических лиц платежах" № 14 ID= 1000224841. 
2024.05.22 14:27:41, Добавление строки. Связывание со входящим документом № 17 ЭД "Сведения о поступивших от юридических лиц платежах" № 14 ID= 1000224841. 
2024.05.22 14:27:45, Добавление строки. Связывание со входящим документом № 17 ЭД "Сведения о поступивших от юридических лиц платежах" № 14 ID= 1000224841. 
2024.05.22 14:27:50, Добавление строки. Связывание со входящим документом № 17 ЭД "Сведения о поступивших от юридических лиц платежах" № 14 ID= 1000224841. 
2024.05.22 14:27:55, Добавление строки. Связывание со входящим документом № 17 ЭД "Сведения о поступивших от юридических лиц платежах" № 14 ID= 1000224841. 
2024.05.22 14:28:00, Добавление строки. Связывание со входящим документом № 17 ЭД "Сведения о поступивших от юридических лиц платежах" № 14 ID= 1000224841. 
2024.05.22 14:28:04, Добавление строки. Связывание со входящим документом № 17 ЭД "Сведения о поступивших от юридических лиц платежах" № 14 ID= 1000224841. 
2024.05.22 14:28:09, Добавление строки. Связывание со входящим документом № 17 ЭД "Сведения о поступивших от юридических лиц платежах" № 14 ID= 1000224841. 
2024.05.22 14:28:13, Добавление строки. Связывание со входящим документом № 17 ЭД "Сведения о поступивших от юридических лиц платежах" № 14 ID= 1000224841. 
2024.05.22 14:28:18, Добавление строки. Связывание со входящим документом № 17 ЭД "Сведения о поступивших от юридических лиц платежах" № 14 ID= 1000224841. 
2024.05.22 14:28:23, Добавление строки. Связывание со входящим документом № 17 ЭД "Сведения о поступивших от юридических лиц платежах" № 14 ID= 1000224841. 
2024.05.22 14:28:27, Добавление строки. Связывание со входящим документом № 17 ЭД "Сведения о поступивших от юридических лиц платежах" № 14 ID= 1000224841. 
2024.05.22 14:28:31, Добавление строки. Связывание со входящим документом № 17 ЭД "Сведения о поступивших от юридических лиц платежах" № 14 ID= 1000224841. 
2024.05.22 14:28:36, Добавление строки. Связывание со входящим документом № 17 ЭД "Сведения о поступивших от юридических лиц платежах" № 14 ID= 1000224841. 
2024.05.22 14:28:41, Добавление строки. Связывание со входящим документом № 17 ЭД "Сведения о поступивших от юридических лиц платежах" № 14 ID= 1000224841. 
2024.05.22 14:28:47, Добавление строки. Связывание со входящим документом № 17 ЭД "Сведения о поступивших от юридических лиц платежах" № 14 ID= 1000224841. 
2024.05.22 14:28:55, Добавление строки. Связывание со входящим документом № 17 ЭД "Сведения о поступивших от юридических лиц платежах" № 14 ID= 1000224841. 
2024.05.22 14:29:03, Добавление строки. Связывание со входящим документом № 17 ЭД "Сведения о поступивших от юридических лиц платежах" № 14 ID= 1000224841. 
2024.05.22 14:29:09, Добавление строки. Связывание со входящим документом № 17 ЭД "Сведения о поступивших от юридических лиц платежах" № 14 ID= 1000224841. 
2024.05.22 14:29:14, Добавление строки. Связывание со входящим документом № 17 ЭД "Сведения о поступивших от юридических лиц платежах" № 14 ID= 1000224841. 
2024.05.22 14:29:18, Добавление строки. Связывание со входящим документом № 17 ЭД "Сведения о поступивших от юридических лиц платежах" № 14 ID= 1000224841. 
2024.05.22 14:29:23, Добавление строки. Связывание со входящим документом № 17 ЭД "Сведения о поступивших от юридических лиц платежах" № 14 ID= 1000224841. 
2024.05.22 14:29:28, Добавление строки. Связывание со входящим документом № 17 ЭД "Сведения о поступивших от юридических лиц платежах" № 14 ID= 1000224841. 
2024.05.22 14:29:32, Добавление строки. Связывание со входящим документом № 17 ЭД "Сведения о поступивших от юридических лиц платежах" № 14 ID= 1000224841. 
2024.05.22 14:29:37, Добавление строки. Связывание со входящим документом № 17 ЭД "Сведения о поступивших от юридических лиц платежах" № 14 ID= 1000224841. 
2024.05.22 14:29:41, Добавление строки. Связывание со входящим документом № 17 ЭД "Сведения о поступивших от юридических лиц платежах" № 14 ID= 1000224841. 
2024.05.22 14:29:46, Добавление строки. Связывание со входящим документом № 17 ЭД "Сведения о поступивших от юридических лиц платежах" № 14 ID= 1000224841. 
2024.05.22 14:29:51, Добавление строки. Связывание со входящим документом № 17 ЭД "Сведения о поступивших от юридических лиц платежах" № 14 ID= 1000224841. 
2024.05.22 14:29:55, Добавление строки. Связывание со входящим документом № 17 ЭД "Сведения о поступивших от юридических лиц платежах" № 14 ID= 1000224841. 
2024.05.22 14:30:00, Добавление строки. Связывание со входящим документом № 17 ЭД "Сведения о поступивших от юридических лиц платежах" № 14 ID= 1000224841. 
2024.05.22 14:30:04, Добавление строки. Связывание со входящим документом № 17 ЭД "Сведения о поступивших от юридических лиц платежах" № 14 ID= 1000224841. 
2024.05.22 14:30:09, Добавление строки. Связывание со входящим документом № 17 ЭД "Сведения о поступивших от юридических лиц платежах" № 14 ID= 1000224841. 
2024.05.22 14:30:13, Добавление строки. Связывание со входящим документом № 17 ЭД "Сведения о поступивших от юридических лиц платежах" № 14 ID= 1000224841. 
2024.05.22 14:30:18, Добавление строки. Связывание со входящим документом № 17 ЭД "Сведения о поступивших от юридических лиц платежах" № 14 ID= 1000224841. 
2024.05.22 14:30:23, Добавление строки. Связывание со входящим документом № 17 ЭД "Сведения о поступивших от юридических лиц платежах" № 14 ID= 1000224841. 
2024.05.22 14:30:27, Добавление строки. Связывание со входящим документом № 17 ЭД "Сведения о поступивших от юридических лиц платежах" № 14 ID= 1000224841. 
2024.05.22 14:30:32, Добавление строки. Связывание со входящим документом № 17 ЭД "Сведения о поступивших от юридических лиц платежах" № 14 ID= 1000224841. 
2024.05.22 14:30:36, Добавление строки. Связывание со входящим документом № 17 ЭД "Сведения о поступивших от юридических лиц платежах" № 14 ID= 1000224841. 
2024.05.22 14:30:41, Добавление строки. Связывание со входящим документом № 17 ЭД "Сведения о поступивших от юридических лиц платежах" № 14 ID= 1000224841. 
2024.05.22 14:30:46, Добавление строки. Связывание со входящим документом № 17 ЭД "Сведения о поступивших от юридических лиц платежах" № 14 ID= 1000224841. 
2024.05.22 14:30:51, Добавление строки. Связывание со входящим документом № 17 ЭД "Сведения о поступивших от юридических лиц платежах" № 14 ID= 1000224841. 
2024.05.22 14:30:55, Добавление строки. Связывание со входящим документом № 17 ЭД "Сведения о поступивших от юридических лиц платежах" № 14 ID= 1000224841. 
2024.05.22 14:31:00, Добавление строки. Связывание со входящим документом № 17 ЭД "Сведения о поступивших от юридических лиц платежах" № 14 ID= 1000224841. 
2024.05.22 14:31:05, Добавление строки. Связывание со входящим документом № 17 ЭД "Сведения о поступивших от юридических лиц платежах" № 14 ID= 1000224841. 
2024.05.22 14:31:10, Добавление строки. Связывание со входящим документом № 17 ЭД "Сведения о поступивших от юридических лиц платежах" № 14 ID= 1000224841. 
2024.05.22 14:31:16, Добавление строки. Связывание со входящим документом № 17 ЭД "Сведения о поступивших от юридических лиц платежах" № 14 ID= 1000224841. 
2024.05.22 14:31:21, Добавление строки. Связывание со входящим документом № 17 ЭД "Сведения о поступивших от юридических лиц платежах" № 14 ID= 1000224841. 
2024.05.22 14:31:26, Добавление строки. Связывание со входящим документом № 17 ЭД "Сведения о поступивших от юридических лиц платежах" № 14 ID= 1000224841. 
2024.05.22 14:31:30, Добавление строки. Связывание со входящим документом № 17 ЭД "Сведения о поступивших от юридических лиц платежах" № 14 ID= 1000224841. 
2024.05.22 14:31:35, Добавление строки. Связывание со входящим документом № 17 ЭД "Сведения о поступивших от юридических лиц платежах" № 14 ID= 1000224841. 
2024.05.22 14:31:40, Добавление строки. Связывание со входящим документом № 17 ЭД "Сведения о поступивших от юридических лиц платежах" № 14 ID= 1000224841. 
2024.05.22 14:31:45, Добавление строки. Связывание со входящим документом № 17 ЭД "Сведения о поступивших от юридических лиц платежах" № 14 ID= 1000224841. 
2024.05.22 14:31:50, Добавление строки. Связывание со входящим документом № 17 ЭД "Сведения о поступивших от юридических лиц платежах" № 14 ID= 1000224841. 
2024.05.22 14:31:55, Добавление строки. Связывание со входящим документом № 17 ЭД "Сведения о поступивших от юридических лиц платежах" № 14 ID= 1000224841. 
2024.05.22 14:32:00, Добавление строки. Связывание со входящим документом № 17 ЭД "Сведения о поступивших от юридических лиц платежах" № 14 ID= 1000224841. 
2024.05.22 14:32:04, Добавление строки. Связывание со входящим документом № 17 ЭД "Сведения о поступивших от юридических лиц платежах" № 14 ID= 1000224841. 
2024.05.22 14:32:08, Добавление строки. Связывание со входящим документом № 17 ЭД "Сведения о поступивших от юридических лиц платежах" № 14 ID= 1000224841. 
2024.05.22 14:32:13, Добавление строки. Связывание со входящим документом № 17 ЭД "Сведения о поступивших от юридических лиц платежах" № 14 ID= 1000224841. 
2024.05.22 14:32:17, Добавление строки. Связывание со входящим документом № 17 ЭД "Сведения о поступивших от юридических лиц платежах" № 14 ID= 1000224841. 
2024.05.22 14:32:21, Добавление строки. Связывание со входящим документом № 17 ЭД "Сведения о поступивших от юридических лиц платежах" № 14 ID= 1000224841. 
2024.05.22 14:32:26, Добавление строки. Связывание со входящим документом № 17 ЭД "Сведения о поступивших от юридических лиц платежах" № 14 ID= 1000224841. 
2024.05.22 14:32:31, Добавление строки. Связывание со входящим документом № 17 ЭД "Сведения о поступивших от юридических лиц платежах" № 14 ID= 1000224841. 
2024.05.22 14:32:35, Добавление строки. Связывание со входящим документом № 17 ЭД "Сведения о поступивших от юридических лиц платежах" № 14 ID= 1000224841. 
2024.05.22 14:32:40, Добавление строки. Связывание со входящим документом № 17 ЭД "Сведения о поступивших от юридических лиц платежах" № 14 ID= 1000224841. 
2024.05.22 14:32:44, Добавление строки. Связывание со входящим документом № 17 ЭД "Сведения о поступивших от юридических лиц платежах" № 14 ID= 1000224841. 
2024.05.22 14:32:49, Добавление строки. Связывание со входящим документом № 17 ЭД "Сведения о поступивших от юридических лиц платежах" № 14 ID= 1000224841. 
2024.05.22 14:32:54, Добавление строки. Связывание со входящим документом № 17 ЭД "Сведения о поступивших от юридических лиц платежах" № 14 ID= 1000224841. 
2024.05.22 14:32:59, Добавление строки. Связывание со входящим документом № 17 ЭД "Сведения о поступивших от юридических лиц платежах" № 14 ID= 1000224841. 
2024.05.22 14:33:03, Добавление строки. Связывание со входящим документом № 17 ЭД "Сведения о поступивших от юридических лиц платежах" № 14 ID= 1000224841. 
2024.05.22 14:33:07, Добавление строки. Связывание со входящим документом № 17 ЭД "Сведения о поступивших от юридических лиц платежах" № 14 ID= 1000224841. 
2024.05.22 14:33:12, Добавление строки. Связывание со входящим документом № 17 ЭД "Сведения о поступивших от юридических лиц платежах" № 14 ID= 1000224841. 
2024.05.22 14:33:16, Добавление строки. Связывание со входящим документом № 17 ЭД "Сведения о поступивших от юридических лиц платежах" № 14 ID= 1000224841. 
2024.05.22 14:33:21, Добавление строки. Связывание со входящим документом № 17 ЭД "Сведения о поступивших от юридических лиц платежах" № 14 ID= 1000224841. 
2024.05.22 14:33:26, Добавление строки. Связывание со входящим документом № 17 ЭД "Сведения о поступивших от юридических лиц платежах" № 14 ID= 1000224841. 
2024.05.22 14:33:30, Добавление строки. Связывание со входящим документом № 17 ЭД "Сведения о поступивших от юридических лиц платежах" № 14 ID= 1000224841. 
2024.05.22 14:33:34, Добавление строки. Связывание со входящим документом № 17 ЭД "Сведения о поступивших от юридических лиц платежах" № 14 ID= 1000224841. 
2024.05.22 14:33:39, Добавление строки. Связывание со входящим документом № 17 ЭД "Сведения о поступивших от юридических лиц платежах" № 14 ID= 1000224841. 
2024.05.22 14:33:43, Добавление строки. Связывание со входящим документом № 17 ЭД "Сведения о поступивших от юридических лиц платежах" № 14 ID= 1000224841. 
2024.05.22 14:33:47, Добавление строки. Связывание со входящим документом № 17 ЭД "Сведения о поступивших от юридических лиц платежах" № 14 ID= 1000224841. 
2024.05.22 14:33:52, Добавление строки. Связывание со входящим документом № 17 ЭД "Сведения о поступивших от юридических лиц платежах" № 14 ID= 1000224841. 
2024.05.22 14:33:56, Добавление строки. Связывание со входящим документом № 17 ЭД "Сведения о поступивших от юридических лиц платежах" № 14 ID= 1000224841. 
2024.05.22 14:34:01, Добавление строки. Связывание со входящим документом № 17 ЭД "Сведения о поступивших от юридических лиц платежах" № 14 ID= 1000224841. 
2024.05.22 14:34:05, Добавление строки. Связывание со входящим документом № 17 ЭД "Сведения о поступивших от юридических лиц платежах" № 14 ID= 1000224841. 
2024.05.22 14:34:10, Добавление строки. Связывание со входящим документом № 17 ЭД "Сведения о поступивших от юридических лиц платежах" № 14 ID= 1000224841. 
2024.05.22 14:34:15, Добавление строки. Связывание со входящим документом № 17 ЭД "Сведения о поступивших от юридических лиц платежах" № 14 ID= 1000224841. 
2024.05.22 14:34:19, Добавление строки. Связывание со входящим документом № 17 ЭД "Сведения о поступивших от юридических лиц платежах" № 14 ID= 1000224841. 
2024.05.22 14:34:24, Добавление строки. Связывание со входящим документом № 17 ЭД "Сведения о поступивших от юридических лиц платежах" № 14 ID= 1000224841. 
2024.05.22 14:34:30, Добавление строки. Связывание со входящим документом № 17 ЭД "Сведения о поступивших от юридических лиц платежах" № 14 ID= 1000224841. 
2024.05.22 14:34:34, Добавление строки. Связывание со входящим документом № 17 ЭД "Сведения о поступивших от юридических лиц платежах" № 14 ID= 1000224841. 
2024.05.22 14:34:39, Добавление строки. Связывание со входящим документом № 17 ЭД "Сведения о поступивших от юридических лиц платежах" № 14 ID= 1000224841. 
2024.05.22 14:34:43, Добавление строки. Связывание со входящим документом № 17 ЭД "Сведения о поступивших от юридических лиц платежах" № 14 ID= 1000224841. 
2024.05.22 14:34:48, Добавление строки. Связывание со входящим документом № 17 ЭД "Сведения о поступивших от юридических лиц платежах" № 14 ID= 1000224841. 
2024.05.22 14:34:53, Добавление строки. Связывание со входящим документом № 17 ЭД "Сведения о поступивших от юридических лиц платежах" № 14 ID= 1000224841. 
2024.05.22 14:34:57, Добавление строки. Связывание со входящим документом № 17 ЭД "Сведения о поступивших от юридических лиц платежах" № 14 ID= 1000224841. 
2024.05.22 14:35:02, Добавление строки. Связывание со входящим документом № 17 ЭД "Сведения о поступивших от юридических лиц платежах" № 14 ID= 1000224841. 
2024.05.22 14:35:06, Добавление строки. Связывание со входящим документом № 17 ЭД "Сведения о поступивших от юридических лиц платежах" № 14 ID= 1000224841. 
2024.05.22 14:35:11, Добавление строки. Связывание со входящим документом № 17 ЭД "Сведения о поступивших от юридических лиц платежах" № 14 ID= 1000224841. 
2024.05.22 14:35:15, Добавление строки. Связывание со входящим документом № 17 ЭД "Сведения о поступивших от юридических лиц платежах" № 14 ID= 1000224841. 
2024.05.22 14:35:19, Добавление строки. Связывание со входящим документом № 17 ЭД "Сведения о поступивших от юридических лиц платежах" № 14 ID= 1000224841. 
2024.05.22 14:35:24, Добавление строки. Связывание со входящим документом № 17 ЭД "Сведения о поступивших от юридических лиц платежах" № 14 ID= 1000224841. 
2024.05.22 14:35:28, Добавление строки. Связывание со входящим документом № 17 ЭД "Сведения о поступивших от юридических лиц платежах" № 14 ID= 1000224841. 
2024.05.22 14:35:32, Добавление строки. Связывание со входящим документом № 17 ЭД "Сведения о поступивших от юридических лиц платежах" № 14 ID= 1000224841. 
2024.05.22 14:35:37, Добавление строки. Связывание со входящим документом № 17 ЭД "Сведения о поступивших от юридических лиц платежах" № 14 ID= 1000224841. 
2024.05.22 14:35:41, Добавление строки. Связывание со входящим документом № 17 ЭД "Сведения о поступивших от юридических лиц платежах" № 14 ID= 1000224841. 
2024.05.22 14:35:45, Добавление строки. Связывание со входящим документом № 17 ЭД "Сведения о поступивших от юридических лиц платежах" № 14 ID= 1000224841. 
2024.05.22 14:35:50, Добавление строки. Связывание со входящим документом № 17 ЭД "Сведения о поступивших от юридических лиц платежах" № 14 ID= 1000224841. 
2024.05.22 14:35:55, Добавление строки. Связывание со входящим документом № 17 ЭД "Сведения о поступивших от юридических лиц платежах" № 14 ID= 1000224841. 
2024.05.22 14:35:59, Добавление строки. Связывание со входящим документом № 17 ЭД "Сведения о поступивших от юридических лиц платежах" № 14 ID= 1000224841. 
2024.05.22 14:36:04, Добавление строки. Связывание со входящим документом № 17 ЭД "Сведения о поступивших от юридических лиц платежах" № 14 ID= 1000224841. 
2024.05.22 14:36:09, Добавление строки. Связывание со входящим документом № 17 ЭД "Сведения о поступивших от юридических лиц платежах" № 14 ID= 1000224841. 
2024.05.22 14:36:14, Добавление строки. Связывание со входящим документом № 17 ЭД "Сведения о поступивших от юридических лиц платежах" № 14 ID= 1000224841. 
2024.05.22 14:36:19, Добавление строки. Связывание со входящим документом № 17 ЭД "Сведения о поступивших от юридических лиц платежах" № 14 ID= 1000224841. 
2024.05.22 14:36:24, Добавление строки. Связывание со входящим документом № 17 ЭД "Сведения о поступивших от юридических лиц платежах" № 14 ID= 1000224841. 
2024.05.22 14:36:29, Добавление строки. Связывание со входящим документом № 17 ЭД "Сведения о поступивших от юридических лиц платежах" № 14 ID= 1000224841. 
2024.05.22 14:36:34, Добавление строки. Связывание со входящим документом № 17 ЭД "Сведения о поступивших от юридических лиц платежах" № 14 ID= 1000224841. 
2024.05.22 14:36:39, Добавление строки. Связывание со входящим документом № 17 ЭД "Сведения о поступивших от юридических лиц платежах" № 14 ID= 1000224841. 
2024.05.22 14:36:44, Добавление строки. Связывание со входящим документом № 17 ЭД "Сведения о поступивших от юридических лиц платежах" № 14 ID= 1000224841. 
2024.05.22 14:36:48, Добавление строки. Связывание со входящим документом № 17 ЭД "Сведения о поступивших от юридических лиц платежах" № 14 ID= 1000224841. 
2024.05.22 14:36:53, Добавление строки. Связывание со входящим документом № 17 ЭД "Сведения о поступивших от юридических лиц платежах" № 14 ID= 1000224841. 
2024.05.22 14:36:58, Добавление строки. Связывание со входящим документом № 17 ЭД "Сведения о поступивших от юридических лиц платежах" № 14 ID= 1000224841. 
2024.05.22 14:37:02, Добавление строки. Связывание со входящим документом № 17 ЭД "Сведения о поступивших от юридических лиц платежах" № 14 ID= 1000224841. 
2024.05.22 14:37:07, Добавление строки. Связывание со входящим документом № 17 ЭД "Сведения о поступивших от юридических лиц платежах" № 14 ID= 1000224841. 
2024.05.22 14:37:11, Добавление строки. Связывание со входящим документом № 17 ЭД "Сведения о поступивших от юридических лиц платежах" № 14 ID= 1000224841. 
2024.05.22 14:37:16, Добавление строки. Связывание со входящим документом № 17 ЭД "Сведения о поступивших от юридических лиц платежах" № 14 ID= 1000224841. 
2024.05.22 14:37:20, Добавление строки. Связывание со входящим документом № 17 ЭД "Сведения о поступивших от юридических лиц платежах" № 14 ID= 1000224841. 
2024.05.22 14:37:24, Добавление строки. Связывание со входящим документом № 17 ЭД "Сведения о поступивших от юридических лиц платежах" № 14 ID= 1000224841. 
2024.05.22 14:37:29, Добавление строки. Связывание со входящим документом № 17 ЭД "Сведения о поступивших от юридических лиц платежах" № 14 ID= 1000224841. 
2024.05.22 14:37:33, Добавление строки. Связывание со входящим документом № 17 ЭД "Сведения о поступивших от юридических лиц платежах" № 14 ID= 1000224841. 
2024.05.22 14:37:37, Добавление строки. Связывание со входящим документом № 17 ЭД "Сведения о поступивших от юридических лиц платежах" № 14 ID= 1000224841. 
2024.05.22 14:37:42, Добавление строки. Связывание со входящим документом № 17 ЭД "Сведения о поступивших от юридических лиц платежах" № 14 ID= 1000224841. 
2024.05.22 14:37:46, Добавление строки. Связывание со входящим документом № 17 ЭД "Сведения о поступивших от юридических лиц платежах" № 14 ID= 1000224841. 
2024.05.22 14:37:51, Добавление строки. Связывание со входящим документом № 17 ЭД "Сведения о поступивших от юридических лиц платежах" № 14 ID= 1000224841. 
2024.05.22 14:37:55, Добавление строки. Связывание со входящим документом № 17 ЭД "Сведения о поступивших от юридических лиц платежах" № 14 ID= 1000224841. 
2024.05.22 14:37:59, Добавление строки. Связывание со входящим документом № 17 ЭД "Сведения о поступивших от юридических лиц платежах" № 14 ID= 1000224841. 
2024.05.22 14:38:04, Добавление строки. Связывание со входящим документом № 17 ЭД "Сведения о поступивших от юридических лиц платежах" № 14 ID= 1000224841. 
2024.05.22 14:38:08, Добавление строки. Связывание со входящим документом № 17 ЭД "Сведения о поступивших от юридических лиц платежах" № 14 ID= 1000224841. 
2024.05.22 14:38:13, Добавление строки. Связывание со входящим документом № 17 ЭД "Сведения о поступивших от юридических лиц платежах" № 14 ID= 1000224841. 
2024.05.22 14:38:17, Добавление строки. Связывание со входящим документом № 17 ЭД "Сведения о поступивших от юридических лиц платежах" № 14 ID= 1000224841. 
2024.05.22 14:38:22, Добавление строки. Связывание со входящим документом № 17 ЭД "Сведения о поступивших от юридических лиц платежах" № 14 ID= 1000224841. 
2024.05.22 14:38:26, Добавление строки. Связывание со входящим документом № 17 ЭД "Сведения о поступивших от юридических лиц платежах" № 14 ID= 1000224841. 
2024.05.22 14:38:30, Добавление строки. Связывание со входящим документом № 17 ЭД "Сведения о поступивших от юридических лиц платежах" № 14 ID= 1000224841. 
2024.05.22 14:38:35, Добавление строки. Связывание со входящим документом № 17 ЭД "Сведения о поступивших от юридических лиц платежах" № 14 ID= 1000224841. 
2024.05.22 14:38:39, Добавление строки. Связывание со входящим документом № 17 ЭД "Сведения о поступивших от юридических лиц платежах" № 14 ID= 1000224841. 
2024.05.22 14:38:44, Добавление строки. Связывание со входящим документом № 17 ЭД "Сведения о поступивших от юридических лиц платежах" № 14 ID= 1000224841. 
2024.05.22 14:38:48, Добавление строки. Связывание со входящим документом № 17 ЭД "Сведения о поступивших от юридических лиц платежах" № 14 ID= 1000224841. 
2024.05.22 14:38:52, Добавление строки. Связывание со входящим документом № 17 ЭД "Сведения о поступивших от юридических лиц платежах" № 14 ID= 1000224841. 
2024.05.22 14:38:57, Добавление строки. Связывание со входящим документом № 17 ЭД "Сведения о поступивших от юридических лиц платежах" № 14 ID= 1000224841. 
2024.05.22 14:39:01, Добавление строки. Связывание со входящим документом № 17 ЭД "Сведения о поступивших от юридических лиц платежах" № 14 ID= 1000224841. 
2024.05.22 14:39:06, Добавление строки. Связывание со входящим документом № 17 ЭД "Сведения о поступивших от юридических лиц платежах" № 14 ID= 1000224841. 
2024.05.22 14:39:10, Добавление строки. Связывание со входящим документом № 17 ЭД "Сведения о поступивших от юридических лиц платежах" № 14 ID= 1000224841. 
2024.05.22 14:39:15, Добавление строки. Связывание со входящим документом № 17 ЭД "Сведения о поступивших от юридических лиц платежах" № 14 ID= 1000224841. 
2024.05.22 14:39:19, Добавление строки. Связывание со входящим документом № 17 ЭД "Сведения о поступивших от юридических лиц платежах" № 14 ID= 1000224841. 
2024.05.22 14:39:24, Добавление строки. Связывание со входящим документом № 17 ЭД "Сведения о поступивших от юридических лиц платежах" № 14 ID= 1000224841. 
2024.05.22 14:39:28, Добавление строки. Связывание со входящим документом № 17 ЭД "Сведения о поступивших от юридических лиц платежах" № 14 ID= 1000224841. 
2024.05.22 14:39:33, Добавление строки. Связывание со входящим документом № 17 ЭД "Сведения о поступивших от юридических лиц платежах" № 14 ID= 1000224841. 
2024.05.22 14:39:37, Добавление строки. Связывание со входящим документом № 17 ЭД "Сведения о поступивших от юридических лиц платежах" № 14 ID= 1000224841. 
2024.05.22 14:39:41, Добавление строки. Связывание со входящим документом № 17 ЭД "Сведения о поступивших от юридических лиц платежах" № 14 ID= 1000224841. 
2024.05.22 14:39:46, Добавление строки. Связывание со входящим документом № 17 ЭД "Сведения о поступивших от юридических лиц платежах" № 14 ID= 1000224841. 
2024.05.22 14:39:50, Добавление строки. Связывание со входящим документом № 17 ЭД "Сведения о поступивших от юридических лиц платежах" № 14 ID= 1000224841. 
2024.05.22 14:39:55, Добавление строки. Связывание со входящим документом № 17 ЭД "Сведения о поступивших от юридических лиц платежах" № 14 ID= 1000224841. 
2024.05.22 14:39:59, Добавление строки. Связывание со входящим документом № 17 ЭД "Сведения о поступивших от юридических лиц платежах" № 14 ID= 1000224841. 
2024.05.22 14:40:03, Добавление строки. Связывание со входящим документом № 17 ЭД "Сведения о поступивших от юридических лиц платежах" № 14 ID= 1000224841. 
2024.05.22 14:40:08, Добавление строки. Связывание со входящим документом № 17 ЭД "Сведения о поступивших от юридических лиц платежах" № 14 ID= 1000224841. 
2024.05.22 14:40:12, Добавление строки. Связывание со входящим документом № 17 ЭД "Сведения о поступивших от юридических лиц платежах" № 14 ID= 1000224841. 
2024.05.22 14:40:17, Добавление строки. Связывание со входящим документом № 17 ЭД "Сведения о поступивших от юридических лиц платежах" № 14 ID= 1000224841. 
2024.05.22 14:40:21, Добавление строки. Связывание со входящим документом № 17 ЭД "Сведения о поступивших от юридических лиц платежах" № 14 ID= 1000224841. 
2024.05.22 14:40:25, Добавление строки. Связывание со входящим документом № 17 ЭД "Сведения о поступивших от юридических лиц платежах" № 14 ID= 1000224841. 
2024.05.22 14:40:30, Добавление строки. Связывание со входящим документом № 17 ЭД "Сведения о поступивших от юридических лиц платежах" № 14 ID= 1000224841. 
2024.05.22 14:40:34, Добавление строки. Связывание со входящим документом № 17 ЭД "Сведения о поступивших от юридических лиц платежах" № 14 ID= 1000224841. 
2024.05.22 14:40:39, Добавление строки. Связывание со входящим документом № 17 ЭД "Сведения о поступивших от юридических лиц платежах" № 14 ID= 1000224841. 
2024.05.22 14:40:43, Добавление строки. Связывание со входящим документом № 17 ЭД "Сведения о поступивших от юридических лиц платежах" № 14 ID= 1000224841. 
2024.05.22 14:40:47, Добавление строки. Связывание со входящим документом № 17 ЭД "Сведения о поступивших от юридических лиц платежах" № 14 ID= 1000224841. 
2024.05.22 14:40:52, Добавление строки. Связывание со входящим документом № 17 ЭД "Сведения о поступивших от юридических лиц платежах" № 14 ID= 1000224841. 
2024.05.22 14:40:56, Добавление строки. Связывание со входящим документом № 17 ЭД "Сведения о поступивших от юридических лиц платежах" № 14 ID= 1000224841. 
2024.05.22 14:41:01, Добавление строки. Связывание со входящим документом № 17 ЭД "Сведения о поступивших от юридических лиц платежах" № 14 ID= 1000224841. 
2024.05.22 14:41:05, Добавление строки. Связывание со входящим документом № 17 ЭД "Сведения о поступивших от юридических лиц платежах" № 14 ID= 1000224841. 
2024.05.22 14:41:10, Добавление строки. Связывание со входящим документом № 17 ЭД "Сведения о поступивших от юридических лиц платежах" № 14 ID= 1000224841. 
2024.05.22 14:41:14, Добавление строки. Связывание со входящим документом № 17 ЭД "Сведения о поступивших от юридических лиц платежах" № 14 ID= 1000224841. 
2024.05.22 14:41:19, Добавление строки. Связывание со входящим документом № 17 ЭД "Сведения о поступивших от юридических лиц платежах" № 14 ID= 1000224841. 
2024.05.22 14:41:23, Добавление строки. Связывание со входящим документом № 17 ЭД "Сведения о поступивших от юридических лиц платежах" № 14 ID= 1000224841. 
2024.05.22 14:41:28, Добавление строки. Связывание со входящим документом № 17 ЭД "Сведения о поступивших от юридических лиц платежах" № 14 ID= 1000224841. 
2024.05.22 14:41:33, Добавление строки. Связывание со входящим документом № 17 ЭД "Сведения о поступивших от юридических лиц платежах" № 14 ID= 1000224841. 
2024.05.22 14:41:37, Добавление строки. Связывание со входящим документом № 17 ЭД "Сведения о поступивших от юридических лиц платежах" № 14 ID= 1000224841. 
2024.05.22 14:41:42, Добавление строки. Связывание со входящим документом № 17 ЭД "Сведения о поступивших от юридических лиц платежах" № 14 ID= 1000224841. 
2024.05.22 14:41:46, Добавление строки. Связывание со входящим документом № 17 ЭД "Сведения о поступивших от юридических лиц платежах" № 14 ID= 1000224841. 
2024.05.22 14:41:51, Добавление строки. Связывание со входящим документом № 17 ЭД "Сведения о поступивших от юридических лиц платежах" № 14 ID= 1000224841. 
2024.05.22 14:41:56, Добавление строки. Связывание со входящим документом № 17 ЭД "Сведения о поступивших от юридических лиц платежах" № 14 ID= 1000224841. 
2024.05.22 14:42:00, Добавление строки. Связывание со входящим документом № 17 ЭД "Сведения о поступивших от юридических лиц платежах" № 14 ID= 1000224841. 
2024.05.22 14:42:05, Добавление строки. Связывание со входящим документом № 17 ЭД "Сведения о поступивших от юридических лиц платежах" № 14 ID= 1000224841. 
2024.05.22 14:42:09, Добавление строки. Связывание со входящим документом № 17 ЭД "Сведения о поступивших от юридических лиц платежах" № 14 ID= 1000224841. 
2024.05.22 14:42:14, Добавление строки. Связывание со входящим документом № 17 ЭД "Сведения о поступивших от юридических лиц платежах" № 14 ID= 1000224841. 
2024.05.22 14:42:19, Добавление строки. Связывание со входящим документом № 17 ЭД "Сведения о поступивших от юридических лиц платежах" № 14 ID= 1000224841. 
2024.05.22 14:42:23, Добавление строки. Связывание со входящим документом № 17 ЭД "Сведения о поступивших от юридических лиц платежах" № 14 ID= 1000224841. 
2024.05.22 14:42:28, Добавление строки. Связывание со входящим документом № 17 ЭД "Сведения о поступивших от юридических лиц платежах" № 14 ID= 1000224841. 
2024.05.22 14:42:32, Добавление строки. Связывание со входящим документом № 17 ЭД "Сведения о поступивших от юридических лиц платежах" № 14 ID= 1000224841. 
2024.05.22 14:42:37, Добавление строки. Связывание со входящим документом № 17 ЭД "Сведения о поступивших от юридических лиц платежах" № 14 ID= 1000224841. 
2024.05.22 14:42:41, Добавление строки. Связывание со входящим документом № 17 ЭД "Сведения о поступивших от юридических лиц платежах" № 14 ID= 1000224841. 
2024.05.22 14:42:46, Добавление строки. Связывание со входящим документом № 17 ЭД "Сведения о поступивших от юридических лиц платежах" № 14 ID= 1000224841. 
2024.05.22 14:42:50, Добавление строки. Связывание со входящим документом № 17 ЭД "Сведения о поступивших от юридических лиц платежах" № 14 ID= 1000224841. 
2024.05.22 14:42:55, Добавление строки. Связывание со входящим документом № 17 ЭД "Сведения о поступивших от юридических лиц платежах" № 14 ID= 1000224841. 
2024.05.22 14:43:00, Добавление строки. Связывание со входящим документом № 17 ЭД "Сведения о поступивших от юридических лиц платежах" № 14 ID= 1000224841. 
2024.05.22 14:43:04, Добавление строки. Связывание со входящим документом № 17 ЭД "Сведения о поступивших от юридических лиц платежах" № 14 ID= 1000224841. 
2024.05.22 14:43:09, Добавление строки. Связывание со входящим документом № 17 ЭД "Сведения о поступивших от юридических лиц платежах" № 14 ID= 1000224841. 
2024.05.22 14:43:13, Добавление строки. Связывание со входящим документом № 17 ЭД "Сведения о поступивших от юридических лиц платежах" № 14 ID= 1000224841. 
2024.05.22 14:43:18, Добавление строки. Связывание со входящим документом № 17 ЭД "Сведения о поступивших от юридических лиц платежах" № 14 ID= 1000224841. 
2024.05.22 14:43:23, Добавление строки. Связывание со входящим документом № 17 ЭД "Сведения о поступивших от юридических лиц платежах" № 14 ID= 1000224841. 
2024.05.22 14:43:27, Добавление строки. Связывание со входящим документом № 17 ЭД "Сведения о поступивших от юридических лиц платежах" № 14 ID= 1000224841. 
2024.05.22 14:43:32, Добавление строки. Связывание со входящим документом № 17 ЭД "Сведения о поступивших от юридических лиц платежах" № 14 ID= 1000224841. 
2024.05.22 14:43:36, Добавление строки. Связывание со входящим документом № 17 ЭД "Сведения о поступивших от юридических лиц платежах" № 14 ID= 1000224841. 
2024.05.22 14:43:41, Добавление строки. Связывание со входящим документом № 17 ЭД "Сведения о поступивших от юридических лиц платежах" № 14 ID= 1000224841. 
2024.05.22 14:43:46, Добавление строки. Связывание со входящим документом № 17 ЭД "Сведения о поступивших от юридических лиц платежах" № 14 ID= 1000224841. 
2024.05.22 14:43:51, Добавление строки. Связывание со входящим документом № 17 ЭД "Сведения о поступивших от юридических лиц платежах" № 14 ID= 1000224841. 
2024.05.22 14:43:55, Добавление строки. Связывание со входящим документом № 17 ЭД "Сведения о поступивших от юридических лиц платежах" № 14 ID= 1000224841. 
2024.05.22 14:44:00, Добавление строки. Связывание со входящим документом № 17 ЭД "Сведения о поступивших от юридических лиц платежах" № 14 ID= 1000224841. 
2024.05.22 14:44:04, Добавление строки. Связывание со входящим документом № 17 ЭД "Сведения о поступивших от юридических лиц платежах" № 14 ID= 1000224841. 
2024.05.22 14:44:09, Добавление строки. Связывание со входящим документом № 17 ЭД "Сведения о поступивших от юридических лиц платежах" № 14 ID= 1000224841. 
2024.05.22 14:44:14, Добавление строки. Связывание со входящим документом № 17 ЭД "Сведения о поступивших от юридических лиц платежах" № 14 ID= 1000224841. 
2024.05.22 14:44:18, Добавление строки. Связывание со входящим документом № 17 ЭД "Сведения о поступивших от юридических лиц платежах" № 14 ID= 1000224841. 
2024.05.22 14:44:23, Добавление строки. Связывание со входящим документом № 17 ЭД "Сведения о поступивших от юридических лиц платежах" № 14 ID= 1000224841. 
2024.05.22 14:44:28, Добавление строки. Связывание со входящим документом № 17 ЭД "Сведения о поступивших от юридических лиц платежах" № 14 ID= 1000224841. 
2024.05.22 14:44:34, Добавление строки. Связывание со входящим документом № 17 ЭД "Сведения о поступивших от юридических лиц платежах" № 14 ID= 1000224841. 
2024.05.22 14:44:38, Добавление строки. Связывание со входящим документом № 17 ЭД "Сведения о поступивших от юридических лиц платежах" № 14 ID= 1000224841. 
2024.05.22 14:44:43, Добавление строки. Связывание со входящим документом № 17 ЭД "Сведения о поступивших от юридических лиц платежах" № 14 ID= 1000224841. 
2024.05.22 14:44:48, Добавление строки. Связывание со входящим документом № 17 ЭД "Сведения о поступивших от юридических лиц платежах" № 14 ID= 1000224841. 
2024.05.22 14:44:53, Добавление строки. Связывание со входящим документом № 17 ЭД "Сведения о поступивших от юридических лиц платежах" № 14 ID= 1000224841. 
2024.05.22 14:44:58, Добавление строки. Связывание со входящим документом № 17 ЭД "Сведения о поступивших от юридических лиц платежах" № 14 ID= 1000224841. 
2024.05.22 14:45:03, Добавление строки. Связывание со входящим документом № 17 ЭД "Сведения о поступивших от юридических лиц платежах" № 14 ID= 1000224841. 
2024.05.22 14:45:08, Добавление строки. Связывание со входящим документом № 17 ЭД "Сведения о поступивших от юридических лиц платежах" № 14 ID= 1000224841. 
2024.05.22 14:45:13, Добавление строки. Связывание со входящим документом № 17 ЭД "Сведения о поступивших от юридических лиц платежах" № 14 ID= 1000224841. 
2024.05.22 14:45:18, Добавление строки. Связывание со входящим документом № 17 ЭД "Сведения о поступивших от юридических лиц платежах" № 14 ID= 1000224841. 
2024.05.22 14:45:24, Добавление строки. Связывание со входящим документом № 17 ЭД "Сведения о поступивших от юридических лиц платежах" № 14 ID= 1000224841. 
2024.05.22 14:45:29, Добавление строки. Связывание со входящим документом № 17 ЭД "Сведения о поступивших от юридических лиц платежах" № 14 ID= 1000224841. 
2024.05.22 14:45:33, Добавление строки. Связывание со входящим документом № 17 ЭД "Сведения о поступивших от юридических лиц платежах" № 14 ID= 1000224841. 
2024.05.22 14:45:38, Добавление строки. Связывание со входящим документом № 17 ЭД "Сведения о поступивших от юридических лиц платежах" № 14 ID= 1000224841. 
2024.05.22 14:45:44, Добавление строки. Связывание со входящим документом № 17 ЭД "Сведения о поступивших от юридических лиц платежах" № 14 ID= 1000224841. 
2024.05.22 14:45:49, Добавление строки. Связывание со входящим документом № 17 ЭД "Сведения о поступивших от юридических лиц платежах" № 14 ID= 1000224841. 
2024.05.22 14:45:54, Добавление строки. Связывание со входящим документом № 17 ЭД "Сведения о поступивших от юридических лиц платежах" № 14 ID= 1000224841. 
2024.05.22 14:45:59, Добавление строки. Связывание со входящим документом № 17 ЭД "Сведения о поступивших от юридических лиц платежах" № 14 ID= 1000224841. 
2024.05.22 14:46:04, Добавление строки. Связывание со входящим документом № 17 ЭД "Сведения о поступивших от юридических лиц платежах" № 14 ID= 1000224841. 
2024.05.22 14:46:08, Добавление строки. Связывание со входящим документом № 17 ЭД "Сведения о поступивших от юридических лиц платежах" № 14 ID= 1000224841. 
2024.05.22 14:46:13, Добавление строки. Связывание со входящим документом № 17 ЭД "Сведения о поступивших от юридических лиц платежах" № 14 ID= 1000224841. 
2024.05.22 14:46:18, Добавление строки. Связывание со входящим документом № 17 ЭД "Сведения о поступивших от юридических лиц платежах" № 14 ID= 1000224841. 
2024.05.22 14:46:23, Добавление строки. Связывание со входящим документом № 17 ЭД "Сведения о поступивших от юридических лиц платежах" № 14 ID= 1000224841. 
2024.05.22 14:46:27, Добавление строки. Связывание со входящим документом № 17 ЭД "Сведения о поступивших от юридических лиц платежах" № 14 ID= 1000224841. 
2024.05.22 14:46:32, Добавление строки. Связывание со входящим документом № 17 ЭД "Сведения о поступивших от юридических лиц платежах" № 14 ID= 1000224841. 
2024.05.22 14:46:37, Добавление строки. Связывание со входящим документом № 17 ЭД "Сведения о поступивших от юридических лиц платежах" № 14 ID= 1000224841. 
2024.05.22 14:46:42, Добавление строки. Связывание со входящим документом № 17 ЭД "Сведения о поступивших от юридических лиц платежах" № 14 ID= 1000224841. 
2024.05.22 14:46:47, Добавление строки. Связывание со входящим документом № 17 ЭД "Сведения о поступивших от юридических лиц платежах" № 14 ID= 1000224841. 
2024.05.22 14:46:51, Добавление строки. Связывание со входящим документом № 17 ЭД "Сведения о поступивших от юридических лиц платежах" № 14 ID= 1000224841. 
2024.05.22 14:46:56, Добавление строки. Связывание со входящим документом № 17 ЭД "Сведения о поступивших от юридических лиц платежах" № 14 ID= 1000224841. 
2024.05.22 14:47:01, Добавление строки. Связывание со входящим документом № 17 ЭД "Сведения о поступивших от юридических лиц платежах" № 14 ID= 1000224841. 
2024.05.22 14:47:06, Добавление строки. Связывание со входящим документом № 17 ЭД "Сведения о поступивших от юридических лиц платежах" № 14 ID= 1000224841. 
2024.05.22 14:47:11, Добавление строки. Связывание со входящим документом № 17 ЭД "Сведения о поступивших от юридических лиц платежах" № 14 ID= 1000224841. 
2024.05.22 14:47:15, Добавление строки. Связывание со входящим документом № 17 ЭД "Сведения о поступивших от юридических лиц платежах" № 14 ID= 1000224841. 
2024.05.22 14:47:20, Добавление строки. Связывание со входящим документом № 17 ЭД "Сведения о поступивших от юридических лиц платежах" № 14 ID= 1000224841. 
2024.05.22 14:47:25, Добавление строки. Связывание со входящим документом № 17 ЭД "Сведения о поступивших от юридических лиц платежах" № 14 ID= 1000224841. 
2024.05.22 14:47:29, Добавление строки. Связывание со входящим документом № 17 ЭД "Сведения о поступивших от юридических лиц платежах" № 14 ID= 1000224841. 
2024.05.22 14:47:34, Добавление строки. Связывание со входящим документом № 17 ЭД "Сведения о поступивших от юридических лиц платежах" № 14 ID= 1000224841. 
2024.05.22 14:47:39, Добавление строки. Связывание со входящим документом № 17 ЭД "Сведения о поступивших от юридических лиц платежах" № 14 ID= 1000224841. 
2024.05.22 14:47:43, Добавление строки. Связывание со входящим документом № 17 ЭД "Сведения о поступивших от юридических лиц платежах" № 14 ID= 1000224841. 
2024.05.22 14:47:48, Добавление строки. Связывание со входящим документом № 17 ЭД "Сведения о поступивших от юридических лиц платежах" № 14 ID= 1000224841. 
2024.05.22 14:47:53, Добавление строки. Связывание со входящим документом № 17 ЭД "Сведения о поступивших от юридических лиц платежах" № 14 ID= 1000224841. 
2024.05.22 14:47:58, Добавление строки. Связывание со входящим документом № 17 ЭД "Сведения о поступивших от юридических лиц платежах" № 14 ID= 1000224841. 
2024.05.22 14:48:02, Добавление строки. Связывание со входящим документом № 17 ЭД "Сведения о поступивших от юридических лиц платежах" № 14 ID= 1000224841. 
2024.05.22 14:48:07, Добавление строки. Связывание со входящим документом № 17 ЭД "Сведения о поступивших от юридических лиц платежах" № 14 ID= 1000224841. 
2024.05.22 14:48:13, Добавление строки. Связывание со входящим документом № 17 ЭД "Сведения о поступивших от юридических лиц платежах" № 14 ID= 1000224841. 
2024.05.22 14:48:18, Добавление строки. Связывание со входящим документом № 17 ЭД "Сведения о поступивших от юридических лиц платежах" № 14 ID= 1000224841. 
2024.05.22 14:48:22, Добавление строки. Связывание со входящим документом № 17 ЭД "Сведения о поступивших от юридических лиц платежах" № 14 ID= 1000224841. 
2024.05.22 14:48:27, Добавление строки. Связывание со входящим документом № 17 ЭД "Сведения о поступивших от юридических лиц платежах" № 14 ID= 1000224841. 
2024.05.22 14:48:32, Добавление строки. Связывание со входящим документом № 17 ЭД "Сведения о поступивших от юридических лиц платежах" № 14 ID= 1000224841. 
2024.05.22 14:48:37, Добавление строки. Связывание со входящим документом № 17 ЭД "Сведения о поступивших от юридических лиц платежах" № 14 ID= 1000224841. 
2024.05.22 14:48:42, Добавление строки. Связывание со входящим документом № 17 ЭД "Сведения о поступивших от юридических лиц платежах" № 14 ID= 1000224841. 
2024.05.22 14:48:47, Добавление строки. Связывание со входящим документом № 17 ЭД "Сведения о поступивших от юридических лиц платежах" № 14 ID= 1000224841. 
2024.05.22 14:48:53, Добавление строки. Связывание со входящим документом № 17 ЭД "Сведения о поступивших от юридических лиц платежах" № 14 ID= 1000224841. 
2024.05.22 14:48:58, Добавление строки. Связывание со входящим документом № 17 ЭД "Сведения о поступивших от юридических лиц платежах" № 14 ID= 1000224841. 
2024.05.22 14:49:02, Добавление строки. Связывание со входящим документом № 17 ЭД "Сведения о поступивших от юридических лиц платежах" № 14 ID= 1000224841. 
2024.05.22 14:49:07, Добавление строки. Связывание со входящим документом № 17 ЭД "Сведения о поступивших от юридических лиц платежах" № 14 ID= 1000224841. 
2024.05.22 14:49:11, Добавление строки. Связывание со входящим документом № 17 ЭД "Сведения о поступивших от юридических лиц платежах" № 14 ID= 1000224841. 
2024.05.22 14:49:16, Добавление строки. Связывание со входящим документом № 17 ЭД "Сведения о поступивших от юридических лиц платежах" № 14 ID= 1000224841. 
2024.05.22 14:49:21, Добавление строки. Связывание со входящим документом № 17 ЭД "Сведения о поступивших от юридических лиц платежах" № 14 ID= 1000224841. 
2024.05.22 14:49:26, Добавление строки. Связывание со входящим документом № 17 ЭД "Сведения о поступивших от юридических лиц платежах" № 14 ID= 1000224841. 
2024.05.22 14:49:32, Добавление строки. Связывание со входящим документом № 17 ЭД "Сведения о поступивших от юридических лиц платежах" № 14 ID= 1000224841. 
2024.05.22 14:49:37, Добавление строки. Связывание со входящим документом № 17 ЭД "Сведения о поступивших от юридических лиц платежах" № 14 ID= 1000224841. 
2024.05.22 14:49:42, Добавление строки. Связывание со входящим документом № 17 ЭД "Сведения о поступивших от юридических лиц платежах" № 14 ID= 1000224841. 
2024.05.22 14:49:47, Добавление строки. Связывание со входящим документом № 17 ЭД "Сведения о поступивших от юридических лиц платежах" № 14 ID= 1000224841. 
2024.05.22 14:49:52, Добавление строки. Связывание со входящим документом № 17 ЭД "Сведения о поступивших от юридических лиц платежах" № 14 ID= 1000224841. 
2024.05.22 14:49:57, Добавление строки. Связывание со входящим документом № 17 ЭД "Сведения о поступивших от юридических лиц платежах" № 14 ID= 1000224841. 
2024.05.22 14:50:02, Добавление строки. Связывание со входящим документом № 17 ЭД "Сведения о поступивших от юридических лиц платежах" № 14 ID= 1000224841. 
2024.05.22 14:50:07, Добавление строки. Связывание со входящим документом № 17 ЭД "Сведения о поступивших от юридических лиц платежах" № 14 ID= 1000224841. 
2024.05.22 14:50:11, Добавление строки. Связывание со входящим документом № 17 ЭД "Сведения о поступивших от юридических лиц платежах" № 14 ID= 1000224841. 
2024.05.22 14:50:16, Добавление строки. Связывание со входящим документом № 17 ЭД "Сведения о поступивших от юридических лиц платежах" № 14 ID= 1000224841. 
2024.05.22 14:50:21, Добавление строки. Связывание со входящим документом № 17 ЭД "Сведения о поступивших от юридических лиц платежах" № 14 ID= 1000224841. 
2024.05.22 14:50:26, Добавление строки. Связывание со входящим документом № 17 ЭД "Сведения о поступивших от юридических лиц платежах" № 14 ID= 1000224841. 
2024.05.22 14:50:31, Добавление строки. Связывание со входящим документом № 17 ЭД "Сведения о поступивших от юридических лиц платежах" № 14 ID= 1000224841. 
2024.05.22 14:50:35, Добавление строки. Связывание со входящим документом № 17 ЭД "Сведения о поступивших от юридических лиц платежах" № 14 ID= 1000224841. 
2024.05.22 14:50:40, Добавление строки. Связывание со входящим документом № 17 ЭД "Сведения о поступивших от юридических лиц платежах" № 14 ID= 1000224841. 
2024.05.22 14:50:46, Добавление строки. Связывание со входящим документом № 17 ЭД "Сведения о поступивших от юридических лиц платежах" № 14 ID= 1000224841. 
2024.05.22 14:50:51, Добавление строки. Связывание со входящим документом № 17 ЭД "Сведения о поступивших от юридических лиц платежах" № 14 ID= 1000224841. 
2024.05.22 14:50:56, Добавление строки. Связывание со входящим документом № 17 ЭД "Сведения о поступивших от юридических лиц платежах" № 14 ID= 1000224841. 
2024.05.22 14:51:01, Добавление строки. Связывание со входящим документом № 17 ЭД "Сведения о поступивших от юридических лиц платежах" № 14 ID= 1000224841. 
2024.05.22 14:51:06, Добавление строки. Связывание со входящим документом № 17 ЭД "Сведения о поступивших от юридических лиц платежах" № 14 ID= 1000224841. 
2024.05.22 14:51:11, Добавление строки. Связывание со входящим документом № 17 ЭД "Сведения о поступивших от юридических лиц платежах" № 14 ID= 1000224841. 
2024.05.22 14:51:16, Добавление строки. Связывание со входящим документом № 17 ЭД "Сведения о поступивших от юридических лиц платежах" № 14 ID= 1000224841. 
2024.05.22 14:51:21, Добавление строки. Связывание со входящим документом № 17 ЭД "Сведения о поступивших от юридических лиц платежах" № 14 ID= 1000224841. 
2024.05.22 14:51:26, Добавление строки. Связывание со входящим документом № 17 ЭД "Сведения о поступивших от юридических лиц платежах" № 14 ID= 1000224841. 
2024.05.22 14:51:31, Добавление строки. Связывание со входящим документом № 17 ЭД "Сведения о поступивших от юридических лиц платежах" № 14 ID= 1000224841. 
2024.05.22 14:51:36, Добавление строки. Связывание со входящим документом № 17 ЭД "Сведения о поступивших от юридических лиц платежах" № 14 ID= 1000224841. 
2024.05.22 14:51:41, Добавление строки. Связывание со входящим документом № 17 ЭД "Сведения о поступивших от юридических лиц платежах" № 14 ID= 1000224841. 
2024.05.22 14:51:45, Добавление строки. Связывание со входящим документом № 17 ЭД "Сведения о поступивших от юридических лиц платежах" № 14 ID= 1000224841. 
2024.05.22 14:51:50, Добавление строки. Связывание со входящим документом № 17 ЭД "Сведения о поступивших от юридических лиц платежах" № 14 ID= 1000224841. 
2024.05.22 14:51:55, Добавление строки. Связывание со входящим документом № 17 ЭД "Сведения о поступивших от юридических лиц платежах" № 14 ID= 1000224841. 
2024.05.22 14:52:00, Добавление строки. Связывание со входящим документом № 17 ЭД "Сведения о поступивших от юридических лиц платежах" № 14 ID= 1000224841. 
2024.05.22 14:52:05, Добавление строки. Связывание со входящим документом № 17 ЭД "Сведения о поступивших от юридических лиц платежах" № 14 ID= 1000224841. 
2024.05.22 14:52:10, Добавление строки. Связывание со входящим документом № 17 ЭД "Сведения о поступивших от юридических лиц платежах" № 14 ID= 1000224841. 
2024.05.22 14:52:15, Добавление строки. Связывание со входящим документом № 17 ЭД "Сведения о поступивших от юридических лиц платежах" № 14 ID= 1000224841. 
2024.05.22 14:52:20, Добавление строки. Связывание со входящим документом № 17 ЭД "Сведения о поступивших от юридических лиц платежах" № 14 ID= 1000224841. 
2024.05.22 14:52:25, Добавление строки. Связывание со входящим документом № 17 ЭД "Сведения о поступивших от юридических лиц платежах" № 14 ID= 1000224841. 
2024.05.22 14:52:30, Добавление строки. Связывание со входящим документом № 17 ЭД "Сведения о поступивших от юридических лиц платежах" № 14 ID= 1000224841. 
2024.05.22 14:52:35, Добавление строки. Связывание со входящим документом № 17 ЭД "Сведения о поступивших от юридических лиц платежах" № 14 ID= 1000224841. 
2024.05.22 14:52:40, Добавление строки. Связывание со входящим документом № 17 ЭД "Сведения о поступивших от юридических лиц платежах" № 14 ID= 1000224841. 
2024.05.22 14:52:44, Добавление строки. Связывание со входящим документом № 17 ЭД "Сведения о поступивших от юридических лиц платежах" № 14 ID= 1000224841. 
2024.05.22 14:52:50, Добавление строки. Связывание со входящим документом № 17 ЭД "Сведения о поступивших от юридических лиц платежах" № 14 ID= 1000224841. 
2024.05.22 14:52:55, Добавление строки. Связывание со входящим документом № 17 ЭД "Сведения о поступивших от юридических лиц платежах" № 14 ID= 1000224841. 
2024.05.22 14:52:59, Добавление строки. Связывание со входящим документом № 17 ЭД "Сведения о поступивших от юридических лиц платежах" № 14 ID= 1000224841. 
2024.05.22 14:53:04, Добавление строки. Связывание со входящим документом № 17 ЭД "Сведения о поступивших от юридических лиц платежах" № 14 ID= 1000224841. 
2024.05.22 14:53:09, Добавление строки. Связывание со входящим документом № 17 ЭД "Сведения о поступивших от юридических лиц платежах" № 14 ID= 1000224841. 
2024.05.22 14:53:14, Добавление строки. Связывание со входящим документом № 17 ЭД "Сведения о поступивших от юридических лиц платежах" № 14 ID= 1000224841. 
2024.05.22 14:53:19, Добавление строки. Связывание со входящим документом № 17 ЭД "Сведения о поступивших от юридических лиц платежах" № 14 ID= 1000224841. 
2024.05.22 14:53:23, Добавление строки. Связывание со входящим документом № 17 ЭД "Сведения о поступивших от юридических лиц платежах" № 14 ID= 1000224841. 
2024.05.22 14:53:28, Добавление строки. Связывание со входящим документом № 17 ЭД "Сведения о поступивших от юридических лиц платежах" № 14 ID= 1000224841. 
2024.05.22 14:53:33, Добавление строки. Связывание со входящим документом № 17 ЭД "Сведения о поступивших от юридических лиц платежах" № 14 ID= 1000224841. 
2024.05.22 14:53:38, Добавление строки. Связывание со входящим документом № 17 ЭД "Сведения о поступивших от юридических лиц платежах" № 14 ID= 1000224841. 
2024.05.22 14:53:43, Добавление строки. Связывание со входящим документом № 17 ЭД "Сведения о поступивших от юридических лиц платежах" № 14 ID= 1000224841. 
2024.05.22 14:53:47, Добавление строки. Связывание со входящим документом № 17 ЭД "Сведения о поступивших от юридических лиц платежах" № 14 ID= 1000224841. 
2024.05.22 14:53:52, Добавление строки. Связывание со входящим документом № 17 ЭД "Сведения о поступивших от юридических лиц платежах" № 14 ID= 1000224841. 
2024.05.22 14:53:57, Добавление строки. Связывание со входящим документом № 17 ЭД "Сведения о поступивших от юридических лиц платежах" № 14 ID= 1000224841. 
2024.05.22 14:54:02, Добавление строки. Связывание со входящим документом № 17 ЭД "Сведения о поступивших от юридических лиц платежах" № 14 ID= 1000224841. 
2024.05.22 14:54:07, Добавление строки. Связывание со входящим документом № 17 ЭД "Сведения о поступивших от юридических лиц платежах" № 14 ID= 1000224841. 
2024.05.22 14:54:11, Добавление строки. Связывание со входящим документом № 17 ЭД "Сведения о поступивших от юридических лиц платежах" № 14 ID= 1000224841. 
2024.05.22 14:54:16, Добавление строки. Связывание со входящим документом № 17 ЭД "Сведения о поступивших от юридических лиц платежах" № 14 ID= 1000224841. 
2024.05.22 14:54:21, Добавление строки. Связывание со входящим документом № 17 ЭД "Сведения о поступивших от юридических лиц платежах" № 14 ID= 1000224841. 
2024.05.22 14:54:26, Добавление строки. Связывание со входящим документом № 17 ЭД "Сведения о поступивших от юридических лиц платежах" № 14 ID= 1000224841. 
2024.05.22 14:54:31, Добавление строки. Связывание со входящим документом № 17 ЭД "Сведения о поступивших от юридических лиц платежах" № 14 ID= 1000224841. 
2024.05.22 14:54:36, Добавление строки. Связывание со входящим документом № 17 ЭД "Сведения о поступивших от юридических лиц платежах" № 14 ID= 1000224841. 
2024.05.22 14:54:41, Добавление строки. Связывание со входящим документом № 17 ЭД "Сведения о поступивших от юридических лиц платежах" № 14 ID= 1000224841. 
2024.05.22 14:54:46, Добавление строки. Связывание со входящим документом № 17 ЭД "Сведения о поступивших от юридических лиц платежах" № 14 ID= 1000224841. 
2024.05.22 14:54:50, Добавление строки. Связывание со входящим документом № 17 ЭД "Сведения о поступивших от юридических лиц платежах" № 14 ID= 1000224841. 
2024.05.22 14:54:55, Добавление строки. Связывание со входящим документом № 17 ЭД "Сведения о поступивших от юридических лиц платежах" № 14 ID= 1000224841. 
2024.05.22 14:55:00, Добавление строки. Связывание со входящим документом № 17 ЭД "Сведения о поступивших от юридических лиц платежах" № 14 ID= 1000224841. 
2024.05.22 14:55:05, Добавление строки. Связывание со входящим документом № 17 ЭД "Сведения о поступивших от юридических лиц платежах" № 14 ID= 1000224841. 
2024.05.22 14:55:10, Добавление строки. Связывание со входящим документом № 17 ЭД "Сведения о поступивших от юридических лиц платежах" № 14 ID= 1000224841. 
2024.05.22 14:55:15, Добавление строки. Связывание со входящим документом № 17 ЭД "Сведения о поступивших от юридических лиц платежах" № 14 ID= 1000224841. 
2024.05.22 14:55:20, Добавление строки. Связывание со входящим документом № 17 ЭД "Сведения о поступивших от юридических лиц платежах" № 14 ID= 1000224841. 
2024.05.22 14:55:24, Добавление строки. Связывание со входящим документом № 17 ЭД "Сведения о поступивших от юридических лиц платежах" № 14 ID= 1000224841. 
2024.05.22 14:55:29, Добавление строки. Связывание со входящим документом № 17 ЭД "Сведения о поступивших от юридических лиц платежах" № 14 ID= 1000224841. 
2024.05.22 14:55:34, Добавление строки. Связывание со входящим документом № 17 ЭД "Сведения о поступивших от юридических лиц платежах" № 14 ID= 1000224841. 
2024.05.22 14:55:39, Добавление строки. Связывание со входящим документом № 17 ЭД "Сведения о поступивших от юридических лиц платежах" № 14 ID= 1000224841. 
2024.05.22 14:55:44, Добавление строки. Связывание со входящим документом № 17 ЭД "Сведения о поступивших от юридических лиц платежах" № 14 ID= 1000224841. 
2024.05.22 14:55:49, Добавление строки. Связывание со входящим документом № 17 ЭД "Сведения о поступивших от юридических лиц платежах" № 14 ID= 1000224841. 
2024.05.22 14:55:53, Добавление строки. Связывание со входящим документом № 17 ЭД "Сведения о поступивших от юридических лиц платежах" № 14 ID= 1000224841. 
2024.05.22 14:55:58, Добавление строки. Связывание со входящим документом № 17 ЭД "Сведения о поступивших от юридических лиц платежах" № 14 ID= 1000224841. 
2024.05.22 14:56:03, Добавление строки. Связывание со входящим документом № 17 ЭД "Сведения о поступивших от юридических лиц платежах" № 14 ID= 1000224841. 
2024.05.22 14:56:09, Добавление строки. Связывание со входящим документом № 17 ЭД "Сведения о поступивших от юридических лиц платежах" № 14 ID= 1000224841. 
2024.05.22 14:56:14, Добавление строки. Связывание со входящим документом № 17 ЭД "Сведения о поступивших от юридических лиц платежах" № 14 ID= 1000224841. 
2024.05.22 14:56:19, Добавление строки. Связывание со входящим документом № 17 ЭД "Сведения о поступивших от юридических лиц платежах" № 14 ID= 1000224841. 
2024.05.22 14:56:25, Добавление строки. Связывание со входящим документом № 17 ЭД "Сведения о поступивших от юридических лиц платежах" № 14 ID= 1000224841. 
2024.05.22 14:56:32, Добавление строки. Связывание со входящим документом № 17 ЭД "Сведения о поступивших от юридических лиц платежах" № 14 ID= 1000224841. 
2024.05.22 14:56:39, Добавление строки. Связывание со входящим документом № 17 ЭД "Сведения о поступивших от юридических лиц платежах" № 14 ID= 1000224841. 
2024.05.22 14:56:44, Добавление строки. Связывание со входящим документом № 17 ЭД "Сведения о поступивших от юридических лиц платежах" № 14 ID= 1000224841. 
2024.05.22 14:56:49, Добавление строки. Связывание со входящим документом № 17 ЭД "Сведения о поступивших от юридических лиц платежах" № 14 ID= 1000224841. 
2024.05.22 14:56:54, Добавление строки. Связывание со входящим документом № 17 ЭД "Сведения о поступивших от юридических лиц платежах" № 14 ID= 1000224841. 
2024.05.22 14:56:59, Добавление строки. Связывание со входящим документом № 17 ЭД "Сведения о поступивших от юридических лиц платежах" № 14 ID= 1000224841. 
2024.05.22 14:57:04, Добавление строки. Связывание со входящим документом № 17 ЭД "Сведения о поступивших от юридических лиц платежах" № 14 ID= 1000224841. 
2024.05.22 14:57:09, Добавление строки. Связывание со входящим документом № 17 ЭД "Сведения о поступивших от юридических лиц платежах" № 14 ID= 1000224841. 
2024.05.22 14:57:14, Добавление строки. Связывание со входящим документом № 17 ЭД "Сведения о поступивших от юридических лиц платежах" № 14 ID= 1000224841. 
2024.05.22 14:57:19, Добавление строки. Связывание со входящим документом № 17 ЭД "Сведения о поступивших от юридических лиц платежах" № 14 ID= 1000224841. 
2024.05.22 14:57:24, Добавление строки. Связывание со входящим документом № 17 ЭД "Сведения о поступивших от юридических лиц платежах" № 14 ID= 1000224841. 
2024.05.22 14:57:29, Добавление строки. Связывание со входящим документом № 17 ЭД "Сведения о поступивших от юридических лиц платежах" № 14 ID= 1000224841. 
2024.05.22 14:57:34, Добавление строки. Связывание со входящим документом № 17 ЭД "Сведения о поступивших от юридических лиц платежах" № 14 ID= 1000224841. 
2024.05.22 14:57:39, Добавление строки. Связывание со входящим документом № 17 ЭД "Сведения о поступивших от юридических лиц платежах" № 14 ID= 1000224841. 
2024.05.22 14:57:44, Добавление строки. Связывание со входящим документом № 17 ЭД "Сведения о поступивших от юридических лиц платежах" № 14 ID= 1000224841. 
2024.05.22 14:57:49, Добавление строки. Связывание со входящим документом № 17 ЭД "Сведения о поступивших от юридических лиц платежах" № 14 ID= 1000224841. 
2024.05.22 14:57:54, Добавление строки. Связывание со входящим документом № 17 ЭД "Сведения о поступивших от юридических лиц платежах" № 14 ID= 1000224841. 
2024.05.22 14:57:59, Добавление строки. Связывание со входящим документом № 17 ЭД "Сведения о поступивших от юридических лиц платежах" № 14 ID= 1000224841. 
2024.05.22 14:58:04, Добавление строки. Связывание со входящим документом № 17 ЭД "Сведения о поступивших от юридических лиц платежах" № 14 ID= 1000224841. 
2024.05.22 14:58:08, Добавление строки. Связывание со входящим документом № 17 ЭД "Сведения о поступивших от юридических лиц платежах" № 14 ID= 1000224841. 
2024.05.22 14:58:13, Добавление строки. Связывание со входящим документом № 17 ЭД "Сведения о поступивших от юридических лиц платежах" № 14 ID= 1000224841. 
2024.05.22 14:58:18, Добавление строки. Связывание со входящим документом № 17 ЭД "Сведения о поступивших от юридических лиц платежах" № 14 ID= 1000224841. 
2024.05.22 14:58:23, Добавление строки. Связывание со входящим документом № 17 ЭД "Сведения о поступивших от юридических лиц платежах" № 14 ID= 1000224841. 
2024.05.22 14:58:28, Добавление строки. Связывание со входящим документом № 17 ЭД "Сведения о поступивших от юридических лиц платежах" № 14 ID= 1000224841. 
2024.05.22 14:58:33, Добавление строки. Связывание со входящим документом № 17 ЭД "Сведения о поступивших от юридических лиц платежах" № 14 ID= 1000224841. 
2024.05.22 14:58:37, Добавление строки. Связывание со входящим документом № 17 ЭД "Сведения о поступивших от юридических лиц платежах" № 14 ID= 1000224841. 
2024.05.22 14:58:42, Добавление строки. Связывание со входящим документом № 17 ЭД "Сведения о поступивших от юридических лиц платежах" № 14 ID= 1000224841. 
2024.05.22 14:58:47, Добавление строки. Связывание со входящим документом № 17 ЭД "Сведения о поступивших от юридических лиц платежах" № 14 ID= 1000224841. 
2024.05.22 14:58:52, Добавление строки. Связывание со входящим документом № 17 ЭД "Сведения о поступивших от юридических лиц платежах" № 14 ID= 1000224841. 
2024.05.22 14:58:57, Добавление строки. Связывание со входящим документом № 17 ЭД "Сведения о поступивших от юридических лиц платежах" № 14 ID= 1000224841. 
2024.05.22 14:59:02, Добавление строки. Связывание со входящим документом № 17 ЭД "Сведения о поступивших от юридических лиц платежах" № 14 ID= 1000224841. 
2024.05.22 14:59:07, Добавление строки. Связывание со входящим документом № 17 ЭД "Сведения о поступивших от юридических лиц платежах" № 14 ID= 1000224841. 
2024.05.22 14:59:11, Добавление строки. Связывание со входящим документом № 17 ЭД "Сведения о поступивших от юридических лиц платежах" № 14 ID= 1000224841. 
2024.05.22 14:59:16, Добавление строки. Связывание со входящим документом № 17 ЭД "Сведения о поступивших от юридических лиц платежах" № 14 ID= 1000224841. 
2024.05.22 14:59:22, Добавление строки. Связывание со входящим документом № 17 ЭД "Сведения о поступивших от юридических лиц платежах" № 14 ID= 1000224841. 
2024.05.22 14:59:27, Добавление строки. Связывание со входящим документом № 17 ЭД "Сведения о поступивших от юридических лиц платежах" № 14 ID= 1000224841. 
2024.05.22 14:59:32, Добавление строки. Связывание со входящим документом № 17 ЭД "Сведения о поступивших от юридических лиц платежах" № 14 ID= 1000224841. 
2024.05.22 14:59:37, Добавление строки. Связывание со входящим документом № 17 ЭД "Сведения о поступивших от юридических лиц платежах" № 14 ID= 1000224841. 
2024.05.22 14:59:42, Добавление строки. Связывание со входящим документом № 17 ЭД "Сведения о поступивших от юридических лиц платежах" № 14 ID= 1000224841. 
2024.05.22 14:59:47, Добавление строки. Связывание со входящим документом № 17 ЭД "Сведения о поступивших от юридических лиц платежах" № 14 ID= 1000224841. 
2024.05.22 14:59:52, Добавление строки. Связывание со входящим документом № 17 ЭД "Сведения о поступивших от юридических лиц платежах" № 14 ID= 1000224841. 
2024.05.22 14:59:57, Добавление строки. Связывание со входящим документом № 17 ЭД "Сведения о поступивших от юридических лиц платежах" № 14 ID= 1000224841. 
2024.05.22 15:00:02, Добавление строки. Связывание со входящим документом № 17 ЭД "Сведения о поступивших от юридических лиц платежах" № 14 ID= 1000224841. 
2024.05.22 15:00:07, Добавление строки. Связывание со входящим документом № 17 ЭД "Сведения о поступивших от юридических лиц платежах" № 14 ID= 1000224841. 
2024.05.22 15:00:12, Добавление строки. Связывание со входящим документом № 17 ЭД "Сведения о поступивших от юридических лиц платежах" № 14 ID= 1000224841. 
2024.05.22 15:00:17, Добавление строки. Связывание со входящим документом № 17 ЭД "Сведения о поступивших от юридических лиц платежах" № 14 ID= 1000224841. 
2024.05.22 15:00:22, Добавление строки. Связывание со входящим документом № 17 ЭД "Сведения о поступивших от юридических лиц платежах" № 14 ID= 1000224841. 
2024.05.22 15:00:27, Добавление строки. Связывание со входящим документом № 17 ЭД "Сведения о поступивших от юридических лиц платежах" № 14 ID= 1000224841. 
2024.05.22 15:00:32, Добавление строки. Связывание со входящим документом № 17 ЭД "Сведения о поступивших от юридических лиц платежах" № 14 ID= 1000224841. 
2024.05.22 15:00:37, Добавление строки. Связывание со входящим документом № 17 ЭД "Сведения о поступивших от юридических лиц платежах" № 14 ID= 1000224841. 
2024.05.22 15:00:42, Добавление строки. Связывание со входящим документом № 17 ЭД "Сведения о поступивших от юридических лиц платежах" № 14 ID= 1000224841. 
2024.05.22 15:00:47, Добавление строки. Связывание со входящим документом № 17 ЭД "Сведения о поступивших от юридических лиц платежах" № 14 ID= 1000224841. 
2024.05.22 15:00:52, Добавление строки. Связывание со входящим документом № 17 ЭД "Сведения о поступивших от юридических лиц платежах" № 14 ID= 1000224841. 
2024.05.22 15:00:57, Добавление строки. Связывание со входящим документом № 17 ЭД "Сведения о поступивших от юридических лиц платежах" № 14 ID= 1000224841. 
2024.05.22 15:01:03, Добавление строки. Связывание со входящим документом № 17 ЭД "Сведения о поступивших от юридических лиц платежах" № 14 ID= 1000224841. 
2024.05.22 15:01:08, Добавление строки. Связывание со входящим документом № 17 ЭД "Сведения о поступивших от юридических лиц платежах" № 14 ID= 1000224841. 
2024.05.22 15:01:13, Добавление строки. Связывание со входящим документом № 17 ЭД "Сведения о поступивших от юридических лиц платежах" № 14 ID= 1000224841. 
2024.05.22 15:01:18, Добавление строки. Связывание со входящим документом № 17 ЭД "Сведения о поступивших от юридических лиц платежах" № 14 ID= 1000224841. 
2024.05.22 15:01:24, Добавление строки. Связывание со входящим документом № 17 ЭД "Сведения о поступивших от юридических лиц платежах" № 14 ID= 1000224841. 
2024.05.22 15:01:29, Добавление строки. Связывание со входящим документом № 17 ЭД "Сведения о поступивших от юридических лиц платежах" № 14 ID= 1000224841. 
2024.05.22 15:01:34, Добавление строки. Связывание со входящим документом № 17 ЭД "Сведения о поступивших от юридических лиц платежах" № 14 ID= 1000224841. 
2024.05.22 15:01:39, Добавление строки. Связывание со входящим документом № 17 ЭД "Сведения о поступивших от юридических лиц платежах" № 14 ID= 1000224841. 
2024.05.22 15:01:45, Добавление строки. Связывание со входящим документом № 17 ЭД "Сведения о поступивших от юридических лиц платежах" № 14 ID= 1000224841. 
2024.05.22 15:01:50, Добавление строки. Связывание со входящим документом № 17 ЭД "Сведения о поступивших от юридических лиц платежах" № 14 ID= 1000224841. 
2024.05.22 15:01:55, Добавление строки. Связывание со входящим документом № 17 ЭД "Сведения о поступивших от юридических лиц платежах" № 14 ID= 1000224841. 
2024.05.22 15:02:00, Добавление строки. Связывание со входящим документом № 17 ЭД "Сведения о поступивших от юридических лиц платежах" № 14 ID= 1000224841. 
2024.05.22 15:02:05, Добавление строки. Связывание со входящим документом № 17 ЭД "Сведения о поступивших от юридических лиц платежах" № 14 ID= 1000224841. 
2024.05.22 15:02:11, Добавление строки. Связывание со входящим документом № 17 ЭД "Сведения о поступивших от юридических лиц платежах" № 14 ID= 1000224841. 
2024.05.22 15:02:16, Добавление строки. Связывание со входящим документом № 17 ЭД "Сведения о поступивших от юридических лиц платежах" № 14 ID= 1000224841. 
2024.05.22 15:02:21, Добавление строки. Связывание со входящим документом № 17 ЭД "Сведения о поступивших от юридических лиц платежах" № 14 ID= 1000224841. 
2024.05.22 15:02:26, Добавление строки. Связывание со входящим документом № 17 ЭД "Сведения о поступивших от юридических лиц платежах" № 14 ID= 1000224841. 
2024.05.22 15:02:31, Добавление строки. Связывание со входящим документом № 17 ЭД "Сведения о поступивших от юридических лиц платежах" № 14 ID= 1000224841. 
2024.05.22 15:02:37, Добавление строки. Связывание со входящим документом № 17 ЭД "Сведения о поступивших от юридических лиц платежах" № 14 ID= 1000224841. 
2024.05.22 15:02:42, Добавление строки. Связывание со входящим документом № 17 ЭД "Сведения о поступивших от юридических лиц платежах" № 14 ID= 1000224841. 
2024.05.22 15:02:47, Добавление строки. Связывание со входящим документом № 17 ЭД "Сведения о поступивших от юридических лиц платежах" № 14 ID= 1000224841. 
2024.05.22 15:02:52, Добавление строки. Связывание со входящим документом № 17 ЭД "Сведения о поступивших от юридических лиц платежах" № 14 ID= 1000224841. 
2024.05.22 15:02:58, Добавление строки. Связывание со входящим документом № 17 ЭД "Сведения о поступивших от юридических лиц платежах" № 14 ID= 1000224841. 
2024.05.22 15:03:03, Добавление строки. Связывание со входящим документом № 17 ЭД "Сведения о поступивших от юридических лиц платежах" № 14 ID= 1000224841. 
2024.05.22 15:03:08, Добавление строки. Связывание со входящим документом № 17 ЭД "Сведения о поступивших от юридических лиц платежах" № 14 ID= 1000224841. 
2024.05.22 15:03:14, Добавление строки. Связывание со входящим документом № 17 ЭД "Сведения о поступивших от юридических лиц платежах" № 14 ID= 1000224841. 
2024.05.22 15:03:19, Добавление строки. Связывание со входящим документом № 17 ЭД "Сведения о поступивших от юридических лиц платежах" № 14 ID= 1000224841. 
2024.05.22 15:03:24, Добавление строки. Связывание со входящим документом № 17 ЭД "Сведения о поступивших от юридических лиц платежах" № 14 ID= 1000224841. 
2024.05.22 15:03:29, Добавление строки. Связывание со входящим документом № 17 ЭД "Сведения о поступивших от юридических лиц платежах" № 14 ID= 1000224841. 
2024.05.22 15:03:35, Добавление строки. Связывание со входящим документом № 17 ЭД "Сведения о поступивших от юридических лиц платежах" № 14 ID= 1000224841. 
2024.05.22 15:03:40, Добавление строки. Связывание со входящим документом № 17 ЭД "Сведения о поступивших от юридических лиц платежах" № 14 ID= 1000224841. 
2024.05.22 15:03:46, Добавление строки. Связывание со входящим документом № 17 ЭД "Сведения о поступивших от юридических лиц платежах" № 14 ID= 1000224841. 
2024.05.22 15:03:51, Добавление строки. Связывание со входящим документом № 17 ЭД "Сведения о поступивших от юридических лиц платежах" № 14 ID= 1000224841. 
2024.05.22 15:03:56, Добавление строки. Связывание со входящим документом № 17 ЭД "Сведения о поступивших от юридических лиц платежах" № 14 ID= 1000224841. 
2024.05.22 15:04:01, Добавление строки. Связывание со входящим документом № 17 ЭД "Сведения о поступивших от юридических лиц платежах" № 14 ID= 1000224841. 
2024.05.22 15:04:06, Добавление строки. Связывание со входящим документом № 17 ЭД "Сведения о поступивших от юридических лиц платежах" № 14 ID= 1000224841. 
2024.05.22 15:04:12, Добавление строки. Связывание со входящим документом № 17 ЭД "Сведения о поступивших от юридических лиц платежах" № 14 ID= 1000224841. 
2024.05.22 15:04:17, Добавление строки. Связывание со входящим документом № 17 ЭД "Сведения о поступивших от юридических лиц платежах" № 14 ID= 1000224841. 
2024.05.22 15:04:22, Добавление строки. Связывание со входящим документом № 17 ЭД "Сведения о поступивших от юридических лиц платежах" № 14 ID= 1000224841. 
2024.05.22 15:04:28, Добавление строки. Связывание со входящим документом № 17 ЭД "Сведения о поступивших от юридических лиц платежах" № 14 ID= 1000224841. 
2024.05.22 15:04:33, Добавление строки. Связывание со входящим документом № 17 ЭД "Сведения о поступивших от юридических лиц платежах" № 14 ID= 1000224841. 
2024.05.22 15:04:39, Добавление строки. Связывание со входящим документом № 17 ЭД "Сведения о поступивших от юридических лиц платежах" № 14 ID= 1000224841. 
2024.05.22 15:04:44, Добавление строки. Связывание со входящим документом № 17 ЭД "Сведения о поступивших от юридических лиц платежах" № 14 ID= 1000224841. 
2024.05.22 15:04:49, Добавление строки. Связывание со входящим документом № 17 ЭД "Сведения о поступивших от юридических лиц платежах" № 14 ID= 1000224841. 
2024.05.22 15:04:55, Добавление строки. Связывание со входящим документом № 17 ЭД "Сведения о поступивших от юридических лиц платежах" № 14 ID= 1000224841. 
2024.05.22 15:05:00, Добавление строки. Связывание со входящим документом № 17 ЭД "Сведения о поступивших от юридических лиц платежах" № 14 ID= 1000224841. 
2024.05.22 15:05:05, Добавление строки. Связывание со входящим документом № 17 ЭД "Сведения о поступивших от юридических лиц платежах" № 14 ID= 1000224841. 
2024.05.22 15:05:11, Добавление строки. Связывание со входящим документом № 17 ЭД "Сведения о поступивших от юридических лиц платежах" № 14 ID= 1000224841. 
2024.05.22 15:05:16, Добавление строки. Связывание со входящим документом № 17 ЭД "Сведения о поступивших от юридических лиц платежах" № 14 ID= 1000224841. 
2024.05.22 15:05:21, Добавление строки. Связывание со входящим документом № 17 ЭД "Сведения о поступивших от юридических лиц платежах" № 14 ID= 1000224841. 
2024.05.22 15:05:27, Добавление строки. Связывание со входящим документом № 17 ЭД "Сведения о поступивших от юридических лиц платежах" № 14 ID= 1000224841. 
2024.05.22 15:05:32, Добавление строки. Связывание со входящим документом № 17 ЭД "Сведения о поступивших от юридических лиц платежах" № 14 ID= 1000224841. 
2024.05.22 15:05:37, Добавление строки. Связывание со входящим документом № 17 ЭД "Сведения о поступивших от юридических лиц платежах" № 14 ID= 1000224841. 
2024.05.22 15:05:43, Добавление строки. Связывание со входящим документом № 17 ЭД "Сведения о поступивших от юридических лиц платежах" № 14 ID= 1000224841. 
2024.05.22 15:05:48, Добавление строки. Связывание со входящим документом № 17 ЭД "Сведения о поступивших от юридических лиц платежах" № 14 ID= 1000224841. 
2024.05.22 15:05:53, Добавление строки. Связывание со входящим документом № 17 ЭД "Сведения о поступивших от юридических лиц платежах" № 14 ID= 1000224841. 
2024.05.22 15:05:59, Добавление строки. Связывание со входящим документом № 17 ЭД "Сведения о поступивших от юридических лиц платежах" № 14 ID= 1000224841. 
2024.05.22 15:06:04, Добавление строки. Связывание со входящим документом № 17 ЭД "Сведения о поступивших от юридических лиц платежах" № 14 ID= 1000224841. 
2024.05.22 15:06:10, Добавление строки. Связывание со входящим документом № 17 ЭД "Сведения о поступивших от юридических лиц платежах" № 14 ID= 1000224841. 
2024.05.22 15:06:16, Добавление строки. Связывание со входящим документом № 17 ЭД "Сведения о поступивших от юридических лиц платежах" № 14 ID= 1000224841. 
2024.05.22 15:06:22, Добавление строки. Связывание со входящим документом № 17 ЭД "Сведения о поступивших от юридических лиц платежах" № 14 ID= 1000224841. 
2024.05.22 15:06:28, Добавление строки. Связывание со входящим документом № 17 ЭД "Сведения о поступивших от юридических лиц платежах" № 14 ID= 1000224841. 
2024.05.22 15:06:34, Добавление строки. Связывание со входящим документом № 17 ЭД "Сведения о поступивших от юридических лиц платежах" № 14 ID= 1000224841. 
2024.05.22 15:06:40, Добавление строки. Связывание со входящим документом № 17 ЭД "Сведения о поступивших от юридических лиц платежах" № 14 ID= 1000224841. 
2024.05.22 15:06:45, Добавление строки. Связывание со входящим документом № 17 ЭД "Сведения о поступивших от юридических лиц платежах" № 14 ID= 1000224841. 
2024.05.22 15:06:51, Добавление строки. Связывание со входящим документом № 17 ЭД "Сведения о поступивших от юридических лиц платежах" № 14 ID= 1000224841. 
2024.05.22 15:06:56, Добавление строки. Связывание со входящим документом № 17 ЭД "Сведения о поступивших от юридических лиц платежах" № 14 ID= 1000224841. 
2024.05.22 15:07:02, Добавление строки. Связывание со входящим документом № 17 ЭД "Сведения о поступивших от юридических лиц платежах" № 14 ID= 1000224841. 
2024.05.22 15:07:07, Добавление строки. Связывание со входящим документом № 17 ЭД "Сведения о поступивших от юридических лиц платежах" № 14 ID= 1000224841. 
2024.05.22 15:07:13, Добавление строки. Связывание со входящим документом № 17 ЭД "Сведения о поступивших от юридических лиц платежах" № 14 ID= 1000224841. 
2024.05.22 15:07:21, Добавление строки. Связывание со входящим документом № 17 ЭД "Сведения о поступивших от юридических лиц платежах" № 14 ID= 1000224841. 
2024.05.22 15:07:27, Добавление строки. Связывание со входящим документом № 17 ЭД "Сведения о поступивших от юридических лиц платежах" № 14 ID= 1000224841. 
2024.05.22 15:07:32, Добавление строки. Связывание со входящим документом № 17 ЭД "Сведения о поступивших от юридических лиц платежах" № 14 ID= 1000224841. 
2024.05.22 15:07:39, Добавление строки. Связывание со входящим документом № 17 ЭД "Сведения о поступивших от юридических лиц платежах" № 14 ID= 1000224841. 
2024.05.22 15:07:45, Добавление строки. Связывание со входящим документом № 17 ЭД "Сведения о поступивших от юридических лиц платежах" № 14 ID= 1000224841. 
2024.05.22 15:07:52, Добавление строки. Связывание со входящим документом № 17 ЭД "Сведения о поступивших от юридических лиц платежах" № 14 ID= 1000224841. 
2024.05.22 15:07:58, Добавление строки. Связывание со входящим документом № 17 ЭД "Сведения о поступивших от юридических лиц платежах" № 14 ID= 1000224841. 
2024.05.22 15:08:03, Добавление строки. Связывание со входящим документом № 17 ЭД "Сведения о поступивших от юридических лиц платежах" № 14 ID= 1000224841. 
2024.05.22 15:08:08, Добавление строки. Связывание со входящим документом № 17 ЭД "Сведения о поступивших от юридических лиц платежах" № 14 ID= 1000224841. 
2024.05.22 15:08:13, Добавление строки. Связывание со входящим документом № 17 ЭД "Сведения о поступивших от юридических лиц платежах" № 14 ID= 1000224841. 
2024.05.22 15:08:19, Добавление строки. Связывание со входящим документом № 17 ЭД "Сведения о поступивших от юридических лиц платежах" № 14 ID= 1000224841. 
2024.05.22 15:08:24, Добавление строки. Связывание со входящим документом № 17 ЭД "Сведения о поступивших от юридических лиц платежах" № 14 ID= 1000224841. 
2024.05.22 15:08:30, Добавление строки. Связывание со входящим документом № 17 ЭД "Сведения о поступивших от юридических лиц платежах" № 14 ID= 1000224841. 
2024.05.22 15:08:36, Добавление строки. Связывание со входящим документом № 17 ЭД "Сведения о поступивших от юридических лиц платежах" № 14 ID= 1000224841. 
2024.05.22 15:08:42, Добавление строки. Связывание со входящим документом № 17 ЭД "Сведения о поступивших от юридических лиц платежах" № 14 ID= 1000224841. 
2024.05.22 15:08:48, Добавление строки. Связывание со входящим документом № 17 ЭД "Сведения о поступивших от юридических лиц платежах" № 14 ID= 1000224841. 
2024.05.22 15:08:53, Добавление строки. Связывание со входящим документом № 17 ЭД "Сведения о поступивших от юридических лиц платежах" № 14 ID= 1000224841. 
2024.05.22 15:08:59, Добавление строки. Связывание со входящим документом № 17 ЭД "Сведения о поступивших от юридических лиц платежах" № 14 ID= 1000224841. 
2024.05.22 15:09:05, Добавление строки. Связывание со входящим документом № 17 ЭД "Сведения о поступивших от юридических лиц платежах" № 14 ID= 1000224841. 
2024.05.22 15:09:11, Добавление строки. Связывание со входящим документом № 17 ЭД "Сведения о поступивших от юридических лиц платежах" № 14 ID= 1000224841. 
2024.05.22 15:09:17, Добавление строки. Связывание со входящим документом № 17 ЭД "Сведения о поступивших от юридических лиц платежах" № 14 ID= 1000224841. 
2024.05.22 15:09:23, Добавление строки. Связывание со входящим документом № 17 ЭД "Сведения о поступивших от юридических лиц платежах" № 14 ID= 1000224841. 
2024.05.22 15:09:28, Добавление строки. Связывание со входящим документом № 17 ЭД "Сведения о поступивших от юридических лиц платежах" № 14 ID= 1000224841. 
2024.05.22 15:09:34, Добавление строки. Связывание со входящим документом № 17 ЭД "Сведения о поступивших от юридических лиц платежах" № 14 ID= 1000224841. 
2024.05.22 15:09:40, Добавление строки. Связывание со входящим документом № 17 ЭД "Сведения о поступивших от юридических лиц платежах" № 14 ID= 1000224841. 
2024.05.22 15:09:46, Добавление строки. Связывание со входящим документом № 17 ЭД "Сведения о поступивших от юридических лиц платежах" № 14 ID= 1000224841. 
2024.05.22 15:09:52, Добавление строки. Связывание со входящим документом № 17 ЭД "Сведения о поступивших от юридических лиц платежах" № 14 ID= 1000224841. 
2024.05.22 15:09:57, Добавление строки. Связывание со входящим документом № 17 ЭД "Сведения о поступивших от юридических лиц платежах" № 14 ID= 1000224841. 
2024.05.22 15:10:03, Добавление строки. Связывание со входящим документом № 17 ЭД "Сведения о поступивших от юридических лиц платежах" № 14 ID= 1000224841. 
2024.05.22 15:10:09, Добавление строки. Связывание со входящим документом № 17 ЭД "Сведения о поступивших от юридических лиц платежах" № 14 ID= 1000224841. 
2024.05.22 15:10:15, Добавление строки. Связывание со входящим документом № 17 ЭД "Сведения о поступивших от юридических лиц платежах" № 14 ID= 1000224841. 
2024.05.22 15:10:20, Добавление строки. Связывание со входящим документом № 17 ЭД "Сведения о поступивших от юридических лиц платежах" № 14 ID= 1000224841. 
2024.05.22 15:10:26, Добавление строки. Связывание со входящим документом № 17 ЭД "Сведения о поступивших от юридических лиц платежах" № 14 ID= 1000224841. 
2024.05.22 15:10:32, Добавление строки. Связывание со входящим документом № 17 ЭД "Сведения о поступивших от юридических лиц платежах" № 14 ID= 1000224841. 
2024.05.22 15:10:38, Добавление строки. Связывание со входящим документом № 17 ЭД "Сведения о поступивших от юридических лиц платежах" № 14 ID= 1000224841. 
2024.05.22 15:10:43, Добавление строки. Связывание со входящим документом № 17 ЭД "Сведения о поступивших от юридических лиц платежах" № 14 ID= 1000224841. 
2024.05.22 15:10:49, Добавление строки. Связывание со входящим документом № 17 ЭД "Сведения о поступивших от юридических лиц платежах" № 14 ID= 1000224841. 
2024.05.22 15:10:55, Добавление строки. Связывание со входящим документом № 17 ЭД "Сведения о поступивших от юридических лиц платежах" № 14 ID= 1000224841. 
2024.05.22 15:11:01, Добавление строки. Связывание со входящим документом № 17 ЭД "Сведения о поступивших от юридических лиц платежах" № 14 ID= 1000224841. 
2024.05.22 15:11:06, Добавление строки. Связывание со входящим документом № 17 ЭД "Сведения о поступивших от юридических лиц платежах" № 14 ID= 1000224841. 
2024.05.22 15:11:12, Добавление строки. Связывание со входящим документом № 17 ЭД "Сведения о поступивших от юридических лиц платежах" № 14 ID= 1000224841. 
2024.05.22 15:11:18, Добавление строки. Связывание со входящим документом № 17 ЭД "Сведения о поступивших от юридических лиц платежах" № 14 ID= 1000224841. 
2024.05.22 15:11:24, Добавление строки. Связывание со входящим документом № 17 ЭД "Сведения о поступивших от юридических лиц платежах" № 14 ID= 1000224841. 
2024.05.22 15:11:30, Добавление строки. Связывание со входящим документом № 17 ЭД "Сведения о поступивших от юридических лиц платежах" № 14 ID= 1000224841. 
2024.05.22 15:11:35, Добавление строки. Связывание со входящим документом № 17 ЭД "Сведения о поступивших от юридических лиц платежах" № 14 ID= 1000224841. 
2024.05.22 15:11:41, Добавление строки. Связывание со входящим документом № 17 ЭД "Сведения о поступивших от юридических лиц платежах" № 14 ID= 1000224841. 
2024.05.22 15:11:47, Добавление строки. Связывание со входящим документом № 17 ЭД "Сведения о поступивших от юридических лиц платежах" № 14 ID= 1000224841. 
2024.05.22 15:11:53, Добавление строки. Связывание со входящим документом № 17 ЭД "Сведения о поступивших от юридических лиц платежах" № 14 ID= 1000224841. 
2024.05.22 15:11:59, Добавление строки. Связывание со входящим документом № 17 ЭД "Сведения о поступивших от юридических лиц платежах" № 14 ID= 1000224841. 
2024.05.22 15:12:05, Добавление строки. Связывание со входящим документом № 17 ЭД "Сведения о поступивших от юридических лиц платежах" № 14 ID= 1000224841. 
2024.05.22 15:12:11, Добавление строки. Связывание со входящим документом № 17 ЭД "Сведения о поступивших от юридических лиц платежах" № 14 ID= 1000224841. 
2024.05.22 15:12:17, Добавление строки. Связывание со входящим документом № 17 ЭД "Сведения о поступивших от юридических лиц платежах" № 14 ID= 1000224841. 
2024.05.22 15:12:23, Добавление строки. Связывание со входящим документом № 17 ЭД "Сведения о поступивших от юридических лиц платежах" № 14 ID= 1000224841. 
2024.05.22 15:12:29, Добавление строки. Связывание со входящим документом № 17 ЭД "Сведения о поступивших от юридических лиц платежах" № 14 ID= 1000224841. 
2024.05.22 15:12:34, Добавление строки. Связывание со входящим документом № 17 ЭД "Сведения о поступивших от юридических лиц платежах" № 14 ID= 1000224841. 
2024.05.22 15:12:40, Добавление строки. Связывание со входящим документом № 17 ЭД "Сведения о поступивших от юридических лиц платежах" № 14 ID= 1000224841. 
2024.05.22 15:12:46, Добавление строки. Связывание со входящим документом № 17 ЭД "Сведения о поступивших от юридических лиц платежах" № 14 ID= 1000224841. 
2024.05.22 15:12:52, Добавление строки. Связывание со входящим документом № 17 ЭД "Сведения о поступивших от юридических лиц платежах" № 14 ID= 1000224841. 
2024.05.22 15:12:58, Добавление строки. Связывание со входящим документом № 17 ЭД "Сведения о поступивших от юридических лиц платежах" № 14 ID= 1000224841. 
2024.05.22 15:13:04, Добавление строки. Связывание со входящим документом № 17 ЭД "Сведения о поступивших от юридических лиц платежах" № 14 ID= 1000224841. 
2024.05.22 15:13:09, Добавление строки. Связывание со входящим документом № 17 ЭД "Сведения о поступивших от юридических лиц платежах" № 14 ID= 1000224841. 
2024.05.22 15:13:16, Добавление строки. Связывание со входящим документом № 17 ЭД "Сведения о поступивших от юридических лиц платежах" № 14 ID= 1000224841. 
2024.05.22 15:13:21, Добавление строки. Связывание со входящим документом № 17 ЭД "Сведения о поступивших от юридических лиц платежах" № 14 ID= 1000224841. 
2024.05.22 15:13:27, Добавление строки. Связывание со входящим документом № 17 ЭД "Сведения о поступивших от юридических лиц платежах" № 14 ID= 1000224841. 
2024.05.22 15:13:33, Добавление строки. Связывание со входящим документом № 17 ЭД "Сведения о поступивших от юридических лиц платежах" № 14 ID= 1000224841. 
2024.05.22 15:13:39, Добавление строки. Связывание со входящим документом № 17 ЭД "Сведения о поступивших от юридических лиц платежах" № 14 ID= 1000224841. 
2024.05.22 15:13:45, Добавление строки. Связывание со входящим документом № 17 ЭД "Сведения о поступивших от юридических лиц платежах" № 14 ID= 1000224841. 
2024.05.22 15:13:51, Добавление строки. Связывание со входящим документом № 17 ЭД "Сведения о поступивших от юридических лиц платежах" № 14 ID= 1000224841. 
2024.05.22 15:13:57, Добавление строки. Связывание со входящим документом № 17 ЭД "Сведения о поступивших от юридических лиц платежах" № 14 ID= 1000224841. 
2024.05.22 15:14:03, Добавление строки. Связывание со входящим документом № 17 ЭД "Сведения о поступивших от юридических лиц платежах" № 14 ID= 1000224841. 
2024.05.22 15:14:09, Добавление строки. Связывание со входящим документом № 17 ЭД "Сведения о поступивших от юридических лиц платежах" № 14 ID= 1000224841. 
2024.05.22 15:14:14, Добавление строки. Связывание со входящим документом № 17 ЭД "Сведения о поступивших от юридических лиц платежах" № 14 ID= 1000224841. 
2024.05.22 15:14:20, Добавление строки. Связывание со входящим документом № 17 ЭД "Сведения о поступивших от юридических лиц платежах" № 14 ID= 1000224841. 
2024.05.22 15:14:26, Добавление строки. Связывание со входящим документом № 17 ЭД "Сведения о поступивших от юридических лиц платежах" № 14 ID= 1000224841. 
2024.05.22 15:14:32, Добавление строки. Связывание со входящим документом № 17 ЭД "Сведения о поступивших от юридических лиц платежах" № 14 ID= 1000224841. 
2024.05.22 15:14:38, Добавление строки. Связывание со входящим документом № 17 ЭД "Сведения о поступивших от юридических лиц платежах" № 14 ID= 1000224841. 
2024.05.22 15:14:44, Добавление строки. Связывание со входящим документом № 17 ЭД "Сведения о поступивших от юридических лиц платежах" № 14 ID= 1000224841. 
2024.05.22 15:14:50, Добавление строки. Связывание со входящим документом № 17 ЭД "Сведения о поступивших от юридических лиц платежах" № 14 ID= 1000224841. 
2024.05.22 15:14:56, Добавление строки. Связывание со входящим документом № 17 ЭД "Сведения о поступивших от юридических лиц платежах" № 14 ID= 1000224841. 
2024.05.22 15:15:02, Добавление строки. Связывание со входящим документом № 17 ЭД "Сведения о поступивших от юридических лиц платежах" № 14 ID= 1000224841. 
2024.05.22 15:15:09, Добавление строки. Связывание со входящим документом № 17 ЭД "Сведения о поступивших от юридических лиц платежах" № 14 ID= 1000224841. 
2024.05.22 15:15:14, Добавление строки. Связывание со входящим документом № 17 ЭД "Сведения о поступивших от юридических лиц платежах" № 14 ID= 1000224841. 
2024.05.22 15:15:20, Добавление строки. Связывание со входящим документом № 17 ЭД "Сведения о поступивших от юридических лиц платежах" № 14 ID= 1000224841. 
2024.05.22 15:15:26, Добавление строки. Связывание со входящим документом № 17 ЭД "Сведения о поступивших от юридических лиц платежах" № 14 ID= 1000224841. 
2024.05.22 15:15:32, Добавление строки. Связывание со входящим документом № 17 ЭД "Сведения о поступивших от юридических лиц платежах" № 14 ID= 1000224841. 
2024.05.22 15:15:38, Добавление строки. Связывание со входящим документом № 17 ЭД "Сведения о поступивших от юридических лиц платежах" № 14 ID= 1000224841. 
2024.05.22 15:15:44, Добавление строки. Связывание со входящим документом № 17 ЭД "Сведения о поступивших от юридических лиц платежах" № 14 ID= 1000224841. 
2024.05.22 15:15:50, Добавление строки. Связывание со входящим документом № 17 ЭД "Сведения о поступивших от юридических лиц платежах" № 14 ID= 1000224841. 
2024.05.22 15:15:56, Добавление строки. Связывание со входящим документом № 17 ЭД "Сведения о поступивших от юридических лиц платежах" № 14 ID= 1000224841. 
2024.05.22 15:16:02, Добавление строки. Связывание со входящим документом № 17 ЭД "Сведения о поступивших от юридических лиц платежах" № 14 ID= 1000224841. 
2024.05.22 15:16:08, Добавление строки. Связывание со входящим документом № 17 ЭД "Сведения о поступивших от юридических лиц платежах" № 14 ID= 1000224841. 
2024.05.22 15:16:14, Добавление строки. Связывание со входящим документом № 17 ЭД "Сведения о поступивших от юридических лиц платежах" № 14 ID= 1000224841. 
2024.05.22 15:16:20, Добавление строки. Связывание со входящим документом № 17 ЭД "Сведения о поступивших от юридических лиц платежах" № 14 ID= 1000224841. 
2024.05.22 15:16:26, Добавление строки. Связывание со входящим документом № 17 ЭД "Сведения о поступивших от юридических лиц платежах" № 14 ID= 1000224841. 
2024.05.22 15:16:32, Добавление строки. Связывание со входящим документом № 17 ЭД "Сведения о поступивших от юридических лиц платежах" № 14 ID= 1000224841. 
2024.05.22 15:16:38, Добавление строки. Связывание со входящим документом № 17 ЭД "Сведения о поступивших от юридических лиц платежах" № 14 ID= 1000224841. 
2024.05.22 15:16:43, Добавление строки. Связывание со входящим документом № 17 ЭД "Сведения о поступивших от юридических лиц платежах" № 14 ID= 1000224841. 
2024.05.22 15:16:49, Добавление строки. Связывание со входящим документом № 17 ЭД "Сведения о поступивших от юридических лиц платежах" № 14 ID= 1000224841. 
2024.05.22 15:16:55, Добавление строки. Связывание со входящим документом № 17 ЭД "Сведения о поступивших от юридических лиц платежах" № 14 ID= 1000224841. 
2024.05.22 15:17:01, Добавление строки. Связывание со входящим документом № 17 ЭД "Сведения о поступивших от юридических лиц платежах" № 14 ID= 1000224841. 
2024.05.22 15:17:07, Добавление строки. Связывание со входящим документом № 17 ЭД "Сведения о поступивших от юридических лиц платежах" № 14 ID= 1000224841. 
2024.05.22 15:17:13, Добавление строки. Связывание со входящим документом № 17 ЭД "Сведения о поступивших от юридических лиц платежах" № 14 ID= 1000224841. 
2024.05.22 15:17:19, Добавление строки. Связывание со входящим документом № 17 ЭД "Сведения о поступивших от юридических лиц платежах" № 14 ID= 1000224841. 
2024.05.22 15:17:25, Добавление строки. Связывание со входящим документом № 17 ЭД "Сведения о поступивших от юридических лиц платежах" № 14 ID= 1000224841. 
2024.05.22 15:17:31, Добавление строки. Связывание со входящим документом № 17 ЭД "Сведения о поступивших от юридических лиц платежах" № 14 ID= 1000224841. 
2024.05.22 15:17:37, Добавление строки. Связывание со входящим документом № 17 ЭД "Сведения о поступивших от юридических лиц платежах" № 14 ID= 1000224841. 
2024.05.22 15:17:43, Добавление строки. Связывание со входящим документом № 17 ЭД "Сведения о поступивших от юридических лиц платежах" № 14 ID= 1000224841. 
2024.05.22 15:17:49, Добавление строки. Связывание со входящим документом № 17 ЭД "Сведения о поступивших от юридических лиц платежах" № 14 ID= 1000224841. 
2024.05.22 15:17:55, Добавление строки. Связывание со входящим документом № 17 ЭД "Сведения о поступивших от юридических лиц платежах" № 14 ID= 1000224841. 
2024.05.22 15:18:01, Добавление строки. Связывание со входящим документом № 17 ЭД "Сведения о поступивших от юридических лиц платежах" № 14 ID= 1000224841. 
2024.05.22 15:18:08, Добавление строки. Связывание со входящим документом № 17 ЭД "Сведения о поступивших от юридических лиц платежах" № 14 ID= 1000224841. 
2024.05.22 15:18:16, Добавление строки. Связывание со входящим документом № 17 ЭД "Сведения о поступивших от юридических лиц платежах" № 14 ID= 1000224841. 
2024.05.22 15:18:22, Добавление строки. Связывание со входящим документом № 17 ЭД "Сведения о поступивших от юридических лиц платежах" № 14 ID= 1000224841. 
2024.05.22 15:18:29, Добавление строки. Связывание со входящим документом № 17 ЭД "Сведения о поступивших от юридических лиц платежах" № 14 ID= 1000224841. 
2024.05.22 15:18:35, Добавление строки. Связывание со входящим документом № 17 ЭД "Сведения о поступивших от юридических лиц платежах" № 14 ID= 1000224841. 
2024.05.22 15:18:44, Добавление строки. Связывание со входящим документом № 17 ЭД "Сведения о поступивших от юридических лиц платежах" № 14 ID= 1000224841. 
2024.05.22 15:18:50, Добавление строки. Связывание со входящим документом № 17 ЭД "Сведения о поступивших от юридических лиц платежах" № 14 ID= 1000224841. 
2024.05.22 15:18:56, Добавление строки. Связывание со входящим документом № 17 ЭД "Сведения о поступивших от юридических лиц платежах" № 14 ID= 1000224841. 
2024.05.22 15:19:03, Добавление строки. Связывание со входящим документом № 17 ЭД "Сведения о поступивших от юридических лиц платежах" № 14 ID= 1000224841. 
2024.05.22 15:19:09, Добавление строки. Связывание со входящим документом № 17 ЭД "Сведения о поступивших от юридических лиц платежах" № 14 ID= 1000224841. 
2024.05.22 15:19:15, Добавление строки. Связывание со входящим документом № 17 ЭД "Сведения о поступивших от юридических лиц платежах" № 14 ID= 1000224841. 
2024.05.22 15:19:21, Добавление строки. Связывание со входящим документом № 17 ЭД "Сведения о поступивших от юридических лиц платежах" № 14 ID= 1000224841. 
2024.05.22 15:19:27, Добавление строки. Связывание со входящим документом № 17 ЭД "Сведения о поступивших от юридических лиц платежах" № 14 ID= 1000224841. 
2024.05.22 15:19:34, Добавление строки. Связывание со входящим документом № 17 ЭД "Сведения о поступивших от юридических лиц платежах" № 14 ID= 1000224841. 
2024.05.22 15:19:40, Добавление строки. Связывание со входящим документом № 17 ЭД "Сведения о поступивших от юридических лиц платежах" № 14 ID= 1000224841. 
2024.05.22 15:19:46, Добавление строки. Связывание со входящим документом № 17 ЭД "Сведения о поступивших от юридических лиц платежах" № 14 ID= 1000224841. 
2024.05.22 15:19:53, Добавление строки. Связывание со входящим документом № 17 ЭД "Сведения о поступивших от юридических лиц платежах" № 14 ID= 1000224841. 
2024.05.22 15:19:59, Добавление строки. Связывание со входящим документом № 17 ЭД "Сведения о поступивших от юридических лиц платежах" № 14 ID= 1000224841. 
2024.05.22 15:20:06, Добавление строки. Связывание со входящим документом № 17 ЭД "Сведения о поступивших от юридических лиц платежах" № 14 ID= 1000224841. 
2024.05.22 15:20:13, Добавление строки. Связывание со входящим документом № 17 ЭД "Сведения о поступивших от юридических лиц платежах" № 14 ID= 1000224841. 
2024.05.22 15:20:19, Добавление строки. Связывание со входящим документом № 17 ЭД "Сведения о поступивших от юридических лиц платежах" № 14 ID= 1000224841. 
2024.05.22 15:20:25, Добавление строки. Связывание со входящим документом № 17 ЭД "Сведения о поступивших от юридических лиц платежах" № 14 ID= 1000224841. 
2024.05.22 15:20:32, Добавление строки. Связывание со входящим документом № 17 ЭД "Сведения о поступивших от юридических лиц платежах" № 14 ID= 1000224841. 
2024.05.22 15:20:38, Добавление строки. Связывание со входящим документом № 17 ЭД "Сведения о поступивших от юридических лиц платежах" № 14 ID= 1000224841. 
2024.05.22 15:20:44, Добавление строки. Связывание со входящим документом № 17 ЭД "Сведения о поступивших от юридических лиц платежах" № 14 ID= 1000224841. 
2024.05.22 15:20:50, Добавление строки. Связывание со входящим документом № 17 ЭД "Сведения о поступивших от юридических лиц платежах" № 14 ID= 1000224841. 
2024.05.22 15:20:57, Добавление строки. Связывание со входящим документом № 17 ЭД "Сведения о поступивших от юридических лиц платежах" № 14 ID= 1000224841. 
2024.05.22 15:21:03, Добавление строки. Связывание со входящим документом № 17 ЭД "Сведения о поступивших от юридических лиц платежах" № 14 ID= 1000224841. 
2024.05.22 15:21:09, Добавление строки. Связывание со входящим документом № 17 ЭД "Сведения о поступивших от юридических лиц платежах" № 14 ID= 1000224841. 
2024.05.22 15:21:16, Добавление строки. Связывание со входящим документом № 17 ЭД "Сведения о поступивших от юридических лиц платежах" № 14 ID= 1000224841. 
2024.05.22 15:21:22, Добавление строки. Связывание со входящим документом № 17 ЭД "Сведения о поступивших от юридических лиц платежах" № 14 ID= 1000224841. 
2024.05.22 15:21:29, Добавление строки. Связывание со входящим документом № 17 ЭД "Сведения о поступивших от юридических лиц платежах" № 14 ID= 1000224841. 
2024.05.22 15:21:35, Добавление строки. Связывание со входящим документом № 17 ЭД "Сведения о поступивших от юридических лиц платежах" № 14 ID= 1000224841. 
2024.05.22 15:21:42, Добавление строки. Связывание со входящим документом № 17 ЭД "Сведения о поступивших от юридических лиц платежах" № 14 ID= 1000224841. 
2024.05.22 15:21:48, Добавление строки. Связывание со входящим документом № 17 ЭД "Сведения о поступивших от юридических лиц платежах" № 14 ID= 1000224841. 
2024.05.22 15:21:54, Добавление строки. Связывание со входящим документом № 17 ЭД "Сведения о поступивших от юридических лиц платежах" № 14 ID= 1000224841. 
2024.05.22 15:22:01, Добавление строки. Связывание со входящим документом № 17 ЭД "Сведения о поступивших от юридических лиц платежах" № 14 ID= 1000224841. 
2024.05.22 15:22:07, Добавление строки. Связывание со входящим документом № 17 ЭД "Сведения о поступивших от юридических лиц платежах" № 14 ID= 1000224841. 
2024.05.22 15:22:13, Добавление строки. Связывание со входящим документом № 17 ЭД "Сведения о поступивших от юридических лиц платежах" № 14 ID= 1000224841. 
2024.05.22 15:22:20, Добавление строки. Связывание со входящим документом № 17 ЭД "Сведения о поступивших от юридических лиц платежах" № 14 ID= 1000224841. 
2024.05.22 15:22:26, Добавление строки. Связывание со входящим документом № 17 ЭД "Сведения о поступивших от юридических лиц платежах" № 14 ID= 1000224841. 
2024.05.22 15:22:32, Добавление строки. Связывание со входящим документом № 17 ЭД "Сведения о поступивших от юридических лиц платежах" № 14 ID= 1000224841. 
2024.05.22 15:22:39, Добавление строки. Связывание со входящим документом № 17 ЭД "Сведения о поступивших от юридических лиц платежах" № 14 ID= 1000224841. 
2024.05.22 15:22:45, Добавление строки. Связывание со входящим документом № 17 ЭД "Сведения о поступивших от юридических лиц платежах" № 14 ID= 1000224841. 
2024.05.22 15:22:51, Добавление строки. Связывание со входящим документом № 17 ЭД "Сведения о поступивших от юридических лиц платежах" № 14 ID= 1000224841. 
2024.05.22 15:22:57, Добавление строки. Связывание со входящим документом № 17 ЭД "Сведения о поступивших от юридических лиц платежах" № 14 ID= 1000224841. 
2024.05.22 15:23:04, Добавление строки. Связывание со входящим документом № 17 ЭД "Сведения о поступивших от юридических лиц платежах" № 14 ID= 1000224841. 
2024.05.22 15:23:10, Добавление строки. Связывание со входящим документом № 17 ЭД "Сведения о поступивших от юридических лиц платежах" № 14 ID= 1000224841. 
2024.05.22 15:23:16, Добавление строки. Связывание со входящим документом № 17 ЭД "Сведения о поступивших от юридических лиц платежах" № 14 ID= 1000224841. 
2024.05.22 15:23:22, Добавление строки. Связывание со входящим документом № 17 ЭД "Сведения о поступивших от юридических лиц платежах" № 14 ID= 1000224841. 
2024.05.22 15:23:29, Добавление строки. Связывание со входящим документом № 17 ЭД "Сведения о поступивших от юридических лиц платежах" № 14 ID= 1000224841. 
2024.05.22 15:23:35, Добавление строки. Связывание со входящим документом № 17 ЭД "Сведения о поступивших от юридических лиц платежах" № 14 ID= 1000224841. 
2024.05.22 15:23:42, Добавление строки. Связывание со входящим документом № 17 ЭД "Сведения о поступивших от юридических лиц платежах" № 14 ID= 1000224841. 
2024.05.22 15:23:50, Добавление строки. Связывание со входящим документом № 17 ЭД "Сведения о поступивших от юридических лиц платежах" № 14 ID= 1000224841. 
2024.05.22 15:23:57, Добавление строки. Связывание со входящим документом № 17 ЭД "Сведения о поступивших от юридических лиц платежах" № 14 ID= 1000224841. 
2024.05.22 15:24:04, Добавление строки. Связывание со входящим документом № 17 ЭД "Сведения о поступивших от юридических лиц платежах" № 14 ID= 1000224841. 
2024.05.22 15:24:10, Добавление строки. Связывание со входящим документом № 17 ЭД "Сведения о поступивших от юридических лиц платежах" № 14 ID= 1000224841. 
2024.05.22 15:24:17, Добавление строки. Связывание со входящим документом № 17 ЭД "Сведения о поступивших от юридических лиц платежах" № 14 ID= 1000224841. 
2024.05.22 15:24:23, Добавление строки. Связывание со входящим документом № 17 ЭД "Сведения о поступивших от юридических лиц платежах" № 14 ID= 1000224841. 
2024.05.22 15:24:29, Добавление строки. Связывание со входящим документом № 17 ЭД "Сведения о поступивших от юридических лиц платежах" № 14 ID= 1000224841. 
2024.05.22 15:24:36, Добавление строки. Связывание со входящим документом № 17 ЭД "Сведения о поступивших от юридических лиц платежах" № 14 ID= 1000224841. 
2024.05.22 15:24:42, Добавление строки. Связывание со входящим документом № 17 ЭД "Сведения о поступивших от юридических лиц платежах" № 14 ID= 1000224841. 
2024.05.22 15:24:48, Добавление строки. Связывание со входящим документом № 17 ЭД "Сведения о поступивших от юридических лиц платежах" № 14 ID= 1000224841. 
2024.05.22 15:24:55, Добавление строки. Связывание со входящим документом № 17 ЭД "Сведения о поступивших от юридических лиц платежах" № 14 ID= 1000224841. 
2024.05.22 15:25:02, Добавление строки. Связывание со входящим документом № 17 ЭД "Сведения о поступивших от юридических лиц платежах" № 14 ID= 1000224841. 
2024.05.22 15:25:09, Добавление строки. Связывание со входящим документом № 17 ЭД "Сведения о поступивших от юридических лиц платежах" № 14 ID= 1000224841. 
2024.05.22 15:25:15, Добавление строки. Связывание со входящим документом № 17 ЭД "Сведения о поступивших от юридических лиц платежах" № 14 ID= 1000224841. 
2024.05.22 15:25:22, Добавление строки. Связывание со входящим документом № 17 ЭД "Сведения о поступивших от юридических лиц платежах" № 14 ID= 1000224841. 
2024.05.22 15:25:28, Добавление строки. Связывание со входящим документом № 17 ЭД "Сведения о поступивших от юридических лиц платежах" № 14 ID= 1000224841. 
2024.05.22 15:25:35, Добавление строки. Связывание со входящим документом № 17 ЭД "Сведения о поступивших от юридических лиц платежах" № 14 ID= 1000224841. 
2024.05.22 15:25:41, Добавление строки. Связывание со входящим документом № 17 ЭД "Сведения о поступивших от юридических лиц платежах" № 14 ID= 1000224841. 
2024.05.22 15:25:48, Добавление строки. Связывание со входящим документом № 17 ЭД "Сведения о поступивших от юридических лиц платежах" № 14 ID= 1000224841. 
2024.05.22 15:25:54, Добавление строки. Связывание со входящим документом № 17 ЭД "Сведения о поступивших от юридических лиц платежах" № 14 ID= 1000224841. 
2024.05.22 15:26:01, Добавление строки. Связывание со входящим документом № 17 ЭД "Сведения о поступивших от юридических лиц платежах" № 14 ID= 1000224841. 
2024.05.22 15:26:07, Добавление строки. Связывание со входящим документом № 17 ЭД "Сведения о поступивших от юридических лиц платежах" № 14 ID= 1000224841. 
2024.05.22 15:26:14, Добавление строки. Связывание со входящим документом № 17 ЭД "Сведения о поступивших от юридических лиц платежах" № 14 ID= 1000224841. 
2024.05.22 15:26:20, Добавление строки. Связывание со входящим документом № 17 ЭД "Сведения о поступивших от юридических лиц платежах" № 14 ID= 1000224841. 
2024.05.22 15:26:27, Добавление строки. Связывание со входящим документом № 17 ЭД "Сведения о поступивших от юридических лиц платежах" № 14 ID= 1000224841. 
2024.05.22 15:26:33, Добавление строки. Связывание со входящим документом № 17 ЭД "Сведения о поступивших от юридических лиц платежах" № 14 ID= 1000224841. 
2024.05.22 15:26:40, Добавление строки. Связывание со входящим документом № 17 ЭД "Сведения о поступивших от юридических лиц платежах" № 14 ID= 1000224841. 
2024.05.22 15:26:46, Добавление строки. Связывание со входящим документом № 17 ЭД "Сведения о поступивших от юридических лиц платежах" № 14 ID= 1000224841. 
2024.05.22 15:26:52, Добавление строки. Связывание со входящим документом № 17 ЭД "Сведения о поступивших от юридических лиц платежах" № 14 ID= 1000224841. 
2024.05.22 15:26:59, Добавление строки. Связывание со входящим документом № 17 ЭД "Сведения о поступивших от юридических лиц платежах" № 14 ID= 1000224841. 
2024.05.22 15:27:05, Добавление строки. Связывание со входящим документом № 17 ЭД "Сведения о поступивших от юридических лиц платежах" № 14 ID= 1000224841. 
2024.05.22 15:27:12, Добавление строки. Связывание со входящим документом № 17 ЭД "Сведения о поступивших от юридических лиц платежах" № 14 ID= 1000224841. 
2024.05.22 15:27:18, Добавление строки. Связывание со входящим документом № 17 ЭД "Сведения о поступивших от юридических лиц платежах" № 14 ID= 1000224841. 
2024.05.22 15:27:25, Добавление строки. Связывание со входящим документом № 17 ЭД "Сведения о поступивших от юридических лиц платежах" № 14 ID= 1000224841. 
2024.05.22 15:27:31, Добавление строки. Связывание со входящим документом № 17 ЭД "Сведения о поступивших от юридических лиц платежах" № 14 ID= 1000224841. 
2024.05.22 15:27:38, Добавление строки. Связывание со входящим документом № 17 ЭД "Сведения о поступивших от юридических лиц платежах" № 14 ID= 1000224841. 
2024.05.22 15:27:47, Добавление строки. Связывание со входящим документом № 17 ЭД "Сведения о поступивших от юридических лиц платежах" № 14 ID= 1000224841. 
2024.05.22 15:27:54, Добавление строки. Связывание со входящим документом № 17 ЭД "Сведения о поступивших от юридических лиц платежах" № 14 ID= 1000224841. 
2024.05.22 15:28:00, Добавление строки. Связывание со входящим документом № 17 ЭД "Сведения о поступивших от юридических лиц платежах" № 14 ID= 1000224841. 
2024.05.22 15:28:07, Добавление строки. Связывание со входящим документом № 17 ЭД "Сведения о поступивших от юридических лиц платежах" № 14 ID= 1000224841. 
2024.05.22 15:28:14, Добавление строки. Связывание со входящим документом № 17 ЭД "Сведения о поступивших от юридических лиц платежах" № 14 ID= 1000224841. 
2024.05.22 15:28:20, Добавление строки. Связывание со входящим документом № 17 ЭД "Сведения о поступивших от юридических лиц платежах" № 14 ID= 1000224841. 
2024.05.22 15:28:26, Добавление строки. Связывание со входящим документом № 17 ЭД "Сведения о поступивших от юридических лиц платежах" № 14 ID= 1000224841. 
2024.05.22 15:28:32, Добавление строки. Связывание со входящим документом № 17 ЭД "Сведения о поступивших от юридических лиц платежах" № 14 ID= 1000224841. 
2024.05.22 15:28:39, Добавление строки. Связывание со входящим документом № 17 ЭД "Сведения о поступивших от юридических лиц платежах" № 14 ID= 1000224841. 
2024.05.22 15:28:45, Добавление строки. Связывание со входящим документом № 17 ЭД "Сведения о поступивших от юридических лиц платежах" № 14 ID= 1000224841. 
2024.05.22 15:28:51, Добавление строки. Связывание со входящим документом № 17 ЭД "Сведения о поступивших от юридических лиц платежах" № 14 ID= 1000224841. 
2024.05.22 15:28:58, Добавление строки. Связывание со входящим документом № 17 ЭД "Сведения о поступивших от юридических лиц платежах" № 14 ID= 1000224841. 
2024.05.22 15:29:04, Добавление строки. Связывание со входящим документом № 17 ЭД "Сведения о поступивших от юридических лиц платежах" № 14 ID= 1000224841. 
2024.05.22 15:29:10, Добавление строки. Связывание со входящим документом № 17 ЭД "Сведения о поступивших от юридических лиц платежах" № 14 ID= 1000224841. 
2024.05.22 15:29:17, Добавление строки. Связывание со входящим документом № 17 ЭД "Сведения о поступивших от юридических лиц платежах" № 14 ID= 1000224841. 
2024.05.22 15:29:23, Добавление строки. Связывание со входящим документом № 17 ЭД "Сведения о поступивших от юридических лиц платежах" № 14 ID= 1000224841. 
2024.05.22 15:29:30, Добавление строки. Связывание со входящим документом № 17 ЭД "Сведения о поступивших от юридических лиц платежах" № 14 ID= 1000224841. 
2024.05.22 15:29:36, Добавление строки. Связывание со входящим документом № 17 ЭД "Сведения о поступивших от юридических лиц платежах" № 14 ID= 1000224841. 
2024.05.22 15:29:43, Добавление строки. Связывание со входящим документом № 17 ЭД "Сведения о поступивших от юридических лиц платежах" № 14 ID= 1000224841. 
2024.05.22 15:29:50, Добавление строки. Связывание со входящим документом № 17 ЭД "Сведения о поступивших от юридических лиц платежах" № 14 ID= 1000224841. 
2024.05.22 15:29:57, Добавление строки. Связывание со входящим документом № 17 ЭД "Сведения о поступивших от юридических лиц платежах" № 14 ID= 1000224841. 
2024.05.22 15:30:03, Добавление строки. Связывание со входящим документом № 17 ЭД "Сведения о поступивших от юридических лиц платежах" № 14 ID= 1000224841. 
2024.05.22 15:30:09, Добавление строки. Связывание со входящим документом № 17 ЭД "Сведения о поступивших от юридических лиц платежах" № 14 ID= 1000224841. 
2024.05.22 15:30:16, Добавление строки. Связывание со входящим документом № 17 ЭД "Сведения о поступивших от юридических лиц платежах" № 14 ID= 1000224841. 
2024.05.22 15:30:22, Добавление строки. Связывание со входящим документом № 17 ЭД "Сведения о поступивших от юридических лиц платежах" № 14 ID= 1000224841. 
2024.05.22 15:30:28, Добавление строки. Связывание со входящим документом № 17 ЭД "Сведения о поступивших от юридических лиц платежах" № 14 ID= 1000224841. 
2024.05.22 15:30:35, Добавление строки. Связывание со входящим документом № 17 ЭД "Сведения о поступивших от юридических лиц платежах" № 14 ID= 1000224841. 
2024.05.22 15:30:41, Добавление строки. Связывание со входящим документом № 17 ЭД "Сведения о поступивших от юридических лиц платежах" № 14 ID= 1000224841. 
2024.05.22 15:30:47, Добавление строки. Связывание со входящим документом № 17 ЭД "Сведения о поступивших от юридических лиц платежах" № 14 ID= 1000224841. 
2024.05.22 15:30:54, Добавление строки. Связывание со входящим документом № 17 ЭД "Сведения о поступивших от юридических лиц платежах" № 14 ID= 1000224841. 
2024.05.22 15:31:02, Добавление строки. Связывание со входящим документом № 17 ЭД "Сведения о поступивших от юридических лиц платежах" № 14 ID= 1000224841. 
2024.05.22 15:31:09, Добавление строки. Связывание со входящим документом № 17 ЭД "Сведения о поступивших от юридических лиц платежах" № 14 ID= 1000224841. 
2024.05.22 15:31:15, Добавление строки. Связывание со входящим документом № 17 ЭД "Сведения о поступивших от юридических лиц платежах" № 14 ID= 1000224841. 
2024.05.22 15:31:21, Добавление строки. Связывание со входящим документом № 17 ЭД "Сведения о поступивших от юридических лиц платежах" № 14 ID= 1000224841. 
2024.05.22 15:31:30, Добавление строки. Связывание со входящим документом № 17 ЭД "Сведения о поступивших от юридических лиц платежах" № 14 ID= 1000224841. 
2024.05.22 15:31:36, Добавление строки. Связывание со входящим документом № 17 ЭД "Сведения о поступивших от юридических лиц платежах" № 14 ID= 1000224841. 
2024.05.22 15:31:43, Добавление строки. Связывание со входящим документом № 17 ЭД "Сведения о поступивших от юридических лиц платежах" № 14 ID= 1000224841. 
2024.05.22 15:31:49, Добавление строки. Связывание со входящим документом № 17 ЭД "Сведения о поступивших от юридических лиц платежах" № 14 ID= 1000224841. 
2024.05.22 15:31:56, Добавление строки. Связывание со входящим документом № 17 ЭД "Сведения о поступивших от юридических лиц платежах" № 14 ID= 1000224841. 
2024.05.22 15:32:02, Добавление строки. Связывание со входящим документом № 17 ЭД "Сведения о поступивших от юридических лиц платежах" № 14 ID= 1000224841. 
2024.05.22 15:32:08, Добавление строки. Связывание со входящим документом № 17 ЭД "Сведения о поступивших от юридических лиц платежах" № 14 ID= 1000224841. 
2024.05.22 15:32:14, Добавление строки. Связывание со входящим документом № 17 ЭД "Сведения о поступивших от юридических лиц платежах" № 14 ID= 1000224841. 
2024.05.22 15:32:21, Добавление строки. Связывание со входящим документом № 17 ЭД "Сведения о поступивших от юридических лиц платежах" № 14 ID= 1000224841. 
2024.05.22 15:32:27, Добавление строки. Связывание со входящим документом № 17 ЭД "Сведения о поступивших от юридических лиц платежах" № 14 ID= 1000224841. 
2024.05.22 15:32:33, Добавление строки. Связывание со входящим документом № 17 ЭД "Сведения о поступивших от юридических лиц платежах" № 14 ID= 1000224841. 
2024.05.22 15:32:40, Добавление строки. Связывание со входящим документом № 17 ЭД "Сведения о поступивших от юридических лиц платежах" № 14 ID= 1000224841. 
2024.05.22 15:32:47, Добавление строки. Связывание со входящим документом № 17 ЭД "Сведения о поступивших от юридических лиц платежах" № 14 ID= 1000224841. 
2024.05.22 15:32:54, Добавление строки. Связывание со входящим документом № 17 ЭД "Сведения о поступивших от юридических лиц платежах" № 14 ID= 1000224841. 
2024.05.22 15:33:00, Добавление строки. Связывание со входящим документом № 17 ЭД "Сведения о поступивших от юридических лиц платежах" № 14 ID= 1000224841. 
2024.05.22 15:33:07, Добавление строки. Связывание со входящим документом № 17 ЭД "Сведения о поступивших от юридических лиц платежах" № 14 ID= 1000224841. 
2024.05.22 15:33:13, Добавление строки. Связывание со входящим документом № 17 ЭД "Сведения о поступивших от юридических лиц платежах" № 14 ID= 1000224841. 
2024.05.22 15:33:19, Добавление строки. Связывание со входящим документом № 17 ЭД "Сведения о поступивших от юридических лиц платежах" № 14 ID= 1000224841. 
2024.05.22 15:33:26, Добавление строки. Связывание со входящим документом № 17 ЭД "Сведения о поступивших от юридических лиц платежах" № 14 ID= 1000224841. 
2024.05.22 15:33:32, Добавление строки. Связывание со входящим документом № 17 ЭД "Сведения о поступивших от юридических лиц платежах" № 14 ID= 1000224841. 
2024.05.22 15:33:39, Добавление строки. Связывание со входящим документом № 17 ЭД "Сведения о поступивших от юридических лиц платежах" № 14 ID= 1000224841. 
2024.05.22 15:33:45, Добавление строки. Связывание со входящим документом № 17 ЭД "Сведения о поступивших от юридических лиц платежах" № 14 ID= 1000224841. 
2024.05.22 15:33:51, Добавление строки. Связывание со входящим документом № 17 ЭД "Сведения о поступивших от юридических лиц платежах" № 14 ID= 1000224841. 
2024.05.22 15:33:58, Добавление строки. Связывание со входящим документом № 17 ЭД "Сведения о поступивших от юридических лиц платежах" № 14 ID= 1000224841. 
2024.05.22 15:34:04, Добавление строки. Связывание со входящим документом № 17 ЭД "Сведения о поступивших от юридических лиц платежах" № 14 ID= 1000224841. 
2024.05.22 15:34:11, Добавление строки. Связывание со входящим документом № 17 ЭД "Сведения о поступивших от юридических лиц платежах" № 14 ID= 1000224841. 
2024.05.22 15:34:18, Добавление строки. Связывание со входящим документом № 17 ЭД "Сведения о поступивших от юридических лиц платежах" № 14 ID= 1000224841. 
2024.05.22 15:34:24, Добавление строки. Связывание со входящим документом № 17 ЭД "Сведения о поступивших от юридических лиц платежах" № 14 ID= 1000224841. 
2024.05.22 15:34:31, Добавление строки. Связывание со входящим документом № 17 ЭД "Сведения о поступивших от юридических лиц платежах" № 14 ID= 1000224841. 
2024.05.22 15:34:37, Добавление строки. Связывание со входящим документом № 17 ЭД "Сведения о поступивших от юридических лиц платежах" № 14 ID= 1000224841. 
2024.05.22 15:34:44, Добавление строки. Связывание со входящим документом № 17 ЭД "Сведения о поступивших от юридических лиц платежах" № 14 ID= 1000224841. 
2024.05.22 15:34:50, Добавление строки. Связывание со входящим документом № 17 ЭД "Сведения о поступивших от юридических лиц платежах" № 14 ID= 1000224841. 
2024.05.22 15:34:57, Добавление строки. Связывание со входящим документом № 17 ЭД "Сведения о поступивших от юридических лиц платежах" № 14 ID= 1000224841. 
2024.05.22 15:35:03, Добавление строки. Связывание со входящим документом № 17 ЭД "Сведения о поступивших от юридических лиц платежах" № 14 ID= 1000224841. 
2024.05.22 15:35:10, Добавление строки. Связывание со входящим документом № 17 ЭД "Сведения о поступивших от юридических лиц платежах" № 14 ID= 1000224841. 
2024.05.22 15:35:16, Добавление строки. Связывание со входящим документом № 17 ЭД "Сведения о поступивших от юридических лиц платежах" № 14 ID= 1000224841. 
2024.05.22 15:35:22, Добавление строки. Связывание со входящим документом № 17 ЭД "Сведения о поступивших от юридических лиц платежах" № 14 ID= 1000224841. 
2024.05.22 15:35:29, Добавление строки. Связывание со входящим документом № 17 ЭД "Сведения о поступивших от юридических лиц платежах" № 14 ID= 1000224841. 
2024.05.22 15:35:36, Добавление строки. Связывание со входящим документом № 17 ЭД "Сведения о поступивших от юридических лиц платежах" № 14 ID= 1000224841. 
2024.05.22 15:35:42, Добавление строки. Связывание со входящим документом № 17 ЭД "Сведения о поступивших от юридических лиц платежах" № 14 ID= 1000224841. 
2024.05.22 15:35:49, Добавление строки. Связывание со входящим документом № 17 ЭД "Сведения о поступивших от юридических лиц платежах" № 14 ID= 1000224841. 
2024.05.22 15:35:56, Добавление строки. Связывание со входящим документом № 17 ЭД "Сведения о поступивших от юридических лиц платежах" № 14 ID= 1000224841. 
2024.05.22 15:36:02, Добавление строки. Связывание со входящим документом № 17 ЭД "Сведения о поступивших от юридических лиц платежах" № 14 ID= 1000224841. 
2024.05.22 15:36:08, Добавление строки. Связывание со входящим документом № 17 ЭД "Сведения о поступивших от юридических лиц платежах" № 14 ID= 1000224841. 
2024.05.22 15:36:15, Добавление строки. Связывание со входящим документом № 17 ЭД "Сведения о поступивших от юридических лиц платежах" № 14 ID= 1000224841. 
2024.05.22 15:36:22, Добавление строки. Связывание со входящим документом № 17 ЭД "Сведения о поступивших от юридических лиц платежах" № 14 ID= 1000224841. 
2024.05.22 15:36:28, Добавление строки. Связывание со входящим документом № 17 ЭД "Сведения о поступивших от юридических лиц платежах" № 14 ID= 1000224841. 
2024.05.22 15:36:34, Добавление строки. Связывание со входящим документом № 17 ЭД "Сведения о поступивших от юридических лиц платежах" № 14 ID= 1000224841. 
2024.05.22 15:36:41, Добавление строки. Связывание со входящим документом № 17 ЭД "Сведения о поступивших от юридических лиц платежах" № 14 ID= 1000224841. 
2024.05.22 15:36:47, Добавление строки. Связывание со входящим документом № 17 ЭД "Сведения о поступивших от юридических лиц платежах" № 14 ID= 1000224841. 
2024.05.22 15:36:53, Добавление строки. Связывание со входящим документом № 17 ЭД "Сведения о поступивших от юридических лиц платежах" № 14 ID= 1000224841. 
2024.05.22 15:37:00, Добавление строки. Связывание со входящим документом № 17 ЭД "Сведения о поступивших от юридических лиц платежах" № 14 ID= 1000224841. 
2024.05.22 15:37:06, Добавление строки. Связывание со входящим документом № 17 ЭД "Сведения о поступивших от юридических лиц платежах" № 14 ID= 1000224841. 
2024.05.22 15:37:13, Добавление строки. Связывание со входящим документом № 17 ЭД "Сведения о поступивших от юридических лиц платежах" № 14 ID= 1000224841. 
2024.05.22 15:37:19, Добавление строки. Связывание со входящим документом № 17 ЭД "Сведения о поступивших от юридических лиц платежах" № 14 ID= 1000224841. 
2024.05.22 15:37:26, Добавление строки. Связывание со входящим документом № 17 ЭД "Сведения о поступивших от юридических лиц платежах" № 14 ID= 1000224841. 
2024.05.22 15:37:32, Добавление строки. Связывание со входящим документом № 17 ЭД "Сведения о поступивших от юридических лиц платежах" № 14 ID= 1000224841. 
2024.05.22 15:37:39, Добавление строки. Связывание со входящим документом № 17 ЭД "Сведения о поступивших от юридических лиц платежах" № 14 ID= 1000224841. 
2024.05.22 15:37:45, Добавление строки. Связывание со входящим документом № 17 ЭД "Сведения о поступивших от юридических лиц платежах" № 14 ID= 1000224841. 
2024.05.22 15:37:52, Добавление строки. Связывание со входящим документом № 17 ЭД "Сведения о поступивших от юридических лиц платежах" № 14 ID= 1000224841. 
2024.05.22 15:38:00, Добавление строки. Связывание со входящим документом № 17 ЭД "Сведения о поступивших от юридических лиц платежах" № 14 ID= 1000224841. 
2024.05.22 15:38:07, Добавление строки. Связывание со входящим документом № 17 ЭД "Сведения о поступивших от юридических лиц платежах" № 14 ID= 1000224841. 
2024.05.22 15:38:21, Добавление строки. Связывание со входящим документом № 17 ЭД "Сведения о поступивших от юридических лиц платежах" № 14 ID= 1000224841. 
2024.05.22 15:38:28, Добавление строки. Связывание со входящим документом № 17 ЭД "Сведения о поступивших от юридических лиц платежах" № 14 ID= 1000224841. 
2024.05.22 15:38:34, Добавление строки. Связывание со входящим документом № 17 ЭД "Сведения о поступивших от юридических лиц платежах" № 14 ID= 1000224841. 
2024.05.22 15:38:43, Добавление строки. Связывание со входящим документом № 17 ЭД "Сведения о поступивших от юридических лиц платежах" № 14 ID= 1000224841. 
2024.05.22 15:38:50, Добавление строки. Связывание со входящим документом № 17 ЭД "Сведения о поступивших от юридических лиц платежах" № 14 ID= 1000224841. 
2024.05.22 15:39:08, Добавление строки. Связывание со входящим документом № 17 ЭД "Сведения о поступивших от юридических лиц платежах" № 14 ID= 1000224841. 
2024.05.22 15:39:18, Добавление строки. Связывание со входящим документом № 17 ЭД "Сведения о поступивших от юридических лиц платежах" № 14 ID= 1000224841. 
2024.05.22 15:39:24, Добавление строки. Связывание со входящим документом № 17 ЭД "Сведения о поступивших от юридических лиц платежах" № 14 ID= 1000224841. 
2024.05.22 15:39:30, Добавление строки. Связывание со входящим документом № 17 ЭД "Сведения о поступивших от юридических лиц платежах" № 14 ID= 1000224841. 
2024.05.22 15:39:37, Добавление строки. Связывание со входящим документом № 17 ЭД "Сведения о поступивших от юридических лиц платежах" № 14 ID= 1000224841. 
2024.05.22 15:39:43, Добавление строки. Связывание со входящим документом № 17 ЭД "Сведения о поступивших от юридических лиц платежах" № 14 ID= 1000224841. 
2024.05.22 15:39:50, Добавление строки. Связывание со входящим документом № 17 ЭД "Сведения о поступивших от юридических лиц платежах" № 14 ID= 1000224841. 
2024.05.22 15:39:57, Добавление строки. Связывание со входящим документом № 17 ЭД "Сведения о поступивших от юридических лиц платежах" № 14 ID= 1000224841. 
2024.05.22 15:40:04, Добавление строки. Связывание со входящим документом № 17 ЭД "Сведения о поступивших от юридических лиц платежах" № 14 ID= 1000224841. 
2024.05.22 15:40:10, Добавление строки. Связывание со входящим документом № 17 ЭД "Сведения о поступивших от юридических лиц платежах" № 14 ID= 1000224841. 
2024.05.22 15:40:17, Добавление строки. Связывание со входящим документом № 17 ЭД "Сведения о поступивших от юридических лиц платежах" № 14 ID= 1000224841. 
2024.05.22 15:40:25, Добавление строки. Связывание со входящим документом № 17 ЭД "Сведения о поступивших от юридических лиц платежах" № 14 ID= 1000224841. 
2024.05.22 15:40:32, Добавление строки. Связывание со входящим документом № 17 ЭД "Сведения о поступивших от юридических лиц платежах" № 14 ID= 1000224841. 
2024.05.22 15:40:38, Добавление строки. Связывание со входящим документом № 17 ЭД "Сведения о поступивших от юридических лиц платежах" № 14 ID= 1000224841. 
2024.05.22 15:40:45, Добавление строки. Связывание со входящим документом № 17 ЭД "Сведения о поступивших от юридических лиц платежах" № 14 ID= 1000224841. 
2024.05.22 15:40:51, Добавление строки. Связывание со входящим документом № 17 ЭД "Сведения о поступивших от юридических лиц платежах" № 14 ID= 1000224841. 
2024.05.22 15:40:58, Добавление строки. Связывание со входящим документом № 17 ЭД "Сведения о поступивших от юридических лиц платежах" № 14 ID= 1000224841. 
2024.05.22 15:41:04, Добавление строки. Связывание со входящим документом № 17 ЭД "Сведения о поступивших от юридических лиц платежах" № 14 ID= 1000224841. 
2024.05.22 15:41:11, Добавление строки. Связывание со входящим документом № 17 ЭД "Сведения о поступивших от юридических лиц платежах" № 14 ID= 1000224841. 
2024.05.22 15:41:18, Добавление строки. Связывание со входящим документом № 17 ЭД "Сведения о поступивших от юридических лиц платежах" № 14 ID= 1000224841. 
2024.05.22 15:41:29, Добавление строки. Связывание со входящим документом № 17 ЭД "Сведения о поступивших от юридических лиц платежах" № 14 ID= 1000224841. 
2024.05.22 15:41:38, Добавление строки. Связывание со входящим документом № 17 ЭД "Сведения о поступивших от юридических лиц платежах" № 14 ID= 1000224841. 
2024.05.22 15:41:44, Добавление строки. Связывание со входящим документом № 17 ЭД "Сведения о поступивших от юридических лиц платежах" № 14 ID= 1000224841. 
2024.05.22 15:41:51, Добавление строки. Связывание со входящим документом № 17 ЭД "Сведения о поступивших от юридических лиц платежах" № 14 ID= 1000224841. 
2024.05.22 15:41:58, Добавление строки. Связывание со входящим документом № 17 ЭД "Сведения о поступивших от юридических лиц платежах" № 14 ID= 1000224841. 
2024.05.22 15:42:04, Добавление строки. Связывание со входящим документом № 17 ЭД "Сведения о поступивших от юридических лиц платежах" № 14 ID= 1000224841. 
2024.05.22 15:42:11, Добавление строки. Связывание со входящим документом № 17 ЭД "Сведения о поступивших от юридических лиц платежах" № 14 ID= 1000224841. 
2024.05.22 15:42:17, Добавление строки. Связывание со входящим документом № 17 ЭД "Сведения о поступивших от юридических лиц платежах" № 14 ID= 1000224841. 
2024.05.22 15:42:24, Добавление строки. Связывание со входящим документом № 17 ЭД "Сведения о поступивших от юридических лиц платежах" № 14 ID= 1000224841. 
2024.05.22 15:42:30, Добавление строки. Связывание со входящим документом № 17 ЭД "Сведения о поступивших от юридических лиц платежах" № 14 ID= 1000224841. 
2024.05.22 15:42:37, Добавление строки. Связывание со входящим документом № 17 ЭД "Сведения о поступивших от юридических лиц платежах" № 14 ID= 1000224841. 
2024.05.22 15:42:43, Добавление строки. Связывание со входящим документом № 17 ЭД "Сведения о поступивших от юридических лиц платежах" № 14 ID= 1000224841. 
2024.05.22 15:42:50, Добавление строки. Связывание со входящим документом № 17 ЭД "Сведения о поступивших от юридических лиц платежах" № 14 ID= 1000224841. 
2024.05.22 15:42:56, Добавление строки. Связывание со входящим документом № 17 ЭД "Сведения о поступивших от юридических лиц платежах" № 14 ID= 1000224841. 
2024.05.22 15:43:03, Добавление строки. Связывание со входящим документом № 17 ЭД "Сведения о поступивших от юридических лиц платежах" № 14 ID= 1000224841. 
2024.05.22 15:43:09, Добавление строки. Связывание со входящим документом № 17 ЭД "Сведения о поступивших от юридических лиц платежах" № 14 ID= 1000224841. 
2024.05.22 15:43:16, Добавление строки. Связывание со входящим документом № 17 ЭД "Сведения о поступивших от юридических лиц платежах" № 14 ID= 1000224841. 
2024.05.22 15:43:22, Добавление строки. Связывание со входящим документом № 17 ЭД "Сведения о поступивших от юридических лиц платежах" № 14 ID= 1000224841. 
2024.05.22 15:43:29, Добавление строки. Связывание со входящим документом № 17 ЭД "Сведения о поступивших от юридических лиц платежах" № 14 ID= 1000224841. 
2024.05.22 15:43:35, Добавление строки. Связывание со входящим документом № 17 ЭД "Сведения о поступивших от юридических лиц платежах" № 14 ID= 1000224841. 
2024.05.22 15:43:42, Добавление строки. Связывание со входящим документом № 17 ЭД "Сведения о поступивших от юридических лиц платежах" № 14 ID= 1000224841. 
2024.05.22 15:43:48, Добавление строки. Связывание со входящим документом № 17 ЭД "Сведения о поступивших от юридических лиц платежах" № 14 ID= 1000224841. 
2024.05.22 15:43:55, Добавление строки. Связывание со входящим документом № 17 ЭД "Сведения о поступивших от юридических лиц платежах" № 14 ID= 1000224841. 
2024.05.22 15:44:01, Добавление строки. Связывание со входящим документом № 17 ЭД "Сведения о поступивших от юридических лиц платежах" № 14 ID= 1000224841. 
2024.05.22 15:44:08, Добавление строки. Связывание со входящим документом № 17 ЭД "Сведения о поступивших от юридических лиц платежах" № 14 ID= 1000224841. 
2024.05.22 15:44:14, Добавление строки. Связывание со входящим документом № 17 ЭД "Сведения о поступивших от юридических лиц платежах" № 14 ID= 1000224841. 
2024.05.22 15:44:21, Добавление строки. Связывание со входящим документом № 17 ЭД "Сведения о поступивших от юридических лиц платежах" № 14 ID= 1000224841. 
2024.05.22 15:44:27, Добавление строки. Связывание со входящим документом № 17 ЭД "Сведения о поступивших от юридических лиц платежах" № 14 ID= 1000224841. 
2024.05.22 15:44:34, Добавление строки. Связывание со входящим документом № 17 ЭД "Сведения о поступивших от юридических лиц платежах" № 14 ID= 1000224841. 
2024.05.22 15:44:40, Добавление строки. Связывание со входящим документом № 17 ЭД "Сведения о поступивших от юридических лиц платежах" № 14 ID= 1000224841. 
2024.05.22 15:44:47, Добавление строки. Связывание со входящим документом № 17 ЭД "Сведения о поступивших от юридических лиц платежах" № 14 ID= 1000224841. 
2024.05.22 15:44:54, Добавление строки. Связывание со входящим документом № 17 ЭД "Сведения о поступивших от юридических лиц платежах" № 14 ID= 1000224841. 
2024.05.22 15:45:01, Добавление строки. Связывание со входящим документом № 17 ЭД "Сведения о поступивших от юридических лиц платежах" № 14 ID= 1000224841. 
2024.05.22 15:45:07, Добавление строки. Связывание со входящим документом № 17 ЭД "Сведения о поступивших от юридических лиц платежах" № 14 ID= 1000224841. 
2024.05.22 15:45:14, Добавление строки. Связывание со входящим документом № 17 ЭД "Сведения о поступивших от юридических лиц платежах" № 14 ID= 1000224841. 
2024.05.22 15:45:21, Добавление строки. Связывание со входящим документом № 17 ЭД "Сведения о поступивших от юридических лиц платежах" № 14 ID= 1000224841. 
2024.05.22 15:45:27, Добавление строки. Связывание со входящим документом № 17 ЭД "Сведения о поступивших от юридических лиц платежах" № 14 ID= 1000224841. 
2024.05.22 15:45:34, Добавление строки. Связывание со входящим документом № 17 ЭД "Сведения о поступивших от юридических лиц платежах" № 14 ID= 1000224841. 
2024.05.22 15:45:41, Добавление строки. Связывание со входящим документом № 17 ЭД "Сведения о поступивших от юридических лиц платежах" № 14 ID= 1000224841. 
2024.05.22 15:45:47, Добавление строки. Связывание со входящим документом № 17 ЭД "Сведения о поступивших от юридических лиц платежах" № 14 ID= 1000224841. 
2024.05.22 15:45:54, Добавление строки. Связывание со входящим документом № 17 ЭД "Сведения о поступивших от юридических лиц платежах" № 14 ID= 1000224841. 
2024.05.22 15:46:00, Добавление строки. Связывание со входящим документом № 17 ЭД "Сведения о поступивших от юридических лиц платежах" № 14 ID= 1000224841. 
2024.05.22 15:46:07, Добавление строки. Связывание со входящим документом № 17 ЭД "Сведения о поступивших от юридических лиц платежах" № 14 ID= 1000224841. 
2024.05.22 15:46:13, Добавление строки. Связывание со входящим документом № 17 ЭД "Сведения о поступивших от юридических лиц платежах" № 14 ID= 1000224841. 
2024.05.22 15:46:20, Добавление строки. Связывание со входящим документом № 17 ЭД "Сведения о поступивших от юридических лиц платежах" № 14 ID= 1000224841. 
2024.05.22 15:46:27, Добавление строки. Связывание со входящим документом № 17 ЭД "Сведения о поступивших от юридических лиц платежах" № 14 ID= 1000224841. 
2024.05.22 15:46:33, Добавление строки. Связывание со входящим документом № 17 ЭД "Сведения о поступивших от юридических лиц платежах" № 14 ID= 1000224841. 
2024.05.22 15:46:40, Добавление строки. Связывание со входящим документом № 17 ЭД "Сведения о поступивших от юридических лиц платежах" № 14 ID= 1000224841. 
2024.05.22 15:46:46, Добавление строки. Связывание со входящим документом № 17 ЭД "Сведения о поступивших от юридических лиц платежах" № 14 ID= 1000224841. 
2024.05.22 15:46:53, Добавление строки. Связывание со входящим документом № 17 ЭД "Сведения о поступивших от юридических лиц платежах" № 14 ID= 1000224841. 
2024.05.22 15:47:00, Добавление строки. Связывание со входящим документом № 17 ЭД "Сведения о поступивших от юридических лиц платежах" № 14 ID= 1000224841. 
2024.05.22 15:47:06, Добавление строки. Связывание со входящим документом № 17 ЭД "Сведения о поступивших от юридических лиц платежах" № 14 ID= 1000224841. 
2024.05.22 15:47:13, Добавление строки. Связывание со входящим документом № 17 ЭД "Сведения о поступивших от юридических лиц платежах" № 14 ID= 1000224841. 
2024.05.22 15:47:20, Добавление строки. Связывание со входящим документом № 17 ЭД "Сведения о поступивших от юридических лиц платежах" № 14 ID= 1000224841. 
2024.05.22 15:47:26, Добавление строки. Связывание со входящим документом № 17 ЭД "Сведения о поступивших от юридических лиц платежах" № 14 ID= 1000224841. 
2024.05.22 15:47:33, Добавление строки. Связывание со входящим документом № 17 ЭД "Сведения о поступивших от юридических лиц платежах" № 14 ID= 1000224841. 
2024.05.22 15:47:39, Добавление строки. Связывание со входящим документом № 17 ЭД "Сведения о поступивших от юридических лиц платежах" № 14 ID= 1000224841. 
2024.05.22 15:47:46, Добавление строки. Связывание со входящим документом № 17 ЭД "Сведения о поступивших от юридических лиц платежах" № 14 ID= 1000224841. 
2024.05.22 15:47:52, Добавление строки. Связывание со входящим документом № 17 ЭД "Сведения о поступивших от юридических лиц платежах" № 14 ID= 1000224841. 
2024.05.22 15:47:59, Добавление строки. Связывание со входящим документом № 17 ЭД "Сведения о поступивших от юридических лиц платежах" № 14 ID= 1000224841. 
2024.05.22 15:48:06, Добавление строки. Связывание со входящим документом № 17 ЭД "Сведения о поступивших от юридических лиц платежах" № 14 ID= 1000224841. 
2024.05.22 15:48:13, Добавление строки. Связывание со входящим документом № 17 ЭД "Сведения о поступивших от юридических лиц платежах" № 14 ID= 1000224841. 
2024.05.22 15:48:19, Добавление строки. Связывание со входящим документом № 17 ЭД "Сведения о поступивших от юридических лиц платежах" № 14 ID= 1000224841. 
2024.05.22 15:48:26, Добавление строки. Связывание со входящим документом № 17 ЭД "Сведения о поступивших от юридических лиц платежах" № 14 ID= 1000224841. 
2024.05.22 15:48:33, Добавление строки. Связывание со входящим документом № 17 ЭД "Сведения о поступивших от юридических лиц платежах" № 14 ID= 1000224841. 
2024.05.22 15:48:39, Добавление строки. Связывание со входящим документом № 17 ЭД "Сведения о поступивших от юридических лиц платежах" № 14 ID= 1000224841. 
2024.05.22 15:48:47, Добавление строки. Связывание со входящим документом № 17 ЭД "Сведения о поступивших от юридических лиц платежах" № 14 ID= 1000224841. 
2024.05.22 15:48:53, Добавление строки. Связывание со входящим документом № 17 ЭД "Сведения о поступивших от юридических лиц платежах" № 14 ID= 1000224841. 
2024.05.22 15:49:00, Добавление строки. Связывание со входящим документом № 17 ЭД "Сведения о поступивших от юридических лиц платежах" № 14 ID= 1000224841. 
2024.05.22 15:49:07, Добавление строки. Связывание со входящим документом № 17 ЭД "Сведения о поступивших от юридических лиц платежах" № 14 ID= 1000224841. 
2024.05.22 15:49:14, Добавление строки. Связывание со входящим документом № 17 ЭД "Сведения о поступивших от юридических лиц платежах" № 14 ID= 1000224841. 
2024.05.22 15:49:20, Добавление строки. Связывание со входящим документом № 17 ЭД "Сведения о поступивших от юридических лиц платежах" № 14 ID= 1000224841. 
2024.05.22 15:49:27, Добавление строки. Связывание со входящим документом № 17 ЭД "Сведения о поступивших от юридических лиц платежах" № 14 ID= 1000224841. 
2024.05.22 15:49:34, Добавление строки. Связывание со входящим документом № 17 ЭД "Сведения о поступивших от юридических лиц платежах" № 14 ID= 1000224841. 
2024.05.22 15:49:41, Добавление строки. Связывание со входящим документом № 17 ЭД "Сведения о поступивших от юридических лиц платежах" № 14 ID= 1000224841. 
2024.05.22 15:49:48, Добавление строки. Связывание со входящим документом № 17 ЭД "Сведения о поступивших от юридических лиц платежах" № 14 ID= 1000224841. 
2024.05.22 15:49:55, Добавление строки. Связывание со входящим документом № 17 ЭД "Сведения о поступивших от юридических лиц платежах" № 14 ID= 1000224841. 
2024.05.22 15:50:01, Добавление строки. Связывание со входящим документом № 17 ЭД "Сведения о поступивших от юридических лиц платежах" № 14 ID= 1000224841. 
2024.05.22 15:50:08, Добавление строки. Связывание со входящим документом № 17 ЭД "Сведения о поступивших от юридических лиц платежах" № 14 ID= 1000224841. 
2024.05.22 15:50:14, Добавление строки. Связывание со входящим документом № 17 ЭД "Сведения о поступивших от юридических лиц платежах" № 14 ID= 1000224841. 
2024.05.22 15:50:21, Добавление строки. Связывание со входящим документом № 17 ЭД "Сведения о поступивших от юридических лиц платежах" № 14 ID= 1000224841. 
2024.05.22 15:50:28, Добавление строки. Связывание со входящим документом № 17 ЭД "Сведения о поступивших от юридических лиц платежах" № 14 ID= 1000224841. 
2024.05.22 15:50:34, Добавление строки. Связывание со входящим документом № 17 ЭД "Сведения о поступивших от юридических лиц платежах" № 14 ID= 1000224841. 
2024.05.22 15:50:41, Добавление строки. Связывание со входящим документом № 17 ЭД "Сведения о поступивших от юридических лиц платежах" № 14 ID= 1000224841. 
2024.05.22 15:50:48, Добавление строки. Связывание со входящим документом № 17 ЭД "Сведения о поступивших от юридических лиц платежах" № 14 ID= 1000224841. 
2024.05.22 15:50:55, Добавление строки. Связывание со входящим документом № 17 ЭД "Сведения о поступивших от юридических лиц платежах" № 14 ID= 1000224841. 
2024.05.22 15:51:02, Добавление строки. Связывание со входящим документом № 17 ЭД "Сведения о поступивших от юридических лиц платежах" № 14 ID= 1000224841. 
2024.05.22 15:51:08, Добавление строки. Связывание со входящим документом № 17 ЭД "Сведения о поступивших от юридических лиц платежах" № 14 ID= 1000224841. 
2024.05.22 15:51:15, Добавление строки. Связывание со входящим документом № 17 ЭД "Сведения о поступивших от юридических лиц платежах" № 14 ID= 1000224841. 
2024.05.22 15:51:22, Добавление строки. Связывание со входящим документом № 17 ЭД "Сведения о поступивших от юридических лиц платежах" № 14 ID= 1000224841. 
2024.05.22 15:51:29, Добавление строки. Связывание со входящим документом № 17 ЭД "Сведения о поступивших от юридических лиц платежах" № 14 ID= 1000224841. 
2024.05.22 15:51:35, Добавление строки. Связывание со входящим документом № 17 ЭД "Сведения о поступивших от юридических лиц платежах" № 14 ID= 1000224841. 
2024.05.22 15:51:42, Добавление строки. Связывание со входящим документом № 17 ЭД "Сведения о поступивших от юридических лиц платежах" № 14 ID= 1000224841. 
2024.05.22 15:51:49, Добавление строки. Связывание со входящим документом № 17 ЭД "Сведения о поступивших от юридических лиц платежах" № 14 ID= 1000224841. 
2024.05.22 15:51:56, Добавление строки. Связывание со входящим документом № 17 ЭД "Сведения о поступивших от юридических лиц платежах" № 14 ID= 1000224841. 
2024.05.22 15:52:03, Добавление строки. Связывание со входящим документом № 17 ЭД "Сведения о поступивших от юридических лиц платежах" № 14 ID= 1000224841. 
2024.05.22 15:52:10, Добавление строки. Связывание со входящим документом № 17 ЭД "Сведения о поступивших от юридических лиц платежах" № 14 ID= 1000224841. 
2024.05.22 15:52:17, Добавление строки. Связывание со входящим документом № 17 ЭД "Сведения о поступивших от юридических лиц платежах" № 14 ID= 1000224841. 
2024.05.22 15:52:24, Добавление строки. Связывание со входящим документом № 17 ЭД "Сведения о поступивших от юридических лиц платежах" № 14 ID= 1000224841. 
2024.05.22 15:52:31, Добавление строки. Связывание со входящим документом № 17 ЭД "Сведения о поступивших от юридических лиц платежах" № 14 ID= 1000224841. 
2024.05.22 15:52:38, Добавление строки. Связывание со входящим документом № 17 ЭД "Сведения о поступивших от юридических лиц платежах" № 14 ID= 1000224841. 
2024.05.22 15:52:44, Добавление строки. Связывание со входящим документом № 17 ЭД "Сведения о поступивших от юридических лиц платежах" № 14 ID= 1000224841. 
2024.05.22 15:52:51, Добавление строки. Связывание со входящим документом № 17 ЭД "Сведения о поступивших от юридических лиц платежах" № 14 ID= 1000224841. 
2024.05.22 15:52:58, Добавление строки. Связывание со входящим документом № 17 ЭД "Сведения о поступивших от юридических лиц платежах" № 14 ID= 1000224841. 
2024.05.22 15:53:05, Добавление строки. Связывание со входящим документом № 17 ЭД "Сведения о поступивших от юридических лиц платежах" № 14 ID= 1000224841. 
2024.05.22 15:53:12, Добавление строки. Связывание со входящим документом № 17 ЭД "Сведения о поступивших от юридических лиц платежах" № 14 ID= 1000224841. 
2024.05.22 15:53:19, Добавление строки. Связывание со входящим документом № 17 ЭД "Сведения о поступивших от юридических лиц платежах" № 14 ID= 1000224841. 
2024.05.22 15:53:26, Добавление строки. Связывание со входящим документом № 17 ЭД "Сведения о поступивших от юридических лиц платежах" № 14 ID= 1000224841. 
2024.05.22 15:53:32, Добавление строки. Связывание со входящим документом № 17 ЭД "Сведения о поступивших от юридических лиц платежах" № 14 ID= 1000224841. 
2024.05.22 15:53:39, Добавление строки. Связывание со входящим документом № 17 ЭД "Сведения о поступивших от юридических лиц платежах" № 14 ID= 1000224841. 
2024.05.22 15:53:46, Добавление строки. Связывание со входящим документом № 17 ЭД "Сведения о поступивших от юридических лиц платежах" № 14 ID= 1000224841. 
2024.05.22 15:53:53, Добавление строки. Связывание со входящим документом № 17 ЭД "Сведения о поступивших от юридических лиц платежах" № 14 ID= 1000224841. 
2024.05.22 15:53:59, Добавление строки. Связывание со входящим документом № 17 ЭД "Сведения о поступивших от юридических лиц платежах" № 14 ID= 1000224841. 
2024.05.22 15:54:07, Добавление строки. Связывание со входящим документом № 17 ЭД "Сведения о поступивших от юридических лиц платежах" № 14 ID= 1000224841. 
2024.05.22 15:54:13, Добавление строки. Связывание со входящим документом № 17 ЭД "Сведения о поступивших от юридических лиц платежах" № 14 ID= 1000224841. 
2024.05.22 15:54:20, Добавление строки. Связывание со входящим документом № 17 ЭД "Сведения о поступивших от юридических лиц платежах" № 14 ID= 1000224841. 
2024.05.22 15:54:27, Добавление строки. Связывание со входящим документом № 17 ЭД "Сведения о поступивших от юридических лиц платежах" № 14 ID= 1000224841. 
2024.05.22 15:54:34, Добавление строки. Связывание со входящим документом № 17 ЭД "Сведения о поступивших от юридических лиц платежах" № 14 ID= 1000224841. 
2024.05.22 15:54:40, Добавление строки. Связывание со входящим документом № 17 ЭД "Сведения о поступивших от юридических лиц платежах" № 14 ID= 1000224841. 
2024.05.22 15:54:47, Добавление строки. Связывание со входящим документом № 17 ЭД "Сведения о поступивших от юридических лиц платежах" № 14 ID= 1000224841. 
2024.05.22 15:54:54, Добавление строки. Связывание со входящим документом № 17 ЭД "Сведения о поступивших от юридических лиц платежах" № 14 ID= 1000224841. 
2024.05.22 15:55:01, Добавление строки. Связывание со входящим документом № 17 ЭД "Сведения о поступивших от юридических лиц платежах" № 14 ID= 1000224841. 
2024.05.22 15:55:08, Добавление строки. Связывание со входящим документом № 17 ЭД "Сведения о поступивших от юридических лиц платежах" № 14 ID= 1000224841. 
2024.05.22 15:55:14, Добавление строки. Связывание со входящим документом № 17 ЭД "Сведения о поступивших от юридических лиц платежах" № 14 ID= 1000224841. 
2024.05.22 15:55:21, Добавление строки. Связывание со входящим документом № 17 ЭД "Сведения о поступивших от юридических лиц платежах" № 14 ID= 1000224841. 
2024.05.22 15:55:28, Добавление строки. Связывание со входящим документом № 17 ЭД "Сведения о поступивших от юридических лиц платежах" № 14 ID= 1000224841. 
2024.05.22 15:55:35, Добавление строки. Связывание со входящим документом № 17 ЭД "Сведения о поступивших от юридических лиц платежах" № 14 ID= 1000224841. 
2024.05.22 15:55:42, Добавление строки. Связывание со входящим документом № 17 ЭД "Сведения о поступивших от юридических лиц платежах" № 14 ID= 1000224841. 
2024.05.22 15:55:49, Добавление строки. Связывание со входящим документом № 17 ЭД "Сведения о поступивших от юридических лиц платежах" № 14 ID= 1000224841. 
2024.05.22 15:55:55, Добавление строки. Связывание со входящим документом № 17 ЭД "Сведения о поступивших от юридических лиц платежах" № 14 ID= 1000224841. 
2024.05.22 15:56:02, Добавление строки. Связывание со входящим документом № 17 ЭД "Сведения о поступивших от юридических лиц платежах" № 14 ID= 1000224841. 
2024.05.22 15:56:09, Добавление строки. Связывание со входящим документом № 17 ЭД "Сведения о поступивших от юридических лиц платежах" № 14 ID= 1000224841. 
2024.05.22 15:56:15, Добавление строки. Связывание со входящим документом № 17 ЭД "Сведения о поступивших от юридических лиц платежах" № 14 ID= 1000224841. 
2024.05.22 15:56:22, Добавление строки. Связывание со входящим документом № 17 ЭД "Сведения о поступивших от юридических лиц платежах" № 14 ID= 1000224841. 
2024.05.22 15:56:29, Добавление строки. Связывание со входящим документом № 17 ЭД "Сведения о поступивших от юридических лиц платежах" № 14 ID= 1000224841. 
2024.05.22 15:56:36, Добавление строки. Связывание со входящим документом № 17 ЭД "Сведения о поступивших от юридических лиц платежах" № 14 ID= 1000224841. 
2024.05.22 15:56:43, Добавление строки. Связывание со входящим документом № 17 ЭД "Сведения о поступивших от юридических лиц платежах" № 14 ID= 1000224841. 
2024.05.22 15:56:50, Добавление строки. Связывание со входящим документом № 17 ЭД "Сведения о поступивших от юридических лиц платежах" № 14 ID= 1000224841. 
2024.05.22 15:56:57, Добавление строки. Связывание со входящим документом № 17 ЭД "Сведения о поступивших от юридических лиц платежах" № 14 ID= 1000224841. 
2024.05.22 15:57:03, Добавление строки. Связывание со входящим документом № 17 ЭД "Сведения о поступивших от юридических лиц платежах" № 14 ID= 1000224841. 
2024.05.22 15:57:11, Добавление строки. Связывание со входящим документом № 17 ЭД "Сведения о поступивших от юридических лиц платежах" № 14 ID= 1000224841. 
2024.05.22 15:57:18, Добавление строки. Связывание со входящим документом № 17 ЭД "Сведения о поступивших от юридических лиц платежах" № 14 ID= 1000224841. 
2024.05.22 15:57:24, Добавление строки. Связывание со входящим документом № 17 ЭД "Сведения о поступивших от юридических лиц платежах" № 14 ID= 1000224841. 
2024.05.22 15:57:31, Добавление строки. Связывание со входящим документом № 17 ЭД "Сведения о поступивших от юридических лиц платежах" № 14 ID= 1000224841. 
2024.05.22 15:57:38, Добавление строки. Связывание со входящим документом № 17 ЭД "Сведения о поступивших от юридических лиц платежах" № 14 ID= 1000224841. 
2024.05.22 15:57:46, Добавление строки. Связывание со входящим документом № 17 ЭД "Сведения о поступивших от юридических лиц платежах" № 14 ID= 1000224841. 
2024.05.22 15:57:53, Добавление строки. Связывание со входящим документом № 17 ЭД "Сведения о поступивших от юридических лиц платежах" № 14 ID= 1000224841. 
2024.05.22 15:57:59, Добавление строки. Связывание со входящим документом № 17 ЭД "Сведения о поступивших от юридических лиц платежах" № 14 ID= 1000224841. 
2024.05.22 15:58:06, Добавление строки. Связывание со входящим документом № 17 ЭД "Сведения о поступивших от юридических лиц платежах" № 14 ID= 1000224841. 
2024.05.22 15:58:13, Добавление строки. Связывание со входящим документом № 17 ЭД "Сведения о поступивших от юридических лиц платежах" № 14 ID= 1000224841. 
2024.05.22 15:58:20, Добавление строки. Связывание со входящим документом № 17 ЭД "Сведения о поступивших от юридических лиц платежах" № 14 ID= 1000224841. 
2024.05.22 15:58:27, Добавление строки. Связывание со входящим документом № 17 ЭД "Сведения о поступивших от юридических лиц платежах" № 14 ID= 1000224841. 
2024.05.22 15:58:34, Добавление строки. Связывание со входящим документом № 17 ЭД "Сведения о поступивших от юридических лиц платежах" № 14 ID= 1000224841. 
2024.05.22 15:58:41, Добавление строки. Связывание со входящим документом № 17 ЭД "Сведения о поступивших от юридических лиц платежах" № 14 ID= 1000224841. 
2024.05.22 15:58:48, Добавление строки. Связывание со входящим документом № 17 ЭД "Сведения о поступивших от юридических лиц платежах" № 14 ID= 1000224841. 
2024.05.22 15:58:55, Добавление строки. Связывание со входящим документом № 17 ЭД "Сведения о поступивших от юридических лиц платежах" № 14 ID= 1000224841. 
2024.05.22 15:59:02, Добавление строки. Связывание со входящим документом № 17 ЭД "Сведения о поступивших от юридических лиц платежах" № 14 ID= 1000224841. 
2024.05.22 15:59:09, Добавление строки. Связывание со входящим документом № 17 ЭД "Сведения о поступивших от юридических лиц платежах" № 14 ID= 1000224841. 
2024.05.22 15:59:15, Добавление строки. Связывание со входящим документом № 17 ЭД "Сведения о поступивших от юридических лиц платежах" № 14 ID= 1000224841. 
2024.05.22 15:59:22, Добавление строки. Связывание со входящим документом № 17 ЭД "Сведения о поступивших от юридических лиц платежах" № 14 ID= 1000224841. 
2024.05.22 15:59:29, Добавление строки. Связывание со входящим документом № 17 ЭД "Сведения о поступивших от юридических лиц платежах" № 14 ID= 1000224841. 
2024.05.22 15:59:36, Добавление строки. Связывание со входящим документом № 17 ЭД "Сведения о поступивших от юридических лиц платежах" № 14 ID= 1000224841. 
2024.05.22 15:59:43, Добавление строки. Связывание со входящим документом № 17 ЭД "Сведения о поступивших от юридических лиц платежах" № 14 ID= 1000224841. 
2024.05.22 15:59:50, Добавление строки. Связывание со входящим документом № 17 ЭД "Сведения о поступивших от юридических лиц платежах" № 14 ID= 1000224841. 
2024.05.22 15:59:57, Добавление строки. Связывание со входящим документом № 17 ЭД "Сведения о поступивших от юридических лиц платежах" № 14 ID= 1000224841. 
2024.05.22 16:00:04, Добавление строки. Связывание со входящим документом № 17 ЭД "Сведения о поступивших от юридических лиц платежах" № 14 ID= 1000224841. 
2024.05.22 16:00:11, Добавление строки. Связывание со входящим документом № 17 ЭД "Сведения о поступивших от юридических лиц платежах" № 14 ID= 1000224841. 
2024.05.22 16:00:18, Добавление строки. Связывание со входящим документом № 17 ЭД "Сведения о поступивших от юридических лиц платежах" № 14 ID= 1000224841. 
2024.05.22 16:00:25, Добавление строки. Связывание со входящим документом № 17 ЭД "Сведения о поступивших от юридических лиц платежах" № 14 ID= 1000224841. 
2024.05.22 16:00:32, Добавление строки. Связывание со входящим документом № 17 ЭД "Сведения о поступивших от юридических лиц платежах" № 14 ID= 1000224841. 
2024.05.22 16:00:38, Добавление строки. Связывание со входящим документом № 17 ЭД "Сведения о поступивших от юридических лиц платежах" № 14 ID= 1000224841. 
2024.05.22 16:00:46, Добавление строки. Связывание со входящим документом № 17 ЭД "Сведения о поступивших от юридических лиц платежах" № 14 ID= 1000224841. 
2024.05.22 16:00:53, Добавление строки. Связывание со входящим документом № 17 ЭД "Сведения о поступивших от юридических лиц платежах" № 14 ID= 1000224841. 
2024.05.22 16:01:00, Добавление строки. Связывание со входящим документом № 17 ЭД "Сведения о поступивших от юридических лиц платежах" № 14 ID= 1000224841. 
2024.05.22 16:01:07, Добавление строки. Связывание со входящим документом № 17 ЭД "Сведения о поступивших от юридических лиц платежах" № 14 ID= 1000224841. 
2024.05.22 16:01:14, Добавление строки. Связывание со входящим документом № 17 ЭД "Сведения о поступивших от юридических лиц платежах" № 14 ID= 1000224841. 
2024.05.22 16:01:21, Добавление строки. Связывание со входящим документом № 17 ЭД "Сведения о поступивших от юридических лиц платежах" № 14 ID= 1000224841. 
2024.05.22 16:01:28, Добавление строки. Связывание со входящим документом № 17 ЭД "Сведения о поступивших от юридических лиц платежах" № 14 ID= 1000224841. 
2024.05.22 16:01:35, Добавление строки. Связывание со входящим документом № 17 ЭД "Сведения о поступивших от юридических лиц платежах" № 14 ID= 1000224841. 
2024.05.22 16:01:42, Добавление строки. Связывание со входящим документом № 17 ЭД "Сведения о поступивших от юридических лиц платежах" № 14 ID= 1000224841. 
2024.05.22 16:01:49, Добавление строки. Связывание со входящим документом № 17 ЭД "Сведения о поступивших от юридических лиц платежах" № 14 ID= 1000224841. 
2024.05.22 16:01:56, Добавление строки. Связывание со входящим документом № 17 ЭД "Сведения о поступивших от юридических лиц платежах" № 14 ID= 1000224841. 
2024.05.22 16:02:03, Добавление строки. Связывание со входящим документом № 17 ЭД "Сведения о поступивших от юридических лиц платежах" № 14 ID= 1000224841. 
2024.05.22 16:02:10, Добавление строки. Связывание со входящим документом № 17 ЭД "Сведения о поступивших от юридических лиц платежах" № 14 ID= 1000224841. 
2024.05.22 16:02:17, Добавление строки. Связывание со входящим документом № 17 ЭД "Сведения о поступивших от юридических лиц платежах" № 14 ID= 1000224841. 
2024.05.22 16:02:24, Добавление строки. Связывание со входящим документом № 17 ЭД "Сведения о поступивших от юридических лиц платежах" № 14 ID= 1000224841. 
2024.05.22 16:02:31, Добавление строки. Связывание со входящим документом № 17 ЭД "Сведения о поступивших от юридических лиц платежах" № 14 ID= 1000224841. 
2024.05.22 16:02:38, Добавление строки. Связывание со входящим документом № 17 ЭД "Сведения о поступивших от юридических лиц платежах" № 14 ID= 1000224841. 
2024.05.22 16:02:45, Добавление строки. Связывание со входящим документом № 17 ЭД "Сведения о поступивших от юридических лиц платежах" № 14 ID= 1000224841. 
2024.05.22 16:02:52, Добавление строки. Связывание со входящим документом № 17 ЭД "Сведения о поступивших от юридических лиц платежах" № 14 ID= 1000224841. 
2024.05.22 16:02:59, Добавление строки. Связывание со входящим документом № 17 ЭД "Сведения о поступивших от юридических лиц платежах" № 14 ID= 1000224841. 
2024.05.22 16:03:06, Добавление строки. Связывание со входящим документом № 17 ЭД "Сведения о поступивших от юридических лиц платежах" № 14 ID= 1000224841. 
2024.05.22 16:03:13, Добавление строки. Связывание со входящим документом № 17 ЭД "Сведения о поступивших от юридических лиц платежах" № 14 ID= 1000224841. 
2024.05.22 16:03:20, Добавление строки. Связывание со входящим документом № 17 ЭД "Сведения о поступивших от юридических лиц платежах" № 14 ID= 1000224841. 
2024.05.22 16:03:27, Добавление строки. Связывание со входящим документом № 17 ЭД "Сведения о поступивших от юридических лиц платежах" № 14 ID= 1000224841. 
2024.05.22 16:03:34, Добавление строки. Связывание со входящим документом № 17 ЭД "Сведения о поступивших от юридических лиц платежах" № 14 ID= 1000224841. 
2024.05.22 16:03:41, Добавление строки. Связывание со входящим документом № 17 ЭД "Сведения о поступивших от юридических лиц платежах" № 14 ID= 1000224841. 
2024.05.22 16:03:48, Добавление строки. Связывание со входящим документом № 17 ЭД "Сведения о поступивших от юридических лиц платежах" № 14 ID= 1000224841. 
2024.05.22 16:03:54, Добавление строки. Связывание со входящим документом № 17 ЭД "Сведения о поступивших от юридических лиц платежах" № 14 ID= 1000224841. 
2024.05.22 16:04:02, Добавление строки. Связывание со входящим документом № 17 ЭД "Сведения о поступивших от юридических лиц платежах" № 14 ID= 1000224841. 
2024.05.22 16:04:09, Добавление строки. Связывание со входящим документом № 17 ЭД "Сведения о поступивших от юридических лиц платежах" № 14 ID= 1000224841. 
2024.05.22 16:04:16, Добавление строки. Связывание со входящим документом № 17 ЭД "Сведения о поступивших от юридических лиц платежах" № 14 ID= 1000224841. 
2024.05.22 16:04:23, Добавление строки. Связывание со входящим документом № 17 ЭД "Сведения о поступивших от юридических лиц платежах" № 14 ID= 1000224841. 
2024.05.22 16:04:30, Добавление строки. Связывание со входящим документом № 17 ЭД "Сведения о поступивших от юридических лиц платежах" № 14 ID= 1000224841. 
2024.05.22 16:04:37, Добавление строки. Связывание со входящим документом № 17 ЭД "Сведения о поступивших от юридических лиц платежах" № 14 ID= 1000224841. 
2024.05.22 16:04:44, Добавление строки. Связывание со входящим документом № 17 ЭД "Сведения о поступивших от юридических лиц платежах" № 14 ID= 1000224841. 
2024.05.22 16:04:51, Добавление строки. Связывание со входящим документом № 17 ЭД "Сведения о поступивших от юридических лиц платежах" № 14 ID= 1000224841. 
2024.05.22 16:04:58, Добавление строки. Связывание со входящим документом № 17 ЭД "Сведения о поступивших от юридических лиц платежах" № 14 ID= 1000224841. 
2024.05.22 16:05:05, Добавление строки. Связывание со входящим документом № 17 ЭД "Сведения о поступивших от юридических лиц платежах" № 14 ID= 1000224841. 
2024.05.22 16:05:12, Добавление строки. Связывание со входящим документом № 17 ЭД "Сведения о поступивших от юридических лиц платежах" № 14 ID= 1000224841. 
2024.05.22 16:05:19, Добавление строки. Связывание со входящим документом № 17 ЭД "Сведения о поступивших от юридических лиц платежах" № 14 ID= 1000224841. 
2024.05.22 16:05:25, Добавление строки. Связывание со входящим документом № 17 ЭД "Сведения о поступивших от юридических лиц платежах" № 14 ID= 1000224841. 
2024.05.22 16:05:32, Добавление строки. Связывание со входящим документом № 17 ЭД "Сведения о поступивших от юридических лиц платежах" № 14 ID= 1000224841. 
2024.05.22 16:05:39, Добавление строки. Связывание со входящим документом № 17 ЭД "Сведения о поступивших от юридических лиц платежах" № 14 ID= 1000224841. 
2024.05.22 16:05:47, Добавление строки. Связывание со входящим документом № 17 ЭД "Сведения о поступивших от юридических лиц платежах" № 14 ID= 1000224841. 
2024.05.22 16:05:53, Добавление строки. Связывание со входящим документом № 17 ЭД "Сведения о поступивших от юридических лиц платежах" № 14 ID= 1000224841. 
2024.05.22 16:06:00, Добавление строки. Связывание со входящим документом № 17 ЭД "Сведения о поступивших от юридических лиц платежах" № 14 ID= 1000224841. 
2024.05.22 16:06:08, Добавление строки. Связывание со входящим документом № 17 ЭД "Сведения о поступивших от юридических лиц платежах" № 14 ID= 1000224841. 
2024.05.22 16:06:15, Добавление строки. Связывание со входящим документом № 17 ЭД "Сведения о поступивших от юридических лиц платежах" № 14 ID= 1000224841. 
2024.05.22 16:06:22, Добавление строки. Связывание со входящим документом № 17 ЭД "Сведения о поступивших от юридических лиц платежах" № 14 ID= 1000224841. 
2024.05.22 16:06:30, Добавление строки. Связывание со входящим документом № 17 ЭД "Сведения о поступивших от юридических лиц платежах" № 14 ID= 1000224841. 
2024.05.22 16:06:37, Добавление строки. Связывание со входящим документом № 17 ЭД "Сведения о поступивших от юридических лиц платежах" № 14 ID= 1000224841. 
2024.05.22 16:06:43, Добавление строки. Связывание со входящим документом № 17 ЭД "Сведения о поступивших от юридических лиц платежах" № 14 ID= 1000224841. 
2024.05.22 16:06:51, Добавление строки. Связывание со входящим документом № 17 ЭД "Сведения о поступивших от юридических лиц платежах" № 14 ID= 1000224841. 
2024.05.22 16:06:58, Добавление строки. Связывание со входящим документом № 17 ЭД "Сведения о поступивших от юридических лиц платежах" № 14 ID= 1000224841. 
2024.05.22 16:07:05, Добавление строки. Связывание со входящим документом № 17 ЭД "Сведения о поступивших от юридических лиц платежах" № 14 ID= 1000224841. 
2024.05.22 16:07:12, Добавление строки. Связывание со входящим документом № 17 ЭД "Сведения о поступивших от юридических лиц платежах" № 14 ID= 1000224841. 
2024.05.22 16:07:19, Добавление строки. Связывание со входящим документом № 17 ЭД "Сведения о поступивших от юридических лиц платежах" № 14 ID= 1000224841. 
2024.05.22 16:07:26, Добавление строки. Связывание со входящим документом № 17 ЭД "Сведения о поступивших от юридических лиц платежах" № 14 ID= 1000224841. 
2024.05.22 16:07:34, Добавление строки. Связывание со входящим документом № 17 ЭД "Сведения о поступивших от юридических лиц платежах" № 14 ID= 1000224841. 
2024.05.22 16:07:41, Добавление строки. Связывание со входящим документом № 17 ЭД "Сведения о поступивших от юридических лиц платежах" № 14 ID= 1000224841. 
2024.05.22 16:07:48, Добавление строки. Связывание со входящим документом № 17 ЭД "Сведения о поступивших от юридических лиц платежах" № 14 ID= 1000224841. 
2024.05.22 16:07:55, Добавление строки. Связывание со входящим документом № 17 ЭД "Сведения о поступивших от юридических лиц платежах" № 14 ID= 1000224841. 
2024.05.22 16:08:02, Добавление строки. Связывание со входящим документом № 17 ЭД "Сведения о поступивших от юридических лиц платежах" № 14 ID= 1000224841. 
2024.05.22 16:08:09, Добавление строки. Связывание со входящим документом № 17 ЭД "Сведения о поступивших от юридических лиц платежах" № 14 ID= 1000224841. 
2024.05.22 16:08:16, Добавление строки. Связывание со входящим документом № 17 ЭД "Сведения о поступивших от юридических лиц платежах" № 14 ID= 1000224841. 
2024.05.22 16:08:23, Добавление строки. Связывание со входящим документом № 17 ЭД "Сведения о поступивших от юридических лиц платежах" № 14 ID= 1000224841. 
2024.05.22 16:08:30, Добавление строки. Связывание со входящим документом № 17 ЭД "Сведения о поступивших от юридических лиц платежах" № 14 ID= 1000224841. 
2024.05.22 16:08:37, Добавление строки. Связывание со входящим документом № 17 ЭД "Сведения о поступивших от юридических лиц платежах" № 14 ID= 1000224841. 
2024.05.22 16:08:44, Добавление строки. Связывание со входящим документом № 17 ЭД "Сведения о поступивших от юридических лиц платежах" № 14 ID= 1000224841. 
2024.05.22 16:08:51, Добавление строки. Связывание со входящим документом № 17 ЭД "Сведения о поступивших от юридических лиц платежах" № 14 ID= 1000224841. 
2024.05.22 16:08:58, Добавление строки. Связывание со входящим документом № 17 ЭД "Сведения о поступивших от юридических лиц платежах" № 14 ID= 1000224841. 
2024.05.22 16:09:06, Добавление строки. Связывание со входящим документом № 17 ЭД "Сведения о поступивших от юридических лиц платежах" № 14 ID= 1000224841. 
2024.05.22 16:09:13, Добавление строки. Связывание со входящим документом № 17 ЭД "Сведения о поступивших от юридических лиц платежах" № 14 ID= 1000224841. 
2024.05.22 16:09:20, Добавление строки. Связывание со входящим документом № 17 ЭД "Сведения о поступивших от юридических лиц платежах" № 14 ID= 1000224841. 
2024.05.22 16:09:27, Добавление строки. Связывание со входящим документом № 17 ЭД "Сведения о поступивших от юридических лиц платежах" № 14 ID= 1000224841. 
2024.05.22 16:09:34, Добавление строки. Связывание со входящим документом № 17 ЭД "Сведения о поступивших от юридических лиц платежах" № 14 ID= 1000224841. 
2024.05.22 16:09:42, Добавление строки. Связывание со входящим документом № 17 ЭД "Сведения о поступивших от юридических лиц платежах" № 14 ID= 1000224841. 
2024.05.22 16:09:49, Добавление строки. Связывание со входящим документом № 17 ЭД "Сведения о поступивших от юридических лиц платежах" № 14 ID= 1000224841. 
2024.05.22 16:09:57, Добавление строки. Связывание со входящим документом № 17 ЭД "Сведения о поступивших от юридических лиц платежах" № 14 ID= 1000224841. 
2024.05.22 16:10:04, Добавление строки. Связывание со входящим документом № 17 ЭД "Сведения о поступивших от юридических лиц платежах" № 14 ID= 1000224841. 
2024.05.22 16:10:11, Добавление строки. Связывание со входящим документом № 17 ЭД "Сведения о поступивших от юридических лиц платежах" № 14 ID= 1000224841. 
2024.05.22 16:10:18, Добавление строки. Связывание со входящим документом № 17 ЭД "Сведения о поступивших от юридических лиц платежах" № 14 ID= 1000224841. 
2024.05.22 16:10:26, Добавление строки. Связывание со входящим документом № 17 ЭД "Сведения о поступивших от юридических лиц платежах" № 14 ID= 1000224841. 
2024.05.22 16:10:33, Добавление строки. Связывание со входящим документом № 17 ЭД "Сведения о поступивших от юридических лиц платежах" № 14 ID= 1000224841. 
2024.05.22 16:10:40, Добавление строки. Связывание со входящим документом № 17 ЭД "Сведения о поступивших от юридических лиц платежах" № 14 ID= 1000224841. 
2024.05.22 16:10:47, Добавление строки. Связывание со входящим документом № 17 ЭД "Сведения о поступивших от юридических лиц платежах" № 14 ID= 1000224841. 
2024.05.22 16:10:54, Добавление строки. Связывание со входящим документом № 17 ЭД "Сведения о поступивших от юридических лиц платежах" № 14 ID= 1000224841. 
2024.05.22 16:11:02, Добавление строки. Связывание со входящим документом № 17 ЭД "Сведения о поступивших от юридических лиц платежах" № 14 ID= 1000224841. 
2024.05.22 16:11:09, Добавление строки. Связывание со входящим документом № 17 ЭД "Сведения о поступивших от юридических лиц платежах" № 14 ID= 1000224841. 
2024.05.22 16:11:16, Добавление строки. Связывание со входящим документом № 17 ЭД "Сведения о поступивших от юридических лиц платежах" № 14 ID= 1000224841. 
2024.05.22 16:11:23, Добавление строки. Связывание со входящим документом № 17 ЭД "Сведения о поступивших от юридических лиц платежах" № 14 ID= 1000224841. 
2024.05.22 16:11:30, Добавление строки. Связывание со входящим документом № 17 ЭД "Сведения о поступивших от юридических лиц платежах" № 14 ID= 1000224841. 
2024.05.22 16:11:37, Добавление строки. Связывание со входящим документом № 17 ЭД "Сведения о поступивших от юридических лиц платежах" № 14 ID= 1000224841. 
2024.05.22 16:11:45, Добавление строки. Связывание со входящим документом № 17 ЭД "Сведения о поступивших от юридических лиц платежах" № 14 ID= 1000224841. 
2024.05.22 16:11:52, Добавление строки. Связывание со входящим документом № 17 ЭД "Сведения о поступивших от юридических лиц платежах" № 14 ID= 1000224841. 
2024.05.22 16:12:00, Добавление строки. Связывание со входящим документом № 17 ЭД "Сведения о поступивших от юридических лиц платежах" № 14 ID= 1000224841. 
2024.05.22 16:12:08, Добавление строки. Связывание со входящим документом № 17 ЭД "Сведения о поступивших от юридических лиц платежах" № 14 ID= 1000224841. 
2024.05.22 16:12:15, Добавление строки. Связывание со входящим документом № 17 ЭД "Сведения о поступивших от юридических лиц платежах" № 14 ID= 1000224841. 
2024.05.22 16:12:22, Добавление строки. Связывание со входящим документом № 17 ЭД "Сведения о поступивших от юридических лиц платежах" № 14 ID= 1000224841. 
2024.05.22 16:12:29, Добавление строки. Связывание со входящим документом № 17 ЭД "Сведения о поступивших от юридических лиц платежах" № 14 ID= 1000224841. 
2024.05.22 16:12:36, Добавление строки. Связывание со входящим документом № 17 ЭД "Сведения о поступивших от юридических лиц платежах" № 14 ID= 1000224841. 
2024.05.22 16:12:43, Добавление строки. Связывание со входящим документом № 17 ЭД "Сведения о поступивших от юридических лиц платежах" № 14 ID= 1000224841. 
2024.05.22 16:12:50, Добавление строки. Связывание со входящим документом № 17 ЭД "Сведения о поступивших от юридических лиц платежах" № 14 ID= 1000224841. 
2024.05.22 16:12:57, Добавление строки. Связывание со входящим документом № 17 ЭД "Сведения о поступивших от юридических лиц платежах" № 14 ID= 1000224841. 
2024.05.22 16:13:05, Добавление строки. Связывание со входящим документом № 17 ЭД "Сведения о поступивших от юридических лиц платежах" № 14 ID= 1000224841. 
2024.05.22 16:13:12, Добавление строки. Связывание со входящим документом № 17 ЭД "Сведения о поступивших от юридических лиц платежах" № 14 ID= 1000224841. 
2024.05.22 16:13:20, Добавление строки. Связывание со входящим документом № 17 ЭД "Сведения о поступивших от юридических лиц платежах" № 14 ID= 1000224841. 
2024.05.22 16:13:27, Добавление строки. Связывание со входящим документом № 17 ЭД "Сведения о поступивших от юридических лиц платежах" № 14 ID= 1000224841. 
2024.05.22 16:13:34, Добавление строки. Связывание со входящим документом № 17 ЭД "Сведения о поступивших от юридических лиц платежах" № 14 ID= 1000224841. 
2024.05.22 16:13:41, Добавление строки. Связывание со входящим документом № 17 ЭД "Сведения о поступивших от юридических лиц платежах" № 14 ID= 1000224841. 
2024.05.22 16:13:48, Добавление строки. Связывание со входящим документом № 17 ЭД "Сведения о поступивших от юридических лиц платежах" № 14 ID= 1000224841. 
2024.05.22 16:13:55, Добавление строки. Связывание со входящим документом № 17 ЭД "Сведения о поступивших от юридических лиц платежах" № 14 ID= 1000224841. 
2024.05.22 16:14:02, Добавление строки. Связывание со входящим документом № 17 ЭД "Сведения о поступивших от юридических лиц платежах" № 14 ID= 1000224841. 
2024.05.22 16:14:09, Добавление строки. Связывание со входящим документом № 17 ЭД "Сведения о поступивших от юридических лиц платежах" № 14 ID= 1000224841. 
2024.05.22 16:14:16, Добавление строки. Связывание со входящим документом № 17 ЭД "Сведения о поступивших от юридических лиц платежах" № 14 ID= 1000224841. 
2024.05.22 16:14:23, Добавление строки. Связывание со входящим документом № 17 ЭД "Сведения о поступивших от юридических лиц платежах" № 14 ID= 1000224841. 
2024.05.22 16:14:31, Добавление строки. Связывание со входящим документом № 17 ЭД "Сведения о поступивших от юридических лиц платежах" № 14 ID= 1000224841. 
2024.05.22 16:14:38, Добавление строки. Связывание со входящим документом № 17 ЭД "Сведения о поступивших от юридических лиц платежах" № 14 ID= 1000224841. 
2024.05.22 16:14:45, Добавление строки. Связывание со входящим документом № 17 ЭД "Сведения о поступивших от юридических лиц платежах" № 14 ID= 1000224841. 
2024.05.22 16:14:52, Добавление строки. Связывание со входящим документом № 17 ЭД "Сведения о поступивших от юридических лиц платежах" № 14 ID= 1000224841. 
2024.05.22 16:14:59, Добавление строки. Связывание со входящим документом № 17 ЭД "Сведения о поступивших от юридических лиц платежах" № 14 ID= 1000224841. 
2024.05.22 16:15:07, Добавление строки. Связывание со входящим документом № 17 ЭД "Сведения о поступивших от юридических лиц платежах" № 14 ID= 1000224841. 
2024.05.22 16:15:14, Добавление строки. Связывание со входящим документом № 17 ЭД "Сведения о поступивших от юридических лиц платежах" № 14 ID= 1000224841. 
2024.05.22 16:15:21, Добавление строки. Связывание со входящим документом № 17 ЭД "Сведения о поступивших от юридических лиц платежах" № 14 ID= 1000224841. 
2024.05.22 16:15:29, Добавление строки. Связывание со входящим документом № 17 ЭД "Сведения о поступивших от юридических лиц платежах" № 14 ID= 1000224841. 
2024.05.22 16:15:36, Добавление строки. Связывание со входящим документом № 17 ЭД "Сведения о поступивших от юридических лиц платежах" № 14 ID= 1000224841. 
2024.05.22 16:15:43, Добавление строки. Связывание со входящим документом № 17 ЭД "Сведения о поступивших от юридических лиц платежах" № 14 ID= 1000224841. 
2024.05.22 16:15:51, Добавление строки. Связывание со входящим документом № 17 ЭД "Сведения о поступивших от юридических лиц платежах" № 14 ID= 1000224841. 
2024.05.22 16:15:58, Добавление строки. Связывание со входящим документом № 17 ЭД "Сведения о поступивших от юридических лиц платежах" № 14 ID= 1000224841. 
2024.05.22 16:16:06, Добавление строки. Связывание со входящим документом № 17 ЭД "Сведения о поступивших от юридических лиц платежах" № 14 ID= 1000224841. 
2024.05.22 16:16:13, Добавление строки. Связывание со входящим документом № 17 ЭД "Сведения о поступивших от юридических лиц платежах" № 14 ID= 1000224841. 
2024.05.22 16:16:20, Добавление строки. Связывание со входящим документом № 17 ЭД "Сведения о поступивших от юридических лиц платежах" № 14 ID= 1000224841. 
2024.05.22 16:16:27, Добавление строки. Связывание со входящим документом № 17 ЭД "Сведения о поступивших от юридических лиц платежах" № 14 ID= 1000224841. 
2024.05.22 16:16:34, Добавление строки. Связывание со входящим документом № 17 ЭД "Сведения о поступивших от юридических лиц платежах" № 14 ID= 1000224841. 
2024.05.22 16:16:42, Добавление строки. Связывание со входящим документом № 17 ЭД "Сведения о поступивших от юридических лиц платежах" № 14 ID= 1000224841. 
2024.05.22 16:16:49, Добавление строки. Связывание со входящим документом № 17 ЭД "Сведения о поступивших от юридических лиц платежах" № 14 ID= 1000224841. 
2024.05.22 16:16:56, Добавление строки. Связывание со входящим документом № 17 ЭД "Сведения о поступивших от юридических лиц платежах" № 14 ID= 1000224841. 
2024.05.22 16:17:03, Добавление строки. Связывание со входящим документом № 17 ЭД "Сведения о поступивших от юридических лиц платежах" № 14 ID= 1000224841. 
2024.05.22 16:17:10, Добавление строки. Связывание со входящим документом № 17 ЭД "Сведения о поступивших от юридических лиц платежах" № 14 ID= 1000224841. 
2024.05.22 16:17:18, Добавление строки. Связывание со входящим документом № 17 ЭД "Сведения о поступивших от юридических лиц платежах" № 14 ID= 1000224841. 
2024.05.22 16:17:25, Добавление строки. Связывание со входящим документом № 17 ЭД "Сведения о поступивших от юридических лиц платежах" № 14 ID= 1000224841. 
2024.05.22 16:17:32, Добавление строки. Связывание со входящим документом № 17 ЭД "Сведения о поступивших от юридических лиц платежах" № 14 ID= 1000224841. 
2024.05.22 16:17:39, Добавление строки. Связывание со входящим документом № 17 ЭД "Сведения о поступивших от юридических лиц платежах" № 14 ID= 1000224841. 
2024.05.22 16:17:47, Добавление строки. Связывание со входящим документом № 17 ЭД "Сведения о поступивших от юридических лиц платежах" № 14 ID= 1000224841. 
2024.05.22 16:17:54, Добавление строки. Связывание со входящим документом № 17 ЭД "Сведения о поступивших от юридических лиц платежах" № 14 ID= 1000224841. 
2024.05.22 16:18:02, Добавление строки. Связывание со входящим документом № 17 ЭД "Сведения о поступивших от юридических лиц платежах" № 14 ID= 1000224841. 
2024.05.22 16:18:09, Добавление строки. Связывание со входящим документом № 17 ЭД "Сведения о поступивших от юридических лиц платежах" № 14 ID= 1000224841. 
2024.05.22 16:18:16, Добавление строки. Связывание со входящим документом № 17 ЭД "Сведения о поступивших от юридических лиц платежах" № 14 ID= 1000224841. 
2024.05.22 16:18:23, Добавление строки. Связывание со входящим документом № 17 ЭД "Сведения о поступивших от юридических лиц платежах" № 14 ID= 1000224841. 
2024.05.22 16:18:30, Добавление строки. Связывание со входящим документом № 17 ЭД "Сведения о поступивших от юридических лиц платежах" № 14 ID= 1000224841. 
2024.05.22 16:18:37, Добавление строки. Связывание со входящим документом № 17 ЭД "Сведения о поступивших от юридических лиц платежах" № 14 ID= 1000224841. 
2024.05.22 16:18:45, Добавление строки. Связывание со входящим документом № 17 ЭД "Сведения о поступивших от юридических лиц платежах" № 14 ID= 1000224841. 
2024.05.22 16:18:52, Добавление строки. Связывание со входящим документом № 17 ЭД "Сведения о поступивших от юридических лиц платежах" № 14 ID= 1000224841. 
2024.05.22 16:18:59, Добавление строки. Связывание со входящим документом № 17 ЭД "Сведения о поступивших от юридических лиц платежах" № 14 ID= 1000224841. 
2024.05.22 16:19:06, Добавление строки. Связывание со входящим документом № 17 ЭД "Сведения о поступивших от юридических лиц платежах" № 14 ID= 1000224841. 
2024.05.22 16:19:13, Добавление строки. Связывание со входящим документом № 17 ЭД "Сведения о поступивших от юридических лиц платежах" № 14 ID= 1000224841. 
2024.05.22 16:19:21, Добавление строки. Связывание со входящим документом № 17 ЭД "Сведения о поступивших от юридических лиц платежах" № 14 ID= 1000224841. 
2024.05.22 16:19:28, Добавление строки. Связывание со входящим документом № 17 ЭД "Сведения о поступивших от юридических лиц платежах" № 14 ID= 1000224841. 
2024.05.22 16:19:35, Добавление строки. Связывание со входящим документом № 17 ЭД "Сведения о поступивших от юридических лиц платежах" № 14 ID= 1000224841. 
2024.05.22 16:19:43, Добавление строки. Связывание со входящим документом № 17 ЭД "Сведения о поступивших от юридических лиц платежах" № 14 ID= 1000224841. 
2024.05.22 16:19:50, Добавление строки. Связывание со входящим документом № 17 ЭД "Сведения о поступивших от юридических лиц платежах" № 14 ID= 1000224841. 
2024.05.22 16:19:57, Добавление строки. Связывание со входящим документом № 17 ЭД "Сведения о поступивших от юридических лиц платежах" № 14 ID= 1000224841. 
2024.05.22 16:20:04, Добавление строки. Связывание со входящим документом № 17 ЭД "Сведения о поступивших от юридических лиц платежах" № 14 ID= 1000224841. 
2024.05.22 16:20:11, Добавление строки. Связывание со входящим документом № 17 ЭД "Сведения о поступивших от юридических лиц платежах" № 14 ID= 1000224841. 
2024.05.22 16:20:19, Добавление строки. Связывание со входящим документом № 17 ЭД "Сведения о поступивших от юридических лиц платежах" № 14 ID= 1000224841. 
2024.05.22 16:20:26, Добавление строки. Связывание со входящим документом № 17 ЭД "Сведения о поступивших от юридических лиц платежах" № 14 ID= 1000224841. 
2024.05.22 16:20:33, Добавление строки. Связывание со входящим документом № 17 ЭД "Сведения о поступивших от юридических лиц платежах" № 14 ID= 1000224841. 
2024.05.22 16:20:41, Добавление строки. Связывание со входящим документом № 17 ЭД "Сведения о поступивших от юридических лиц платежах" № 14 ID= 1000224841. 
2024.05.22 16:20:48, Добавление строки. Связывание со входящим документом № 17 ЭД "Сведения о поступивших от юридических лиц платежах" № 14 ID= 1000224841. 
2024.05.22 16:20:55, Добавление строки. Связывание со входящим документом № 17 ЭД "Сведения о поступивших от юридических лиц платежах" № 14 ID= 1000224841. 
2024.05.22 16:21:02, Добавление строки. Связывание со входящим документом № 17 ЭД "Сведения о поступивших от юридических лиц платежах" № 14 ID= 1000224841. 
2024.05.22 16:21:10, Добавление строки. Связывание со входящим документом № 17 ЭД "Сведения о поступивших от юридических лиц платежах" № 14 ID= 1000224841. 
2024.05.22 16:21:17, Добавление строки. Связывание со входящим документом № 17 ЭД "Сведения о поступивших от юридических лиц платежах" № 14 ID= 1000224841. 
2024.05.22 16:21:24, Добавление строки. Связывание со входящим документом № 17 ЭД "Сведения о поступивших от юридических лиц платежах" № 14 ID= 1000224841. 
2024.05.22 16:21:31, Добавление строки. Связывание со входящим документом № 17 ЭД "Сведения о поступивших от юридических лиц платежах" № 14 ID= 1000224841. 
2024.05.22 16:21:39, Добавление строки. Связывание со входящим документом № 17 ЭД "Сведения о поступивших от юридических лиц платежах" № 14 ID= 1000224841. 
2024.05.22 16:21:46, Добавление строки. Связывание со входящим документом № 17 ЭД "Сведения о поступивших от юридических лиц платежах" № 14 ID= 1000224841. 
2024.05.22 16:21:53, Добавление строки. Связывание со входящим документом № 17 ЭД "Сведения о поступивших от юридических лиц платежах" № 14 ID= 1000224841. 
2024.05.22 16:22:00, Добавление строки. Связывание со входящим документом № 17 ЭД "Сведения о поступивших от юридических лиц платежах" № 14 ID= 1000224841. 
2024.05.22 16:22:08, Добавление строки. Связывание со входящим документом № 17 ЭД "Сведения о поступивших от юридических лиц платежах" № 14 ID= 1000224841. 
2024.05.22 16:22:15, Добавление строки. Связывание со входящим документом № 17 ЭД "Сведения о поступивших от юридических лиц платежах" № 14 ID= 1000224841. 
2024.05.22 16:22:23, Добавление строки. Связывание со входящим документом № 17 ЭД "Сведения о поступивших от юридических лиц платежах" № 14 ID= 1000224841. 
2024.05.22 16:22:30, Добавление строки. Связывание со входящим документом № 17 ЭД "Сведения о поступивших от юридических лиц платежах" № 14 ID= 1000224841. 
2024.05.22 16:22:37, Добавление строки. Связывание со входящим документом № 17 ЭД "Сведения о поступивших от юридических лиц платежах" № 14 ID= 1000224841. 
2024.05.22 16:22:44, Добавление строки. Связывание со входящим документом № 17 ЭД "Сведения о поступивших от юридических лиц платежах" № 14 ID= 1000224841. 
2024.05.22 16:22:52, Добавление строки. Связывание со входящим документом № 17 ЭД "Сведения о поступивших от юридических лиц платежах" № 14 ID= 1000224841. 
2024.05.22 16:22:59, Добавление строки. Связывание со входящим документом № 17 ЭД "Сведения о поступивших от юридических лиц платежах" № 14 ID= 1000224841. 
2024.05.22 16:23:06, Добавление строки. Связывание со входящим документом № 17 ЭД "Сведения о поступивших от юридических лиц платежах" № 14 ID= 1000224841. 
2024.05.22 16:23:13, Добавление строки. Связывание со входящим документом № 17 ЭД "Сведения о поступивших от юридических лиц платежах" № 14 ID= 1000224841. 
2024.05.22 16:23:21, Добавление строки. Связывание со входящим документом № 17 ЭД "Сведения о поступивших от юридических лиц платежах" № 14 ID= 1000224841. 
2024.05.22 16:23:28, Добавление строки. Связывание со входящим документом № 17 ЭД "Сведения о поступивших от юридических лиц платежах" № 14 ID= 1000224841. 
2024.05.22 16:23:35, Добавление строки. Связывание со входящим документом № 17 ЭД "Сведения о поступивших от юридических лиц платежах" № 14 ID= 1000224841. 
2024.05.22 16:23:42, Добавление строки. Связывание со входящим документом № 17 ЭД "Сведения о поступивших от юридических лиц платежах" № 14 ID= 1000224841. 
2024.05.22 16:23:50, Добавление строки. Связывание со входящим документом № 17 ЭД "Сведения о поступивших от юридических лиц платежах" № 14 ID= 1000224841. 
2024.05.22 16:23:57, Добавление строки. Связывание со входящим документом № 17 ЭД "Сведения о поступивших от юридических лиц платежах" № 14 ID= 1000224841. 
2024.05.22 16:24:04, Добавление строки. Связывание со входящим документом № 17 ЭД "Сведения о поступивших от юридических лиц платежах" № 14 ID= 1000224841. 
2024.05.22 16:24:12, Добавление строки. Связывание со входящим документом № 17 ЭД "Сведения о поступивших от юридических лиц платежах" № 14 ID= 1000224841. 
2024.05.22 16:24:19, Добавление строки. Связывание со входящим документом № 17 ЭД "Сведения о поступивших от юридических лиц платежах" № 14 ID= 1000224841. 
2024.05.22 16:24:26, Добавление строки. Связывание со входящим документом № 17 ЭД "Сведения о поступивших от юридических лиц платежах" № 14 ID= 1000224841. 
2024.05.22 16:24:34, Добавление строки. Связывание со входящим документом № 17 ЭД "Сведения о поступивших от юридических лиц платежах" № 14 ID= 1000224841. 
2024.05.22 16:24:41, Добавление строки. Связывание со входящим документом № 17 ЭД "Сведения о поступивших от юридических лиц платежах" № 14 ID= 1000224841. 
2024.05.22 16:24:49, Добавление строки. Связывание со входящим документом № 17 ЭД "Сведения о поступивших от юридических лиц платежах" № 14 ID= 1000224841. 
2024.05.22 16:24:56, Добавление строки. Связывание со входящим документом № 17 ЭД "Сведения о поступивших от юридических лиц платежах" № 14 ID= 1000224841. 
2024.05.22 16:25:03, Добавление строки. Связывание со входящим документом № 17 ЭД "Сведения о поступивших от юридических лиц платежах" № 14 ID= 1000224841. 
2024.05.22 16:25:11, Добавление строки. Связывание со входящим документом № 17 ЭД "Сведения о поступивших от юридических лиц платежах" № 14 ID= 1000224841. 
2024.05.22 16:25:18, Добавление строки. Связывание со входящим документом № 17 ЭД "Сведения о поступивших от юридических лиц платежах" № 14 ID= 1000224841. 
2024.05.22 16:25:26, Добавление строки. Связывание со входящим документом № 17 ЭД "Сведения о поступивших от юридических лиц платежах" № 14 ID= 1000224841. 
2024.05.22 16:25:34, Добавление строки. Связывание со входящим документом № 17 ЭД "Сведения о поступивших от юридических лиц платежах" № 14 ID= 1000224841. 
2024.05.22 16:25:41, Добавление строки. Связывание со входящим документом № 17 ЭД "Сведения о поступивших от юридических лиц платежах" № 14 ID= 1000224841. 
2024.05.22 16:25:48, Добавление строки. Связывание со входящим документом № 17 ЭД "Сведения о поступивших от юридических лиц платежах" № 14 ID= 1000224841. 
2024.05.22 16:25:55, Добавление строки. Связывание со входящим документом № 17 ЭД "Сведения о поступивших от юридических лиц платежах" № 14 ID= 1000224841. 
2024.05.22 16:26:02, Добавление строки. Связывание со входящим документом № 17 ЭД "Сведения о поступивших от юридических лиц платежах" № 14 ID= 1000224841. 
2024.05.22 16:26:10, Добавление строки. Связывание со входящим документом № 17 ЭД "Сведения о поступивших от юридических лиц платежах" № 14 ID= 1000224841. 
2024.05.22 16:26:17, Добавление строки. Связывание со входящим документом № 17 ЭД "Сведения о поступивших от юридических лиц платежах" № 14 ID= 1000224841. 
2024.05.22 16:26:25, Добавление строки. Связывание со входящим документом № 17 ЭД "Сведения о поступивших от юридических лиц платежах" № 14 ID= 1000224841. 
2024.05.22 16:26:32, Добавление строки. Связывание со входящим документом № 17 ЭД "Сведения о поступивших от юридических лиц платежах" № 14 ID= 1000224841. 
2024.05.22 16:26:40, Добавление строки. Связывание со входящим документом № 17 ЭД "Сведения о поступивших от юридических лиц платежах" № 14 ID= 1000224841. 
2024.05.22 16:26:47, Добавление строки. Связывание со входящим документом № 17 ЭД "Сведения о поступивших от юридических лиц платежах" № 14 ID= 1000224841. 
2024.05.22 16:26:55, Добавление строки. Связывание со входящим документом № 17 ЭД "Сведения о поступивших от юридических лиц платежах" № 14 ID= 1000224841. 
2024.05.22 16:27:02, Добавление строки. Связывание со входящим документом № 17 ЭД "Сведения о поступивших от юридических лиц платежах" № 14 ID= 1000224841. 
2024.05.22 16:27:10, Добавление строки. Связывание со входящим документом № 17 ЭД "Сведения о поступивших от юридических лиц платежах" № 14 ID= 1000224841. 
2024.05.22 16:27:17, Добавление строки. Связывание со входящим документом № 17 ЭД "Сведения о поступивших от юридических лиц платежах" № 14 ID= 1000224841. 
2024.05.22 16:27:24, Добавление строки. Связывание со входящим документом № 17 ЭД "Сведения о поступивших от юридических лиц платежах" № 14 ID= 1000224841. 
2024.05.22 16:27:32, Добавление строки. Связывание со входящим документом № 17 ЭД "Сведения о поступивших от юридических лиц платежах" № 14 ID= 1000224841. 
2024.05.22 16:27:39, Добавление строки. Связывание со входящим документом № 17 ЭД "Сведения о поступивших от юридических лиц платежах" № 14 ID= 1000224841. 
2024.05.22 16:27:46, Добавление строки. Связывание со входящим документом № 17 ЭД "Сведения о поступивших от юридических лиц платежах" № 14 ID= 1000224841. 
2024.05.22 16:27:54, Добавление строки. Связывание со входящим документом № 17 ЭД "Сведения о поступивших от юридических лиц платежах" № 14 ID= 1000224841. 
2024.05.22 16:28:01, Добавление строки. Связывание со входящим документом № 17 ЭД "Сведения о поступивших от юридических лиц платежах" № 14 ID= 1000224841. 
2024.05.22 16:28:08, Добавление строки. Связывание со входящим документом № 17 ЭД "Сведения о поступивших от юридических лиц платежах" № 14 ID= 1000224841. 
2024.05.22 16:28:16, Добавление строки. Связывание со входящим документом № 17 ЭД "Сведения о поступивших от юридических лиц платежах" № 14 ID= 1000224841. 
2024.05.22 16:28:23, Добавление строки. Связывание со входящим документом № 17 ЭД "Сведения о поступивших от юридических лиц платежах" № 14 ID= 1000224841. 
2024.05.22 16:28:31, Добавление строки. Связывание со входящим документом № 17 ЭД "Сведения о поступивших от юридических лиц платежах" № 14 ID= 1000224841. 
2024.05.22 16:28:38, Добавление строки. Связывание со входящим документом № 17 ЭД "Сведения о поступивших от юридических лиц платежах" № 14 ID= 1000224841. 
2024.05.22 16:28:45, Добавление строки. Связывание со входящим документом № 17 ЭД "Сведения о поступивших от юридических лиц платежах" № 14 ID= 1000224841. 
2024.05.22 16:28:53, Добавление строки. Связывание со входящим документом № 17 ЭД "Сведения о поступивших от юридических лиц платежах" № 14 ID= 1000224841. 
2024.05.22 16:29:00, Добавление строки. Связывание со входящим документом № 17 ЭД "Сведения о поступивших от юридических лиц платежах" № 14 ID= 1000224841. 
2024.05.22 16:29:08, Добавление строки. Связывание со входящим документом № 17 ЭД "Сведения о поступивших от юридических лиц платежах" № 14 ID= 1000224841. 
2024.05.22 16:29:15, Добавление строки. Связывание со входящим документом № 17 ЭД "Сведения о поступивших от юридических лиц платежах" № 14 ID= 1000224841. 
2024.05.22 16:29:22, Добавление строки. Связывание со входящим документом № 17 ЭД "Сведения о поступивших от юридических лиц платежах" № 14 ID= 1000224841. 
2024.05.22 16:29:30, Добавление строки. Связывание со входящим документом № 17 ЭД "Сведения о поступивших от юридических лиц платежах" № 14 ID= 1000224841. 
2024.05.22 16:29:37, Добавление строки. Связывание со входящим документом № 17 ЭД "Сведения о поступивших от юридических лиц платежах" № 14 ID= 1000224841. 
2024.05.22 16:29:45, Добавление строки. Связывание со входящим документом № 17 ЭД "Сведения о поступивших от юридических лиц платежах" № 14 ID= 1000224841. 
2024.05.22 16:29:52, Добавление строки. Связывание со входящим документом № 17 ЭД "Сведения о поступивших от юридических лиц платежах" № 14 ID= 1000224841. 
2024.05.22 16:29:59, Добавление строки. Связывание со входящим документом № 17 ЭД "Сведения о поступивших от юридических лиц платежах" № 14 ID= 1000224841. 
2024.05.22 16:30:07, Добавление строки. Связывание со входящим документом № 17 ЭД "Сведения о поступивших от юридических лиц платежах" № 14 ID= 1000224841. 
2024.05.22 16:30:15, Добавление строки. Связывание со входящим документом № 17 ЭД "Сведения о поступивших от юридических лиц платежах" № 14 ID= 1000224841. 
2024.05.22 16:30:25, Добавление строки. Связывание со входящим документом № 17 ЭД "Сведения о поступивших от юридических лиц платежах" № 14 ID= 1000224841. 
2024.05.22 16:30:32, Добавление строки. Связывание со входящим документом № 17 ЭД "Сведения о поступивших от юридических лиц платежах" № 14 ID= 1000224841. 
2024.05.22 16:30:40, Добавление строки. Связывание со входящим документом № 17 ЭД "Сведения о поступивших от юридических лиц платежах" № 14 ID= 1000224841. 
2024.05.22 16:30:47, Добавление строки. Связывание со входящим документом № 17 ЭД "Сведения о поступивших от юридических лиц платежах" № 14 ID= 1000224841. 
2024.05.22 16:30:55, Добавление строки. Связывание со входящим документом № 17 ЭД "Сведения о поступивших от юридических лиц платежах" № 14 ID= 1000224841. 
2024.05.22 16:31:03, Добавление строки. Связывание со входящим документом № 17 ЭД "Сведения о поступивших от юридических лиц платежах" № 14 ID= 1000224841. 
2024.05.22 16:31:11, Добавление строки. Связывание со входящим документом № 17 ЭД "Сведения о поступивших от юридических лиц платежах" № 14 ID= 1000224841. 
2024.05.22 16:31:18, Добавление строки. Связывание со входящим документом № 17 ЭД "Сведения о поступивших от юридических лиц платежах" № 14 ID= 1000224841. 
2024.05.22 16:31:26, Добавление строки. Связывание со входящим документом № 17 ЭД "Сведения о поступивших от юридических лиц платежах" № 14 ID= 1000224841. 
2024.05.22 16:31:33, Добавление строки. Связывание со входящим документом № 17 ЭД "Сведения о поступивших от юридических лиц платежах" № 14 ID= 1000224841. 
2024.05.22 16:31:41, Добавление строки. Связывание со входящим документом № 17 ЭД "Сведения о поступивших от юридических лиц платежах" № 14 ID= 1000224841. 
2024.05.22 16:31:48, Добавление строки. Связывание со входящим документом № 17 ЭД "Сведения о поступивших от юридических лиц платежах" № 14 ID= 1000224841. 
2024.05.22 16:31:56, Добавление строки. Связывание со входящим документом № 17 ЭД "Сведения о поступивших от юридических лиц платежах" № 14 ID= 1000224841. 
2024.05.22 16:32:03, Добавление строки. Связывание со входящим документом № 17 ЭД "Сведения о поступивших от юридических лиц платежах" № 14 ID= 1000224841. 
2024.05.22 16:32:11, Добавление строки. Связывание со входящим документом № 17 ЭД "Сведения о поступивших от юридических лиц платежах" № 14 ID= 1000224841. 
2024.05.22 16:32:18, Добавление строки. Связывание со входящим документом № 17 ЭД "Сведения о поступивших от юридических лиц платежах" № 14 ID= 1000224841. 
2024.05.22 16:32:25, Добавление строки. Связывание со входящим документом № 17 ЭД "Сведения о поступивших от юридических лиц платежах" № 14 ID= 1000224841. 
2024.05.22 16:32:33, Добавление строки. Связывание со входящим документом № 17 ЭД "Сведения о поступивших от юридических лиц платежах" № 14 ID= 1000224841. 
2024.05.22 16:32:41, Добавление строки. Связывание со входящим документом № 17 ЭД "Сведения о поступивших от юридических лиц платежах" № 14 ID= 1000224841. 
2024.05.22 16:32:48, Добавление строки. Связывание со входящим документом № 17 ЭД "Сведения о поступивших от юридических лиц платежах" № 14 ID= 1000224841. 
2024.05.22 16:32:55, Добавление строки. Связывание со входящим документом № 17 ЭД "Сведения о поступивших от юридических лиц платежах" № 14 ID= 1000224841. 
2024.05.22 16:33:03, Добавление строки. Связывание со входящим документом № 17 ЭД "Сведения о поступивших от юридических лиц платежах" № 14 ID= 1000224841. 
2024.05.22 16:33:10, Добавление строки. Связывание со входящим документом № 17 ЭД "Сведения о поступивших от юридических лиц платежах" № 14 ID= 1000224841. 
2024.05.22 16:33:18, Добавление строки. Связывание со входящим документом № 17 ЭД "Сведения о поступивших от юридических лиц платежах" № 14 ID= 1000224841. 
2024.05.22 16:33:25, Добавление строки. Связывание со входящим документом № 17 ЭД "Сведения о поступивших от юридических лиц платежах" № 14 ID= 1000224841. 
2024.05.22 16:33:33, Добавление строки. Связывание со входящим документом № 17 ЭД "Сведения о поступивших от юридических лиц платежах" № 14 ID= 1000224841. 
2024.05.22 16:33:40, Добавление строки. Связывание со входящим документом № 17 ЭД "Сведения о поступивших от юридических лиц платежах" № 14 ID= 1000224841. 
2024.05.22 16:33:48, Добавление строки. Связывание со входящим документом № 17 ЭД "Сведения о поступивших от юридических лиц платежах" № 14 ID= 1000224841. 
2024.05.22 16:33:56, Добавление строки. Связывание со входящим документом № 17 ЭД "Сведения о поступивших от юридических лиц платежах" № 14 ID= 1000224841. 
2024.05.22 16:34:03, Добавление строки. Связывание со входящим документом № 17 ЭД "Сведения о поступивших от юридических лиц платежах" № 14 ID= 1000224841. 
2024.05.22 16:34:11, Добавление строки. Связывание со входящим документом № 17 ЭД "Сведения о поступивших от юридических лиц платежах" № 14 ID= 1000224841. 
2024.05.22 16:34:18, Добавление строки. Связывание со входящим документом № 17 ЭД "Сведения о поступивших от юридических лиц платежах" № 14 ID= 1000224841. 
2024.05.22 16:34:26, Добавление строки. Связывание со входящим документом № 17 ЭД "Сведения о поступивших от юридических лиц платежах" № 14 ID= 1000224841. 
2024.05.22 16:34:33, Добавление строки. Связывание со входящим документом № 17 ЭД "Сведения о поступивших от юридических лиц платежах" № 14 ID= 1000224841. 
2024.05.22 16:34:41, Добавление строки. Связывание со входящим документом № 17 ЭД "Сведения о поступивших от юридических лиц платежах" № 14 ID= 1000224841. 
2024.05.22 16:34:48, Добавление строки. Связывание со входящим документом № 17 ЭД "Сведения о поступивших от юридических лиц платежах" № 14 ID= 1000224841. 
2024.05.22 16:34:55, Добавление строки. Связывание со входящим документом № 17 ЭД "Сведения о поступивших от юридических лиц платежах" № 14 ID= 1000224841. 
2024.05.22 16:35:03, Добавление строки. Связывание со входящим документом № 17 ЭД "Сведения о поступивших от юридических лиц платежах" № 14 ID= 1000224841. 
2024.05.22 16:35:11, Добавление строки. Связывание со входящим документом № 17 ЭД "Сведения о поступивших от юридических лиц платежах" № 14 ID= 1000224841. 
2024.05.22 16:35:21, Добавление строки. Связывание со входящим документом № 17 ЭД "Сведения о поступивших от юридических лиц платежах" № 14 ID= 1000224841. 
2024.05.22 16:35:30, Добавление строки. Связывание со входящим документом № 17 ЭД "Сведения о поступивших от юридических лиц платежах" № 14 ID= 1000224841. 
2024.05.22 16:35:37, Добавление строки. Связывание со входящим документом № 17 ЭД "Сведения о поступивших от юридических лиц платежах" № 14 ID= 1000224841. 
2024.05.22 16:35:44, Добавление строки. Связывание со входящим документом № 17 ЭД "Сведения о поступивших от юридических лиц платежах" № 14 ID= 1000224841. 
2024.05.22 16:35:54, Добавление строки. Связывание со входящим документом № 17 ЭД "Сведения о поступивших от юридических лиц платежах" № 14 ID= 1000224841. 
2024.05.22 16:36:01, Добавление строки. Связывание со входящим документом № 17 ЭД "Сведения о поступивших от юридических лиц платежах" № 14 ID= 1000224841. 
2024.05.22 16:36:09, Добавление строки. Связывание со входящим документом № 17 ЭД "Сведения о поступивших от юридических лиц платежах" № 14 ID= 1000224841. 
2024.05.22 16:36:17, Добавление строки. Связывание со входящим документом № 17 ЭД "Сведения о поступивших от юридических лиц платежах" № 14 ID= 1000224841. 
2024.05.22 16:36:24, Добавление строки. Связывание со входящим документом № 17 ЭД "Сведения о поступивших от юридических лиц платежах" № 14 ID= 1000224841. 
2024.05.22 16:36:32, Добавление строки. Связывание со входящим документом № 17 ЭД "Сведения о поступивших от юридических лиц платежах" № 14 ID= 1000224841. 
2024.05.22 16:36:39, Добавление строки. Связывание со входящим документом № 17 ЭД "Сведения о поступивших от юридических лиц платежах" № 14 ID= 1000224841. 
2024.05.22 16:36:47, Добавление строки. Связывание со входящим документом № 17 ЭД "Сведения о поступивших от юридических лиц платежах" № 14 ID= 1000224841. 
2024.05.22 16:36:54, Добавление строки. Связывание со входящим документом № 17 ЭД "Сведения о поступивших от юридических лиц платежах" № 14 ID= 1000224841. 
2024.05.22 16:37:02, Добавление строки. Связывание со входящим документом № 17 ЭД "Сведения о поступивших от юридических лиц платежах" № 14 ID= 1000224841. 
2024.05.22 16:37:10, Добавление строки. Связывание со входящим документом № 17 ЭД "Сведения о поступивших от юридических лиц платежах" № 14 ID= 1000224841. 
2024.05.22 16:37:18, Добавление строки. Связывание со входящим документом № 17 ЭД "Сведения о поступивших от юридических лиц платежах" № 14 ID= 1000224841. 
2024.05.22 16:37:26, Добавление строки. Связывание со входящим документом № 17 ЭД "Сведения о поступивших от юридических лиц платежах" № 14 ID= 1000224841. 
2024.05.22 16:37:33, Добавление строки. Связывание со входящим документом № 17 ЭД "Сведения о поступивших от юридических лиц платежах" № 14 ID= 1000224841. 
2024.05.22 16:37:41, Добавление строки. Связывание со входящим документом № 17 ЭД "Сведения о поступивших от юридических лиц платежах" № 14 ID= 1000224841. 
2024.05.22 16:37:50, Добавление строки. Связывание со входящим документом № 17 ЭД "Сведения о поступивших от юридических лиц платежах" № 14 ID= 1000224841. 
2024.05.22 16:37:58, Добавление строки. Связывание со входящим документом № 17 ЭД "Сведения о поступивших от юридических лиц платежах" № 14 ID= 1000224841. 
2024.05.22 16:38:06, Добавление строки. Связывание со входящим документом № 17 ЭД "Сведения о поступивших от юридических лиц платежах" № 14 ID= 1000224841. 
2024.05.22 16:38:15, Добавление строки. Связывание со входящим документом № 17 ЭД "Сведения о поступивших от юридических лиц платежах" № 14 ID= 1000224841. 
2024.05.22 16:38:25, Добавление строки. Связывание со входящим документом № 17 ЭД "Сведения о поступивших от юридических лиц платежах" № 14 ID= 1000224841. 
2024.05.22 16:38:33, Добавление строки. Связывание со входящим документом № 17 ЭД "Сведения о поступивших от юридических лиц платежах" № 14 ID= 1000224841. 
2024.05.22 16:38:41, Добавление строки. Связывание со входящим документом № 17 ЭД "Сведения о поступивших от юридических лиц платежах" № 14 ID= 1000224841. 
2024.05.22 16:38:49, Добавление строки. Связывание со входящим документом № 17 ЭД "Сведения о поступивших от юридических лиц платежах" № 14 ID= 1000224841. 
2024.05.22 16:38:56, Добавление строки. Связывание со входящим документом № 17 ЭД "Сведения о поступивших от юридических лиц платежах" № 14 ID= 1000224841. 
2024.05.22 16:39:04, Добавление строки. Связывание со входящим документом № 17 ЭД "Сведения о поступивших от юридических лиц платежах" № 14 ID= 1000224841. 
2024.05.22 16:39:12, Добавление строки. Связывание со входящим документом № 17 ЭД "Сведения о поступивших от юридических лиц платежах" № 14 ID= 1000224841. 
2024.05.22 16:39:20, Добавление строки. Связывание со входящим документом № 17 ЭД "Сведения о поступивших от юридических лиц платежах" № 14 ID= 1000224841. 
2024.05.22 16:39:27, Добавление строки. Связывание со входящим документом № 17 ЭД "Сведения о поступивших от юридических лиц платежах" № 14 ID= 1000224841. 
2024.05.22 16:39:35, Добавление строки. Связывание со входящим документом № 17 ЭД "Сведения о поступивших от юридических лиц платежах" № 14 ID= 1000224841. 
2024.05.22 16:39:42, Добавление строки. Связывание со входящим документом № 17 ЭД "Сведения о поступивших от юридических лиц платежах" № 14 ID= 1000224841. 
2024.05.22 16:39:50, Добавление строки. Связывание со входящим документом № 17 ЭД "Сведения о поступивших от юридических лиц платежах" № 14 ID= 1000224841. 
2024.05.22 16:39:58, Добавление строки. Связывание со входящим документом № 17 ЭД "Сведения о поступивших от юридических лиц платежах" № 14 ID= 1000224841. 
2024.05.22 16:40:06, Добавление строки. Связывание со входящим документом № 17 ЭД "Сведения о поступивших от юридических лиц платежах" № 14 ID= 1000224841. 
2024.05.22 16:40:13, Добавление строки. Связывание со входящим документом № 17 ЭД "Сведения о поступивших от юридических лиц платежах" № 14 ID= 1000224841. 
2024.05.22 16:40:21, Добавление строки. Связывание со входящим документом № 17 ЭД "Сведения о поступивших от юридических лиц платежах" № 14 ID= 1000224841. 
2024.05.22 16:40:29, Добавление строки. Связывание со входящим документом № 17 ЭД "Сведения о поступивших от юридических лиц платежах" № 14 ID= 1000224841. 
2024.05.22 16:40:37, Добавление строки. Связывание со входящим документом № 17 ЭД "Сведения о поступивших от юридических лиц платежах" № 14 ID= 1000224841. 
2024.05.22 16:40:44, Добавление строки. Связывание со входящим документом № 17 ЭД "Сведения о поступивших от юридических лиц платежах" № 14 ID= 1000224841. 
2024.05.22 16:40:52, Добавление строки. Связывание со входящим документом № 17 ЭД "Сведения о поступивших от юридических лиц платежах" № 14 ID= 1000224841. 
2024.05.22 16:41:00, Добавление строки. Связывание со входящим документом № 17 ЭД "Сведения о поступивших от юридических лиц платежах" № 14 ID= 1000224841. 
2024.05.22 16:41:07, Добавление строки. Связывание со входящим документом № 17 ЭД "Сведения о поступивших от юридических лиц платежах" № 14 ID= 1000224841. 
2024.05.22 16:41:15, Добавление строки. Связывание со входящим документом № 17 ЭД "Сведения о поступивших от юридических лиц платежах" № 14 ID= 1000224841. 
2024.05.22 16:41:23, Добавление строки. Связывание со входящим документом № 17 ЭД "Сведения о поступивших от юридических лиц платежах" № 14 ID= 1000224841. 
2024.05.22 16:41:30, Добавление строки. Связывание со входящим документом № 17 ЭД "Сведения о поступивших от юридических лиц платежах" № 14 ID= 1000224841. 
2024.05.22 16:41:38, Добавление строки. Связывание со входящим документом № 17 ЭД "Сведения о поступивших от юридических лиц платежах" № 14 ID= 1000224841. 
2024.05.22 16:41:46, Добавление строки. Связывание со входящим документом № 17 ЭД "Сведения о поступивших от юридических лиц платежах" № 14 ID= 1000224841. 
2024.05.22 16:41:53, Добавление строки. Связывание со входящим документом № 17 ЭД "Сведения о поступивших от юридических лиц платежах" № 14 ID= 1000224841. 
2024.05.22 16:42:01, Добавление строки. Связывание со входящим документом № 17 ЭД "Сведения о поступивших от юридических лиц платежах" № 14 ID= 1000224841. 
2024.05.22 16:42:09, Добавление строки. Связывание со входящим документом № 17 ЭД "Сведения о поступивших от юридических лиц платежах" № 14 ID= 1000224841. 
2024.05.22 16:42:17, Добавление строки. Связывание со входящим документом № 17 ЭД "Сведения о поступивших от юридических лиц платежах" № 14 ID= 1000224841. 
2024.05.22 16:42:25, Добавление строки. Связывание со входящим документом № 17 ЭД "Сведения о поступивших от юридических лиц платежах" № 14 ID= 1000224841. 
2024.05.22 16:42:33, Добавление строки. Связывание со входящим документом № 17 ЭД "Сведения о поступивших от юридических лиц платежах" № 14 ID= 1000224841. 
2024.05.22 16:42:41, Добавление строки. Связывание со входящим документом № 17 ЭД "Сведения о поступивших от юридических лиц платежах" № 14 ID= 1000224841. 
2024.05.22 16:42:48, Добавление строки. Связывание со входящим документом № 17 ЭД "Сведения о поступивших от юридических лиц платежах" № 14 ID= 1000224841. 
2024.05.22 16:42:56, Добавление строки. Связывание со входящим документом № 17 ЭД "Сведения о поступивших от юридических лиц платежах" № 14 ID= 1000224841. 
2024.05.22 16:43:04, Добавление строки. Связывание со входящим документом № 17 ЭД "Сведения о поступивших от юридических лиц платежах" № 14 ID= 1000224841. 
2024.05.22 16:43:11, Добавление строки. Связывание со входящим документом № 17 ЭД "Сведения о поступивших от юридических лиц платежах" № 14 ID= 1000224841. 
2024.05.22 16:43:19, Добавление строки. Связывание со входящим документом № 17 ЭД "Сведения о поступивших от юридических лиц платежах" № 14 ID= 1000224841. 
2024.05.22 16:43:27, Добавление строки. Связывание со входящим документом № 17 ЭД "Сведения о поступивших от юридических лиц платежах" № 14 ID= 1000224841. 
2024.05.22 16:43:34, Добавление строки. Связывание со входящим документом № 17 ЭД "Сведения о поступивших от юридических лиц платежах" № 14 ID= 1000224841. 
2024.05.22 16:43:42, Добавление строки. Связывание со входящим документом № 17 ЭД "Сведения о поступивших от юридических лиц платежах" № 14 ID= 1000224841. 
2024.05.22 16:43:49, Добавление строки. Связывание со входящим документом № 17 ЭД "Сведения о поступивших от юридических лиц платежах" № 14 ID= 1000224841. 
2024.05.22 16:43:57, Добавление строки. Связывание со входящим документом № 17 ЭД "Сведения о поступивших от юридических лиц платежах" № 14 ID= 1000224841. 
2024.05.22 16:44:05, Добавление строки. Связывание со входящим документом № 17 ЭД "Сведения о поступивших от юридических лиц платежах" № 14 ID= 1000224841. 
2024.05.22 16:44:12, Добавление строки. Связывание со входящим документом № 17 ЭД "Сведения о поступивших от юридических лиц платежах" № 14 ID= 1000224841. 
2024.05.22 16:44:20, Добавление строки. Связывание со входящим документом № 17 ЭД "Сведения о поступивших от юридических лиц платежах" № 14 ID= 1000224841. 
2024.05.22 16:44:28, Добавление строки. Связывание со входящим документом № 17 ЭД "Сведения о поступивших от юридических лиц платежах" № 14 ID= 1000224841. 
2024.05.22 16:44:36, Добавление строки. Связывание со входящим документом № 17 ЭД "Сведения о поступивших от юридических лиц платежах" № 14 ID= 1000224841. 
2024.05.22 16:44:43, Добавление строки. Связывание со входящим документом № 17 ЭД "Сведения о поступивших от юридических лиц платежах" № 14 ID= 1000224841. 
2024.05.22 16:44:51, Добавление строки. Связывание со входящим документом № 17 ЭД "Сведения о поступивших от юридических лиц платежах" № 14 ID= 1000224841. 
2024.05.22 16:44:59, Добавление строки. Связывание со входящим документом № 17 ЭД "Сведения о поступивших от юридических лиц платежах" № 14 ID= 1000224841. 
2024.05.22 16:45:07, Добавление строки. Связывание со входящим документом № 17 ЭД "Сведения о поступивших от юридических лиц платежах" № 14 ID= 1000224841. 
2024.05.22 16:45:14, Добавление строки. Связывание со входящим документом № 17 ЭД "Сведения о поступивших от юридических лиц платежах" № 14 ID= 1000224841. 
2024.05.22 16:45:22, Добавление строки. Связывание со входящим документом № 17 ЭД "Сведения о поступивших от юридических лиц платежах" № 14 ID= 1000224841. 
2024.05.22 16:45:30, Добавление строки. Связывание со входящим документом № 17 ЭД "Сведения о поступивших от юридических лиц платежах" № 14 ID= 1000224841. 
2024.05.22 16:45:38, Добавление строки. Связывание со входящим документом № 17 ЭД "Сведения о поступивших от юридических лиц платежах" № 14 ID= 1000224841. 
2024.05.22 16:45:46, Добавление строки. Связывание со входящим документом № 17 ЭД "Сведения о поступивших от юридических лиц платежах" № 14 ID= 1000224841. 
2024.05.22 16:45:54, Добавление строки. Связывание со входящим документом № 17 ЭД "Сведения о поступивших от юридических лиц платежах" № 14 ID= 1000224841. 
2024.05.22 16:46:02, Добавление строки. Связывание со входящим документом № 17 ЭД "Сведения о поступивших от юридических лиц платежах" № 14 ID= 1000224841. 
2024.05.22 16:46:09, Добавление строки. Связывание со входящим документом № 17 ЭД "Сведения о поступивших от юридических лиц платежах" № 14 ID= 1000224841. 
2024.05.22 16:46:17, Добавление строки. Связывание со входящим документом № 17 ЭД "Сведения о поступивших от юридических лиц платежах" № 14 ID= 1000224841. 
2024.05.22 16:46:25, Добавление строки. Связывание со входящим документом № 17 ЭД "Сведения о поступивших от юридических лиц платежах" № 14 ID= 1000224841. 
2024.05.22 16:46:33, Добавление строки. Связывание со входящим документом № 17 ЭД "Сведения о поступивших от юридических лиц платежах" № 14 ID= 1000224841. 
2024.05.22 16:46:41, Добавление строки. Связывание со входящим документом № 17 ЭД "Сведения о поступивших от юридических лиц платежах" № 14 ID= 1000224841. 
2024.05.22 16:46:49, Добавление строки. Связывание со входящим документом № 17 ЭД "Сведения о поступивших от юридических лиц платежах" № 14 ID= 1000224841. 
2024.05.22 16:46:57, Добавление строки. Связывание со входящим документом № 17 ЭД "Сведения о поступивших от юридических лиц платежах" № 14 ID= 1000224841. 
2024.05.22 16:47:04, Добавление строки. Связывание со входящим документом № 17 ЭД "Сведения о поступивших от юридических лиц платежах" № 14 ID= 1000224841. 
2024.05.22 16:47:12, Добавление строки. Связывание со входящим документом № 17 ЭД "Сведения о поступивших от юридических лиц платежах" № 14 ID= 1000224841. 
2024.05.22 16:47:20, Добавление строки. Связывание со входящим документом № 17 ЭД "Сведения о поступивших от юридических лиц платежах" № 14 ID= 1000224841. 
2024.05.22 16:47:28, Добавление строки. Связывание со входящим документом № 17 ЭД "Сведения о поступивших от юридических лиц платежах" № 14 ID= 1000224841. 
2024.05.22 16:47:35, Добавление строки. Связывание со входящим документом № 17 ЭД "Сведения о поступивших от юридических лиц платежах" № 14 ID= 1000224841. 
2024.05.22 16:47:43, Добавление строки. Связывание со входящим документом № 17 ЭД "Сведения о поступивших от юридических лиц платежах" № 14 ID= 1000224841. 
2024.05.22 16:47:51, Добавление строки. Связывание со входящим документом № 17 ЭД "Сведения о поступивших от юридических лиц платежах" № 14 ID= 1000224841. 
2024.05.22 16:47:58, Добавление строки. Связывание со входящим документом № 17 ЭД "Сведения о поступивших от юридических лиц платежах" № 14 ID= 1000224841. 
2024.05.22 16:48:06, Добавление строки. Связывание со входящим документом № 17 ЭД "Сведения о поступивших от юридических лиц платежах" № 14 ID= 1000224841. 
2024.05.22 16:48:14, Добавление строки. Связывание со входящим документом № 17 ЭД "Сведения о поступивших от юридических лиц платежах" № 14 ID= 1000224841. 
2024.05.22 16:48:21, Добавление строки. Связывание со входящим документом № 17 ЭД "Сведения о поступивших от юридических лиц платежах" № 14 ID= 1000224841. 
2024.05.22 16:48:29, Добавление строки. Связывание со входящим документом № 17 ЭД "Сведения о поступивших от юридических лиц платежах" № 14 ID= 1000224841. 
2024.05.22 16:48:37, Добавление строки. Связывание со входящим документом № 17 ЭД "Сведения о поступивших от юридических лиц платежах" № 14 ID= 1000224841. 
2024.05.22 16:48:45, Добавление строки. Связывание со входящим документом № 17 ЭД "Сведения о поступивших от юридических лиц платежах" № 14 ID= 1000224841. 
2024.05.22 16:48:53, Добавление строки. Связывание со входящим документом № 17 ЭД "Сведения о поступивших от юридических лиц платежах" № 14 ID= 1000224841. 
2024.05.22 16:49:01, Добавление строки. Связывание со входящим документом № 17 ЭД "Сведения о поступивших от юридических лиц платежах" № 14 ID= 1000224841. 
2024.05.22 16:49:08, Добавление строки. Связывание со входящим документом № 17 ЭД "Сведения о поступивших от юридических лиц платежах" № 14 ID= 1000224841. 
2024.05.22 16:49:16, Добавление строки. Связывание со входящим документом № 17 ЭД "Сведения о поступивших от юридических лиц платежах" № 14 ID= 1000224841. 
2024.05.22 16:49:24, Добавление строки. Связывание со входящим документом № 17 ЭД "Сведения о поступивших от юридических лиц платежах" № 14 ID= 1000224841. 
2024.05.22 16:49:32, Добавление строки. Связывание со входящим документом № 17 ЭД "Сведения о поступивших от юридических лиц платежах" № 14 ID= 1000224841. 
2024.05.22 16:49:39, Добавление строки. Связывание со входящим документом № 17 ЭД "Сведения о поступивших от юридических лиц платежах" № 14 ID= 1000224841. 
2024.05.22 16:49:47, Добавление строки. Связывание со входящим документом № 17 ЭД "Сведения о поступивших от юридических лиц платежах" № 14 ID= 1000224841. 
2024.05.22 16:49:55, Добавление строки. Связывание со входящим документом № 17 ЭД "Сведения о поступивших от юридических лиц платежах" № 14 ID= 1000224841. 
2024.05.22 16:50:03, Добавление строки. Связывание со входящим документом № 17 ЭД "Сведения о поступивших от юридических лиц платежах" № 14 ID= 1000224841. 
2024.05.22 16:50:10, Добавление строки. Связывание со входящим документом № 17 ЭД "Сведения о поступивших от юридических лиц платежах" № 14 ID= 1000224841. 
2024.05.22 16:50:18, Добавление строки. Связывание со входящим документом № 17 ЭД "Сведения о поступивших от юридических лиц платежах" № 14 ID= 1000224841. 
2024.05.22 16:50:26, Добавление строки. Связывание со входящим документом № 17 ЭД "Сведения о поступивших от юридических лиц платежах" № 14 ID= 1000224841. 
2024.05.22 16:50:34, Добавление строки. Связывание со входящим документом № 17 ЭД "Сведения о поступивших от юридических лиц платежах" № 14 ID= 1000224841. 
2024.05.22 16:50:42, Добавление строки. Связывание со входящим документом № 17 ЭД "Сведения о поступивших от юридических лиц платежах" № 14 ID= 1000224841. 
2024.05.22 16:50:50, Добавление строки. Связывание со входящим документом № 17 ЭД "Сведения о поступивших от юридических лиц платежах" № 14 ID= 1000224841. 
2024.05.22 16:50:58, Добавление строки. Связывание со входящим документом № 17 ЭД "Сведения о поступивших от юридических лиц платежах" № 14 ID= 1000224841. 
2024.05.22 16:51:06, Добавление строки. Связывание со входящим документом № 17 ЭД "Сведения о поступивших от юридических лиц платежах" № 14 ID= 1000224841. 
2024.05.22 16:51:13, Добавление строки. Связывание со входящим документом № 17 ЭД "Сведения о поступивших от юридических лиц платежах" № 14 ID= 1000224841. 
2024.05.22 16:51:21, Добавление строки. Связывание со входящим документом № 17 ЭД "Сведения о поступивших от юридических лиц платежах" № 14 ID= 1000224841. 
2024.05.22 16:51:29, Добавление строки. Связывание со входящим документом № 17 ЭД "Сведения о поступивших от юридических лиц платежах" № 14 ID= 1000224841. 
2024.05.22 16:51:37, Добавление строки. Связывание со входящим документом № 17 ЭД "Сведения о поступивших от юридических лиц платежах" № 14 ID= 1000224841. 
2024.05.22 16:51:44, Добавление строки. Связывание со входящим документом № 17 ЭД "Сведения о поступивших от юридических лиц платежах" № 14 ID= 1000224841. 
2024.05.22 16:51:52, Добавление строки. Связывание со входящим документом № 17 ЭД "Сведения о поступивших от юридических лиц платежах" № 14 ID= 1000224841. 
2024.05.22 16:52:00, Добавление строки. Связывание со входящим документом № 17 ЭД "Сведения о поступивших от юридических лиц платежах" № 14 ID= 1000224841. 
2024.05.22 16:52:08, Добавление строки. Связывание со входящим документом № 17 ЭД "Сведения о поступивших от юридических лиц платежах" № 14 ID= 1000224841. 
2024.05.22 16:52:16, Добавление строки. Связывание со входящим документом № 17 ЭД "Сведения о поступивших от юридических лиц платежах" № 14 ID= 1000224841. 
2024.05.22 16:52:24, Добавление строки. Связывание со входящим документом № 17 ЭД "Сведения о поступивших от юридических лиц платежах" № 14 ID= 1000224841. 
2024.05.22 16:52:32, Добавление строки. Связывание со входящим документом № 17 ЭД "Сведения о поступивших от юридических лиц платежах" № 14 ID= 1000224841. 
2024.05.22 16:52:40, Добавление строки. Связывание со входящим документом № 17 ЭД "Сведения о поступивших от юридических лиц платежах" № 14 ID= 1000224841. 
2024.05.22 16:52:48, Добавление строки. Связывание со входящим документом № 17 ЭД "Сведения о поступивших от юридических лиц платежах" № 14 ID= 1000224841. 
2024.05.22 16:52:56, Добавление строки. Связывание со входящим документом № 17 ЭД "Сведения о поступивших от юридических лиц платежах" № 14 ID= 1000224841. 
2024.05.22 16:53:04, Добавление строки. Связывание со входящим документом № 17 ЭД "Сведения о поступивших от юридических лиц платежах" № 14 ID= 1000224841. 
2024.05.22 16:53:12, Добавление строки. Связывание со входящим документом № 17 ЭД "Сведения о поступивших от юридических лиц платежах" № 14 ID= 1000224841. 
2024.05.22 16:53:20, Добавление строки. Связывание со входящим документом № 17 ЭД "Сведения о поступивших от юридических лиц платежах" № 14 ID= 1000224841. 
2024.05.22 16:53:27, Добавление строки. Связывание со входящим документом № 17 ЭД "Сведения о поступивших от юридических лиц платежах" № 14 ID= 1000224841. 
2024.05.22 16:53:35, Добавление строки. Связывание со входящим документом № 17 ЭД "Сведения о поступивших от юридических лиц платежах" № 14 ID= 1000224841. 
2024.05.22 16:53:43, Добавление строки. Связывание со входящим документом № 17 ЭД "Сведения о поступивших от юридических лиц платежах" № 14 ID= 1000224841. 
2024.05.22 16:53:51, Добавление строки. Связывание со входящим документом № 17 ЭД "Сведения о поступивших от юридических лиц платежах" № 14 ID= 1000224841. 
2024.05.22 16:53:58, Добавление строки. Связывание со входящим документом № 17 ЭД "Сведения о поступивших от юридических лиц платежах" № 14 ID= 1000224841. 
2024.05.22 16:54:06, Добавление строки. Связывание со входящим документом № 17 ЭД "Сведения о поступивших от юридических лиц платежах" № 14 ID= 1000224841. 
2024.05.22 16:54:14, Добавление строки. Связывание со входящим документом № 17 ЭД "Сведения о поступивших от юридических лиц платежах" № 14 ID= 1000224841. 
2024.05.22 16:54:23, Добавление строки. Связывание со входящим документом № 17 ЭД "Сведения о поступивших от юридических лиц платежах" № 14 ID= 1000224841. 
2024.05.22 16:54:31, Добавление строки. Связывание со входящим документом № 17 ЭД "Сведения о поступивших от юридических лиц платежах" № 14 ID= 1000224841. 
2024.05.22 16:54:39, Добавление строки. Связывание со входящим документом № 17 ЭД "Сведения о поступивших от юридических лиц платежах" № 14 ID= 1000224841. 
2024.05.22 16:54:47, Добавление строки. Связывание со входящим документом № 17 ЭД "Сведения о поступивших от юридических лиц платежах" № 14 ID= 1000224841. 
2024.05.22 16:54:55, Добавление строки. Связывание со входящим документом № 17 ЭД "Сведения о поступивших от юридических лиц платежах" № 14 ID= 1000224841. 
2024.05.22 16:55:03, Добавление строки. Связывание со входящим документом № 17 ЭД "Сведения о поступивших от юридических лиц платежах" № 14 ID= 1000224841. 
2024.05.22 16:55:11, Добавление строки. Связывание со входящим документом № 17 ЭД "Сведения о поступивших от юридических лиц платежах" № 14 ID= 1000224841. 
2024.05.22 16:55:19, Добавление строки. Связывание со входящим документом № 17 ЭД "Сведения о поступивших от юридических лиц платежах" № 14 ID= 1000224841. 
2024.05.22 16:55:26, Добавление строки. Связывание со входящим документом № 17 ЭД "Сведения о поступивших от юридических лиц платежах" № 14 ID= 1000224841. 
2024.05.22 16:55:34, Добавление строки. Связывание со входящим документом № 17 ЭД "Сведения о поступивших от юридических лиц платежах" № 14 ID= 1000224841. 
2024.05.22 16:55:42, Добавление строки. Связывание со входящим документом № 17 ЭД "Сведения о поступивших от юридических лиц платежах" № 14 ID= 1000224841. 
2024.05.22 16:55:50, Добавление строки. Связывание со входящим документом № 17 ЭД "Сведения о поступивших от юридических лиц платежах" № 14 ID= 1000224841. 
2024.05.22 16:55:58, Добавление строки. Связывание со входящим документом № 17 ЭД "Сведения о поступивших от юридических лиц платежах" № 14 ID= 1000224841. 
2024.05.22 16:56:07, Добавление строки. Связывание со входящим документом № 17 ЭД "Сведения о поступивших от юридических лиц платежах" № 14 ID= 1000224841. 
2024.05.22 16:56:15, Добавление строки. Связывание со входящим документом № 17 ЭД "Сведения о поступивших от юридических лиц платежах" № 14 ID= 1000224841. 
2024.05.22 16:56:22, Добавление строки. Связывание со входящим документом № 17 ЭД "Сведения о поступивших от юридических лиц платежах" № 14 ID= 1000224841. 
2024.05.22 16:56:30, Добавление строки. Связывание со входящим документом № 17 ЭД "Сведения о поступивших от юридических лиц платежах" № 14 ID= 1000224841. 
2024.05.22 16:56:39, Добавление строки. Связывание со входящим документом № 17 ЭД "Сведения о поступивших от юридических лиц платежах" № 14 ID= 1000224841. 
2024.05.22 16:56:48, Добавление строки. Связывание со входящим документом № 17 ЭД "Сведения о поступивших от юридических лиц платежах" № 14 ID= 1000224841. 
2024.05.22 16:56:56, Добавление строки. Связывание со входящим документом № 17 ЭД "Сведения о поступивших от юридических лиц платежах" № 14 ID= 1000224841. 
2024.05.22 16:57:04, Добавление строки. Связывание со входящим документом № 17 ЭД "Сведения о поступивших от юридических лиц платежах" № 14 ID= 1000224841. 
2024.05.22 16:57:13, Добавление строки. Связывание со входящим документом № 17 ЭД "Сведения о поступивших от юридических лиц платежах" № 14 ID= 1000224841. 
2024.05.22 16:57:21, Добавление строки. Связывание со входящим документом № 17 ЭД "Сведения о поступивших от юридических лиц платежах" № 14 ID= 1000224841. 
2024.05.22 16:57:29, Добавление строки. Связывание со входящим документом № 17 ЭД "Сведения о поступивших от юридических лиц платежах" № 14 ID= 1000224841. 
2024.05.22 16:57:37, Добавление строки. Связывание со входящим документом № 17 ЭД "Сведения о поступивших от юридических лиц платежах" № 14 ID= 1000224841. 
2024.05.22 16:57:46, Добавление строки. Связывание со входящим документом № 17 ЭД "Сведения о поступивших от юридических лиц платежах" № 14 ID= 1000224841. 
2024.05.22 16:57:53, Добавление строки. Связывание со входящим документом № 17 ЭД "Сведения о поступивших от юридических лиц платежах" № 14 ID= 1000224841. 
2024.05.22 16:58:02, Добавление строки. Связывание со входящим документом № 17 ЭД "Сведения о поступивших от юридических лиц платежах" № 14 ID= 1000224841. 
2024.05.22 16:58:10, Добавление строки. Связывание со входящим документом № 17 ЭД "Сведения о поступивших от юридических лиц платежах" № 14 ID= 1000224841. 
2024.05.22 16:58:18, Добавление строки. Связывание со входящим документом № 17 ЭД "Сведения о поступивших от юридических лиц платежах" № 14 ID= 1000224841. 
2024.05.22 16:58:26, Добавление строки. Связывание со входящим документом № 17 ЭД "Сведения о поступивших от юридических лиц платежах" № 14 ID= 1000224841. 
2024.05.22 16:58:34, Добавление строки. Связывание со входящим документом № 17 ЭД "Сведения о поступивших от юридических лиц платежах" № 14 ID= 1000224841. 
2024.05.22 16:58:42, Добавление строки. Связывание со входящим документом № 17 ЭД "Сведения о поступивших от юридических лиц платежах" № 14 ID= 1000224841. 
2024.05.22 16:58:50, Добавление строки. Связывание со входящим документом № 17 ЭД "Сведения о поступивших от юридических лиц платежах" № 14 ID= 1000224841. 
2024.05.22 16:58:58, Добавление строки. Связывание со входящим документом № 17 ЭД "Сведения о поступивших от юридических лиц платежах" № 14 ID= 1000224841. 
2024.05.22 16:59:06, Добавление строки. Связывание со входящим документом № 17 ЭД "Сведения о поступивших от юридических лиц платежах" № 14 ID= 1000224841. 
2024.05.22 16:59:14, Добавление строки. Связывание со входящим документом № 17 ЭД "Сведения о поступивших от юридических лиц платежах" № 14 ID= 1000224841. 
2024.05.22 16:59:23, Добавление строки. Связывание со входящим документом № 17 ЭД "Сведения о поступивших от юридических лиц платежах" № 14 ID= 1000224841. 
2024.05.22 16:59:31, Добавление строки. Связывание со входящим документом № 17 ЭД "Сведения о поступивших от юридических лиц платежах" № 14 ID= 1000224841. 
2024.05.22 16:59:39, Добавление строки. Связывание со входящим документом № 17 ЭД "Сведения о поступивших от юридических лиц платежах" № 14 ID= 1000224841. 
2024.05.22 16:59:47, Добавление строки. Связывание со входящим документом № 17 ЭД "Сведения о поступивших от юридических лиц платежах" № 14 ID= 1000224841. 
2024.05.22 16:59:55, Добавление строки. Связывание со входящим документом № 17 ЭД "Сведения о поступивших от юридических лиц платежах" № 14 ID= 1000224841. 
2024.05.22 17:00:03, Добавление строки. Связывание со входящим документом № 17 ЭД "Сведения о поступивших от юридических лиц платежах" № 14 ID= 1000224841. 
2024.05.22 17:00:11, Добавление строки. Связывание со входящим документом № 17 ЭД "Сведения о поступивших от юридических лиц платежах" № 14 ID= 1000224841. 
2024.05.22 17:00:19, Добавление строки. Связывание со входящим документом № 17 ЭД "Сведения о поступивших от юридических лиц платежах" № 14 ID= 1000224841. 
2024.05.22 17:00:29, Добавление строки. Связывание со входящим документом № 17 ЭД "Сведения о поступивших от юридических лиц платежах" № 14 ID= 1000224841. 
2024.05.22 17:00:38, Добавление строки. Связывание со входящим документом № 17 ЭД "Сведения о поступивших от юридических лиц платежах" № 14 ID= 1000224841. 
2024.05.22 17:00:47, Добавление строки. Связывание со входящим документом № 17 ЭД "Сведения о поступивших от юридических лиц платежах" № 14 ID= 1000224841. 
2024.05.22 17:00:55, Добавление строки. Связывание со входящим документом № 17 ЭД "Сведения о поступивших от юридических лиц платежах" № 14 ID= 1000224841. 
2024.05.22 17:01:03, Добавление строки. Связывание со входящим документом № 17 ЭД "Сведения о поступивших от юридических лиц платежах" № 14 ID= 1000224841. 
2024.05.22 17:01:11, Добавление строки. Связывание со входящим документом № 17 ЭД "Сведения о поступивших от юридических лиц платежах" № 14 ID= 1000224841. 
2024.05.22 17:01:20, Добавление строки. Связывание со входящим документом № 17 ЭД "Сведения о поступивших от юридических лиц платежах" № 14 ID= 1000224841. 
2024.05.22 17:01:28, Добавление строки. Связывание со входящим документом № 17 ЭД "Сведения о поступивших от юридических лиц платежах" № 14 ID= 1000224841. 
2024.05.22 17:01:36, Добавление строки. Связывание со входящим документом № 17 ЭД "Сведения о поступивших от юридических лиц платежах" № 14 ID= 1000224841. 
2024.05.22 17:01:44, Добавление строки. Связывание со входящим документом № 17 ЭД "Сведения о поступивших от юридических лиц платежах" № 14 ID= 1000224841. 
2024.05.22 17:01:52, Добавление строки. Связывание со входящим документом № 17 ЭД "Сведения о поступивших от юридических лиц платежах" № 14 ID= 1000224841. 
2024.05.22 17:02:00, Добавление строки. Связывание со входящим документом № 17 ЭД "Сведения о поступивших от юридических лиц платежах" № 14 ID= 1000224841. 
2024.05.22 17:02:09, Добавление строки. Связывание со входящим документом № 17 ЭД "Сведения о поступивших от юридических лиц платежах" № 14 ID= 1000224841. 
2024.05.22 17:02:17, Добавление строки. Связывание со входящим документом № 17 ЭД "Сведения о поступивших от юридических лиц платежах" № 14 ID= 1000224841. 
2024.05.22 17:02:25, Добавление строки. Связывание со входящим документом № 17 ЭД "Сведения о поступивших от юридических лиц платежах" № 14 ID= 1000224841. 
2024.05.22 17:02:33, Добавление строки. Связывание со входящим документом № 17 ЭД "Сведения о поступивших от юридических лиц платежах" № 14 ID= 1000224841. 
2024.05.22 17:02:41, Добавление строки. Связывание со входящим документом № 17 ЭД "Сведения о поступивших от юридических лиц платежах" № 14 ID= 1000224841. 
2024.05.22 17:02:50, Добавление строки. Связывание со входящим документом № 17 ЭД "Сведения о поступивших от юридических лиц платежах" № 14 ID= 1000224841. 
2024.05.22 17:02:58, Добавление строки. Связывание со входящим документом № 17 ЭД "Сведения о поступивших от юридических лиц платежах" № 14 ID= 1000224841. 
2024.05.22 17:03:06, Добавление строки. Связывание со входящим документом № 17 ЭД "Сведения о поступивших от юридических лиц платежах" № 14 ID= 1000224841. 
2024.05.22 17:03:14, Добавление строки. Связывание со входящим документом № 17 ЭД "Сведения о поступивших от юридических лиц платежах" № 14 ID= 1000224841. 
2024.05.22 17:03:22, Добавление строки. Связывание со входящим документом № 17 ЭД "Сведения о поступивших от юридических лиц платежах" № 14 ID= 1000224841. 
2024.05.22 17:03:30, Добавление строки. Связывание со входящим документом № 17 ЭД "Сведения о поступивших от юридических лиц платежах" № 14 ID= 1000224841. 
2024.05.22 17:03:39, Добавление строки. Связывание со входящим документом № 17 ЭД "Сведения о поступивших от юридических лиц платежах" № 14 ID= 1000224841. 
2024.05.22 17:03:47, Добавление строки. Связывание со входящим документом № 17 ЭД "Сведения о поступивших от юридических лиц платежах" № 14 ID= 1000224841. 
2024.05.22 17:03:55, Добавление строки. Связывание со входящим документом № 17 ЭД "Сведения о поступивших от юридических лиц платежах" № 14 ID= 1000224841. 
2024.05.22 17:04:03, Добавление строки. Связывание со входящим документом № 17 ЭД "Сведения о поступивших от юридических лиц платежах" № 14 ID= 1000224841. 
2024.05.22 17:04:11, Добавление строки. Связывание со входящим документом № 17 ЭД "Сведения о поступивших от юридических лиц платежах" № 14 ID= 1000224841. 
2024.05.22 17:04:20, Добавление строки. Связывание со входящим документом № 17 ЭД "Сведения о поступивших от юридических лиц платежах" № 14 ID= 1000224841. 
2024.05.22 17:04:28, Добавление строки. Связывание со входящим документом № 17 ЭД "Сведения о поступивших от юридических лиц платежах" № 14 ID= 1000224841. 
2024.05.22 17:04:36, Добавление строки. Связывание со входящим документом № 17 ЭД "Сведения о поступивших от юридических лиц платежах" № 14 ID= 1000224841. 
2024.05.22 17:04:46, Добавление строки. Связывание со входящим документом № 17 ЭД "Сведения о поступивших от юридических лиц платежах" № 14 ID= 1000224841. 
2024.05.22 17:04:55, Добавление строки. Связывание со входящим документом № 17 ЭД "Сведения о поступивших от юридических лиц платежах" № 14 ID= 1000224841. 
2024.05.22 17:05:03, Добавление строки. Связывание со входящим документом № 17 ЭД "Сведения о поступивших от юридических лиц платежах" № 14 ID= 1000224841. 
2024.05.22 17:05:12, Добавление строки. Связывание со входящим документом № 17 ЭД "Сведения о поступивших от юридических лиц платежах" № 14 ID= 1000224841. 
2024.05.22 17:05:20, Добавление строки. Связывание со входящим документом № 17 ЭД "Сведения о поступивших от юридических лиц платежах" № 14 ID= 1000224841. 
2024.05.22 17:05:28, Добавление строки. Связывание со входящим документом № 17 ЭД "Сведения о поступивших от юридических лиц платежах" № 14 ID= 1000224841. 
2024.05.22 17:05:36, Добавление строки. Связывание со входящим документом № 17 ЭД "Сведения о поступивших от юридических лиц платежах" № 14 ID= 1000224841. 
2024.05.22 17:05:44, Добавление строки. Связывание со входящим документом № 17 ЭД "Сведения о поступивших от юридических лиц платежах" № 14 ID= 1000224841. 
2024.05.22 17:05:53, Добавление строки. Связывание со входящим документом № 17 ЭД "Сведения о поступивших от юридических лиц платежах" № 14 ID= 1000224841. 
2024.05.22 17:06:01, Добавление строки. Связывание со входящим документом № 17 ЭД "Сведения о поступивших от юридических лиц платежах" № 14 ID= 1000224841. 
2024.05.22 17:06:09, Добавление строки. Связывание со входящим документом № 17 ЭД "Сведения о поступивших от юридических лиц платежах" № 14 ID= 1000224841. 
2024.05.22 17:06:17, Добавление строки. Связывание со входящим документом № 17 ЭД "Сведения о поступивших от юридических лиц платежах" № 14 ID= 1000224841. 
2024.05.22 17:06:25, Добавление строки. Связывание со входящим документом № 17 ЭД "Сведения о поступивших от юридических лиц платежах" № 14 ID= 1000224841. 
2024.05.22 17:06:33, Добавление строки. Связывание со входящим документом № 17 ЭД "Сведения о поступивших от юридических лиц платежах" № 14 ID= 1000224841. 
2024.05.22 17:06:41, Добавление строки. Связывание со входящим документом № 17 ЭД "Сведения о поступивших от юридических лиц платежах" № 14 ID= 1000224841. 
2024.05.22 17:06:50, Добавление строки. Связывание со входящим документом № 17 ЭД "Сведения о поступивших от юридических лиц платежах" № 14 ID= 1000224841. 
2024.05.22 17:06:58, Добавление строки. Связывание со входящим документом № 17 ЭД "Сведения о поступивших от юридических лиц платежах" № 14 ID= 1000224841. 
2024.05.22 17:07:06, Добавление строки. Связывание со входящим документом № 17 ЭД "Сведения о поступивших от юридических лиц платежах" № 14 ID= 1000224841. 
2024.05.22 17:07:14, Добавление строки. Связывание со входящим документом № 17 ЭД "Сведения о поступивших от юридических лиц платежах" № 14 ID= 1000224841. 
2024.05.22 17:07:22, Добавление строки. Связывание со входящим документом № 17 ЭД "Сведения о поступивших от юридических лиц платежах" № 14 ID= 1000224841. 
2024.05.22 17:07:31, Добавление строки. Связывание со входящим документом № 17 ЭД "Сведения о поступивших от юридических лиц платежах" № 14 ID= 1000224841. 
2024.05.22 17:07:39, Добавление строки. Связывание со входящим документом № 17 ЭД "Сведения о поступивших от юридических лиц платежах" № 14 ID= 1000224841. 
2024.05.22 17:07:47, Добавление строки. Связывание со входящим документом № 17 ЭД "Сведения о поступивших от юридических лиц платежах" № 14 ID= 1000224841. 
2024.05.22 17:07:56, Добавление строки. Связывание со входящим документом № 17 ЭД "Сведения о поступивших от юридических лиц платежах" № 14 ID= 1000224841. 
2024.05.22 17:08:04, Добавление строки. Связывание со входящим документом № 17 ЭД "Сведения о поступивших от юридических лиц платежах" № 14 ID= 1000224841. 
2024.05.22 17:08:13, Добавление строки. Связывание со входящим документом № 17 ЭД "Сведения о поступивших от юридических лиц платежах" № 14 ID= 1000224841. 
2024.05.22 17:08:21, Добавление строки. Связывание со входящим документом № 17 ЭД "Сведения о поступивших от юридических лиц платежах" № 14 ID= 1000224841. 
2024.05.22 17:08:29, Добавление строки. Связывание со входящим документом № 17 ЭД "Сведения о поступивших от юридических лиц платежах" № 14 ID= 1000224841. 
2024.05.22 17:08:38, Добавление строки. Связывание со входящим документом № 17 ЭД "Сведения о поступивших от юридических лиц платежах" № 14 ID= 1000224841. 
2024.05.22 17:08:47, Добавление строки. Связывание со входящим документом № 17 ЭД "Сведения о поступивших от юридических лиц платежах" № 14 ID= 1000224841. 
2024.05.22 17:08:55, Добавление строки. Связывание со входящим документом № 17 ЭД "Сведения о поступивших от юридических лиц платежах" № 14 ID= 1000224841. 
2024.05.22 17:09:03, Добавление строки. Связывание со входящим документом № 17 ЭД "Сведения о поступивших от юридических лиц платежах" № 14 ID= 1000224841. 
2024.05.22 17:09:11, Добавление строки. Связывание со входящим документом № 17 ЭД "Сведения о поступивших от юридических лиц платежах" № 14 ID= 1000224841. 
2024.05.22 17:09:19, Добавление строки. Связывание со входящим документом № 17 ЭД "Сведения о поступивших от юридических лиц платежах" № 14 ID= 1000224841. 
2024.05.22 17:09:27, Добавление строки. Связывание со входящим документом № 17 ЭД "Сведения о поступивших от юридических лиц платежах" № 14 ID= 1000224841. 
2024.05.22 17:09:35, Добавление строки. Связывание со входящим документом № 17 ЭД "Сведения о поступивших от юридических лиц платежах" № 14 ID= 1000224841. 
2024.05.22 17:09:44, Добавление строки. Связывание со входящим документом № 17 ЭД "Сведения о поступивших от юридических лиц платежах" № 14 ID= 1000224841. 
2024.05.22 17:09:52, Добавление строки. Связывание со входящим документом № 17 ЭД "Сведения о поступивших от юридических лиц платежах" № 14 ID= 1000224841. 
2024.05.22 17:10:01, Добавление строки. Связывание со входящим документом № 17 ЭД "Сведения о поступивших от юридических лиц платежах" № 14 ID= 1000224841. 
2024.05.22 17:10:10, Добавление строки. Связывание со входящим документом № 17 ЭД "Сведения о поступивших от юридических лиц платежах" № 14 ID= 1000224841. 
2024.05.22 17:10:18, Добавление строки. Связывание со входящим документом № 17 ЭД "Сведения о поступивших от юридических лиц платежах" № 14 ID= 1000224841. 
2024.05.22 17:10:26, Добавление строки. Связывание со входящим документом № 17 ЭД "Сведения о поступивших от юридических лиц платежах" № 14 ID= 1000224841. 
2024.05.22 17:10:35, Добавление строки. Связывание со входящим документом № 17 ЭД "Сведения о поступивших от юридических лиц платежах" № 14 ID= 1000224841. 
2024.05.22 17:10:43, Добавление строки. Связывание со входящим документом № 17 ЭД "Сведения о поступивших от юридических лиц платежах" № 14 ID= 1000224841. 
2024.05.22 17:10:51, Добавление строки. Связывание со входящим документом № 17 ЭД "Сведения о поступивших от юридических лиц платежах" № 14 ID= 1000224841. 
2024.05.22 17:10:59, Добавление строки. Связывание со входящим документом № 17 ЭД "Сведения о поступивших от юридических лиц платежах" № 14 ID= 1000224841. 
2024.05.22 17:11:07, Добавление строки. Связывание со входящим документом № 17 ЭД "Сведения о поступивших от юридических лиц платежах" № 14 ID= 1000224841. 
2024.05.22 17:11:15, Добавление строки. Связывание со входящим документом № 17 ЭД "Сведения о поступивших от юридических лиц платежах" № 14 ID= 1000224841. 
2024.05.22 17:11:24, Добавление строки. Связывание со входящим документом № 17 ЭД "Сведения о поступивших от юридических лиц платежах" № 14 ID= 1000224841. 
2024.05.22 17:11:32, Добавление строки. Связывание со входящим документом № 17 ЭД "Сведения о поступивших от юридических лиц платежах" № 14 ID= 1000224841. 
2024.05.22 17:11:40, Добавление строки. Связывание со входящим документом № 17 ЭД "Сведения о поступивших от юридических лиц платежах" № 14 ID= 1000224841. 
2024.05.22 17:11:49, Добавление строки. Связывание со входящим документом № 17 ЭД "Сведения о поступивших от юридических лиц платежах" № 14 ID= 1000224841. 
2024.05.22 17:11:57, Добавление строки. Связывание со входящим документом № 17 ЭД "Сведения о поступивших от юридических лиц платежах" № 14 ID= 1000224841. 
2024.05.22 17:12:05, Добавление строки. Связывание со входящим документом № 17 ЭД "Сведения о поступивших от юридических лиц платежах" № 14 ID= 1000224841. 
2024.05.22 17:12:14, Добавление строки. Связывание со входящим документом № 17 ЭД "Сведения о поступивших от юридических лиц платежах" № 14 ID= 1000224841. 
2024.05.22 17:12:22, Добавление строки. Связывание со входящим документом № 17 ЭД "Сведения о поступивших от юридических лиц платежах" № 14 ID= 1000224841. 
2024.05.22 17:12:30, Добавление строки. Связывание со входящим документом № 17 ЭД "Сведения о поступивших от юридических лиц платежах" № 14 ID= 1000224841. 
2024.05.22 17:12:38, Добавление строки. Связывание со входящим документом № 17 ЭД "Сведения о поступивших от юридических лиц платежах" № 14 ID= 1000224841. 
2024.05.22 17:12:46, Добавление строки. Связывание со входящим документом № 17 ЭД "Сведения о поступивших от юридических лиц платежах" № 14 ID= 1000224841. 
2024.05.22 17:12:54, Добавление строки. Связывание со входящим документом № 17 ЭД "Сведения о поступивших от юридических лиц платежах" № 14 ID= 1000224841. 
2024.05.22 17:13:03, Добавление строки. Связывание со входящим документом № 17 ЭД "Сведения о поступивших от юридических лиц платежах" № 14 ID= 1000224841. 
2024.05.22 17:13:13, Добавление строки. Связывание со входящим документом № 17 ЭД "Сведения о поступивших от юридических лиц платежах" № 14 ID= 1000224841. 
2024.05.22 17:13:21, Добавление строки. Связывание со входящим документом № 17 ЭД "Сведения о поступивших от юридических лиц платежах" № 14 ID= 1000224841. 
2024.05.22 17:13:31, Добавление строки. Связывание со входящим документом № 17 ЭД "Сведения о поступивших от юридических лиц платежах" № 14 ID= 1000224841. 
2024.05.22 17:13:41, Добавление строки. Связывание со входящим документом № 17 ЭД "Сведения о поступивших от юридических лиц платежах" № 14 ID= 1000224841. 
2024.05.22 17:13:51, Добавление строки. Связывание со входящим документом № 17 ЭД "Сведения о поступивших от юридических лиц платежах" № 14 ID= 1000224841. 
2024.05.22 17:14:01, Добавление строки. Связывание со входящим документом № 17 ЭД "Сведения о поступивших от юридических лиц платежах" № 14 ID= 1000224841. 
2024.05.22 17:14:11, Добавление строки. Связывание со входящим документом № 17 ЭД "Сведения о поступивших от юридических лиц платежах" № 14 ID= 1000224841. 
2024.05.22 17:14:19, Добавление строки. Связывание со входящим документом № 17 ЭД "Сведения о поступивших от юридических лиц платежах" № 14 ID= 1000224841. 
2024.05.22 17:14:27, Добавление строки. Связывание со входящим документом № 17 ЭД "Сведения о поступивших от юридических лиц платежах" № 14 ID= 1000224841. 
2024.05.22 17:14:36, Добавление строки. Связывание со входящим документом № 17 ЭД "Сведения о поступивших от юридических лиц платежах" № 14 ID= 1000224841. 
2024.05.22 17:14:44, Добавление строки. Связывание со входящим документом № 17 ЭД "Сведения о поступивших от юридических лиц платежах" № 14 ID= 1000224841. 
2024.05.22 17:14:53, Добавление строки. Связывание со входящим документом № 17 ЭД "Сведения о поступивших от юридических лиц платежах" № 14 ID= 1000224841. 
2024.05.22 17:15:01, Добавление строки. Связывание со входящим документом № 17 ЭД "Сведения о поступивших от юридических лиц платежах" № 14 ID= 1000224841. 
2024.05.22 17:15:09, Добавление строки. Связывание со входящим документом № 17 ЭД "Сведения о поступивших от юридических лиц платежах" № 14 ID= 1000224841. 
2024.05.22 17:15:18, Добавление строки. Связывание со входящим документом № 17 ЭД "Сведения о поступивших от юридических лиц платежах" № 14 ID= 1000224841. 
2024.05.22 17:15:26, Добавление строки. Связывание со входящим документом № 17 ЭД "Сведения о поступивших от юридических лиц платежах" № 14 ID= 1000224841. 
2024.05.22 17:15:34, Добавление строки. Связывание со входящим документом № 17 ЭД "Сведения о поступивших от юридических лиц платежах" № 14 ID= 1000224841. 
2024.05.22 17:15:43, Добавление строки. Связывание со входящим документом № 17 ЭД "Сведения о поступивших от юридических лиц платежах" № 14 ID= 1000224841. 
2024.05.22 17:15:51, Добавление строки. Связывание со входящим документом № 17 ЭД "Сведения о поступивших от юридических лиц платежах" № 14 ID= 1000224841. 
2024.05.22 17:15:59, Добавление строки. Связывание со входящим документом № 17 ЭД "Сведения о поступивших от юридических лиц платежах" № 14 ID= 1000224841. 
2024.05.22 17:16:08, Добавление строки. Связывание со входящим документом № 17 ЭД "Сведения о поступивших от юридических лиц платежах" № 14 ID= 1000224841. 
2024.05.22 17:16:16, Добавление строки. Связывание со входящим документом № 17 ЭД "Сведения о поступивших от юридических лиц платежах" № 14 ID= 1000224841. 
2024.05.22 17:16:24, Добавление строки. Связывание со входящим документом № 17 ЭД "Сведения о поступивших от юридических лиц платежах" № 14 ID= 1000224841. 
2024.05.22 17:16:32, Добавление строки. Связывание со входящим документом № 17 ЭД "Сведения о поступивших от юридических лиц платежах" № 14 ID= 1000224841. 
2024.05.22 17:16:41, Добавление строки. Связывание со входящим документом № 17 ЭД "Сведения о поступивших от юридических лиц платежах" № 14 ID= 1000224841. 
2024.05.22 17:16:49, Добавление строки. Связывание со входящим документом № 17 ЭД "Сведения о поступивших от юридических лиц платежах" № 14 ID= 1000224841. 
2024.05.22 17:16:57, Добавление строки. Связывание со входящим документом № 17 ЭД "Сведения о поступивших от юридических лиц платежах" № 14 ID= 1000224841. 
2024.05.22 17:17:06, Добавление строки. Связывание со входящим документом № 17 ЭД "Сведения о поступивших от юридических лиц платежах" № 14 ID= 1000224841. 
2024.05.22 17:17:14, Добавление строки. Связывание со входящим документом № 17 ЭД "Сведения о поступивших от юридических лиц платежах" № 14 ID= 1000224841. 
2024.05.22 17:17:22, Добавление строки. Связывание со входящим документом № 17 ЭД "Сведения о поступивших от юридических лиц платежах" № 14 ID= 1000224841. 
2024.05.22 17:17:31, Добавление строки. Связывание со входящим документом № 17 ЭД "Сведения о поступивших от юридических лиц платежах" № 14 ID= 1000224841. 
2024.05.22 17:17:40, Добавление строки. Связывание со входящим документом № 17 ЭД "Сведения о поступивших от юридических лиц платежах" № 14 ID= 1000224841. 
2024.05.22 17:17:49, Добавление строки. Связывание со входящим документом № 17 ЭД "Сведения о поступивших от юридических лиц платежах" № 14 ID= 1000224841. 
2024.05.22 17:17:57, Добавление строки. Связывание со входящим документом № 17 ЭД "Сведения о поступивших от юридических лиц платежах" № 14 ID= 1000224841. 
2024.05.22 17:18:06, Добавление строки. Связывание со входящим документом № 17 ЭД "Сведения о поступивших от юридических лиц платежах" № 14 ID= 1000224841. 
2024.05.22 17:18:15, Добавление строки. Связывание со входящим документом № 17 ЭД "Сведения о поступивших от юридических лиц платежах" № 14 ID= 1000224841. 
2024.05.22 17:18:23, Добавление строки. Связывание со входящим документом № 17 ЭД "Сведения о поступивших от юридических лиц платежах" № 14 ID= 1000224841. 
2024.05.22 17:18:32, Добавление строки. Связывание со входящим документом № 17 ЭД "Сведения о поступивших от юридических лиц платежах" № 14 ID= 1000224841. 
2024.05.22 17:18:41, Добавление строки. Связывание со входящим документом № 17 ЭД "Сведения о поступивших от юридических лиц платежах" № 14 ID= 1000224841. 
2024.05.22 17:18:49, Добавление строки. Связывание со входящим документом № 17 ЭД "Сведения о поступивших от юридических лиц платежах" № 14 ID= 1000224841. 
2024.05.22 17:18:57, Добавление строки. Связывание со входящим документом № 17 ЭД "Сведения о поступивших от юридических лиц платежах" № 14 ID= 1000224841. 
2024.05.22 17:19:06, Добавление строки. Связывание со входящим документом № 17 ЭД "Сведения о поступивших от юридических лиц платежах" № 14 ID= 1000224841. 
2024.05.22 17:19:14, Добавление строки. Связывание со входящим документом № 17 ЭД "Сведения о поступивших от юридических лиц платежах" № 14 ID= 1000224841. 
2024.05.22 17:19:23, Добавление строки. Связывание со входящим документом № 17 ЭД "Сведения о поступивших от юридических лиц платежах" № 14 ID= 1000224841. 
2024.05.22 17:19:32, Добавление строки. Связывание со входящим документом № 17 ЭД "Сведения о поступивших от юридических лиц платежах" № 14 ID= 1000224841. 
2024.05.22 17:19:40, Добавление строки. Связывание со входящим документом № 17 ЭД "Сведения о поступивших от юридических лиц платежах" № 14 ID= 1000224841. 
2024.05.22 17:19:49, Добавление строки. Связывание со входящим документом № 17 ЭД "Сведения о поступивших от юридических лиц платежах" № 14 ID= 1000224841. 
2024.05.22 17:19:57, Добавление строки. Связывание со входящим документом № 17 ЭД "Сведения о поступивших от юридических лиц платежах" № 14 ID= 1000224841. 
2024.05.22 17:20:06, Добавление строки. Связывание со входящим документом № 17 ЭД "Сведения о поступивших от юридических лиц платежах" № 14 ID= 1000224841. 
2024.05.22 17:20:14, Добавление строки. Связывание со входящим документом № 17 ЭД "Сведения о поступивших от юридических лиц платежах" № 14 ID= 1000224841. 
2024.05.22 17:20:22, Добавление строки. Связывание со входящим документом № 17 ЭД "Сведения о поступивших от юридических лиц платежах" № 14 ID= 1000224841. 
2024.05.22 17:20:31, Добавление строки. Связывание со входящим документом № 17 ЭД "Сведения о поступивших от юридических лиц платежах" № 14 ID= 1000224841. 
2024.05.22 17:20:39, Добавление строки. Связывание со входящим документом № 17 ЭД "Сведения о поступивших от юридических лиц платежах" № 14 ID= 1000224841. 
2024.05.22 17:20:48, Добавление строки. Связывание со входящим документом № 17 ЭД "Сведения о поступивших от юридических лиц платежах" № 14 ID= 1000224841. 
2024.05.22 17:20:56, Добавление строки. Связывание со входящим документом № 17 ЭД "Сведения о поступивших от юридических лиц платежах" № 14 ID= 1000224841. 
2024.05.22 17:21:05, Добавление строки. Связывание со входящим документом № 17 ЭД "Сведения о поступивших от юридических лиц платежах" № 14 ID= 1000224841. 
2024.05.22 17:21:13, Добавление строки. Связывание со входящим документом № 17 ЭД "Сведения о поступивших от юридических лиц платежах" № 14 ID= 1000224841. 
2024.05.22 17:21:21, Добавление строки. Связывание со входящим документом № 17 ЭД "Сведения о поступивших от юридических лиц платежах" № 14 ID= 1000224841. 
2024.05.22 17:21:30, Добавление строки. Связывание со входящим документом № 17 ЭД "Сведения о поступивших от юридических лиц платежах" № 14 ID= 1000224841. 
2024.05.22 17:21:38, Добавление строки. Связывание со входящим документом № 17 ЭД "Сведения о поступивших от юридических лиц платежах" № 14 ID= 1000224841. 
2024.05.22 17:21:46, Добавление строки. Связывание со входящим документом № 17 ЭД "Сведения о поступивших от юридических лиц платежах" № 14 ID= 1000224841. 
2024.05.22 17:21:55, Добавление строки. Связывание со входящим документом № 17 ЭД "Сведения о поступивших от юридических лиц платежах" № 14 ID= 1000224841. 
2024.05.22 17:22:03, Добавление строки. Связывание со входящим документом № 17 ЭД "Сведения о поступивших от юридических лиц платежах" № 14 ID= 1000224841. 
2024.05.22 17:22:11, Добавление строки. Связывание со входящим документом № 17 ЭД "Сведения о поступивших от юридических лиц платежах" № 14 ID= 1000224841. 
2024.05.22 17:22:20, Добавление строки. Связывание со входящим документом № 17 ЭД "Сведения о поступивших от юридических лиц платежах" № 14 ID= 1000224841. 
2024.05.22 17:22:29, Добавление строки. Связывание со входящим документом № 17 ЭД "Сведения о поступивших от юридических лиц платежах" № 14 ID= 1000224841. 
2024.05.22 17:22:37, Добавление строки. Связывание со входящим документом № 17 ЭД "Сведения о поступивших от юридических лиц платежах" № 14 ID= 1000224841. 
2024.05.22 17:22:46, Добавление строки. Связывание со входящим документом № 17 ЭД "Сведения о поступивших от юридических лиц платежах" № 14 ID= 1000224841. 
2024.05.22 17:22:55, Добавление строки. Связывание со входящим документом № 17 ЭД "Сведения о поступивших от юридических лиц платежах" № 14 ID= 1000224841. 
2024.05.22 17:23:03, Добавление строки. Связывание со входящим документом № 17 ЭД "Сведения о поступивших от юридических лиц платежах" № 14 ID= 1000224841. 
2024.05.22 17:23:12, Добавление строки. Связывание со входящим документом № 17 ЭД "Сведения о поступивших от юридических лиц платежах" № 14 ID= 1000224841. 
2024.05.22 17:23:20, Добавление строки. Связывание со входящим документом № 17 ЭД "Сведения о поступивших от юридических лиц платежах" № 14 ID= 1000224841. 
2024.05.22 17:23:29, Добавление строки. Связывание со входящим документом № 17 ЭД "Сведения о поступивших от юридических лиц платежах" № 14 ID= 1000224841. 
2024.05.22 17:23:37, Добавление строки. Связывание со входящим документом № 17 ЭД "Сведения о поступивших от юридических лиц платежах" № 14 ID= 1000224841. 
2024.05.22 17:23:46, Добавление строки. Связывание со входящим документом № 17 ЭД "Сведения о поступивших от юридических лиц платежах" № 14 ID= 1000224841. 
2024.05.22 17:23:55, Добавление строки. Связывание со входящим документом № 17 ЭД "Сведения о поступивших от юридических лиц платежах" № 14 ID= 1000224841. 
2024.05.22 17:24:04, Добавление строки. Связывание со входящим документом № 17 ЭД "Сведения о поступивших от юридических лиц платежах" № 14 ID= 1000224841. 
2024.05.22 17:24:13, Добавление строки. Связывание со входящим документом № 17 ЭД "Сведения о поступивших от юридических лиц платежах" № 14 ID= 1000224841. 
2024.05.22 17:24:21, Добавление строки. Связывание со входящим документом № 17 ЭД "Сведения о поступивших от юридических лиц платежах" № 14 ID= 1000224841. 
2024.05.22 17:24:30, Добавление строки. Связывание со входящим документом № 17 ЭД "Сведения о поступивших от юридических лиц платежах" № 14 ID= 1000224841. 
2024.05.22 17:24:38, Добавление строки. Связывание со входящим документом № 17 ЭД "Сведения о поступивших от юридических лиц платежах" № 14 ID= 1000224841. 
2024.05.22 17:24:47, Добавление строки. Связывание со входящим документом № 17 ЭД "Сведения о поступивших от юридических лиц платежах" № 14 ID= 1000224841. 
2024.05.22 17:24:55, Добавление строки. Связывание со входящим документом № 17 ЭД "Сведения о поступивших от юридических лиц платежах" № 14 ID= 1000224841. 
2024.05.22 17:25:05, Добавление строки. Связывание со входящим документом № 17 ЭД "Сведения о поступивших от юридических лиц платежах" № 14 ID= 1000224841. 
2024.05.22 17:25:14, Добавление строки. Связывание со входящим документом № 17 ЭД "Сведения о поступивших от юридических лиц платежах" № 14 ID= 1000224841. 
2024.05.22 17:25:23, Добавление строки. Связывание со входящим документом № 17 ЭД "Сведения о поступивших от юридических лиц платежах" № 14 ID= 1000224841. 
2024.05.22 17:25:31, Добавление строки. Связывание со входящим документом № 17 ЭД "Сведения о поступивших от юридических лиц платежах" № 14 ID= 1000224841. 
2024.05.22 17:25:41, Добавление строки. Связывание со входящим документом № 17 ЭД "Сведения о поступивших от юридических лиц платежах" № 14 ID= 1000224841. 
2024.05.22 17:25:52, Добавление строки. Связывание со входящим документом № 17 ЭД "Сведения о поступивших от юридических лиц платежах" № 14 ID= 1000224841. 
2024.05.22 17:26:01, Добавление строки. Связывание со входящим документом № 17 ЭД "Сведения о поступивших от юридических лиц платежах" № 14 ID= 1000224841. 
2024.05.22 17:26:10, Добавление строки. Связывание со входящим документом № 17 ЭД "Сведения о поступивших от юридических лиц платежах" № 14 ID= 1000224841. 
2024.05.22 17:26:19, Добавление строки. Связывание со входящим документом № 17 ЭД "Сведения о поступивших от юридических лиц платежах" № 14 ID= 1000224841. 
2024.05.22 17:26:27, Добавление строки. Связывание со входящим документом № 17 ЭД "Сведения о поступивших от юридических лиц платежах" № 14 ID= 1000224841. 
2024.05.22 17:26:36, Добавление строки. Связывание со входящим документом № 17 ЭД "Сведения о поступивших от юридических лиц платежах" № 14 ID= 1000224841. 
2024.05.22 17:26:45, Добавление строки. Связывание со входящим документом № 17 ЭД "Сведения о поступивших от юридических лиц платежах" № 14 ID= 1000224841. 
2024.05.22 17:26:53, Добавление строки. Связывание со входящим документом № 17 ЭД "Сведения о поступивших от юридических лиц платежах" № 14 ID= 1000224841. 
2024.05.22 17:27:01, Добавление строки. Связывание со входящим документом № 17 ЭД "Сведения о поступивших от юридических лиц платежах" № 14 ID= 1000224841. 
2024.05.22 17:27:10, Добавление строки. Связывание со входящим документом № 17 ЭД "Сведения о поступивших от юридических лиц платежах" № 14 ID= 1000224841. 
2024.05.22 17:27:18, Добавление строки. Связывание со входящим документом № 17 ЭД "Сведения о поступивших от юридических лиц платежах" № 14 ID= 1000224841. 
2024.05.22 17:27:27, Добавление строки. Связывание со входящим документом № 17 ЭД "Сведения о поступивших от юридических лиц платежах" № 14 ID= 1000224841. 
2024.05.22 17:27:35, Добавление строки. Связывание со входящим документом № 17 ЭД "Сведения о поступивших от юридических лиц платежах" № 14 ID= 1000224841. 
2024.05.22 17:27:44, Добавление строки. Связывание со входящим документом № 17 ЭД "Сведения о поступивших от юридических лиц платежах" № 14 ID= 1000224841. 
2024.05.22 17:27:53, Добавление строки. Связывание со входящим документом № 17 ЭД "Сведения о поступивших от юридических лиц платежах" № 14 ID= 1000224841. 
2024.05.22 17:28:01, Добавление строки. Связывание со входящим документом № 17 ЭД "Сведения о поступивших от юридических лиц платежах" № 14 ID= 1000224841. 
2024.05.22 17:28:09, Добавление строки. Связывание со входящим документом № 17 ЭД "Сведения о поступивших от юридических лиц платежах" № 14 ID= 1000224841. 
2024.05.22 17:28:18, Добавление строки. Связывание со входящим документом № 17 ЭД "Сведения о поступивших от юридических лиц платежах" № 14 ID= 1000224841. 
2024.05.22 17:28:27, Добавление строки. Связывание со входящим документом № 17 ЭД "Сведения о поступивших от юридических лиц платежах" № 14 ID= 1000224841. 
2024.05.22 17:28:35, Добавление строки. Связывание со входящим документом № 17 ЭД "Сведения о поступивших от юридических лиц платежах" № 14 ID= 1000224841. 
2024.05.22 17:28:44, Добавление строки. Связывание со входящим документом № 17 ЭД "Сведения о поступивших от юридических лиц платежах" № 14 ID= 1000224841. 
2024.05.22 17:28:52, Добавление строки. Связывание со входящим документом № 17 ЭД "Сведения о поступивших от юридических лиц платежах" № 14 ID= 1000224841. 
2024.05.22 17:29:01, Добавление строки. Связывание со входящим документом № 17 ЭД "Сведения о поступивших от юридических лиц платежах" № 14 ID= 1000224841. 
2024.05.22 17:29:09, Добавление строки. Связывание со входящим документом № 17 ЭД "Сведения о поступивших от юридических лиц платежах" № 14 ID= 1000224841. 
2024.05.22 17:29:18, Добавление строки. Связывание со входящим документом № 17 ЭД "Сведения о поступивших от юридических лиц платежах" № 14 ID= 1000224841. 
2024.05.22 17:29:26, Добавление строки. Связывание со входящим документом № 17 ЭД "Сведения о поступивших от юридических лиц платежах" № 14 ID= 1000224841. 
2024.05.22 17:29:35, Добавление строки. Связывание со входящим документом № 17 ЭД "Сведения о поступивших от юридических лиц платежах" № 14 ID= 1000224841. 
2024.05.22 17:29:43, Добавление строки. Связывание со входящим документом № 17 ЭД "Сведения о поступивших от юридических лиц платежах" № 14 ID= 1000224841. 
2024.05.22 17:29:52, Добавление строки. Связывание со входящим документом № 17 ЭД "Сведения о поступивших от юридических лиц платежах" № 14 ID= 1000224841. 
2024.05.22 17:30:01, Добавление строки. Связывание со входящим документом № 17 ЭД "Сведения о поступивших от юридических лиц платежах" № 14 ID= 1000224841. 
2024.05.22 17:30:09, Добавление строки. Связывание со входящим документом № 17 ЭД "Сведения о поступивших от юридических лиц платежах" № 14 ID= 1000224841. 
2024.05.22 17:30:18, Добавление строки. Связывание со входящим документом № 17 ЭД "Сведения о поступивших от юридических лиц платежах" № 14 ID= 1000224841. 
2024.05.22 17:30:27, Добавление строки. Связывание со входящим документом № 17 ЭД "Сведения о поступивших от юридических лиц платежах" № 14 ID= 1000224841. 
2024.05.22 17:30:36, Добавление строки. Связывание со входящим документом № 17 ЭД "Сведения о поступивших от юридических лиц платежах" № 14 ID= 1000224841. 
2024.05.22 17:30:44, Добавление строки. Связывание со входящим документом № 17 ЭД "Сведения о поступивших от юридических лиц платежах" № 14 ID= 1000224841. 
2024.05.22 17:30:53, Добавление строки. Связывание со входящим документом № 17 ЭД "Сведения о поступивших от юридических лиц платежах" № 14 ID= 1000224841. 
2024.05.22 17:31:03, Добавление строки. Связывание со входящим документом № 17 ЭД "Сведения о поступивших от юридических лиц платежах" № 14 ID= 1000224841. 
2024.05.22 17:31:11, Добавление строки. Связывание со входящим документом № 17 ЭД "Сведения о поступивших от юридических лиц платежах" № 14 ID= 1000224841. 
2024.05.22 17:31:20, Добавление строки. Связывание со входящим документом № 17 ЭД "Сведения о поступивших от юридических лиц платежах" № 14 ID= 1000224841. 
2024.05.22 17:31:29, Добавление строки. Связывание со входящим документом № 17 ЭД "Сведения о поступивших от юридических лиц платежах" № 14 ID= 1000224841. 
2024.05.22 17:31:37, Добавление строки. Связывание со входящим документом № 17 ЭД "Сведения о поступивших от юридических лиц платежах" № 14 ID= 1000224841. 
2024.05.22 17:31:46, Добавление строки. Связывание со входящим документом № 17 ЭД "Сведения о поступивших от юридических лиц платежах" № 14 ID= 1000224841. 
2024.05.22 17:31:55, Добавление строки. Связывание со входящим документом № 17 ЭД "Сведения о поступивших от юридических лиц платежах" № 14 ID= 1000224841. 
2024.05.22 17:32:03, Добавление строки. Связывание со входящим документом № 17 ЭД "Сведения о поступивших от юридических лиц платежах" № 14 ID= 1000224841. 
2024.05.22 17:32:12, Добавление строки. Связывание со входящим документом № 17 ЭД "Сведения о поступивших от юридических лиц платежах" № 14 ID= 1000224841. 
2024.05.22 17:32:20, Добавление строки. Связывание со входящим документом № 17 ЭД "Сведения о поступивших от юридических лиц платежах" № 14 ID= 1000224841. 
2024.05.22 17:32:29, Добавление строки. Связывание со входящим документом № 17 ЭД "Сведения о поступивших от юридических лиц платежах" № 14 ID= 1000224841. 
2024.05.22 17:32:38, Добавление строки. Связывание со входящим документом № 17 ЭД "Сведения о поступивших от юридических лиц платежах" № 14 ID= 1000224841. 
2024.05.22 17:32:47, Добавление строки. Связывание со входящим документом № 17 ЭД "Сведения о поступивших от юридических лиц платежах" № 14 ID= 1000224841. 
2024.05.22 17:32:55, Добавление строки. Связывание со входящим документом № 17 ЭД "Сведения о поступивших от юридических лиц платежах" № 14 ID= 1000224841. 
2024.05.22 17:33:05, Добавление строки. Связывание со входящим документом № 17 ЭД "Сведения о поступивших от юридических лиц платежах" № 14 ID= 1000224841. 
2024.05.22 17:33:13, Добавление строки. Связывание со входящим документом № 17 ЭД "Сведения о поступивших от юридических лиц платежах" № 14 ID= 1000224841. 
2024.05.22 17:33:22, Добавление строки. Связывание со входящим документом № 17 ЭД "Сведения о поступивших от юридических лиц платежах" № 14 ID= 1000224841. 
2024.05.22 17:33:31, Добавление строки. Связывание со входящим документом № 17 ЭД "Сведения о поступивших от юридических лиц платежах" № 14 ID= 1000224841. 
2024.05.22 17:33:39, Добавление строки. Связывание со входящим документом № 17 ЭД "Сведения о поступивших от юридических лиц платежах" № 14 ID= 1000224841. 
2024.05.22 17:33:48, Добавление строки. Связывание со входящим документом № 17 ЭД "Сведения о поступивших от юридических лиц платежах" № 14 ID= 1000224841. 
2024.05.22 17:33:56, Добавление строки. Связывание со входящим документом № 17 ЭД "Сведения о поступивших от юридических лиц платежах" № 14 ID= 1000224841. 
2024.05.22 17:34:05, Добавление строки. Связывание со входящим документом № 17 ЭД "Сведения о поступивших от юридических лиц платежах" № 14 ID= 1000224841. 
2024.05.22 17:34:14, Добавление строки. Связывание со входящим документом № 17 ЭД "Сведения о поступивших от юридических лиц платежах" № 14 ID= 1000224841. 
2024.05.22 17:34:23, Добавление строки. Связывание со входящим документом № 17 ЭД "Сведения о поступивших от юридических лиц платежах" № 14 ID= 1000224841. 
2024.05.22 17:34:31, Добавление строки. Связывание со входящим документом № 17 ЭД "Сведения о поступивших от юридических лиц платежах" № 14 ID= 1000224841. 
2024.05.22 17:34:41, Добавление строки. Связывание со входящим документом № 17 ЭД "Сведения о поступивших от юридических лиц платежах" № 14 ID= 1000224841. 
2024.05.22 17:34:50, Добавление строки. Связывание со входящим документом № 17 ЭД "Сведения о поступивших от юридических лиц платежах" № 14 ID= 1000224841. 
2024.05.22 17:34:59, Добавление строки. Связывание со входящим документом № 17 ЭД "Сведения о поступивших от юридических лиц платежах" № 14 ID= 1000224841. 
2024.05.22 17:35:08, Добавление строки. Связывание со входящим документом № 17 ЭД "Сведения о поступивших от юридических лиц платежах" № 14 ID= 1000224841. 
2024.05.22 17:35:17, Добавление строки. Связывание со входящим документом № 17 ЭД "Сведения о поступивших от юридических лиц платежах" № 14 ID= 1000224841. 
2024.05.22 17:35:27, Добавление строки. Связывание со входящим документом № 17 ЭД "Сведения о поступивших от юридических лиц платежах" № 14 ID= 1000224841. 
2024.05.22 17:35:37, Добавление строки. Связывание со входящим документом № 17 ЭД "Сведения о поступивших от юридических лиц платежах" № 14 ID= 1000224841. 
2024.05.22 17:35:45, Добавление строки. Связывание со входящим документом № 17 ЭД "Сведения о поступивших от юридических лиц платежах" № 14 ID= 1000224841. 
2024.05.22 17:35:55, Добавление строки. Связывание со входящим документом № 17 ЭД "Сведения о поступивших от юридических лиц платежах" № 14 ID= 1000224841. 
2024.05.22 17:36:05, Добавление строки. Связывание со входящим документом № 17 ЭД "Сведения о поступивших от юридических лиц платежах" № 14 ID= 1000224841. 
2024.05.22 17:36:13, Добавление строки. Связывание со входящим документом № 17 ЭД "Сведения о поступивших от юридических лиц платежах" № 14 ID= 1000224841. 
2024.05.22 17:36:22, Добавление строки. Связывание со входящим документом № 17 ЭД "Сведения о поступивших от юридических лиц платежах" № 14 ID= 1000224841. 
2024.05.22 17:36:31, Добавление строки. Связывание со входящим документом № 17 ЭД "Сведения о поступивших от юридических лиц платежах" № 14 ID= 1000224841. 
2024.05.22 17:36:40, Добавление строки. Связывание со входящим документом № 17 ЭД "Сведения о поступивших от юридических лиц платежах" № 14 ID= 1000224841. 
2024.05.22 17:36:49, Добавление строки. Связывание со входящим документом № 17 ЭД "Сведения о поступивших от юридических лиц платежах" № 14 ID= 1000224841. 
2024.05.22 17:36:58, Добавление строки. Связывание со входящим документом № 17 ЭД "Сведения о поступивших от юридических лиц платежах" № 14 ID= 1000224841. 
2024.05.22 17:37:06, Добавление строки. Связывание со входящим документом № 17 ЭД "Сведения о поступивших от юридических лиц платежах" № 14 ID= 1000224841. 
2024.05.22 17:37:15, Добавление строки. Связывание со входящим документом № 17 ЭД "Сведения о поступивших от юридических лиц платежах" № 14 ID= 1000224841. 
2024.05.22 17:37:23, Добавление строки. Связывание со входящим документом № 17 ЭД "Сведения о поступивших от юридических лиц платежах" № 14 ID= 1000224841. 
2024.05.22 17:37:32, Добавление строки. Связывание со входящим документом № 17 ЭД "Сведения о поступивших от юридических лиц платежах" № 14 ID= 1000224841. 
2024.05.22 17:37:41, Добавление строки. Связывание со входящим документом № 17 ЭД "Сведения о поступивших от юридических лиц платежах" № 14 ID= 1000224841. 
2024.05.22 17:37:50, Добавление строки. Связывание со входящим документом № 17 ЭД "Сведения о поступивших от юридических лиц платежах" № 14 ID= 1000224841. 
2024.05.22 17:37:59, Добавление строки. Связывание со входящим документом № 17 ЭД "Сведения о поступивших от юридических лиц платежах" № 14 ID= 1000224841. 
2024.05.22 17:38:07, Добавление строки. Связывание со входящим документом № 17 ЭД "Сведения о поступивших от юридических лиц платежах" № 14 ID= 1000224841. 
2024.05.22 17:38:17, Добавление строки. Связывание со входящим документом № 17 ЭД "Сведения о поступивших от юридических лиц платежах" № 14 ID= 1000224841. 
2024.05.22 17:38:26, Добавление строки. Связывание со входящим документом № 17 ЭД "Сведения о поступивших от юридических лиц платежах" № 14 ID= 1000224841. 
2024.05.22 17:38:35, Добавление строки. Связывание со входящим документом № 17 ЭД "Сведения о поступивших от юридических лиц платежах" № 14 ID= 1000224841. 
2024.05.22 17:38:44, Добавление строки. Связывание со входящим документом № 17 ЭД "Сведения о поступивших от юридических лиц платежах" № 14 ID= 1000224841. 
2024.05.22 17:38:53, Добавление строки. Связывание со входящим документом № 17 ЭД "Сведения о поступивших от юридических лиц платежах" № 14 ID= 1000224841. 
2024.05.22 17:39:03, Добавление строки. Связывание со входящим документом № 17 ЭД "Сведения о поступивших от юридических лиц платежах" № 14 ID= 1000224841. 
2024.05.22 17:39:12, Добавление строки. Связывание со входящим документом № 17 ЭД "Сведения о поступивших от юридических лиц платежах" № 14 ID= 1000224841. 
2024.05.22 17:39:20, Добавление строки. Связывание со входящим документом № 17 ЭД "Сведения о поступивших от юридических лиц платежах" № 14 ID= 1000224841. 
2024.05.22 17:39:29, Добавление строки. Связывание со входящим документом № 17 ЭД "Сведения о поступивших от юридических лиц платежах" № 14 ID= 1000224841. 
2024.05.22 17:39:37, Добавление строки. Связывание со входящим документом № 17 ЭД "Сведения о поступивших от юридических лиц платежах" № 14 ID= 1000224841. 
2024.05.22 17:39:46, Добавление строки. Связывание со входящим документом № 17 ЭД "Сведения о поступивших от юридических лиц платежах" № 14 ID= 1000224841. 
2024.05.22 17:39:55, Добавление строки. Связывание со входящим документом № 17 ЭД "Сведения о поступивших от юридических лиц платежах" № 14 ID= 1000224841. 
2024.05.22 17:40:04, Добавление строки. Связывание со входящим документом № 17 ЭД "Сведения о поступивших от юридических лиц платежах" № 14 ID= 1000224841. 
2024.05.22 17:40:12, Добавление строки. Связывание со входящим документом № 17 ЭД "Сведения о поступивших от юридических лиц платежах" № 14 ID= 1000224841. 
2024.05.22 17:40:21, Добавление строки. Связывание со входящим документом № 17 ЭД "Сведения о поступивших от юридических лиц платежах" № 14 ID= 1000224841. 
2024.05.22 17:40:30, Добавление строки. Связывание со входящим документом № 17 ЭД "Сведения о поступивших от юридических лиц платежах" № 14 ID= 1000224841. 
2024.05.22 17:40:39, Добавление строки. Связывание со входящим документом № 17 ЭД "Сведения о поступивших от юридических лиц платежах" № 14 ID= 1000224841. 
2024.05.22 17:40:47, Добавление строки. Связывание со входящим документом № 17 ЭД "Сведения о поступивших от юридических лиц платежах" № 14 ID= 1000224841. 
2024.05.22 17:40:56, Добавление строки. Связывание со входящим документом № 17 ЭД "Сведения о поступивших от юридических лиц платежах" № 14 ID= 1000224841. 
2024.05.22 17:41:05, Добавление строки. Связывание со входящим документом № 17 ЭД "Сведения о поступивших от юридических лиц платежах" № 14 ID= 1000224841. 
2024.05.22 17:41:14, Добавление строки. Связывание со входящим документом № 17 ЭД "Сведения о поступивших от юридических лиц платежах" № 14 ID= 1000224841. 
2024.05.22 17:41:23, Добавление строки. Связывание со входящим документом № 17 ЭД "Сведения о поступивших от юридических лиц платежах" № 14 ID= 1000224841. 
2024.05.22 17:41:31, Добавление строки. Связывание со входящим документом № 17 ЭД "Сведения о поступивших от юридических лиц платежах" № 14 ID= 1000224841. 
2024.05.22 17:41:40, Добавление строки. Связывание со входящим документом № 17 ЭД "Сведения о поступивших от юридических лиц платежах" № 14 ID= 1000224841. 
2024.05.22 17:41:48, Добавление строки. Связывание со входящим документом № 17 ЭД "Сведения о поступивших от юридических лиц платежах" № 14 ID= 1000224841. 
2024.05.22 17:41:57, Добавление строки. Связывание со входящим документом № 17 ЭД "Сведения о поступивших от юридических лиц платежах" № 14 ID= 1000224841. 
2024.05.22 17:42:06, Добавление строки. Связывание со входящим документом № 17 ЭД "Сведения о поступивших от юридических лиц платежах" № 14 ID= 1000224841. 
2024.05.22 17:42:15, Добавление строки. Связывание со входящим документом № 17 ЭД "Сведения о поступивших от юридических лиц платежах" № 14 ID= 1000224841. 
2024.05.22 17:42:24, Добавление строки. Связывание со входящим документом № 17 ЭД "Сведения о поступивших от юридических лиц платежах" № 14 ID= 1000224841. 
2024.05.22 17:42:32, Добавление строки. Связывание со входящим документом № 17 ЭД "Сведения о поступивших от юридических лиц платежах" № 14 ID= 1000224841. 
2024.05.22 17:42:42, Добавление строки. Связывание со входящим документом № 17 ЭД "Сведения о поступивших от юридических лиц платежах" № 14 ID= 1000224841. 
2024.05.22 17:42:51, Добавление строки. Связывание со входящим документом № 17 ЭД "Сведения о поступивших от юридических лиц платежах" № 14 ID= 1000224841. 
2024.05.22 17:43:00, Добавление строки. Связывание со входящим документом № 17 ЭД "Сведения о поступивших от юридических лиц платежах" № 14 ID= 1000224841. 
2024.05.22 17:43:10, Добавление строки. Связывание со входящим документом № 17 ЭД "Сведения о поступивших от юридических лиц платежах" № 14 ID= 1000224841. 
2024.05.22 17:43:20, Добавление строки. Связывание со входящим документом № 17 ЭД "Сведения о поступивших от юридических лиц платежах" № 14 ID= 1000224841. 
2024.05.22 17:43:29, Добавление строки. Связывание со входящим документом № 17 ЭД "Сведения о поступивших от юридических лиц платежах" № 14 ID= 1000224841. 
2024.05.22 17:43:38, Добавление строки. Связывание со входящим документом № 17 ЭД "Сведения о поступивших от юридических лиц платежах" № 14 ID= 1000224841. 
2024.05.22 17:43:48, Добавление строки. Связывание со входящим документом № 17 ЭД "Сведения о поступивших от юридических лиц платежах" № 14 ID= 1000224841. 
2024.05.22 17:43:58, Добавление строки. Связывание со входящим документом № 17 ЭД "Сведения о поступивших от юридических лиц платежах" № 14 ID= 1000224841. 
2024.05.22 17:44:07, Добавление строки. Связывание со входящим документом № 17 ЭД "Сведения о поступивших от юридических лиц платежах" № 14 ID= 1000224841. 
2024.05.22 17:44:16, Добавление строки. Связывание со входящим документом № 17 ЭД "Сведения о поступивших от юридических лиц платежах" № 14 ID= 1000224841. 
2024.05.22 17:44:26, Добавление строки. Связывание со входящим документом № 17 ЭД "Сведения о поступивших от юридических лиц платежах" № 14 ID= 1000224841. 
2024.05.22 17:44:35, Добавление строки. Связывание со входящим документом № 17 ЭД "Сведения о поступивших от юридических лиц платежах" № 14 ID= 1000224841. 
2024.05.22 17:44:44, Добавление строки. Связывание со входящим документом № 17 ЭД "Сведения о поступивших от юридических лиц платежах" № 14 ID= 1000224841. 
2024.05.22 17:44:53, Добавление строки. Связывание со входящим документом № 17 ЭД "Сведения о поступивших от юридических лиц платежах" № 14 ID= 1000224841. 
2024.05.22 17:45:02, Добавление строки. Связывание со входящим документом № 17 ЭД "Сведения о поступивших от юридических лиц платежах" № 14 ID= 1000224841. 
2024.05.22 17:45:11, Добавление строки. Связывание со входящим документом № 17 ЭД "Сведения о поступивших от юридических лиц платежах" № 14 ID= 1000224841. 
2024.05.22 17:45:20, Добавление строки. Связывание со входящим документом № 17 ЭД "Сведения о поступивших от юридических лиц платежах" № 14 ID= 1000224841. 
2024.05.22 17:45:29, Добавление строки. Связывание со входящим документом № 17 ЭД "Сведения о поступивших от юридических лиц платежах" № 14 ID= 1000224841. 
2024.05.22 17:45:38, Добавление строки. Связывание со входящим документом № 17 ЭД "Сведения о поступивших от юридических лиц платежах" № 14 ID= 1000224841. 
2024.05.22 17:45:48, Добавление строки. Связывание со входящим документом № 17 ЭД "Сведения о поступивших от юридических лиц платежах" № 14 ID= 1000224841. 
2024.05.22 17:45:57, Добавление строки. Связывание со входящим документом № 17 ЭД "Сведения о поступивших от юридических лиц платежах" № 14 ID= 1000224841. 
2024.05.22 17:46:06, Добавление строки. Связывание со входящим документом № 17 ЭД "Сведения о поступивших от юридических лиц платежах" № 14 ID= 1000224841. 
2024.05.22 17:46:15, Добавление строки. Связывание со входящим документом № 17 ЭД "Сведения о поступивших от юридических лиц платежах" № 14 ID= 1000224841. 
2024.05.22 17:46:24, Добавление строки. Связывание со входящим документом № 17 ЭД "Сведения о поступивших от юридических лиц платежах" № 14 ID= 1000224841. 
2024.05.22 17:46:33, Добавление строки. Связывание со входящим документом № 17 ЭД "Сведения о поступивших от юридических лиц платежах" № 14 ID= 1000224841. 
2024.05.22 17:46:42, Добавление строки. Связывание со входящим документом № 17 ЭД "Сведения о поступивших от юридических лиц платежах" № 14 ID= 1000224841. 
2024.05.22 17:46:51, Добавление строки. Связывание со входящим документом № 17 ЭД "Сведения о поступивших от юридических лиц платежах" № 14 ID= 1000224841. 
2024.05.22 17:47:00, Добавление строки. Связывание со входящим документом № 17 ЭД "Сведения о поступивших от юридических лиц платежах" № 14 ID= 1000224841. 
2024.05.22 17:47:09, Добавление строки. Связывание со входящим документом № 17 ЭД "Сведения о поступивших от юридических лиц платежах" № 14 ID= 1000224841. 
2024.05.22 17:47:19, Добавление строки. Связывание со входящим документом № 17 ЭД "Сведения о поступивших от юридических лиц платежах" № 14 ID= 1000224841. 
2024.05.22 17:47:28, Добавление строки. Связывание со входящим документом № 17 ЭД "Сведения о поступивших от юридических лиц платежах" № 14 ID= 1000224841. 
2024.05.22 17:47:37, Добавление строки. Связывание со входящим документом № 17 ЭД "Сведения о поступивших от юридических лиц платежах" № 14 ID= 1000224841. 
2024.05.22 17:47:46, Добавление строки. Связывание со входящим документом № 17 ЭД "Сведения о поступивших от юридических лиц платежах" № 14 ID= 1000224841. 
2024.05.22 17:47:55, Добавление строки. Связывание со входящим документом № 17 ЭД "Сведения о поступивших от юридических лиц платежах" № 14 ID= 1000224841. 
2024.05.22 17:48:05, Добавление строки. Связывание со входящим документом № 17 ЭД "Сведения о поступивших от юридических лиц платежах" № 14 ID= 1000224841. 
2024.05.22 17:48:14, Добавление строки. Связывание со входящим документом № 17 ЭД "Сведения о поступивших от юридических лиц платежах" № 14 ID= 1000224841. 
2024.05.22 17:48:23, Добавление строки. Связывание со входящим документом № 17 ЭД "Сведения о поступивших от юридических лиц платежах" № 14 ID= 1000224841. 
2024.05.22 17:48:32, Добавление строки. Связывание со входящим документом № 17 ЭД "Сведения о поступивших от юридических лиц платежах" № 14 ID= 1000224841. 
2024.05.22 17:48:41, Добавление строки. Связывание со входящим документом № 17 ЭД "Сведения о поступивших от юридических лиц платежах" № 14 ID= 1000224841. 
2024.05.22 17:48:55, Добавление строки. Связывание со входящим документом № 17 ЭД "Сведения о поступивших от юридических лиц платежах" № 14 ID= 1000224841. 
2024.05.22 17:49:05, Добавление строки. Связывание со входящим документом № 17 ЭД "Сведения о поступивших от юридических лиц платежах" № 14 ID= 1000224841. 
2024.05.22 17:49:14, Добавление строки. Связывание со входящим документом № 17 ЭД "Сведения о поступивших от юридических лиц платежах" № 14 ID= 1000224841. 
2024.05.22 17:49:23, Добавление строки. Связывание со входящим документом № 17 ЭД "Сведения о поступивших от юридических лиц платежах" № 14 ID= 1000224841. 
2024.05.22 17:49:33, Добавление строки. Связывание со входящим документом № 17 ЭД "Сведения о поступивших от юридических лиц платежах" № 14 ID= 1000224841. 
2024.05.22 17:49:42, Добавление строки. Связывание со входящим документом № 17 ЭД "Сведения о поступивших от юридических лиц платежах" № 14 ID= 1000224841. 
2024.05.22 17:49:51, Добавление строки. Связывание со входящим документом № 17 ЭД "Сведения о поступивших от юридических лиц платежах" № 14 ID= 1000224841. 
2024.05.22 17:50:00, Добавление строки. Связывание со входящим документом № 17 ЭД "Сведения о поступивших от юридических лиц платежах" № 14 ID= 1000224841. 
2024.05.22 17:50:09, Добавление строки. Связывание со входящим документом № 17 ЭД "Сведения о поступивших от юридических лиц платежах" № 14 ID= 1000224841. 
2024.05.22 17:50:18, Добавление строки. Связывание со входящим документом № 17 ЭД "Сведения о поступивших от юридических лиц платежах" № 14 ID= 1000224841. 
2024.05.22 17:50:27, Добавление строки. Связывание со входящим документом № 17 ЭД "Сведения о поступивших от юридических лиц платежах" № 14 ID= 1000224841. 
2024.05.22 17:50:36, Добавление строки. Связывание со входящим документом № 17 ЭД "Сведения о поступивших от юридических лиц платежах" № 14 ID= 1000224841. 
2024.05.22 17:50:46, Добавление строки. Связывание со входящим документом № 17 ЭД "Сведения о поступивших от юридических лиц платежах" № 14 ID= 1000224841. 
2024.05.22 17:50:54, Добавление строки. Связывание со входящим документом № 17 ЭД "Сведения о поступивших от юридических лиц платежах" № 14 ID= 1000224841. 
2024.05.22 17:51:04, Добавление строки. Связывание со входящим документом № 17 ЭД "Сведения о поступивших от юридических лиц платежах" № 14 ID= 1000224841. 
2024.05.22 17:51:13, Добавление строки. Связывание со входящим документом № 17 ЭД "Сведения о поступивших от юридических лиц платежах" № 14 ID= 1000224841. 
2024.05.22 17:51:22, Добавление строки. Связывание со входящим документом № 17 ЭД "Сведения о поступивших от юридических лиц платежах" № 14 ID= 1000224841. 
2024.05.22 17:51:31, Добавление строки. Связывание со входящим документом № 17 ЭД "Сведения о поступивших от юридических лиц платежах" № 14 ID= 1000224841. 
2024.05.22 17:51:40, Добавление строки. Связывание со входящим документом № 17 ЭД "Сведения о поступивших от юридических лиц платежах" № 14 ID= 1000224841. 
2024.05.22 17:51:48, Добавление строки. Связывание со входящим документом № 17 ЭД "Сведения о поступивших от юридических лиц платежах" № 14 ID= 1000224841. 
2024.05.22 17:51:58, Добавление строки. Связывание со входящим документом № 17 ЭД "Сведения о поступивших от юридических лиц платежах" № 14 ID= 1000224841. 
2024.05.22 17:52:07, Добавление строки. Связывание со входящим документом № 17 ЭД "Сведения о поступивших от юридических лиц платежах" № 14 ID= 1000224841. 
2024.05.22 17:52:16, Добавление строки. Связывание со входящим документом № 17 ЭД "Сведения о поступивших от юридических лиц платежах" № 14 ID= 1000224841. 
2024.05.22 17:52:25, Добавление строки. Связывание со входящим документом № 17 ЭД "Сведения о поступивших от юридических лиц платежах" № 14 ID= 1000224841. 
2024.05.22 17:52:34, Добавление строки. Связывание со входящим документом № 17 ЭД "Сведения о поступивших от юридических лиц платежах" № 14 ID= 1000224841. 
2024.05.22 17:52:44, Добавление строки. Связывание со входящим документом № 17 ЭД "Сведения о поступивших от юридических лиц платежах" № 14 ID= 1000224841. 
2024.05.22 17:52:53, Добавление строки. Связывание со входящим документом № 17 ЭД "Сведения о поступивших от юридических лиц платежах" № 14 ID= 1000224841. 
2024.05.22 17:53:02, Добавление строки. Связывание со входящим документом № 17 ЭД "Сведения о поступивших от юридических лиц платежах" № 14 ID= 1000224841. 
2024.05.22 17:53:10, Добавление строки. Связывание со входящим документом № 17 ЭД "Сведения о поступивших от юридических лиц платежах" № 14 ID= 1000224841. 
2024.05.22 17:53:19, Добавление строки. Связывание со входящим документом № 17 ЭД "Сведения о поступивших от юридических лиц платежах" № 14 ID= 1000224841. 
2024.05.22 17:53:28, Добавление строки. Связывание со входящим документом № 17 ЭД "Сведения о поступивших от юридических лиц платежах" № 14 ID= 1000224841. 
2024.05.22 17:53:37, Добавление строки. Связывание со входящим документом № 17 ЭД "Сведения о поступивших от юридических лиц платежах" № 14 ID= 1000224841. 
2024.05.22 17:53:46, Добавление строки. Связывание со входящим документом № 17 ЭД "Сведения о поступивших от юридических лиц платежах" № 14 ID= 1000224841. 
2024.05.22 17:53:55, Добавление строки. Связывание со входящим документом № 17 ЭД "Сведения о поступивших от юридических лиц платежах" № 14 ID= 1000224841. 
2024.05.22 17:54:04, Добавление строки. Связывание со входящим документом № 17 ЭД "Сведения о поступивших от юридических лиц платежах" № 14 ID= 1000224841. 
2024.05.22 17:54:13, Добавление строки. Связывание со входящим документом № 17 ЭД "Сведения о поступивших от юридических лиц платежах" № 14 ID= 1000224841. 
2024.05.22 17:54:22, Добавление строки. Связывание со входящим документом № 17 ЭД "Сведения о поступивших от юридических лиц платежах" № 14 ID= 1000224841. 
2024.05.22 17:54:31, Добавление строки. Связывание со входящим документом № 17 ЭД "Сведения о поступивших от юридических лиц платежах" № 14 ID= 1000224841. 
2024.05.22 17:54:39, Добавление строки. Связывание со входящим документом № 17 ЭД "Сведения о поступивших от юридических лиц платежах" № 14 ID= 1000224841. 
2024.05.22 17:54:49, Добавление строки. Связывание со входящим документом № 17 ЭД "Сведения о поступивших от юридических лиц платежах" № 14 ID= 1000224841. 
2024.05.22 17:54:58, Добавление строки. Связывание со входящим документом № 17 ЭД "Сведения о поступивших от юридических лиц платежах" № 14 ID= 1000224841. 
2024.05.22 17:55:07, Добавление строки. Связывание со входящим документом № 17 ЭД "Сведения о поступивших от юридических лиц платежах" № 14 ID= 1000224841. 
2024.05.22 17:55:16, Добавление строки. Связывание со входящим документом № 17 ЭД "Сведения о поступивших от юридических лиц платежах" № 14 ID= 1000224841. 
2024.05.22 17:55:25, Добавление строки. Связывание со входящим документом № 17 ЭД "Сведения о поступивших от юридических лиц платежах" № 14 ID= 1000224841. 
2024.05.22 17:55:34, Добавление строки. Связывание со входящим документом № 17 ЭД "Сведения о поступивших от юридических лиц платежах" № 14 ID= 1000224841. 
2024.05.22 17:55:43, Добавление строки. Связывание со входящим документом № 17 ЭД "Сведения о поступивших от юридических лиц платежах" № 14 ID= 1000224841. 
2024.05.22 17:55:53, Добавление строки. Связывание со входящим документом № 17 ЭД "Сведения о поступивших от юридических лиц платежах" № 14 ID= 1000224841. 
2024.05.22 17:56:02, Добавление строки. Связывание со входящим документом № 17 ЭД "Сведения о поступивших от юридических лиц платежах" № 14 ID= 1000224841. 
2024.05.22 17:56:11, Добавление строки. Связывание со входящим документом № 17 ЭД "Сведения о поступивших от юридических лиц платежах" № 14 ID= 1000224841. 
2024.05.22 17:56:22, Добавление строки. Связывание со входящим документом № 17 ЭД "Сведения о поступивших от юридических лиц платежах" № 14 ID= 1000224841. 
2024.05.22 17:56:32, Добавление строки. Связывание со входящим документом № 17 ЭД "Сведения о поступивших от юридических лиц платежах" № 14 ID= 1000224841. 
2024.05.22 17:56:41, Добавление строки. Связывание со входящим документом № 17 ЭД "Сведения о поступивших от юридических лиц платежах" № 14 ID= 1000224841. 
2024.05.22 17:56:51, Добавление строки. Связывание со входящим документом № 17 ЭД "Сведения о поступивших от юридических лиц платежах" № 14 ID= 1000224841. 
2024.05.22 17:57:00, Добавление строки. Связывание со входящим документом № 17 ЭД "Сведения о поступивших от юридических лиц платежах" № 14 ID= 1000224841. 
2024.05.22 17:57:09, Добавление строки. Связывание со входящим документом № 17 ЭД "Сведения о поступивших от юридических лиц платежах" № 14 ID= 1000224841. 
2024.05.22 17:57:18, Добавление строки. Связывание со входящим документом № 17 ЭД "Сведения о поступивших от юридических лиц платежах" № 14 ID= 1000224841. 
2024.05.22 17:57:27, Добавление строки. Связывание со входящим документом № 17 ЭД "Сведения о поступивших от юридических лиц платежах" № 14 ID= 1000224841. 
2024.05.22 17:57:36, Добавление строки. Связывание со входящим документом № 17 ЭД "Сведения о поступивших от юридических лиц платежах" № 14 ID= 1000224841. 
2024.05.22 17:57:45, Добавление строки. Связывание со входящим документом № 17 ЭД "Сведения о поступивших от юридических лиц платежах" № 14 ID= 1000224841. 
2024.05.22 17:57:54, Добавление строки. Связывание со входящим документом № 17 ЭД "Сведения о поступивших от юридических лиц платежах" № 14 ID= 1000224841. 
2024.05.22 17:58:03, Добавление строки. Связывание со входящим документом № 17 ЭД "Сведения о поступивших от юридических лиц платежах" № 14 ID= 1000224841. 
2024.05.22 17:58:11, Добавление строки. Связывание со входящим документом № 17 ЭД "Сведения о поступивших от юридических лиц платежах" № 14 ID= 1000224841. 
2024.05.22 17:58:20, Добавление строки. Связывание со входящим документом № 17 ЭД "Сведения о поступивших от юридических лиц платежах" № 14 ID= 1000224841. 
2024.05.22 17:58:30, Добавление строки. Связывание со входящим документом № 17 ЭД "Сведения о поступивших от юридических лиц платежах" № 14 ID= 1000224841. 
2024.05.22 17:58:38, Добавление строки. Связывание со входящим документом № 17 ЭД "Сведения о поступивших от юридических лиц платежах" № 14 ID= 1000224841. 
2024.05.22 17:58:47, Добавление строки. Связывание со входящим документом № 17 ЭД "Сведения о поступивших от юридических лиц платежах" № 14 ID= 1000224841. 
2024.05.22 17:58:56, Добавление строки. Связывание со входящим документом № 17 ЭД "Сведения о поступивших от юридических лиц платежах" № 14 ID= 1000224841. 
2024.05.22 17:59:05, Добавление строки. Связывание со входящим документом № 17 ЭД "Сведения о поступивших от юридических лиц платежах" № 14 ID= 1000224841. 
2024.05.22 17:59:14, Добавление строки. Связывание со входящим документом № 17 ЭД "Сведения о поступивших от юридических лиц платежах" № 14 ID= 1000224841. 
2024.05.22 17:59:22, Добавление строки. Связывание со входящим документом № 17 ЭД "Сведения о поступивших от юридических лиц платежах" № 14 ID= 1000224841. 
2024.05.22 17:59:31, Добавление строки. Связывание со входящим документом № 17 ЭД "Сведения о поступивших от юридических лиц платежах" № 14 ID= 1000224841. 
2024.05.22 17:59:41, Добавление строки. Связывание со входящим документом № 17 ЭД "Сведения о поступивших от юридических лиц платежах" № 14 ID= 1000224841. 
2024.05.22 17:59:50, Добавление строки. Связывание со входящим документом № 17 ЭД "Сведения о поступивших от юридических лиц платежах" № 14 ID= 1000224841. 
2024.05.22 18:00:00, Добавление строки. Связывание со входящим документом № 17 ЭД "Сведения о поступивших от юридических лиц платежах" № 14 ID= 1000224841. 
2024.05.22 18:00:10, Добавление строки. Связывание со входящим документом № 17 ЭД "Сведения о поступивших от юридических лиц платежах" № 14 ID= 1000224841. 
2024.05.22 18:00:19, Добавление строки. Связывание со входящим документом № 17 ЭД "Сведения о поступивших от юридических лиц платежах" № 14 ID= 1000224841. 
2024.05.22 18:00:28, Добавление строки. Связывание со входящим документом № 17 ЭД "Сведения о поступивших от юридических лиц платежах" № 14 ID= 1000224841. 
2024.05.22 18:00:36, Добавление строки. Связывание со входящим документом № 17 ЭД "Сведения о поступивших от юридических лиц платежах" № 14 ID= 1000224841. 
2024.05.22 18:00:45, Добавление строки. Связывание со входящим документом № 17 ЭД "Сведения о поступивших от юридических лиц платежах" № 14 ID= 1000224841. 
2024.05.22 18:00:54, Добавление строки. Связывание со входящим документом № 17 ЭД "Сведения о поступивших от юридических лиц платежах" № 14 ID= 1000224841. 
2024.05.22 18:01:03, Добавление строки. Связывание со входящим документом № 17 ЭД "Сведения о поступивших от юридических лиц платежах" № 14 ID= 1000224841. 
2024.05.22 18:01:13, Добавление строки. Связывание со входящим документом № 17 ЭД "Сведения о поступивших от юридических лиц платежах" № 14 ID= 1000224841. 
2024.05.22 18:01:24, Добавление строки. Связывание со входящим документом № 17 ЭД "Сведения о поступивших от юридических лиц платежах" № 14 ID= 1000224841. 
2024.05.22 18:01:33, Добавление строки. Связывание со входящим документом № 17 ЭД "Сведения о поступивших от юридических лиц платежах" № 14 ID= 1000224841. 
2024.05.22 18:01:42, Добавление строки. Связывание со входящим документом № 17 ЭД "Сведения о поступивших от юридических лиц платежах" № 14 ID= 1000224841. 
2024.05.22 18:01:51, Добавление строки. Связывание со входящим документом № 17 ЭД "Сведения о поступивших от юридических лиц платежах" № 14 ID= 1000224841. 
2024.05.22 18:02:00, Добавление строки. Связывание со входящим документом № 17 ЭД "Сведения о поступивших от юридических лиц платежах" № 14 ID= 1000224841. 
2024.05.22 18:02:09, Добавление строки. Связывание со входящим документом № 17 ЭД "Сведения о поступивших от юридических лиц платежах" № 14 ID= 1000224841. 
2024.05.22 18:02:18, Добавление строки. Связывание со входящим документом № 17 ЭД "Сведения о поступивших от юридических лиц платежах" № 14 ID= 1000224841. 
2024.05.22 18:02:26, Добавление строки. Связывание со входящим документом № 17 ЭД "Сведения о поступивших от юридических лиц платежах" № 14 ID= 1000224841. 
2024.05.22 18:02:35, Добавление строки. Связывание со входящим документом № 17 ЭД "Сведения о поступивших от юридических лиц платежах" № 14 ID= 1000224841. 
2024.05.22 18:02:44, Добавление строки. Связывание со входящим документом № 17 ЭД "Сведения о поступивших от юридических лиц платежах" № 14 ID= 1000224841. 
2024.05.22 18:02:53, Добавление строки. Связывание со входящим документом № 17 ЭД "Сведения о поступивших от юридических лиц платежах" № 14 ID= 1000224841. 
2024.05.22 18:03:02, Добавление строки. Связывание со входящим документом № 17 ЭД "Сведения о поступивших от юридических лиц платежах" № 14 ID= 1000224841. 
2024.05.22 18:03:10, Добавление строки. Связывание со входящим документом № 17 ЭД "Сведения о поступивших от юридических лиц платежах" № 14 ID= 1000224841. 
2024.05.22 18:03:19, Добавление строки. Связывание со входящим документом № 17 ЭД "Сведения о поступивших от юридических лиц платежах" № 14 ID= 1000224841. 
2024.05.22 18:03:28, Добавление строки. Связывание со входящим документом № 17 ЭД "Сведения о поступивших от юридических лиц платежах" № 14 ID= 1000224841. 
2024.05.22 18:03:37, Добавление строки. Связывание со входящим документом № 17 ЭД "Сведения о поступивших от юридических лиц платежах" № 14 ID= 1000224841. 
2024.05.22 18:03:45, Добавление строки. Связывание со входящим документом № 17 ЭД "Сведения о поступивших от юридических лиц платежах" № 14 ID= 1000224841. 
2024.05.22 18:03:54, Добавление строки. Связывание со входящим документом № 17 ЭД "Сведения о поступивших от юридических лиц платежах" № 14 ID= 1000224841. 
2024.05.22 18:04:03, Добавление строки. Связывание со входящим документом № 17 ЭД "Сведения о поступивших от юридических лиц платежах" № 14 ID= 1000224841. 
2024.05.22 18:04:12, Добавление строки. Связывание со входящим документом № 17 ЭД "Сведения о поступивших от юридических лиц платежах" № 14 ID= 1000224841. 
2024.05.22 18:04:21, Добавление строки. Связывание со входящим документом № 17 ЭД "Сведения о поступивших от юридических лиц платежах" № 14 ID= 1000224841. 
2024.05.22 18:04:29, Добавление строки. Связывание со входящим документом № 17 ЭД "Сведения о поступивших от юридических лиц платежах" № 14 ID= 1000224841. 
2024.05.22 18:04:38, Добавление строки. Связывание со входящим документом № 17 ЭД "Сведения о поступивших от юридических лиц платежах" № 14 ID= 1000224841. 
2024.05.22 18:04:47, Добавление строки. Связывание со входящим документом № 17 ЭД "Сведения о поступивших от юридических лиц платежах" № 14 ID= 1000224841. 
2024.05.22 18:04:56, Добавление строки. Связывание со входящим документом № 17 ЭД "Сведения о поступивших от юридических лиц платежах" № 14 ID= 1000224841. 
2024.05.22 18:05:05, Добавление строки. Связывание со входящим документом № 17 ЭД "Сведения о поступивших от юридических лиц платежах" № 14 ID= 1000224841. 
2024.05.22 18:05:14, Добавление строки. Связывание со входящим документом № 17 ЭД "Сведения о поступивших от юридических лиц платежах" № 14 ID= 1000224841. 
2024.05.22 18:05:22, Добавление строки. Связывание со входящим документом № 17 ЭД "Сведения о поступивших от юридических лиц платежах" № 14 ID= 1000224841. 
2024.05.22 18:05:31, Добавление строки. Связывание со входящим документом № 17 ЭД "Сведения о поступивших от юридических лиц платежах" № 14 ID= 1000224841. 
2024.05.22 18:05:40, Добавление строки. Связывание со входящим документом № 17 ЭД "Сведения о поступивших от юридических лиц платежах" № 14 ID= 1000224841. 
2024.05.22 18:05:49, Добавление строки. Связывание со входящим документом № 17 ЭД "Сведения о поступивших от юридических лиц платежах" № 14 ID= 1000224841. 
2024.05.22 18:05:58, Добавление строки. Связывание со входящим документом № 17 ЭД "Сведения о поступивших от юридических лиц платежах" № 14 ID= 1000224841. 
2024.05.22 18:06:06, Добавление строки. Связывание со входящим документом № 17 ЭД "Сведения о поступивших от юридических лиц платежах" № 14 ID= 1000224841. 
2024.05.22 18:06:15, Добавление строки. Связывание со входящим документом № 17 ЭД "Сведения о поступивших от юридических лиц платежах" № 14 ID= 1000224841. 
2024.05.22 18:06:24, Добавление строки. Связывание со входящим документом № 17 ЭД "Сведения о поступивших от юридических лиц платежах" № 14 ID= 1000224841. 
2024.05.22 18:06:33, Добавление строки. Связывание со входящим документом № 17 ЭД "Сведения о поступивших от юридических лиц платежах" № 14 ID= 1000224841. 
2024.05.22 18:06:42, Добавление строки. Связывание со входящим документом № 17 ЭД "Сведения о поступивших от юридических лиц платежах" № 14 ID= 1000224841. 
2024.05.22 18:06:51, Добавление строки. Связывание со входящим документом № 17 ЭД "Сведения о поступивших от юридических лиц платежах" № 14 ID= 1000224841. 
2024.05.22 18:07:00, Добавление строки. Связывание со входящим документом № 17 ЭД "Сведения о поступивших от юридических лиц платежах" № 14 ID= 1000224841. 
2024.05.22 18:07:09, Добавление строки. Связывание со входящим документом № 17 ЭД "Сведения о поступивших от юридических лиц платежах" № 14 ID= 1000224841. 
2024.05.22 18:07:18, Добавление строки. Связывание со входящим документом № 17 ЭД "Сведения о поступивших от юридических лиц платежах" № 14 ID= 1000224841. 
2024.05.22 18:07:27, Добавление строки. Связывание со входящим документом № 17 ЭД "Сведения о поступивших от юридических лиц платежах" № 14 ID= 1000224841. 
2024.05.22 18:07:36, Добавление строки. Связывание со входящим документом № 17 ЭД "Сведения о поступивших от юридических лиц платежах" № 14 ID= 1000224841. 
2024.05.22 18:07:44, Добавление строки. Связывание со входящим документом № 17 ЭД "Сведения о поступивших от юридических лиц платежах" № 14 ID= 1000224841. 
2024.05.22 18:07:53, Добавление строки. Связывание со входящим документом № 17 ЭД "Сведения о поступивших от юридических лиц платежах" № 14 ID= 1000224841. 
2024.05.22 18:08:03, Добавление строки. Связывание со входящим документом № 17 ЭД "Сведения о поступивших от юридических лиц платежах" № 14 ID= 1000224841. 
2024.05.22 18:08:11, Добавление строки. Связывание со входящим документом № 17 ЭД "Сведения о поступивших от юридических лиц платежах" № 14 ID= 1000224841. 
2024.05.22 18:08:20, Добавление строки. Связывание со входящим документом № 17 ЭД "Сведения о поступивших от юридических лиц платежах" № 14 ID= 1000224841. 
2024.05.22 18:08:29, Добавление строки. Связывание со входящим документом № 17 ЭД "Сведения о поступивших от юридических лиц платежах" № 14 ID= 1000224841. 
2024.05.22 18:08:38, Добавление строки. Связывание со входящим документом № 17 ЭД "Сведения о поступивших от юридических лиц платежах" № 14 ID= 1000224841. 
2024.05.22 18:08:47, Добавление строки. Связывание со входящим документом № 17 ЭД "Сведения о поступивших от юридических лиц платежах" № 14 ID= 1000224841. 
2024.05.22 18:08:56, Добавление строки. Связывание со входящим документом № 17 ЭД "Сведения о поступивших от юридических лиц платежах" № 14 ID= 1000224841. 
2024.05.22 18:09:05, Добавление строки. Связывание со входящим документом № 17 ЭД "Сведения о поступивших от юридических лиц платежах" № 14 ID= 1000224841. 
2024.05.22 18:09:14, Добавление строки. Связывание со входящим документом № 17 ЭД "Сведения о поступивших от юридических лиц платежах" № 14 ID= 1000224841. 
2024.05.22 18:09:23, Добавление строки. Связывание со входящим документом № 17 ЭД "Сведения о поступивших от юридических лиц платежах" № 14 ID= 1000224841. 
2024.05.22 18:09:33, Добавление строки. Связывание со входящим документом № 17 ЭД "Сведения о поступивших от юридических лиц платежах" № 14 ID= 1000224841. 
2024.05.22 18:09:42, Добавление строки. Связывание со входящим документом № 17 ЭД "Сведения о поступивших от юридических лиц платежах" № 14 ID= 1000224841. 
2024.05.22 18:09:50, Добавление строки. Связывание со входящим документом № 17 ЭД "Сведения о поступивших от юридических лиц платежах" № 14 ID= 1000224841. 
2024.05.22 18:09:59, Добавление строки. Связывание со входящим документом № 17 ЭД "Сведения о поступивших от юридических лиц платежах" № 14 ID= 1000224841. 
2024.05.22 18:10:08, Добавление строки. Связывание со входящим документом № 17 ЭД "Сведения о поступивших от юридических лиц платежах" № 14 ID= 1000224841. 
2024.05.22 18:10:17, Добавление строки. Связывание со входящим документом № 17 ЭД "Сведения о поступивших от юридических лиц платежах" № 14 ID= 1000224841. 
2024.05.22 18:10:26, Добавление строки. Связывание со входящим документом № 17 ЭД "Сведения о поступивших от юридических лиц платежах" № 14 ID= 1000224841. 
2024.05.22 18:10:35, Добавление строки. Связывание со входящим документом № 17 ЭД "Сведения о поступивших от юридических лиц платежах" № 14 ID= 1000224841. 
2024.05.22 18:10:44, Добавление строки. Связывание со входящим документом № 17 ЭД "Сведения о поступивших от юридических лиц платежах" № 14 ID= 1000224841. 
2024.05.22 18:10:53, Добавление строки. Связывание со входящим документом № 17 ЭД "Сведения о поступивших от юридических лиц платежах" № 14 ID= 1000224841. 
2024.05.22 18:11:02, Добавление строки. Связывание со входящим документом № 17 ЭД "Сведения о поступивших от юридических лиц платежах" № 14 ID= 1000224841. 
2024.05.22 18:11:11, Добавление строки. Связывание со входящим документом № 17 ЭД "Сведения о поступивших от юридических лиц платежах" № 14 ID= 1000224841. 
2024.05.22 18:11:19, Добавление строки. Связывание со входящим документом № 17 ЭД "Сведения о поступивших от юридических лиц платежах" № 14 ID= 1000224841. 
2024.05.22 18:11:28, Добавление строки. Связывание со входящим документом № 17 ЭД "Сведения о поступивших от юридических лиц платежах" № 14 ID= 1000224841. 
2024.05.22 18:11:37, Добавление строки. Связывание со входящим документом № 17 ЭД "Сведения о поступивших от юридических лиц платежах" № 14 ID= 1000224841. 
2024.05.22 18:11:46, Добавление строки. Связывание со входящим документом № 17 ЭД "Сведения о поступивших от юридических лиц платежах" № 14 ID= 1000224841. 
2024.05.22 18:11:55, Добавление строки. Связывание со входящим документом № 17 ЭД "Сведения о поступивших от юридических лиц платежах" № 14 ID= 1000224841. 
2024.05.22 18:12:04, Добавление строки. Связывание со входящим документом № 17 ЭД "Сведения о поступивших от юридических лиц платежах" № 14 ID= 1000224841. 
2024.05.22 18:12:13, Добавление строки. Связывание со входящим документом № 17 ЭД "Сведения о поступивших от юридических лиц платежах" № 14 ID= 1000224841. 
2024.05.22 18:12:22, Добавление строки. Связывание со входящим документом № 17 ЭД "Сведения о поступивших от юридических лиц платежах" № 14 ID= 1000224841. 
2024.05.22 18:12:31, Добавление строки. Связывание со входящим документом № 17 ЭД "Сведения о поступивших от юридических лиц платежах" № 14 ID= 1000224841. 
2024.05.22 18:12:40, Добавление строки. Связывание со входящим документом № 17 ЭД "Сведения о поступивших от юридических лиц платежах" № 14 ID= 1000224841. 
2024.05.22 18:12:49, Добавление строки. Связывание со входящим документом № 17 ЭД "Сведения о поступивших от юридических лиц платежах" № 14 ID= 1000224841. 
2024.05.22 18:12:58, Добавление строки. Связывание со входящим документом № 17 ЭД "Сведения о поступивших от юридических лиц платежах" № 14 ID= 1000224841. 
2024.05.22 18:13:07, Добавление строки. Связывание со входящим документом № 17 ЭД "Сведения о поступивших от юридических лиц платежах" № 14 ID= 1000224841. 
2024.05.22 18:13:16, Добавление строки. Связывание со входящим документом № 17 ЭД "Сведения о поступивших от юридических лиц платежах" № 14 ID= 1000224841. 
2024.05.22 18:13:25, Добавление строки. Связывание со входящим документом № 17 ЭД "Сведения о поступивших от юридических лиц платежах" № 14 ID= 1000224841. 
2024.05.22 18:13:34, Добавление строки. Связывание со входящим документом № 17 ЭД "Сведения о поступивших от юридических лиц платежах" № 14 ID= 1000224841. 
2024.05.22 18:13:43, Добавление строки. Связывание со входящим документом № 17 ЭД "Сведения о поступивших от юридических лиц платежах" № 14 ID= 1000224841. 
2024.05.22 18:13:52, Добавление строки. Связывание со входящим документом № 17 ЭД "Сведения о поступивших от юридических лиц платежах" № 14 ID= 1000224841. 
2024.05.22 18:14:01, Добавление строки. Связывание со входящим документом № 17 ЭД "Сведения о поступивших от юридических лиц платежах" № 14 ID= 1000224841. 
2024.05.22 18:14:10, Добавление строки. Связывание со входящим документом № 17 ЭД "Сведения о поступивших от юридических лиц платежах" № 14 ID= 1000224841. 
2024.05.22 18:14:19, Добавление строки. Связывание со входящим документом № 17 ЭД "Сведения о поступивших от юридических лиц платежах" № 14 ID= 1000224841. 
2024.05.22 18:14:28, Добавление строки. Связывание со входящим документом № 17 ЭД "Сведения о поступивших от юридических лиц платежах" № 14 ID= 1000224841. 
2024.05.22 18:14:37, Добавление строки. Связывание со входящим документом № 17 ЭД "Сведения о поступивших от юридических лиц платежах" № 14 ID= 1000224841. 
2024.05.22 18:14:45, Добавление строки. Связывание со входящим документом № 17 ЭД "Сведения о поступивших от юридических лиц платежах" № 14 ID= 1000224841. 
2024.05.22 18:14:54, Добавление строки. Связывание со входящим документом № 17 ЭД "Сведения о поступивших от юридических лиц платежах" № 14 ID= 1000224841. 
2024.05.22 18:15:03, Добавление строки. Связывание со входящим документом № 17 ЭД "Сведения о поступивших от юридических лиц платежах" № 14 ID= 1000224841. 
2024.05.22 18:15:12, Добавление строки. Связывание со входящим документом № 17 ЭД "Сведения о поступивших от юридических лиц платежах" № 14 ID= 1000224841. 
2024.05.22 18:15:21, Добавление строки. Связывание со входящим документом № 17 ЭД "Сведения о поступивших от юридических лиц платежах" № 14 ID= 1000224841. 
2024.05.22 18:15:30, Добавление строки. Связывание со входящим документом № 17 ЭД "Сведения о поступивших от юридических лиц платежах" № 14 ID= 1000224841. 
2024.05.22 18:15:39, Добавление строки. Связывание со входящим документом № 17 ЭД "Сведения о поступивших от юридических лиц платежах" № 14 ID= 1000224841. 
2024.05.22 18:15:48, Добавление строки. Связывание со входящим документом № 17 ЭД "Сведения о поступивших от юридических лиц платежах" № 14 ID= 1000224841. 
2024.05.22 18:15:57, Добавление строки. Связывание со входящим документом № 17 ЭД "Сведения о поступивших от юридических лиц платежах" № 14 ID= 1000224841. 
2024.05.22 18:16:06, Добавление строки. Связывание со входящим документом № 17 ЭД "Сведения о поступивших от юридических лиц платежах" № 14 ID= 1000224841. 
2024.05.22 18:16:15, Добавление строки. Связывание со входящим документом № 17 ЭД "Сведения о поступивших от юридических лиц платежах" № 14 ID= 1000224841. 
2024.05.22 18:16:24, Добавление строки. Связывание со входящим документом № 17 ЭД "Сведения о поступивших от юридических лиц платежах" № 14 ID= 1000224841. 
2024.05.22 18:16:33, Добавление строки. Связывание со входящим документом № 17 ЭД "Сведения о поступивших от юридических лиц платежах" № 14 ID= 1000224841. 
2024.05.22 18:16:42, Добавление строки. Связывание со входящим документом № 17 ЭД "Сведения о поступивших от юридических лиц платежах" № 14 ID= 1000224841. 
2024.05.22 18:16:51, Добавление строки. Связывание со входящим документом № 17 ЭД "Сведения о поступивших от юридических лиц платежах" № 14 ID= 1000224841. 
2024.05.22 18:17:00, Добавление строки. Связывание со входящим документом № 17 ЭД "Сведения о поступивших от юридических лиц платежах" № 14 ID= 1000224841. 
2024.05.22 18:17:09, Добавление строки. Связывание со входящим документом № 17 ЭД "Сведения о поступивших от юридических лиц платежах" № 14 ID= 1000224841. 
2024.05.22 18:17:18, Добавление строки. Связывание со входящим документом № 17 ЭД "Сведения о поступивших от юридических лиц платежах" № 14 ID= 1000224841. 
2024.05.22 18:17:27, Добавление строки. Связывание со входящим документом № 17 ЭД "Сведения о поступивших от юридических лиц платежах" № 14 ID= 1000224841. 
2024.05.22 18:17:36, Добавление строки. Связывание со входящим документом № 17 ЭД "Сведения о поступивших от юридических лиц платежах" № 14 ID= 1000224841. 
2024.05.22 18:17:45, Добавление строки. Связывание со входящим документом № 17 ЭД "Сведения о поступивших от юридических лиц платежах" № 14 ID= 1000224841. 
2024.05.22 18:17:54, Добавление строки. Связывание со входящим документом № 17 ЭД "Сведения о поступивших от юридических лиц платежах" № 14 ID= 1000224841. 
2024.05.22 18:18:03, Добавление строки. Связывание со входящим документом № 17 ЭД "Сведения о поступивших от юридических лиц платежах" № 14 ID= 1000224841. 
2024.05.22 18:18:12, Добавление строки. Связывание со входящим документом № 17 ЭД "Сведения о поступивших от юридических лиц платежах" № 14 ID= 1000224841. 
2024.05.22 18:18:21, Добавление строки. Связывание со входящим документом № 17 ЭД "Сведения о поступивших от юридических лиц платежах" № 14 ID= 1000224841. 
2024.05.22 18:18:31, Добавление строки. Связывание со входящим документом № 17 ЭД "Сведения о поступивших от юридических лиц платежах" № 14 ID= 1000224841. 
2024.05.22 18:18:40, Добавление строки. Связывание со входящим документом № 17 ЭД "Сведения о поступивших от юридических лиц платежах" № 14 ID= 1000224841. 
2024.05.22 18:18:49, Добавление строки. Связывание со входящим документом № 17 ЭД "Сведения о поступивших от юридических лиц платежах" № 14 ID= 1000224841. 
2024.05.22 18:18:59, Добавление строки. Связывание со входящим документом № 17 ЭД "Сведения о поступивших от юридических лиц платежах" № 14 ID= 1000224841. 
2024.05.22 18:19:08, Добавление строки. Связывание со входящим документом № 17 ЭД "Сведения о поступивших от юридических лиц платежах" № 14 ID= 1000224841. 
2024.05.22 18:19:17, Добавление строки. Связывание со входящим документом № 17 ЭД "Сведения о поступивших от юридических лиц платежах" № 14 ID= 1000224841. 
2024.05.22 18:19:26, Добавление строки. Связывание со входящим документом № 17 ЭД "Сведения о поступивших от юридических лиц платежах" № 14 ID= 1000224841. 
2024.05.22 18:19:36, Добавление строки. Связывание со входящим документом № 17 ЭД "Сведения о поступивших от юридических лиц платежах" № 14 ID= 1000224841. 
2024.05.22 18:19:45, Добавление строки. Связывание со входящим документом № 17 ЭД "Сведения о поступивших от юридических лиц платежах" № 14 ID= 1000224841. 
2024.05.22 18:19:54, Добавление строки. Связывание со входящим документом № 17 ЭД "Сведения о поступивших от юридических лиц платежах" № 14 ID= 1000224841. 
2024.05.22 18:20:03, Добавление строки. Связывание со входящим документом № 17 ЭД "Сведения о поступивших от юридических лиц платежах" № 14 ID= 1000224841. 
2024.05.22 18:20:12, Добавление строки. Связывание со входящим документом № 17 ЭД "Сведения о поступивших от юридических лиц платежах" № 14 ID= 1000224841. 
2024.05.22 18:20:21, Добавление строки. Связывание со входящим документом № 17 ЭД "Сведения о поступивших от юридических лиц платежах" № 14 ID= 1000224841. 
2024.05.22 18:20:30, Добавление строки. Связывание со входящим документом № 17 ЭД "Сведения о поступивших от юридических лиц платежах" № 14 ID= 1000224841. 
2024.05.22 18:20:39, Добавление строки. Связывание со входящим документом № 17 ЭД "Сведения о поступивших от юридических лиц платежах" № 14 ID= 1000224841. 
2024.05.22 18:20:48, Добавление строки. Связывание со входящим документом № 17 ЭД "Сведения о поступивших от юридических лиц платежах" № 14 ID= 1000224841. 
2024.05.22 18:20:57, Добавление строки. Связывание со входящим документом № 17 ЭД "Сведения о поступивших от юридических лиц платежах" № 14 ID= 1000224841. 
2024.05.22 18:21:06, Добавление строки. Связывание со входящим документом № 17 ЭД "Сведения о поступивших от юридических лиц платежах" № 14 ID= 1000224841. 
2024.05.22 18:21:15, Добавление строки. Связывание со входящим документом № 17 ЭД "Сведения о поступивших от юридических лиц платежах" № 14 ID= 1000224841. 
2024.05.22 18:21:24, Добавление строки. Связывание со входящим документом № 17 ЭД "Сведения о поступивших от юридических лиц платежах" № 14 ID= 1000224841. 
2024.05.22 18:21:33, Добавление строки. Связывание со входящим документом № 17 ЭД "Сведения о поступивших от юридических лиц платежах" № 14 ID= 1000224841. 
2024.05.22 18:21:42, Добавление строки. Связывание со входящим документом № 17 ЭД "Сведения о поступивших от юридических лиц платежах" № 14 ID= 1000224841. 
2024.05.22 18:21:51, Добавление строки. Связывание со входящим документом № 17 ЭД "Сведения о поступивших от юридических лиц платежах" № 14 ID= 1000224841. 
2024.05.22 18:22:00, Добавление строки. Связывание со входящим документом № 17 ЭД "Сведения о поступивших от юридических лиц платежах" № 14 ID= 1000224841. 
2024.05.22 18:22:09, Добавление строки. Связывание со входящим документом № 17 ЭД "Сведения о поступивших от юридических лиц платежах" № 14 ID= 1000224841. 
2024.05.22 18:22:18, Добавление строки. Связывание со входящим документом № 17 ЭД "Сведения о поступивших от юридических лиц платежах" № 14 ID= 1000224841. 
2024.05.22 18:22:27, Добавление строки. Связывание со входящим документом № 17 ЭД "Сведения о поступивших от юридических лиц платежах" № 14 ID= 1000224841. 
2024.05.22 18:22:37, Добавление строки. Связывание со входящим документом № 17 ЭД "Сведения о поступивших от юридических лиц платежах" № 14 ID= 1000224841. 
2024.05.22 18:22:46, Добавление строки. Связывание со входящим документом № 17 ЭД "Сведения о поступивших от юридических лиц платежах" № 14 ID= 1000224841. 
2024.05.22 18:22:55, Добавление строки. Связывание со входящим документом № 17 ЭД "Сведения о поступивших от юридических лиц платежах" № 14 ID= 1000224841. 
2024.05.22 18:23:04, Добавление строки. Связывание со входящим документом № 17 ЭД "Сведения о поступивших от юридических лиц платежах" № 14 ID= 1000224841. 
2024.05.22 18:23:13, Добавление строки. Связывание со входящим документом № 17 ЭД "Сведения о поступивших от юридических лиц платежах" № 14 ID= 1000224841. 
2024.05.22 18:23:22, Добавление строки. Связывание со входящим документом № 17 ЭД "Сведения о поступивших от юридических лиц платежах" № 14 ID= 1000224841. 
2024.05.22 18:23:31, Добавление строки. Связывание со входящим документом № 17 ЭД "Сведения о поступивших от юридических лиц платежах" № 14 ID= 1000224841. 
2024.05.22 18:23:40, Добавление строки. Связывание со входящим документом № 17 ЭД "Сведения о поступивших от юридических лиц платежах" № 14 ID= 1000224841. 
2024.05.22 18:23:49, Добавление строки. Связывание со входящим документом № 17 ЭД "Сведения о поступивших от юридических лиц платежах" № 14 ID= 1000224841. 
2024.05.22 18:23:58, Добавление строки. Связывание со входящим документом № 17 ЭД "Сведения о поступивших от юридических лиц платежах" № 14 ID= 1000224841. 
2024.05.22 18:24:08, Добавление строки. Связывание со входящим документом № 17 ЭД "Сведения о поступивших от юридических лиц платежах" № 14 ID= 1000224841. 
2024.05.22 18:24:17, Добавление строки. Связывание со входящим документом № 17 ЭД "Сведения о поступивших от юридических лиц платежах" № 14 ID= 1000224841. 
2024.05.22 18:24:26, Добавление строки. Связывание со входящим документом № 17 ЭД "Сведения о поступивших от юридических лиц платежах" № 14 ID= 1000224841. 
2024.05.22 18:24:35, Добавление строки. Связывание со входящим документом № 17 ЭД "Сведения о поступивших от юридических лиц платежах" № 14 ID= 1000224841. 
2024.05.22 18:24:44, Добавление строки. Связывание со входящим документом № 17 ЭД "Сведения о поступивших от юридических лиц платежах" № 14 ID= 1000224841. 
2024.05.22 18:24:53, Добавление строки. Связывание со входящим документом № 17 ЭД "Сведения о поступивших от юридических лиц платежах" № 14 ID= 1000224841. 
2024.05.22 18:25:02, Добавление строки. Связывание со входящим документом № 17 ЭД "Сведения о поступивших от юридических лиц платежах" № 14 ID= 1000224841. 
2024.05.22 18:25:11, Добавление строки. Связывание со входящим документом № 17 ЭД "Сведения о поступивших от юридических лиц платежах" № 14 ID= 1000224841. 
2024.05.22 18:25:20, Добавление строки. Связывание со входящим документом № 17 ЭД "Сведения о поступивших от юридических лиц платежах" № 14 ID= 1000224841. 
2024.05.22 18:25:30, Добавление строки. Связывание со входящим документом № 17 ЭД "Сведения о поступивших от юридических лиц платежах" № 14 ID= 1000224841. 
2024.05.22 18:25:39, Добавление строки. Связывание со входящим документом № 17 ЭД "Сведения о поступивших от юридических лиц платежах" № 14 ID= 1000224841. 
2024.05.22 18:25:48, Добавление строки. Связывание со входящим документом № 17 ЭД "Сведения о поступивших от юридических лиц платежах" № 14 ID= 1000224841. 
2024.05.22 18:25:57, Добавление строки. Связывание со входящим документом № 17 ЭД "Сведения о поступивших от юридических лиц платежах" № 14 ID= 1000224841. 
2024.05.22 18:26:07, Добавление строки. Связывание со входящим документом № 17 ЭД "Сведения о поступивших от юридических лиц платежах" № 14 ID= 1000224841. 
2024.05.22 18:26:16, Добавление строки. Связывание со входящим документом № 17 ЭД "Сведения о поступивших от юридических лиц платежах" № 14 ID= 1000224841. 
2024.05.22 18:26:25, Добавление строки. Связывание со входящим документом № 17 ЭД "Сведения о поступивших от юридических лиц платежах" № 14 ID= 1000224841. 
2024.05.22 18:26:34, Добавление строки. Связывание со входящим документом № 17 ЭД "Сведения о поступивших от юридических лиц платежах" № 14 ID= 1000224841. 
2024.05.22 18:26:44, Добавление строки. Связывание со входящим документом № 17 ЭД "Сведения о поступивших от юридических лиц платежах" № 14 ID= 1000224841. 
2024.05.22 18:26:53, Добавление строки. Связывание со входящим документом № 17 ЭД "Сведения о поступивших от юридических лиц платежах" № 14 ID= 1000224841. 
2024.05.22 18:27:02, Добавление строки. Связывание со входящим документом № 17 ЭД "Сведения о поступивших от юридических лиц платежах" № 14 ID= 1000224841. 
2024.05.22 18:27:11, Добавление строки. Связывание со входящим документом № 17 ЭД "Сведения о поступивших от юридических лиц платежах" № 14 ID= 1000224841. 
2024.05.22 18:27:20, Добавление строки. Связывание со входящим документом № 17 ЭД "Сведения о поступивших от юридических лиц платежах" № 14 ID= 1000224841. 
2024.05.22 18:27:29, Добавление строки. Связывание со входящим документом № 17 ЭД "Сведения о поступивших от юридических лиц платежах" № 14 ID= 1000224841. 
2024.05.22 18:27:38, Добавление строки. Связывание со входящим документом № 17 ЭД "Сведения о поступивших от юридических лиц платежах" № 14 ID= 1000224841. 
2024.05.22 18:27:48, Добавление строки. Связывание со входящим документом № 17 ЭД "Сведения о поступивших от юридических лиц платежах" № 14 ID= 1000224841. 
2024.05.22 18:27:57, Добавление строки. Связывание со входящим документом № 17 ЭД "Сведения о поступивших от юридических лиц платежах" № 14 ID= 1000224841. 
2024.05.22 18:28:06, Добавление строки. Связывание со входящим документом № 17 ЭД "Сведения о поступивших от юридических лиц платежах" № 14 ID= 1000224841. 
2024.05.22 18:28:15, Добавление строки. Связывание со входящим документом № 17 ЭД "Сведения о поступивших от юридических лиц платежах" № 14 ID= 1000224841. 
2024.05.22 18:28:24, Добавление строки. Связывание со входящим документом № 17 ЭД "Сведения о поступивших от юридических лиц платежах" № 14 ID= 1000224841. 
2024.05.22 18:28:33, Добавление строки. Связывание со входящим документом № 17 ЭД "Сведения о поступивших от юридических лиц платежах" № 14 ID= 1000224841. 
2024.05.22 18:28:43, Добавление строки. Связывание со входящим документом № 17 ЭД "Сведения о поступивших от юридических лиц платежах" № 14 ID= 1000224841. 
2024.05.22 18:28:52, Добавление строки. Связывание со входящим документом № 17 ЭД "Сведения о поступивших от юридических лиц платежах" № 14 ID= 1000224841. 
2024.05.22 18:29:01, Добавление строки. Связывание со входящим документом № 17 ЭД "Сведения о поступивших от юридических лиц платежах" № 14 ID= 1000224841. 
2024.05.22 18:29:10, Добавление строки. Связывание со входящим документом № 17 ЭД "Сведения о поступивших от юридических лиц платежах" № 14 ID= 1000224841. 
2024.05.22 18:29:19, Добавление строки. Связывание со входящим документом № 17 ЭД "Сведения о поступивших от юридических лиц платежах" № 14 ID= 1000224841. 
2024.05.22 18:29:29, Добавление строки. Связывание со входящим документом № 17 ЭД "Сведения о поступивших от юридических лиц платежах" № 14 ID= 1000224841. 
2024.05.22 18:29:38, Добавление строки. Связывание со входящим документом № 17 ЭД "Сведения о поступивших от юридических лиц платежах" № 14 ID= 1000224841. 
2024.05.22 18:29:47, Добавление строки. Связывание со входящим документом № 17 ЭД "Сведения о поступивших от юридических лиц платежах" № 14 ID= 1000224841. 
2024.05.22 18:29:56, Добавление строки. Связывание со входящим документом № 17 ЭД "Сведения о поступивших от юридических лиц платежах" № 14 ID= 1000224841. 
2024.05.22 18:30:05, Добавление строки. Связывание со входящим документом № 17 ЭД "Сведения о поступивших от юридических лиц платежах" № 14 ID= 1000224841. 
2024.05.22 18:30:15, Добавление строки. Связывание со входящим документом № 17 ЭД "Сведения о поступивших от юридических лиц платежах" № 14 ID= 1000224841. 
2024.05.22 18:30:24, Добавление строки. Связывание со входящим документом № 17 ЭД "Сведения о поступивших от юридических лиц платежах" № 14 ID= 1000224841. 
2024.05.22 18:30:33, Добавление строки. Связывание со входящим документом № 17 ЭД "Сведения о поступивших от юридических лиц платежах" № 14 ID= 1000224841. 
2024.05.22 18:30:42, Добавление строки. Связывание со входящим документом № 17 ЭД "Сведения о поступивших от юридических лиц платежах" № 14 ID= 1000224841. 
2024.05.22 18:30:51, Добавление строки. Связывание со входящим документом № 17 ЭД "Сведения о поступивших от юридических лиц платежах" № 14 ID= 1000224841. 
2024.05.22 18:31:01, Добавление строки. Связывание со входящим документом № 17 ЭД "Сведения о поступивших от юридических лиц платежах" № 14 ID= 1000224841. 
2024.05.22 18:31:11, Добавление строки. Связывание со входящим документом № 17 ЭД "Сведения о поступивших от юридических лиц платежах" № 14 ID= 1000224841. 
2024.05.22 18:31:20, Добавление строки. Связывание со входящим документом № 17 ЭД "Сведения о поступивших от юридических лиц платежах" № 14 ID= 1000224841. 
2024.05.22 18:31:29, Добавление строки. Связывание со входящим документом № 17 ЭД "Сведения о поступивших от юридических лиц платежах" № 14 ID= 1000224841. 
2024.05.22 18:31:38, Добавление строки. Связывание со входящим документом № 17 ЭД "Сведения о поступивших от юридических лиц платежах" № 14 ID= 1000224841. 
2024.05.22 18:31:47, Добавление строки. Связывание со входящим документом № 17 ЭД "Сведения о поступивших от юридических лиц платежах" № 14 ID= 1000224841. 
2024.05.22 18:31:57, Добавление строки. Связывание со входящим документом № 17 ЭД "Сведения о поступивших от юридических лиц платежах" № 14 ID= 1000224841. 
2024.05.22 18:32:06, Добавление строки. Связывание со входящим документом № 17 ЭД "Сведения о поступивших от юридических лиц платежах" № 14 ID= 1000224841. 
2024.05.22 18:32:15, Добавление строки. Связывание со входящим документом № 17 ЭД "Сведения о поступивших от юридических лиц платежах" № 14 ID= 1000224841. 
2024.05.22 18:32:24, Добавление строки. Связывание со входящим документом № 17 ЭД "Сведения о поступивших от юридических лиц платежах" № 14 ID= 1000224841. 
2024.05.22 18:32:34, Добавление строки. Связывание со входящим документом № 17 ЭД "Сведения о поступивших от юридических лиц платежах" № 14 ID= 1000224841. 
2024.05.22 18:32:43, Добавление строки. Связывание со входящим документом № 17 ЭД "Сведения о поступивших от юридических лиц платежах" № 14 ID= 1000224841. 
2024.05.22 18:32:52, Добавление строки. Связывание со входящим документом № 17 ЭД "Сведения о поступивших от юридических лиц платежах" № 14 ID= 1000224841. 
2024.05.22 18:33:02, Добавление строки. Связывание со входящим документом № 17 ЭД "Сведения о поступивших от юридических лиц платежах" № 14 ID= 1000224841. 
2024.05.22 18:33:11, Добавление строки. Связывание со входящим документом № 17 ЭД "Сведения о поступивших от юридических лиц платежах" № 14 ID= 1000224841. 
2024.05.22 18:33:20, Добавление строки. Связывание со входящим документом № 17 ЭД "Сведения о поступивших от юридических лиц платежах" № 14 ID= 1000224841. 
2024.05.22 18:33:30, Добавление строки. Связывание со входящим документом № 17 ЭД "Сведения о поступивших от юридических лиц платежах" № 14 ID= 1000224841. 
2024.05.22 18:33:39, Добавление строки. Связывание со входящим документом № 17 ЭД "Сведения о поступивших от юридических лиц платежах" № 14 ID= 1000224841. 
2024.05.22 18:33:48, Добавление строки. Связывание со входящим документом № 17 ЭД "Сведения о поступивших от юридических лиц платежах" № 14 ID= 1000224841. 
2024.05.22 18:33:58, Добавление строки. Связывание со входящим документом № 17 ЭД "Сведения о поступивших от юридических лиц платежах" № 14 ID= 1000224841. 
2024.05.22 18:34:07, Добавление строки. Связывание со входящим документом № 17 ЭД "Сведения о поступивших от юридических лиц платежах" № 14 ID= 1000224841. 
2024.05.22 18:34:16, Добавление строки. Связывание со входящим документом № 17 ЭД "Сведения о поступивших от юридических лиц платежах" № 14 ID= 1000224841. 
2024.05.22 18:34:26, Добавление строки. Связывание со входящим документом № 17 ЭД "Сведения о поступивших от юридических лиц платежах" № 14 ID= 1000224841. 
2024.05.22 18:34:35, Добавление строки. Связывание со входящим документом № 17 ЭД "Сведения о поступивших от юридических лиц платежах" № 14 ID= 1000224841. 
2024.05.22 18:34:44, Добавление строки. Связывание со входящим документом № 17 ЭД "Сведения о поступивших от юридических лиц платежах" № 14 ID= 1000224841. 
2024.05.22 18:34:54, Добавление строки. Связывание со входящим документом № 17 ЭД "Сведения о поступивших от юридических лиц платежах" № 14 ID= 1000224841. 
2024.05.22 18:35:04, Добавление строки. Связывание со входящим документом № 17 ЭД "Сведения о поступивших от юридических лиц платежах" № 14 ID= 1000224841. 
2024.05.22 18:35:13, Добавление строки. Связывание со входящим документом № 17 ЭД "Сведения о поступивших от юридических лиц платежах" № 14 ID= 1000224841. 
2024.05.22 18:35:22, Добавление строки. Связывание со входящим документом № 17 ЭД "Сведения о поступивших от юридических лиц платежах" № 14 ID= 1000224841. 
2024.05.22 18:35:32, Добавление строки. Связывание со входящим документом № 17 ЭД "Сведения о поступивших от юридических лиц платежах" № 14 ID= 1000224841. 
2024.05.22 18:35:42, Добавление строки. Связывание со входящим документом № 17 ЭД "Сведения о поступивших от юридических лиц платежах" № 14 ID= 1000224841. 
2024.05.22 18:35:51, Добавление строки. Связывание со входящим документом № 17 ЭД "Сведения о поступивших от юридических лиц платежах" № 14 ID= 1000224841. 
2024.05.22 18:36:00, Добавление строки. Связывание со входящим документом № 17 ЭД "Сведения о поступивших от юридических лиц платежах" № 14 ID= 1000224841. 
2024.05.22 18:36:10, Добавление строки. Связывание со входящим документом № 17 ЭД "Сведения о поступивших от юридических лиц платежах" № 14 ID= 1000224841. 
2024.05.22 18:36:21, Добавление строки. Связывание со входящим документом № 17 ЭД "Сведения о поступивших от юридических лиц платежах" № 14 ID= 1000224841. 
2024.05.22 18:36:31, Добавление строки. Связывание со входящим документом № 17 ЭД "Сведения о поступивших от юридических лиц платежах" № 14 ID= 1000224841. 
2024.05.22 18:36:41, Добавление строки. Связывание со входящим документом № 17 ЭД "Сведения о поступивших от юридических лиц платежах" № 14 ID= 1000224841. 
2024.05.22 18:36:50, Добавление строки. Связывание со входящим документом № 17 ЭД "Сведения о поступивших от юридических лиц платежах" № 14 ID= 1000224841. 
2024.05.22 18:36:59, Добавление строки. Связывание со входящим документом № 17 ЭД "Сведения о поступивших от юридических лиц платежах" № 14 ID= 1000224841. 
2024.05.22 18:37:09, Добавление строки. Связывание со входящим документом № 17 ЭД "Сведения о поступивших от юридических лиц платежах" № 14 ID= 1000224841. 
2024.05.22 18:37:18, Добавление строки. Связывание со входящим документом № 17 ЭД "Сведения о поступивших от юридических лиц платежах" № 14 ID= 1000224841. 
2024.05.22 18:37:27, Добавление строки. Связывание со входящим документом № 17 ЭД "Сведения о поступивших от юридических лиц платежах" № 14 ID= 1000224841. 
2024.05.22 18:37:37, Добавление строки. Связывание со входящим документом № 17 ЭД "Сведения о поступивших от юридических лиц платежах" № 14 ID= 1000224841. 
2024.05.22 18:37:46, Добавление строки. Связывание со входящим документом № 17 ЭД "Сведения о поступивших от юридических лиц платежах" № 14 ID= 1000224841. 
2024.05.22 18:37:55, Добавление строки. Связывание со входящим документом № 17 ЭД "Сведения о поступивших от юридических лиц платежах" № 14 ID= 1000224841. 
2024.05.22 18:38:05, Добавление строки. Связывание со входящим документом № 17 ЭД "Сведения о поступивших от юридических лиц платежах" № 14 ID= 1000224841. 
2024.05.22 18:38:14, Добавление строки. Связывание со входящим документом № 17 ЭД "Сведения о поступивших от юридических лиц платежах" № 14 ID= 1000224841. 
2024.05.22 18:38:24, Добавление строки. Связывание со входящим документом № 17 ЭД "Сведения о поступивших от юридических лиц платежах" № 14 ID= 1000224841. 
2024.05.22 18:38:33, Добавление строки. Связывание со входящим документом № 17 ЭД "Сведения о поступивших от юридических лиц платежах" № 14 ID= 1000224841. 
2024.05.22 18:38:43, Добавление строки. Связывание со входящим документом № 17 ЭД "Сведения о поступивших от юридических лиц платежах" № 14 ID= 1000224841. 
2024.05.22 18:38:52, Добавление строки. Связывание со входящим документом № 17 ЭД "Сведения о поступивших от юридических лиц платежах" № 14 ID= 1000224841. 
2024.05.22 18:39:02, Добавление строки. Связывание со входящим документом № 17 ЭД "Сведения о поступивших от юридических лиц платежах" № 14 ID= 1000224841. 
2024.05.22 18:39:12, Добавление строки. Связывание со входящим документом № 17 ЭД "Сведения о поступивших от юридических лиц платежах" № 14 ID= 1000224841. 
2024.05.22 18:39:21, Добавление строки. Связывание со входящим документом № 17 ЭД "Сведения о поступивших от юридических лиц платежах" № 14 ID= 1000224841. 
2024.05.22 18:39:30, Добавление строки. Связывание со входящим документом № 17 ЭД "Сведения о поступивших от юридических лиц платежах" № 14 ID= 1000224841. 
2024.05.22 18:39:40, Добавление строки. Связывание со входящим документом № 17 ЭД "Сведения о поступивших от юридических лиц платежах" № 14 ID= 1000224841. 
2024.05.22 18:39:49, Добавление строки. Связывание со входящим документом № 17 ЭД "Сведения о поступивших от юридических лиц платежах" № 14 ID= 1000224841. 
2024.05.22 18:39:59, Добавление строки. Связывание со входящим документом № 17 ЭД "Сведения о поступивших от юридических лиц платежах" № 14 ID= 1000224841. 
2024.05.22 18:40:08, Добавление строки. Связывание со входящим документом № 17 ЭД "Сведения о поступивших от юридических лиц платежах" № 14 ID= 1000224841. 
2024.05.22 18:40:17, Добавление строки. Связывание со входящим документом № 17 ЭД "Сведения о поступивших от юридических лиц платежах" № 14 ID= 1000224841. 
2024.05.22 18:40:27, Добавление строки. Связывание со входящим документом № 17 ЭД "Сведения о поступивших от юридических лиц платежах" № 14 ID= 1000224841. 
2024.05.22 18:40:36, Добавление строки. Связывание со входящим документом № 17 ЭД "Сведения о поступивших от юридических лиц платежах" № 14 ID= 1000224841. 
2024.05.22 18:40:45, Добавление строки. Связывание со входящим документом № 17 ЭД "Сведения о поступивших от юридических лиц платежах" № 14 ID= 1000224841. 
2024.05.22 18:40:55, Добавление строки. Связывание со входящим документом № 17 ЭД "Сведения о поступивших от юридических лиц платежах" № 14 ID= 1000224841. 
2024.05.22 18:41:04, Добавление строки. Связывание со входящим документом № 17 ЭД "Сведения о поступивших от юридических лиц платежах" № 14 ID= 1000224841. 
2024.05.22 18:41:14, Добавление строки. Связывание со входящим документом № 17 ЭД "Сведения о поступивших от юридических лиц платежах" № 14 ID= 1000224841. 
2024.05.22 18:41:23, Добавление строки. Связывание со входящим документом № 17 ЭД "Сведения о поступивших от юридических лиц платежах" № 14 ID= 1000224841. 
2024.05.22 18:41:32, Добавление строки. Связывание со входящим документом № 17 ЭД "Сведения о поступивших от юридических лиц платежах" № 14 ID= 1000224841. 
2024.05.22 18:41:42, Добавление строки. Связывание со входящим документом № 17 ЭД "Сведения о поступивших от юридических лиц платежах" № 14 ID= 1000224841. 
2024.05.22 18:41:51, Добавление строки. Связывание со входящим документом № 17 ЭД "Сведения о поступивших от юридических лиц платежах" № 14 ID= 1000224841. 
2024.05.22 18:42:00, Добавление строки. Связывание со входящим документом № 17 ЭД "Сведения о поступивших от юридических лиц платежах" № 14 ID= 1000224841. 
2024.05.22 18:42:10, Добавление строки. Связывание со входящим документом № 17 ЭД "Сведения о поступивших от юридических лиц платежах" № 14 ID= 1000224841. 
2024.05.22 18:42:19, Добавление строки. Связывание со входящим документом № 17 ЭД "Сведения о поступивших от юридических лиц платежах" № 14 ID= 1000224841. 
2024.05.22 18:42:28, Добавление строки. Связывание со входящим документом № 17 ЭД "Сведения о поступивших от юридических лиц платежах" № 14 ID= 1000224841. 
2024.05.22 18:42:38, Добавление строки. Связывание со входящим документом № 17 ЭД "Сведения о поступивших от юридических лиц платежах" № 14 ID= 1000224841. 
2024.05.22 18:42:47, Добавление строки. Связывание со входящим документом № 17 ЭД "Сведения о поступивших от юридических лиц платежах" № 14 ID= 1000224841. 
2024.05.22 18:42:56, Добавление строки. Связывание со входящим документом № 17 ЭД "Сведения о поступивших от юридических лиц платежах" № 14 ID= 1000224841. 
2024.05.22 18:43:06, Добавление строки. Связывание со входящим документом № 17 ЭД "Сведения о поступивших от юридических лиц платежах" № 14 ID= 1000224841. 
2024.05.22 18:43:15, Добавление строки. Связывание со входящим документом № 17 ЭД "Сведения о поступивших от юридических лиц платежах" № 14 ID= 1000224841. 
2024.05.22 18:43:25, Добавление строки. Связывание со входящим документом № 17 ЭД "Сведения о поступивших от юридических лиц платежах" № 14 ID= 1000224841. 
2024.05.22 18:43:34, Добавление строки. Связывание со входящим документом № 17 ЭД "Сведения о поступивших от юридических лиц платежах" № 14 ID= 1000224841. 
2024.05.22 18:43:43, Добавление строки. Связывание со входящим документом № 17 ЭД "Сведения о поступивших от юридических лиц платежах" № 14 ID= 1000224841. 
2024.05.22 18:43:53, Добавление строки. Связывание со входящим документом № 17 ЭД "Сведения о поступивших от юридических лиц платежах" № 14 ID= 1000224841. 
2024.05.22 18:44:02, Добавление строки. Связывание со входящим документом № 17 ЭД "Сведения о поступивших от юридических лиц платежах" № 14 ID= 1000224841. 
2024.05.22 18:44:11, Добавление строки. Связывание со входящим документом № 17 ЭД "Сведения о поступивших от юридических лиц платежах" № 14 ID= 1000224841. 
2024.05.22 18:44:21, Добавление строки. Связывание со входящим документом № 17 ЭД "Сведения о поступивших от юридических лиц платежах" № 14 ID= 1000224841. 
2024.05.22 18:44:30, Добавление строки. Связывание со входящим документом № 17 ЭД "Сведения о поступивших от юридических лиц платежах" № 14 ID= 1000224841. 
2024.05.22 18:44:39, Добавление строки. Связывание со входящим документом № 17 ЭД "Сведения о поступивших от юридических лиц платежах" № 14 ID= 1000224841. 
2024.05.22 18:44:49, Добавление строки. Связывание со входящим документом № 17 ЭД "Сведения о поступивших от юридических лиц платежах" № 14 ID= 1000224841. 
2024.05.22 18:44:58, Добавление строки. Связывание со входящим документом № 17 ЭД "Сведения о поступивших от юридических лиц платежах" № 14 ID= 1000224841. 
2024.05.22 18:45:08, Добавление строки. Связывание со входящим документом № 17 ЭД "Сведения о поступивших от юридических лиц платежах" № 14 ID= 1000224841. 
2024.05.22 18:45:17, Добавление строки. Связывание со входящим документом № 17 ЭД "Сведения о поступивших от юридических лиц платежах" № 14 ID= 1000224841. 
2024.05.22 18:45:26, Добавление строки. Связывание со входящим документом № 17 ЭД "Сведения о поступивших от юридических лиц платежах" № 14 ID= 1000224841. 
2024.05.22 18:45:36, Добавление строки. Связывание со входящим документом № 17 ЭД "Сведения о поступивших от юридических лиц платежах" № 14 ID= 1000224841. 
2024.05.22 18:45:45, Добавление строки. Связывание со входящим документом № 17 ЭД "Сведения о поступивших от юридических лиц платежах" № 14 ID= 1000224841. 
2024.05.22 18:45:55, Добавление строки. Связывание со входящим документом № 17 ЭД "Сведения о поступивших от юридических лиц платежах" № 14 ID= 1000224841. 
2024.05.22 18:46:04, Добавление строки. Связывание со входящим документом № 17 ЭД "Сведения о поступивших от юридических лиц платежах" № 14 ID= 1000224841. 
2024.05.22 18:46:13, Добавление строки. Связывание со входящим документом № 17 ЭД "Сведения о поступивших от юридических лиц платежах" № 14 ID= 1000224841. 
2024.05.22 18:46:23, Добавление строки. Связывание со входящим документом № 17 ЭД "Сведения о поступивших от юридических лиц платежах" № 14 ID= 1000224841. 
2024.05.22 18:46:32, Добавление строки. Связывание со входящим документом № 17 ЭД "Сведения о поступивших от юридических лиц платежах" № 14 ID= 1000224841. 
2024.05.22 18:46:42, Добавление строки. Связывание со входящим документом № 17 ЭД "Сведения о поступивших от юридических лиц платежах" № 14 ID= 1000224841. 
2024.05.22 18:46:51, Добавление строки. Связывание со входящим документом № 17 ЭД "Сведения о поступивших от юридических лиц платежах" № 14 ID= 1000224841. 
2024.05.22 18:47:00, Добавление строки. Связывание со входящим документом № 17 ЭД "Сведения о поступивших от юридических лиц платежах" № 14 ID= 1000224841. 
2024.05.22 18:47:10, Добавление строки. Связывание со входящим документом № 17 ЭД "Сведения о поступивших от юридических лиц платежах" № 14 ID= 1000224841. 
2024.05.22 18:47:19, Добавление строки. Связывание со входящим документом № 17 ЭД "Сведения о поступивших от юридических лиц платежах" № 14 ID= 1000224841. 
2024.05.22 18:47:29, Добавление строки. Связывание со входящим документом № 17 ЭД "Сведения о поступивших от юридических лиц платежах" № 14 ID= 1000224841. 
2024.05.22 18:47:38, Добавление строки. Связывание со входящим документом № 17 ЭД "Сведения о поступивших от юридических лиц платежах" № 14 ID= 1000224841. 
2024.05.22 18:47:48, Добавление строки. Связывание со входящим документом № 17 ЭД "Сведения о поступивших от юридических лиц платежах" № 14 ID= 1000224841. 
2024.05.22 18:47:57, Добавление строки. Связывание со входящим документом № 17 ЭД "Сведения о поступивших от юридических лиц платежах" № 14 ID= 1000224841. 
2024.05.22 18:48:06, Добавление строки. Связывание со входящим документом № 17 ЭД "Сведения о поступивших от юридических лиц платежах" № 14 ID= 1000224841. 
2024.05.22 18:48:16, Добавление строки. Связывание со входящим документом № 17 ЭД "Сведения о поступивших от юридических лиц платежах" № 14 ID= 1000224841. 
2024.05.22 18:48:25, Добавление строки. Связывание со входящим документом № 17 ЭД "Сведения о поступивших от юридических лиц платежах" № 14 ID= 1000224841. 
2024.05.22 18:48:35, Добавление строки. Связывание со входящим документом № 17 ЭД "Сведения о поступивших от юридических лиц платежах" № 14 ID= 1000224841. 
2024.05.22 18:48:44, Добавление строки. Связывание со входящим документом № 17 ЭД "Сведения о поступивших от юридических лиц платежах" № 14 ID= 1000224841. 
2024.05.22 18:48:53, Добавление строки. Связывание со входящим документом № 17 ЭД "Сведения о поступивших от юридических лиц платежах" № 14 ID= 1000224841. 
2024.05.22 18:49:03, Добавление строки. Связывание со входящим документом № 17 ЭД "Сведения о поступивших от юридических лиц платежах" № 14 ID= 1000224841. 
2024.05.22 18:49:12, Добавление строки. Связывание со входящим документом № 17 ЭД "Сведения о поступивших от юридических лиц платежах" № 14 ID= 1000224841. 
2024.05.22 18:49:22, Добавление строки. Связывание со входящим документом № 17 ЭД "Сведения о поступивших от юридических лиц платежах" № 14 ID= 1000224841. 
2024.05.22 18:49:31, Добавление строки. Связывание со входящим документом № 17 ЭД "Сведения о поступивших от юридических лиц платежах" № 14 ID= 1000224841. 
2024.05.22 18:49:40, Добавление строки. Связывание со входящим документом № 17 ЭД "Сведения о поступивших от юридических лиц платежах" № 14 ID= 1000224841. 
2024.05.22 18:49:50, Добавление строки. Связывание со входящим документом № 17 ЭД "Сведения о поступивших от юридических лиц платежах" № 14 ID= 1000224841. 
2024.05.22 18:49:59, Добавление строки. Связывание со входящим документом № 17 ЭД "Сведения о поступивших от юридических лиц платежах" № 14 ID= 1000224841. 
2024.05.22 18:50:09, Добавление строки. Связывание со входящим документом № 17 ЭД "Сведения о поступивших от юридических лиц платежах" № 14 ID= 1000224841. 
2024.05.22 18:50:18, Добавление строки. Связывание со входящим документом № 17 ЭД "Сведения о поступивших от юридических лиц платежах" № 14 ID= 1000224841. 
2024.05.22 18:50:28, Добавление строки. Связывание со входящим документом № 17 ЭД "Сведения о поступивших от юридических лиц платежах" № 14 ID= 1000224841. 
2024.05.22 18:50:37, Добавление строки. Связывание со входящим документом № 17 ЭД "Сведения о поступивших от юридических лиц платежах" № 14 ID= 1000224841. 
2024.05.22 18:50:47, Добавление строки. Связывание со входящим документом № 17 ЭД "Сведения о поступивших от юридических лиц платежах" № 14 ID= 1000224841. 
2024.05.22 18:50:56, Добавление строки. Связывание со входящим документом № 17 ЭД "Сведения о поступивших от юридических лиц платежах" № 14 ID= 1000224841. 
2024.05.22 18:51:05, Добавление строки. Связывание со входящим документом № 17 ЭД "Сведения о поступивших от юридических лиц платежах" № 14 ID= 1000224841. 
2024.05.22 18:51:15, Добавление строки. Связывание со входящим документом № 17 ЭД "Сведения о поступивших от юридических лиц платежах" № 14 ID= 1000224841. 
2024.05.22 18:51:24, Добавление строки. Связывание со входящим документом № 17 ЭД "Сведения о поступивших от юридических лиц платежах" № 14 ID= 1000224841. 
2024.05.22 18:51:34, Добавление строки. Связывание со входящим документом № 17 ЭД "Сведения о поступивших от юридических лиц платежах" № 14 ID= 1000224841. 
2024.05.22 18:51:43, Добавление строки. Связывание со входящим документом № 17 ЭД "Сведения о поступивших от юридических лиц платежах" № 14 ID= 1000224841. 
2024.05.22 18:51:53, Добавление строки. Связывание со входящим документом № 17 ЭД "Сведения о поступивших от юридических лиц платежах" № 14 ID= 1000224841. 
2024.05.22 18:52:02, Добавление строки. Связывание со входящим документом № 17 ЭД "Сведения о поступивших от юридических лиц платежах" № 14 ID= 1000224841. 
2024.05.22 18:52:12, Добавление строки. Связывание со входящим документом № 17 ЭД "Сведения о поступивших от юридических лиц платежах" № 14 ID= 1000224841. 
2024.05.22 18:52:21, Добавление строки. Связывание со входящим документом № 17 ЭД "Сведения о поступивших от юридических лиц платежах" № 14 ID= 1000224841. 
2024.05.22 18:52:31, Добавление строки. Связывание со входящим документом № 17 ЭД "Сведения о поступивших от юридических лиц платежах" № 14 ID= 1000224841. 
2024.05.22 18:52:40, Добавление строки. Связывание со входящим документом № 17 ЭД "Сведения о поступивших от юридических лиц платежах" № 14 ID= 1000224841. 
2024.05.22 18:52:50, Добавление строки. Связывание со входящим документом № 17 ЭД "Сведения о поступивших от юридических лиц платежах" № 14 ID= 1000224841. 
2024.05.22 18:52:59, Добавление строки. Связывание со входящим документом № 17 ЭД "Сведения о поступивших от юридических лиц платежах" № 14 ID= 1000224841. 
2024.05.22 18:53:09, Добавление строки. Связывание со входящим документом № 17 ЭД "Сведения о поступивших от юридических лиц платежах" № 14 ID= 1000224841. 
2024.05.22 18:53:18, Добавление строки. Связывание со входящим документом № 17 ЭД "Сведения о поступивших от юридических лиц платежах" № 14 ID= 1000224841. 
2024.05.22 18:53:28, Добавление строки. Связывание со входящим документом № 17 ЭД "Сведения о поступивших от юридических лиц платежах" № 14 ID= 1000224841. 
2024.05.22 18:53:37, Добавление строки. Связывание со входящим документом № 17 ЭД "Сведения о поступивших от юридических лиц платежах" № 14 ID= 1000224841. 
2024.05.22 18:53:46, Добавление строки. Связывание со входящим документом № 17 ЭД "Сведения о поступивших от юридических лиц платежах" № 14 ID= 1000224841. 
2024.05.22 18:53:56, Добавление строки. Связывание со входящим документом № 17 ЭД "Сведения о поступивших от юридических лиц платежах" № 14 ID= 1000224841. 
2024.05.22 18:54:06, Добавление строки. Связывание со входящим документом № 17 ЭД "Сведения о поступивших от юридических лиц платежах" № 14 ID= 1000224841. 
2024.05.22 18:54:16, Добавление строки. Связывание со входящим документом № 17 ЭД "Сведения о поступивших от юридических лиц платежах" № 14 ID= 1000224841. 
2024.05.22 18:54:25, Добавление строки. Связывание со входящим документом № 17 ЭД "Сведения о поступивших от юридических лиц платежах" № 14 ID= 1000224841. 
2024.05.22 18:54:35, Добавление строки. Связывание со входящим документом № 17 ЭД "Сведения о поступивших от юридических лиц платежах" № 14 ID= 1000224841. 
2024.05.22 18:54:45, Добавление строки. Связывание со входящим документом № 17 ЭД "Сведения о поступивших от юридических лиц платежах" № 14 ID= 1000224841. 
2024.05.22 18:54:54, Добавление строки. Связывание со входящим документом № 17 ЭД "Сведения о поступивших от юридических лиц платежах" № 14 ID= 1000224841. 
2024.05.22 18:55:04, Добавление строки. Связывание со входящим документом № 17 ЭД "Сведения о поступивших от юридических лиц платежах" № 14 ID= 1000224841. 
2024.05.22 18:55:13, Добавление строки. Связывание со входящим документом № 17 ЭД "Сведения о поступивших от юридических лиц платежах" № 14 ID= 1000224841. 
2024.05.22 18:55:23, Добавление строки. Связывание со входящим документом № 17 ЭД "Сведения о поступивших от юридических лиц платежах" № 14 ID= 1000224841. 
2024.05.22 18:55:32, Добавление строки. Связывание со входящим документом № 17 ЭД "Сведения о поступивших от юридических лиц платежах" № 14 ID= 1000224841. 
2024.05.22 18:55:42, Добавление строки. Связывание со входящим документом № 17 ЭД "Сведения о поступивших от юридических лиц платежах" № 14 ID= 1000224841. 
2024.05.22 18:55:51, Добавление строки. Связывание со входящим документом № 17 ЭД "Сведения о поступивших от юридических лиц платежах" № 14 ID= 1000224841. 
2024.05.22 18:56:01, Добавление строки. Связывание со входящим документом № 17 ЭД "Сведения о поступивших от юридических лиц платежах" № 14 ID= 1000224841. 
2024.05.22 18:56:10, Добавление строки. Связывание со входящим документом № 17 ЭД "Сведения о поступивших от юридических лиц платежах" № 14 ID= 1000224841. 
2024.05.22 18:56:20, Добавление строки. Связывание со входящим документом № 17 ЭД "Сведения о поступивших от юридических лиц платежах" № 14 ID= 1000224841. 
2024.05.22 18:56:30, Добавление строки. Связывание со входящим документом № 17 ЭД "Сведения о поступивших от юридических лиц платежах" № 14 ID= 1000224841. 
2024.05.22 18:56:39, Добавление строки. Связывание со входящим документом № 17 ЭД "Сведения о поступивших от юридических лиц платежах" № 14 ID= 1000224841. 
2024.05.22 18:56:49, Добавление строки. Связывание со входящим документом № 17 ЭД "Сведения о поступивших от юридических лиц платежах" № 14 ID= 1000224841. 
2024.05.22 18:56:58, Добавление строки. Связывание со входящим документом № 17 ЭД "Сведения о поступивших от юридических лиц платежах" № 14 ID= 1000224841. 
2024.05.22 18:57:08, Добавление строки. Связывание со входящим документом № 17 ЭД "Сведения о поступивших от юридических лиц платежах" № 14 ID= 1000224841. 
2024.05.22 18:57:17, Добавление строки. Связывание со входящим документом № 17 ЭД "Сведения о поступивших от юридических лиц платежах" № 14 ID= 1000224841. 
2024.05.22 18:57:27, Добавление строки. Связывание со входящим документом № 17 ЭД "Сведения о поступивших от юридических лиц платежах" № 14 ID= 1000224841. 
2024.05.22 18:57:36, Добавление строки. Связывание со входящим документом № 17 ЭД "Сведения о поступивших от юридических лиц платежах" № 14 ID= 1000224841. 
2024.05.22 18:57:46, Добавление строки. Связывание со входящим документом № 17 ЭД "Сведения о поступивших от юридических лиц платежах" № 14 ID= 1000224841. 
2024.05.22 18:57:56, Добавление строки. Связывание со входящим документом № 17 ЭД "Сведения о поступивших от юридических лиц платежах" № 14 ID= 1000224841. 
2024.05.22 18:58:05, Добавление строки. Связывание со входящим документом № 17 ЭД "Сведения о поступивших от юридических лиц платежах" № 14 ID= 1000224841. 
2024.05.22 18:58:15, Добавление строки. Связывание со входящим документом № 17 ЭД "Сведения о поступивших от юридических лиц платежах" № 14 ID= 1000224841. 
2024.05.22 18:58:24, Добавление строки. Связывание со входящим документом № 17 ЭД "Сведения о поступивших от юридических лиц платежах" № 14 ID= 1000224841. 
2024.05.22 18:58:34, Добавление строки. Связывание со входящим документом № 17 ЭД "Сведения о поступивших от юридических лиц платежах" № 14 ID= 1000224841. 
2024.05.22 18:58:44, Добавление строки. Связывание со входящим документом № 17 ЭД "Сведения о поступивших от юридических лиц платежах" № 14 ID= 1000224841. 
2024.05.22 18:58:53, Добавление строки. Связывание со входящим документом № 17 ЭД "Сведения о поступивших от юридических лиц платежах" № 14 ID= 1000224841. 
2024.05.22 18:59:03, Добавление строки. Связывание со входящим документом № 17 ЭД "Сведения о поступивших от юридических лиц платежах" № 14 ID= 1000224841. 
2024.05.22 18:59:12, Добавление строки. Связывание со входящим документом № 17 ЭД "Сведения о поступивших от юридических лиц платежах" № 14 ID= 1000224841. 
2024.05.22 18:59:22, Добавление строки. Связывание со входящим документом № 17 ЭД "Сведения о поступивших от юридических лиц платежах" № 14 ID= 1000224841. 
2024.05.22 18:59:31, Добавление строки. Связывание со входящим документом № 17 ЭД "Сведения о поступивших от юридических лиц платежах" № 14 ID= 1000224841. 
2024.05.22 18:59:41, Добавление строки. Связывание со входящим документом № 17 ЭД "Сведения о поступивших от юридических лиц платежах" № 14 ID= 1000224841. 
2024.05.22 18:59:51, Добавление строки. Связывание со входящим документом № 17 ЭД "Сведения о поступивших от юридических лиц платежах" № 14 ID= 1000224841. 
2024.05.22 19:00:00, Добавление строки. Связывание со входящим документом № 17 ЭД "Сведения о поступивших от юридических лиц платежах" № 14 ID= 1000224841. 
2024.05.22 19:00:10, Добавление строки. Связывание со входящим документом № 17 ЭД "Сведения о поступивших от юридических лиц платежах" № 14 ID= 1000224841. 
2024.05.22 19:00:19, Добавление строки. Связывание со входящим документом № 17 ЭД "Сведения о поступивших от юридических лиц платежах" № 14 ID= 1000224841. 
2024.05.22 19:00:29, Добавление строки. Связывание со входящим документом № 17 ЭД "Сведения о поступивших от юридических лиц платежах" № 14 ID= 1000224841. 
2024.05.22 19:00:38, Добавление строки. Связывание со входящим документом № 17 ЭД "Сведения о поступивших от юридических лиц платежах" № 14 ID= 1000224841. 
2024.05.22 19:00:48, Добавление строки. Связывание со входящим документом № 17 ЭД "Сведения о поступивших от юридических лиц платежах" № 14 ID= 1000224841. 
2024.05.22 19:00:58, Добавление строки. Связывание со входящим документом № 17 ЭД "Сведения о поступивших от юридических лиц платежах" № 14 ID= 1000224841. 
2024.05.22 19:01:07, Добавление строки. Связывание со входящим документом № 17 ЭД "Сведения о поступивших от юридических лиц платежах" № 14 ID= 1000224841. 
2024.05.22 19:01:17, Добавление строки. Связывание со входящим документом № 17 ЭД "Сведения о поступивших от юридических лиц платежах" № 14 ID= 1000224841. 
2024.05.22 19:01:26, Добавление строки. Связывание со входящим документом № 17 ЭД "Сведения о поступивших от юридических лиц платежах" № 14 ID= 1000224841. 
2024.05.22 19:01:36, Добавление строки. Связывание со входящим документом № 17 ЭД "Сведения о поступивших от юридических лиц платежах" № 14 ID= 1000224841. 
2024.05.22 19:01:46, Добавление строки. Связывание со входящим документом № 17 ЭД "Сведения о поступивших от юридических лиц платежах" № 14 ID= 1000224841. 
2024.05.22 19:01:55, Добавление строки. Связывание со входящим документом № 17 ЭД "Сведения о поступивших от юридических лиц платежах" № 14 ID= 1000224841. 
2024.05.22 19:02:05, Добавление строки. Связывание со входящим документом № 17 ЭД "Сведения о поступивших от юридических лиц платежах" № 14 ID= 1000224841. 
2024.05.22 19:02:14, Добавление строки. Связывание со входящим документом № 17 ЭД "Сведения о поступивших от юридических лиц платежах" № 14 ID= 1000224841. 
2024.05.22 19:02:24, Добавление строки. Связывание со входящим документом № 17 ЭД "Сведения о поступивших от юридических лиц платежах" № 14 ID= 1000224841. 
2024.05.22 19:02:34, Добавление строки. Связывание со входящим документом № 17 ЭД "Сведения о поступивших от юридических лиц платежах" № 14 ID= 1000224841. 
2024.05.22 19:02:43, Добавление строки. Связывание со входящим документом № 17 ЭД "Сведения о поступивших от юридических лиц платежах" № 14 ID= 1000224841. 
2024.05.22 19:02:53, Добавление строки. Связывание со входящим документом № 17 ЭД "Сведения о поступивших от юридических лиц платежах" № 14 ID= 1000224841. 
2024.05.22 19:03:02, Добавление строки. Связывание со входящим документом № 17 ЭД "Сведения о поступивших от юридических лиц платежах" № 14 ID= 1000224841. 
2024.05.22 19:03:12, Добавление строки. Связывание со входящим документом № 17 ЭД "Сведения о поступивших от юридических лиц платежах" № 14 ID= 1000224841. 
2024.05.22 19:03:22, Добавление строки. Связывание со входящим документом № 17 ЭД "Сведения о поступивших от юридических лиц платежах" № 14 ID= 1000224841. 
2024.05.22 19:03:31, Добавление строки. Связывание со входящим документом № 17 ЭД "Сведения о поступивших от юридических лиц платежах" № 14 ID= 1000224841. 
2024.05.22 19:03:41, Добавление строки. Связывание со входящим документом № 17 ЭД "Сведения о поступивших от юридических лиц платежах" № 14 ID= 1000224841. 
2024.05.22 19:03:51, Добавление строки. Связывание со входящим документом № 17 ЭД "Сведения о поступивших от юридических лиц платежах" № 14 ID= 1000224841. 
2024.05.22 19:04:00, Добавление строки. Связывание со входящим документом № 17 ЭД "Сведения о поступивших от юридических лиц платежах" № 14 ID= 1000224841. 
2024.05.22 19:04:10, Добавление строки. Связывание со входящим документом № 17 ЭД "Сведения о поступивших от юридических лиц платежах" № 14 ID= 1000224841. 
2024.05.22 19:04:20, Добавление строки. Связывание со входящим документом № 17 ЭД "Сведения о поступивших от юридических лиц платежах" № 14 ID= 1000224841. 
2024.05.22 19:04:29, Добавление строки. Связывание со входящим документом № 17 ЭД "Сведения о поступивших от юридических лиц платежах" № 14 ID= 1000224841. 
2024.05.22 19:04:39, Добавление строки. Связывание со входящим документом № 17 ЭД "Сведения о поступивших от юридических лиц платежах" № 14 ID= 1000224841. 
2024.05.22 19:04:49, Добавление строки. Связывание со входящим документом № 17 ЭД "Сведения о поступивших от юридических лиц платежах" № 14 ID= 1000224841. 
2024.05.22 19:04:58, Добавление строки. Связывание со входящим документом № 17 ЭД "Сведения о поступивших от юридических лиц платежах" № 14 ID= 1000224841. 
2024.05.22 19:05:08, Добавление строки. Связывание со входящим документом № 17 ЭД "Сведения о поступивших от юридических лиц платежах" № 14 ID= 1000224841. 
2024.05.22 19:05:18, Добавление строки. Связывание со входящим документом № 17 ЭД "Сведения о поступивших от юридических лиц платежах" № 14 ID= 1000224841. 
2024.05.22 19:05:27, Добавление строки. Связывание со входящим документом № 17 ЭД "Сведения о поступивших от юридических лиц платежах" № 14 ID= 1000224841. 
2024.05.22 19:05:37, Добавление строки. Связывание со входящим документом № 17 ЭД "Сведения о поступивших от юридических лиц платежах" № 14 ID= 1000224841. 
2024.05.22 19:05:47, Добавление строки. Связывание со входящим документом № 17 ЭД "Сведения о поступивших от юридических лиц платежах" № 14 ID= 1000224841. 
2024.05.22 19:05:56, Добавление строки. Связывание со входящим документом № 17 ЭД "Сведения о поступивших от юридических лиц платежах" № 14 ID= 1000224841. 
2024.05.22 19:06:06, Добавление строки. Связывание со входящим документом № 17 ЭД "Сведения о поступивших от юридических лиц платежах" № 14 ID= 1000224841. 
2024.05.22 19:06:16, Добавление строки. Связывание со входящим документом № 17 ЭД "Сведения о поступивших от юридических лиц платежах" № 14 ID= 1000224841. 
2024.05.22 19:06:25, Добавление строки. Связывание со входящим документом № 17 ЭД "Сведения о поступивших от юридических лиц платежах" № 14 ID= 1000224841. 
2024.05.22 19:06:35, Добавление строки. Связывание со входящим документом № 17 ЭД "Сведения о поступивших от юридических лиц платежах" № 14 ID= 1000224841. 
2024.05.22 19:06:45, Добавление строки. Связывание со входящим документом № 17 ЭД "Сведения о поступивших от юридических лиц платежах" № 14 ID= 1000224841. 
2024.05.22 19:06:54, Добавление строки. Связывание со входящим документом № 17 ЭД "Сведения о поступивших от юридических лиц платежах" № 14 ID= 1000224841. 
2024.05.22 19:07:04, Добавление строки. Связывание со входящим документом № 17 ЭД "Сведения о поступивших от юридических лиц платежах" № 14 ID= 1000224841. 
2024.05.22 19:07:14, Добавление строки. Связывание со входящим документом № 17 ЭД "Сведения о поступивших от юридических лиц платежах" № 14 ID= 1000224841. 
2024.05.22 19:07:23, Добавление строки. Связывание со входящим документом № 17 ЭД "Сведения о поступивших от юридических лиц платежах" № 14 ID= 1000224841. 
2024.05.22 19:07:33, Добавление строки. Связывание со входящим документом № 17 ЭД "Сведения о поступивших от юридических лиц платежах" № 14 ID= 1000224841. 
2024.05.22 19:07:43, Добавление строки. Связывание со входящим документом № 17 ЭД "Сведения о поступивших от юридических лиц платежах" № 14 ID= 1000224841. 
2024.05.22 19:07:53, Добавление строки. Связывание со входящим документом № 17 ЭД "Сведения о поступивших от юридических лиц платежах" № 14 ID= 1000224841. 
2024.05.22 19:08:02, Добавление строки. Связывание со входящим документом № 17 ЭД "Сведения о поступивших от юридических лиц платежах" № 14 ID= 1000224841. 
2024.05.22 19:08:12, Добавление строки. Связывание со входящим документом № 17 ЭД "Сведения о поступивших от юридических лиц платежах" № 14 ID= 1000224841. 
2024.05.22 19:08:22, Добавление строки. Связывание со входящим документом № 17 ЭД "Сведения о поступивших от юридических лиц платежах" № 14 ID= 1000224841. 
2024.05.22 19:08:31, Добавление строки. Связывание со входящим документом № 17 ЭД "Сведения о поступивших от юридических лиц платежах" № 14 ID= 1000224841. 
2024.05.22 19:08:41, Добавление строки. Связывание со входящим документом № 17 ЭД "Сведения о поступивших от юридических лиц платежах" № 14 ID= 1000224841. 
2024.05.22 19:08:51, Добавление строки. Связывание со входящим документом № 17 ЭД "Сведения о поступивших от юридических лиц платежах" № 14 ID= 1000224841. 
2024.05.22 19:09:00, Добавление строки. Связывание со входящим документом № 17 ЭД "Сведения о поступивших от юридических лиц платежах" № 14 ID= 1000224841. 
2024.05.22 19:09:10, Добавление строки. Связывание со входящим документом № 17 ЭД "Сведения о поступивших от юридических лиц платежах" № 14 ID= 1000224841. 
2024.05.22 19:09:20, Добавление строки. Связывание со входящим документом № 17 ЭД "Сведения о поступивших от юридических лиц платежах" № 14 ID= 1000224841. 
2024.05.22 19:09:30, Добавление строки. Связывание со входящим документом № 17 ЭД "Сведения о поступивших от юридических лиц платежах" № 14 ID= 1000224841. 
2024.05.22 19:09:39, Добавление строки. Связывание со входящим документом № 17 ЭД "Сведения о поступивших от юридических лиц платежах" № 14 ID= 1000224841. 
2024.05.22 19:09:49, Добавление строки. Связывание со входящим документом № 17 ЭД "Сведения о поступивших от юридических лиц платежах" № 14 ID= 1000224841. 
2024.05.22 19:09:59, Добавление строки. Связывание со входящим документом № 17 ЭД "Сведения о поступивших от юридических лиц платежах" № 14 ID= 1000224841. 
2024.05.22 19:10:09, Добавление строки. Связывание со входящим документом № 17 ЭД "Сведения о поступивших от юридических лиц платежах" № 14 ID= 1000224841. 
2024.05.22 19:10:18, Добавление строки. Связывание со входящим документом № 17 ЭД "Сведения о поступивших от юридических лиц платежах" № 14 ID= 1000224841. 
2024.05.22 19:10:28, Добавление строки. Связывание со входящим документом № 17 ЭД "Сведения о поступивших от юридических лиц платежах" № 14 ID= 1000224841. 
2024.05.22 19:10:38, Добавление строки. Связывание со входящим документом № 17 ЭД "Сведения о поступивших от юридических лиц платежах" № 14 ID= 1000224841. 
2024.05.22 19:10:48, Добавление строки. Связывание со входящим документом № 17 ЭД "Сведения о поступивших от юридических лиц платежах" № 14 ID= 1000224841. 
2024.05.22 19:10:57, Добавление строки. Связывание со входящим документом № 17 ЭД "Сведения о поступивших от юридических лиц платежах" № 14 ID= 1000224841. 
2024.05.22 19:11:07, Добавление строки. Связывание со входящим документом № 17 ЭД "Сведения о поступивших от юридических лиц платежах" № 14 ID= 1000224841. 
2024.05.22 19:11:17, Добавление строки. Связывание со входящим документом № 17 ЭД "Сведения о поступивших от юридических лиц платежах" № 14 ID= 1000224841. 
2024.05.22 19:11:27, Добавление строки. Связывание со входящим документом № 17 ЭД "Сведения о поступивших от юридических лиц платежах" № 14 ID= 1000224841. 
2024.05.22 19:11:36, Добавление строки. Связывание со входящим документом № 17 ЭД "Сведения о поступивших от юридических лиц платежах" № 14 ID= 1000224841. 
2024.05.22 19:11:46, Добавление строки. Связывание со входящим документом № 17 ЭД "Сведения о поступивших от юридических лиц платежах" № 14 ID= 1000224841. 
2024.05.22 19:11:56, Добавление строки. Связывание со входящим документом № 17 ЭД "Сведения о поступивших от юридических лиц платежах" № 14 ID= 1000224841. 
2024.05.22 19:12:06, Добавление строки. Связывание со входящим документом № 17 ЭД "Сведения о поступивших от юридических лиц платежах" № 14 ID= 1000224841. 
2024.05.22 19:12:15, Добавление строки. Связывание со входящим документом № 17 ЭД "Сведения о поступивших от юридических лиц платежах" № 14 ID= 1000224841. 
2024.05.22 19:12:25, Добавление строки. Связывание со входящим документом № 17 ЭД "Сведения о поступивших от юридических лиц платежах" № 14 ID= 1000224841. 
2024.05.22 19:12:35, Добавление строки. Связывание со входящим документом № 17 ЭД "Сведения о поступивших от юридических лиц платежах" № 14 ID= 1000224841. 
2024.05.22 19:12:45, Добавление строки. Связывание со входящим документом № 17 ЭД "Сведения о поступивших от юридических лиц платежах" № 14 ID= 1000224841. 
2024.05.22 19:12:54, Добавление строки. Связывание со входящим документом № 17 ЭД "Сведения о поступивших от юридических лиц платежах" № 14 ID= 1000224841. 
2024.05.22 19:13:04, Добавление строки. Связывание со входящим документом № 17 ЭД "Сведения о поступивших от юридических лиц платежах" № 14 ID= 1000224841. 
2024.05.22 19:13:14, Добавление строки. Связывание со входящим документом № 17 ЭД "Сведения о поступивших от юридических лиц платежах" № 14 ID= 1000224841. 
2024.05.22 19:13:24, Добавление строки. Связывание со входящим документом № 17 ЭД "Сведения о поступивших от юридических лиц платежах" № 14 ID= 1000224841. 
2024.05.22 19:13:33, Добавление строки. Связывание со входящим документом № 17 ЭД "Сведения о поступивших от юридических лиц платежах" № 14 ID= 1000224841. 
2024.05.22 19:13:43, Добавление строки. Связывание со входящим документом № 17 ЭД "Сведения о поступивших от юридических лиц платежах" № 14 ID= 1000224841. 
2024.05.22 19:13:53, Добавление строки. Связывание со входящим документом № 17 ЭД "Сведения о поступивших от юридических лиц платежах" № 14 ID= 1000224841. 
2024.05.22 19:14:03, Добавление строки. Связывание со входящим документом № 17 ЭД "Сведения о поступивших от юридических лиц платежах" № 14 ID= 1000224841. 
2024.05.22 19:14:12, Добавление строки. Связывание со входящим документом № 17 ЭД "Сведения о поступивших от юридических лиц платежах" № 14 ID= 1000224841. 
2024.05.22 19:14:22, Добавление строки. Связывание со входящим документом № 17 ЭД "Сведения о поступивших от юридических лиц платежах" № 14 ID= 1000224841. 
2024.05.22 19:14:32, Добавление строки. Связывание со входящим документом № 17 ЭД "Сведения о поступивших от юридических лиц платежах" № 14 ID= 1000224841. 
2024.05.22 19:14:42, Добавление строки. Связывание со входящим документом № 17 ЭД "Сведения о поступивших от юридических лиц платежах" № 14 ID= 1000224841. 
2024.05.22 19:14:52, Добавление строки. Связывание со входящим документом № 17 ЭД "Сведения о поступивших от юридических лиц платежах" № 14 ID= 1000224841. 
2024.05.22 19:15:01, Добавление строки. Связывание со входящим документом № 17 ЭД "Сведения о поступивших от юридических лиц платежах" № 14 ID= 1000224841. 
2024.05.22 19:15:11, Добавление строки. Связывание со входящим документом № 17 ЭД "Сведения о поступивших от юридических лиц платежах" № 14 ID= 1000224841. 
2024.05.22 19:15:21, Добавление строки. Связывание со входящим документом № 17 ЭД "Сведения о поступивших от юридических лиц платежах" № 14 ID= 1000224841. 
2024.05.22 19:15:31, Добавление строки. Связывание со входящим документом № 17 ЭД "Сведения о поступивших от юридических лиц платежах" № 14 ID= 1000224841. 
2024.05.22 19:15:40, Добавление строки. Связывание со входящим документом № 17 ЭД "Сведения о поступивших от юридических лиц платежах" № 14 ID= 1000224841. 
2024.05.22 19:15:50, Добавление строки. Связывание со входящим документом № 17 ЭД "Сведения о поступивших от юридических лиц платежах" № 14 ID= 1000224841. 
2024.05.22 19:16:00, Добавление строки. Связывание со входящим документом № 17 ЭД "Сведения о поступивших от юридических лиц платежах" № 14 ID= 1000224841. 
2024.05.22 19:16:10, Добавление строки. Связывание со входящим документом № 17 ЭД "Сведения о поступивших от юридических лиц платежах" № 14 ID= 1000224841. 
2024.05.22 19:16:20, Добавление строки. Связывание со входящим документом № 17 ЭД "Сведения о поступивших от юридических лиц платежах" № 14 ID= 1000224841. 
2024.05.22 19:16:29, Добавление строки. Связывание со входящим документом № 17 ЭД "Сведения о поступивших от юридических лиц платежах" № 14 ID= 1000224841. 
2024.05.22 19:16:39, Добавление строки. Связывание со входящим документом № 17 ЭД "Сведения о поступивших от юридических лиц платежах" № 14 ID= 1000224841. 
2024.05.22 19:16:49, Добавление строки. Связывание со входящим документом № 17 ЭД "Сведения о поступивших от юридических лиц платежах" № 14 ID= 1000224841. 
2024.05.22 19:16:59, Добавление строки. Связывание со входящим документом № 17 ЭД "Сведения о поступивших от юридических лиц платежах" № 14 ID= 1000224841. 
2024.05.22 19:17:09, Добавление строки. Связывание со входящим документом № 17 ЭД "Сведения о поступивших от юридических лиц платежах" № 14 ID= 1000224841. 
2024.05.22 19:17:19, Добавление строки. Связывание со входящим документом № 17 ЭД "Сведения о поступивших от юридических лиц платежах" № 14 ID= 1000224841. 
2024.05.22 19:17:28, Добавление строки. Связывание со входящим документом № 17 ЭД "Сведения о поступивших от юридических лиц платежах" № 14 ID= 1000224841. 
2024.05.22 19:17:38, Добавление строки. Связывание со входящим документом № 17 ЭД "Сведения о поступивших от юридических лиц платежах" № 14 ID= 1000224841. 
2024.05.22 19:17:48, Добавление строки. Связывание со входящим документом № 17 ЭД "Сведения о поступивших от юридических лиц платежах" № 14 ID= 1000224841. 
2024.05.22 19:17:58, Добавление строки. Связывание со входящим документом № 17 ЭД "Сведения о поступивших от юридических лиц платежах" № 14 ID= 1000224841. 
2024.05.22 19:18:08, Добавление строки. Связывание со входящим документом № 17 ЭД "Сведения о поступивших от юридических лиц платежах" № 14 ID= 1000224841. 
2024.05.22 19:18:17, Добавление строки. Связывание со входящим документом № 17 ЭД "Сведения о поступивших от юридических лиц платежах" № 14 ID= 1000224841. 
2024.05.22 19:18:27, Добавление строки. Связывание со входящим документом № 17 ЭД "Сведения о поступивших от юридических лиц платежах" № 14 ID= 1000224841. 
2024.05.22 19:18:37, Добавление строки. Связывание со входящим документом № 17 ЭД "Сведения о поступивших от юридических лиц платежах" № 14 ID= 1000224841. 
2024.05.22 19:18:47, Добавление строки. Связывание со входящим документом № 17 ЭД "Сведения о поступивших от юридических лиц платежах" № 14 ID= 1000224841. 
2024.05.22 19:18:57, Добавление строки. Связывание со входящим документом № 17 ЭД "Сведения о поступивших от юридических лиц платежах" № 14 ID= 1000224841. 
2024.05.22 19:19:07, Добавление строки. Связывание со входящим документом № 17 ЭД "Сведения о поступивших от юридических лиц платежах" № 14 ID= 1000224841. 
2024.05.22 19:19:16, Добавление строки. Связывание со входящим документом № 17 ЭД "Сведения о поступивших от юридических лиц платежах" № 14 ID= 1000224841. 
2024.05.22 19:19:26, Добавление строки. Связывание со входящим документом № 17 ЭД "Сведения о поступивших от юридических лиц платежах" № 14 ID= 1000224841. 
2024.05.22 19:19:36, Добавление строки. Связывание со входящим документом № 17 ЭД "Сведения о поступивших от юридических лиц платежах" № 14 ID= 1000224841. 
2024.05.22 19:19:46, Добавление строки. Связывание со входящим документом № 17 ЭД "Сведения о поступивших от юридических лиц платежах" № 14 ID= 1000224841. 
2024.05.22 19:19:56, Добавление строки. Связывание со входящим документом № 17 ЭД "Сведения о поступивших от юридических лиц платежах" № 14 ID= 1000224841. 
2024.05.22 19:20:06, Добавление строки. Связывание со входящим документом № 17 ЭД "Сведения о поступивших от юридических лиц платежах" № 14 ID= 1000224841. 
2024.05.22 19:20:16, Добавление строки. Связывание со входящим документом № 17 ЭД "Сведения о поступивших от юридических лиц платежах" № 14 ID= 1000224841. 
2024.05.22 19:20:25, Добавление строки. Связывание со входящим документом № 17 ЭД "Сведения о поступивших от юридических лиц платежах" № 14 ID= 1000224841. 
2024.05.22 19:20:35, Добавление строки. Связывание со входящим документом № 17 ЭД "Сведения о поступивших от юридических лиц платежах" № 14 ID= 1000224841. 
2024.05.22 19:20:45, Добавление строки. Связывание со входящим документом № 17 ЭД "Сведения о поступивших от юридических лиц платежах" № 14 ID= 1000224841. 
2024.05.22 19:20:55, Добавление строки. Связывание со входящим документом № 17 ЭД "Сведения о поступивших от юридических лиц платежах" № 14 ID= 1000224841. 
2024.05.22 19:21:05, Добавление строки. Связывание со входящим документом № 17 ЭД "Сведения о поступивших от юридических лиц платежах" № 14 ID= 1000224841. 
2024.05.22 19:21:15, Добавление строки. Связывание со входящим документом № 17 ЭД "Сведения о поступивших от юридических лиц платежах" № 14 ID= 1000224841. 
2024.05.22 19:21:25, Добавление строки. Связывание со входящим документом № 17 ЭД "Сведения о поступивших от юридических лиц платежах" № 14 ID= 1000224841. 
2024.05.22 19:21:35, Добавление строки. Связывание со входящим документом № 17 ЭД "Сведения о поступивших от юридических лиц платежах" № 14 ID= 1000224841. 
2024.05.22 19:21:44, Добавление строки. Связывание со входящим документом № 17 ЭД "Сведения о поступивших от юридических лиц платежах" № 14 ID= 1000224841. 
2024.05.22 19:21:54, Добавление строки. Связывание со входящим документом № 17 ЭД "Сведения о поступивших от юридических лиц платежах" № 14 ID= 1000224841. 
2024.05.22 19:22:04, Добавление строки. Связывание со входящим документом № 17 ЭД "Сведения о поступивших от юридических лиц платежах" № 14 ID= 1000224841. 
2024.05.22 19:22:14, Добавление строки. Связывание со входящим документом № 17 ЭД "Сведения о поступивших от юридических лиц платежах" № 14 ID= 1000224841. 
2024.05.22 19:22:24, Добавление строки. Связывание со входящим документом № 17 ЭД "Сведения о поступивших от юридических лиц платежах" № 14 ID= 1000224841. 
2024.05.22 19:22:34, Добавление строки. Связывание со входящим документом № 17 ЭД "Сведения о поступивших от юридических лиц платежах" № 14 ID= 1000224841. 
2024.05.22 19:22:44, Добавление строки. Связывание со входящим документом № 17 ЭД "Сведения о поступивших от юридических лиц платежах" № 14 ID= 1000224841. 
2024.05.22 19:22:54, Добавление строки. Связывание со входящим документом № 17 ЭД "Сведения о поступивших от юридических лиц платежах" № 14 ID= 1000224841. 
2024.05.22 19:23:04, Добавление строки. Связывание со входящим документом № 17 ЭД "Сведения о поступивших от юридических лиц платежах" № 14 ID= 1000224841. 
2024.05.22 19:23:13, Добавление строки. Связывание со входящим документом № 17 ЭД "Сведения о поступивших от юридических лиц платежах" № 14 ID= 1000224841. 
2024.05.22 19:23:23, Добавление строки. Связывание со входящим документом № 17 ЭД "Сведения о поступивших от юридических лиц платежах" № 14 ID= 1000224841. 
2024.05.22 19:23:33, Добавление строки. Связывание со входящим документом № 17 ЭД "Сведения о поступивших от юридических лиц платежах" № 14 ID= 1000224841. 
2024.05.22 19:23:43, Добавление строки. Связывание со входящим документом № 17 ЭД "Сведения о поступивших от юридических лиц платежах" № 14 ID= 1000224841. 
2024.05.22 19:23:53, Добавление строки. Связывание со входящим документом № 17 ЭД "Сведения о поступивших от юридических лиц платежах" № 14 ID= 1000224841. 
2024.05.22 19:24:03, Добавление строки. Связывание со входящим документом № 17 ЭД "Сведения о поступивших от юридических лиц платежах" № 14 ID= 1000224841. 
2024.05.22 19:24:13, Добавление строки. Связывание со входящим документом № 17 ЭД "Сведения о поступивших от юридических лиц платежах" № 14 ID= 1000224841. 
2024.05.22 19:24:23, Добавление строки. Связывание со входящим документом № 17 ЭД "Сведения о поступивших от юридических лиц платежах" № 14 ID= 1000224841. 
2024.05.22 19:24:33, Добавление строки. Связывание со входящим документом № 17 ЭД "Сведения о поступивших от юридических лиц платежах" № 14 ID= 1000224841. 
2024.05.22 19:24:43, Добавление строки. Связывание со входящим документом № 17 ЭД "Сведения о поступивших от юридических лиц платежах" № 14 ID= 1000224841. 
2024.05.22 19:24:53, Добавление строки. Связывание со входящим документом № 17 ЭД "Сведения о поступивших от юридических лиц платежах" № 14 ID= 1000224841. 
2024.05.22 19:25:03, Добавление строки. Связывание со входящим документом № 17 ЭД "Сведения о поступивших от юридических лиц платежах" № 14 ID= 1000224841. 
2024.05.22 19:25:13, Добавление строки. Связывание со входящим документом № 17 ЭД "Сведения о поступивших от юридических лиц платежах" № 14 ID= 1000224841. 
2024.05.22 19:25:23, Добавление строки. Связывание со входящим документом № 17 ЭД "Сведения о поступивших от юридических лиц платежах" № 14 ID= 1000224841. 
2024.05.22 19:25:33, Добавление строки. Связывание со входящим документом № 17 ЭД "Сведения о поступивших от юридических лиц платежах" № 14 ID= 1000224841. 
2024.05.22 19:25:43, Добавление строки. Связывание со входящим документом № 17 ЭД "Сведения о поступивших от юридических лиц платежах" № 14 ID= 1000224841. 
2024.05.22 19:25:53, Добавление строки. Связывание со входящим документом № 17 ЭД "Сведения о поступивших от юридических лиц платежах" № 14 ID= 1000224841. 
2024.05.22 19:26:02, Добавление строки. Связывание со входящим документом № 17 ЭД "Сведения о поступивших от юридических лиц платежах" № 14 ID= 1000224841. 
2024.05.22 19:26:12, Добавление строки. Связывание со входящим документом № 17 ЭД "Сведения о поступивших от юридических лиц платежах" № 14 ID= 1000224841. 
2024.05.22 19:26:22, Добавление строки. Связывание со входящим документом № 17 ЭД "Сведения о поступивших от юридических лиц платежах" № 14 ID= 1000224841. 
2024.05.22 19:26:32, Добавление строки. Связывание со входящим документом № 17 ЭД "Сведения о поступивших от юридических лиц платежах" № 14 ID= 1000224841. 
2024.05.22 19:26:42, Добавление строки. Связывание со входящим документом № 17 ЭД "Сведения о поступивших от юридических лиц платежах" № 14 ID= 1000224841. 
2024.05.22 19:26:52, Добавление строки. Связывание со входящим документом № 17 ЭД "Сведения о поступивших от юридических лиц платежах" № 14 ID= 1000224841. 
2024.05.22 19:27:02, Добавление строки. Связывание со входящим документом № 17 ЭД "Сведения о поступивших от юридических лиц платежах" № 14 ID= 1000224841. 
2024.05.22 19:27:12, Добавление строки. Связывание со входящим документом № 17 ЭД "Сведения о поступивших от юридических лиц платежах" № 14 ID= 1000224841. 
2024.05.22 19:27:22, Добавление строки. Связывание со входящим документом № 17 ЭД "Сведения о поступивших от юридических лиц платежах" № 14 ID= 1000224841. 
2024.05.22 19:27:37, Добавление строки. Связывание со входящим документом № 17 ЭД "Сведения о поступивших от юридических лиц платежах" № 14 ID= 1000224841. 
2024.05.22 19:27:48, Добавление строки. Связывание со входящим документом № 17 ЭД "Сведения о поступивших от юридических лиц платежах" № 14 ID= 1000224841. 
2024.05.22 19:28:03, Добавление строки. Связывание со входящим документом № 17 ЭД "Сведения о поступивших от юридических лиц платежах" № 14 ID= 1000224841. 
2024.05.22 19:28:18, Добавление строки. Связывание со входящим документом № 17 ЭД "Сведения о поступивших от юридических лиц платежах" № 14 ID= 1000224841. 
2024.05.22 19:28:28, Добавление строки. Связывание со входящим документом № 17 ЭД "Сведения о поступивших от юридических лиц платежах" № 14 ID= 1000224841. 
2024.05.22 19:28:38, Добавление строки. Связывание со входящим документом № 17 ЭД "Сведения о поступивших от юридических лиц платежах" № 14 ID= 1000224841. 
2024.05.22 19:28:48, Добавление строки. Связывание со входящим документом № 17 ЭД "Сведения о поступивших от юридических лиц платежах" № 14 ID= 1000224841. 
2024.05.22 19:28:58, Добавление строки. Связывание со входящим документом № 17 ЭД "Сведения о поступивших от юридических лиц платежах" № 14 ID= 1000224841. 
2024.05.22 19:29:08, Добавление строки. Связывание со входящим документом № 17 ЭД "Сведения о поступивших от юридических лиц платежах" № 14 ID= 1000224841. 
2024.05.22 19:29:18, Добавление строки. Связывание со входящим документом № 17 ЭД "Сведения о поступивших от юридических лиц платежах" № 14 ID= 1000224841. 
2024.05.22 19:29:28, Добавление строки. Связывание со входящим документом № 17 ЭД "Сведения о поступивших от юридических лиц платежах" № 14 ID= 1000224841. 
2024.05.22 19:29:38, Добавление строки. Связывание со входящим документом № 17 ЭД "Сведения о поступивших от юридических лиц платежах" № 14 ID= 1000224841. 
2024.05.22 19:29:48, Добавление строки. Связывание со входящим документом № 17 ЭД "Сведения о поступивших от юридических лиц платежах" № 14 ID= 1000224841. 
2024.05.22 19:29:58, Добавление строки. Связывание со входящим документом № 17 ЭД "Сведения о поступивших от юридических лиц платежах" № 14 ID= 1000224841. 
2024.05.22 19:30:08, Добавление строки. Связывание со входящим документом № 17 ЭД "Сведения о поступивших от юридических лиц платежах" № 14 ID= 1000224841. 
2024.05.22 19:30:18, Добавление строки. Связывание со входящим документом № 17 ЭД "Сведения о поступивших от юридических лиц платежах" № 14 ID= 1000224841. 
2024.05.22 19:30:28, Добавление строки. Связывание со входящим документом № 17 ЭД "Сведения о поступивших от юридических лиц платежах" № 14 ID= 1000224841. 
2024.05.22 19:30:38, Добавление строки. Связывание со входящим документом № 17 ЭД "Сведения о поступивших от юридических лиц платежах" № 14 ID= 1000224841. 
2024.05.22 19:30:49, Добавление строки. Связывание со входящим документом № 17 ЭД "Сведения о поступивших от юридических лиц платежах" № 14 ID= 1000224841. 
2024.05.22 19:30:59, Добавление строки. Связывание со входящим документом № 17 ЭД "Сведения о поступивших от юридических лиц платежах" № 14 ID= 1000224841. 
2024.05.22 19:31:09, Добавление строки. Связывание со входящим документом № 17 ЭД "Сведения о поступивших от юридических лиц платежах" № 14 ID= 1000224841. 
2024.05.22 19:31:19, Добавление строки. Связывание со входящим документом № 17 ЭД "Сведения о поступивших от юридических лиц платежах" № 14 ID= 1000224841. 
2024.05.22 19:31:29, Добавление строки. Связывание со входящим документом № 17 ЭД "Сведения о поступивших от юридических лиц платежах" № 14 ID= 1000224841. 
2024.05.22 19:31:39, Добавление строки. Связывание со входящим документом № 17 ЭД "Сведения о поступивших от юридических лиц платежах" № 14 ID= 1000224841. 
2024.05.22 19:31:49, Добавление строки. Связывание со входящим документом № 17 ЭД "Сведения о поступивших от юридических лиц платежах" № 14 ID= 1000224841. 
2024.05.22 19:31:59, Добавление строки. Связывание со входящим документом № 17 ЭД "Сведения о поступивших от юридических лиц платежах" № 14 ID= 1000224841. 
2024.05.22 19:32:09, Добавление строки. Связывание со входящим документом № 17 ЭД "Сведения о поступивших от юридических лиц платежах" № 14 ID= 1000224841. 
2024.05.22 19:32:20, Добавление строки. Связывание со входящим документом № 17 ЭД "Сведения о поступивших от юридических лиц платежах" № 14 ID= 1000224841. 
2024.05.22 19:32:30, Добавление строки. Связывание со входящим документом № 17 ЭД "Сведения о поступивших от юридических лиц платежах" № 14 ID= 1000224841. 
2024.05.22 19:32:40, Добавление строки. Связывание со входящим документом № 17 ЭД "Сведения о поступивших от юридических лиц платежах" № 14 ID= 1000224841. 
2024.05.22 19:32:50, Добавление строки. Связывание со входящим документом № 17 ЭД "Сведения о поступивших от юридических лиц платежах" № 14 ID= 1000224841. 
2024.05.22 19:33:00, Добавление строки. Связывание со входящим документом № 17 ЭД "Сведения о поступивших от юридических лиц платежах" № 14 ID= 1000224841. 
2024.05.22 19:33:10, Добавление строки. Связывание со входящим документом № 17 ЭД "Сведения о поступивших от юридических лиц платежах" № 14 ID= 1000224841. 
2024.05.22 19:33:20, Добавление строки. Связывание со входящим документом № 17 ЭД "Сведения о поступивших от юридических лиц платежах" № 14 ID= 1000224841. 
2024.05.22 19:33:31, Добавление строки. Связывание со входящим документом № 17 ЭД "Сведения о поступивших от юридических лиц платежах" № 14 ID= 1000224841. 
2024.05.22 19:33:41, Добавление строки. Связывание со входящим документом № 17 ЭД "Сведения о поступивших от юридических лиц платежах" № 14 ID= 1000224841. 
2024.05.22 19:33:53, Добавление строки. Связывание со входящим документом № 17 ЭД "Сведения о поступивших от юридических лиц платежах" № 14 ID= 1000224841. 
2024.05.22 19:34:04, Добавление строки. Связывание со входящим документом № 17 ЭД "Сведения о поступивших от юридических лиц платежах" № 14 ID= 1000224841. 
2024.05.22 19:34:14, Добавление строки. Связывание со входящим документом № 17 ЭД "Сведения о поступивших от юридических лиц платежах" № 14 ID= 1000224841. 
2024.05.22 19:34:24, Добавление строки. Связывание со входящим документом № 17 ЭД "Сведения о поступивших от юридических лиц платежах" № 14 ID= 1000224841. 
2024.05.22 19:34:34, Добавление строки. Связывание со входящим документом № 17 ЭД "Сведения о поступивших от юридических лиц платежах" № 14 ID= 1000224841. 
2024.05.22 19:34:45, Добавление строки. Связывание со входящим документом № 17 ЭД "Сведения о поступивших от юридических лиц платежах" № 14 ID= 1000224841. 
2024.05.22 19:34:55, Добавление строки. Связывание со входящим документом № 17 ЭД "Сведения о поступивших от юридических лиц платежах" № 14 ID= 1000224841. 
2024.05.22 19:35:05, Добавление строки. Связывание со входящим документом № 17 ЭД "Сведения о поступивших от юридических лиц платежах" № 14 ID= 1000224841. 
2024.05.22 19:35:16, Добавление строки. Связывание со входящим документом № 17 ЭД "Сведения о поступивших от юридических лиц платежах" № 14 ID= 1000224841. 
2024.05.22 19:35:26, Добавление строки. Связывание со входящим документом № 17 ЭД "Сведения о поступивших от юридических лиц платежах" № 14 ID= 1000224841. 
2024.05.22 19:35:37, Добавление строки. Связывание со входящим документом № 17 ЭД "Сведения о поступивших от юридических лиц платежах" № 14 ID= 1000224841. 
2024.05.22 19:35:47, Добавление строки. Связывание со входящим документом № 17 ЭД "Сведения о поступивших от юридических лиц платежах" № 14 ID= 1000224841. 
2024.05.22 19:35:57, Добавление строки. Связывание со входящим документом № 17 ЭД "Сведения о поступивших от юридических лиц платежах" № 14 ID= 1000224841. 
2024.05.22 19:36:08, Добавление строки. Связывание со входящим документом № 17 ЭД "Сведения о поступивших от юридических лиц платежах" № 14 ID= 1000224841. 
2024.05.22 19:36:18, Добавление строки. Связывание со входящим документом № 17 ЭД "Сведения о поступивших от юридических лиц платежах" № 14 ID= 1000224841. 
2024.05.22 19:36:28, Добавление строки. Связывание со входящим документом № 17 ЭД "Сведения о поступивших от юридических лиц платежах" № 14 ID= 1000224841. 
2024.05.22 19:36:38, Добавление строки. Связывание со входящим документом № 17 ЭД "Сведения о поступивших от юридических лиц платежах" № 14 ID= 1000224841. 
2024.05.22 19:36:48, Добавление строки. Связывание со входящим документом № 17 ЭД "Сведения о поступивших от юридических лиц платежах" № 14 ID= 1000224841. 
2024.05.22 19:36:58, Добавление строки. Связывание со входящим документом № 17 ЭД "Сведения о поступивших от юридических лиц платежах" № 14 ID= 1000224841. 
2024.05.22 19:37:08, Добавление строки. Связывание со входящим документом № 17 ЭД "Сведения о поступивших от юридических лиц платежах" № 14 ID= 1000224841. 
2024.05.22 19:37:19, Добавление строки. Связывание со входящим документом № 17 ЭД "Сведения о поступивших от юридических лиц платежах" № 14 ID= 1000224841. 
2024.05.22 19:37:29, Добавление строки. Связывание со входящим документом № 17 ЭД "Сведения о поступивших от юридических лиц платежах" № 14 ID= 1000224841. 
2024.05.22 19:37:39, Добавление строки. Связывание со входящим документом № 17 ЭД "Сведения о поступивших от юридических лиц платежах" № 14 ID= 1000224841. 
2024.05.22 19:37:49, Добавление строки. Связывание со входящим документом № 17 ЭД "Сведения о поступивших от юридических лиц платежах" № 14 ID= 1000224841. 
2024.05.22 19:37:59, Добавление строки. Связывание со входящим документом № 17 ЭД "Сведения о поступивших от юридических лиц платежах" № 14 ID= 1000224841. 
2024.05.22 19:38:09, Добавление строки. Связывание со входящим документом № 17 ЭД "Сведения о поступивших от юридических лиц платежах" № 14 ID= 1000224841. 
2024.05.22 19:38:20, Добавление строки. Связывание со входящим документом № 17 ЭД "Сведения о поступивших от юридических лиц платежах" № 14 ID= 1000224841. 
2024.05.22 19:38:30, Добавление строки. Связывание со входящим документом № 17 ЭД "Сведения о поступивших от юридических лиц платежах" № 14 ID= 1000224841. 
2024.05.22 19:38:40, Добавление строки. Связывание со входящим документом № 17 ЭД "Сведения о поступивших от юридических лиц платежах" № 14 ID= 1000224841. 
2024.05.22 19:38:50, Добавление строки. Связывание со входящим документом № 17 ЭД "Сведения о поступивших от юридических лиц платежах" № 14 ID= 1000224841. 
2024.05.22 19:39:00, Добавление строки. Связывание со входящим документом № 17 ЭД "Сведения о поступивших от юридических лиц платежах" № 14 ID= 1000224841. 
2024.05.22 19:39:10, Добавление строки. Связывание со входящим документом № 17 ЭД "Сведения о поступивших от юридических лиц платежах" № 14 ID= 1000224841. 
2024.05.22 19:39:20, Добавление строки. Связывание со входящим документом № 17 ЭД "Сведения о поступивших от юридических лиц платежах" № 14 ID= 1000224841. 
2024.05.22 19:39:31, Добавление строки. Связывание со входящим документом № 17 ЭД "Сведения о поступивших от юридических лиц платежах" № 14 ID= 1000224841. 
2024.05.22 19:39:41, Добавление строки. Связывание со входящим документом № 17 ЭД "Сведения о поступивших от юридических лиц платежах" № 14 ID= 1000224841. 
2024.05.22 19:39:51, Добавление строки. Связывание со входящим документом № 17 ЭД "Сведения о поступивших от юридических лиц платежах" № 14 ID= 1000224841. 
2024.05.22 19:40:01, Добавление строки. Связывание со входящим документом № 17 ЭД "Сведения о поступивших от юридических лиц платежах" № 14 ID= 1000224841. 
2024.05.22 19:40:11, Добавление строки. Связывание со входящим документом № 17 ЭД "Сведения о поступивших от юридических лиц платежах" № 14 ID= 1000224841. 
2024.05.22 19:40:21, Добавление строки. Связывание со входящим документом № 17 ЭД "Сведения о поступивших от юридических лиц платежах" № 14 ID= 1000224841. 
2024.05.22 19:40:31, Добавление строки. Связывание со входящим документом № 17 ЭД "Сведения о поступивших от юридических лиц платежах" № 14 ID= 1000224841. 
2024.05.22 19:40:41, Добавление строки. Связывание со входящим документом № 17 ЭД "Сведения о поступивших от юридических лиц платежах" № 14 ID= 1000224841. 
2024.05.22 19:40:51, Добавление строки. Связывание со входящим документом № 17 ЭД "Сведения о поступивших от юридических лиц платежах" № 14 ID= 1000224841. 
2024.05.22 19:41:02, Добавление строки. Связывание со входящим документом № 17 ЭД "Сведения о поступивших от юридических лиц платежах" № 14 ID= 1000224841. 
2024.05.22 19:41:12, Добавление строки. Связывание со входящим документом № 17 ЭД "Сведения о поступивших от юридических лиц платежах" № 14 ID= 1000224841. 
2024.05.22 19:41:22, Добавление строки. Связывание со входящим документом № 17 ЭД "Сведения о поступивших от юридических лиц платежах" № 14 ID= 1000224841. 
2024.05.22 19:41:32, Добавление строки. Связывание со входящим документом № 17 ЭД "Сведения о поступивших от юридических лиц платежах" № 14 ID= 1000224841. 
2024.05.22 19:41:42, Добавление строки. Связывание со входящим документом № 17 ЭД "Сведения о поступивших от юридических лиц платежах" № 14 ID= 1000224841. 
2024.05.22 19:41:52, Добавление строки. Связывание со входящим документом № 17 ЭД "Сведения о поступивших от юридических лиц платежах" № 14 ID= 1000224841. 
2024.05.22 19:42:02, Добавление строки. Связывание со входящим документом № 17 ЭД "Сведения о поступивших от юридических лиц платежах" № 14 ID= 1000224841. 
2024.05.22 19:42:12, Добавление строки. Связывание со входящим документом № 17 ЭД "Сведения о поступивших от юридических лиц платежах" № 14 ID= 1000224841. 
2024.05.22 19:42:23, Добавление строки. Связывание со входящим документом № 17 ЭД "Сведения о поступивших от юридических лиц платежах" № 14 ID= 1000224841. 
2024.05.22 19:42:33, Добавление строки. Связывание со входящим документом № 17 ЭД "Сведения о поступивших от юридических лиц платежах" № 14 ID= 1000224841. 
2024.05.22 19:42:43, Добавление строки. Связывание со входящим документом № 17 ЭД "Сведения о поступивших от юридических лиц платежах" № 14 ID= 1000224841. 
2024.05.22 19:42:53, Добавление строки. Связывание со входящим документом № 17 ЭД "Сведения о поступивших от юридических лиц платежах" № 14 ID= 1000224841. 
2024.05.22 19:43:03, Добавление строки. Связывание со входящим документом № 17 ЭД "Сведения о поступивших от юридических лиц платежах" № 14 ID= 1000224841. 
2024.05.22 19:43:13, Добавление строки. Связывание со входящим документом № 17 ЭД "Сведения о поступивших от юридических лиц платежах" № 14 ID= 1000224841. 
2024.05.22 19:43:24, Добавление строки. Связывание со входящим документом № 17 ЭД "Сведения о поступивших от юридических лиц платежах" № 14 ID= 1000224841. 
2024.05.22 19:43:34, Добавление строки. Связывание со входящим документом № 17 ЭД "Сведения о поступивших от юридических лиц платежах" № 14 ID= 1000224841. 
2024.05.22 19:43:44, Добавление строки. Связывание со входящим документом № 17 ЭД "Сведения о поступивших от юридических лиц платежах" № 14 ID= 1000224841. 
2024.05.22 19:43:54, Добавление строки. Связывание со входящим документом № 17 ЭД "Сведения о поступивших от юридических лиц платежах" № 14 ID= 1000224841. 
2024.05.22 19:44:04, Добавление строки. Связывание со входящим документом № 17 ЭД "Сведения о поступивших от юридических лиц платежах" № 14 ID= 1000224841. 
2024.05.22 19:44:15, Добавление строки. Связывание со входящим документом № 17 ЭД "Сведения о поступивших от юридических лиц платежах" № 14 ID= 1000224841. 
2024.05.22 19:44:25, Добавление строки. Связывание со входящим документом № 17 ЭД "Сведения о поступивших от юридических лиц платежах" № 14 ID= 1000224841. 
2024.05.22 19:44:35, Добавление строки. Связывание со входящим документом № 17 ЭД "Сведения о поступивших от юридических лиц платежах" № 14 ID= 1000224841. 
2024.05.22 19:44:45, Добавление строки. Связывание со входящим документом № 17 ЭД "Сведения о поступивших от юридических лиц платежах" № 14 ID= 1000224841. 
2024.05.22 19:44:55, Добавление строки. Связывание со входящим документом № 17 ЭД "Сведения о поступивших от юридических лиц платежах" № 14 ID= 1000224841. 
2024.05.22 19:45:06, Добавление строки. Связывание со входящим документом № 17 ЭД "Сведения о поступивших от юридических лиц платежах" № 14 ID= 1000224841. 
2024.05.22 19:45:16, Добавление строки. Связывание со входящим документом № 17 ЭД "Сведения о поступивших от юридических лиц платежах" № 14 ID= 1000224841. 
2024.05.22 19:45:26, Добавление строки. Связывание со входящим документом № 17 ЭД "Сведения о поступивших от юридических лиц платежах" № 14 ID= 1000224841. 
2024.05.22 19:45:36, Добавление строки. Связывание со входящим документом № 17 ЭД "Сведения о поступивших от юридических лиц платежах" № 14 ID= 1000224841. 
2024.05.22 19:45:46, Добавление строки. Связывание со входящим документом № 17 ЭД "Сведения о поступивших от юридических лиц платежах" № 14 ID= 1000224841. 
2024.05.22 19:45:56, Добавление строки. Связывание со входящим документом № 17 ЭД "Сведения о поступивших от юридических лиц платежах" № 14 ID= 1000224841. 
2024.05.22 19:46:07, Добавление строки. Связывание со входящим документом № 17 ЭД "Сведения о поступивших от юридических лиц платежах" № 14 ID= 1000224841. 
2024.05.22 19:46:17, Добавление строки. Связывание со входящим документом № 17 ЭД "Сведения о поступивших от юридических лиц платежах" № 14 ID= 1000224841. 
2024.05.22 19:46:27, Добавление строки. Связывание со входящим документом № 17 ЭД "Сведения о поступивших от юридических лиц платежах" № 14 ID= 1000224841. 
2024.05.22 19:46:37, Добавление строки. Связывание со входящим документом № 17 ЭД "Сведения о поступивших от юридических лиц платежах" № 14 ID= 1000224841. 
2024.05.22 19:46:48, Добавление строки. Связывание со входящим документом № 17 ЭД "Сведения о поступивших от юридических лиц платежах" № 14 ID= 1000224841. 
2024.05.22 19:46:58, Добавление строки. Связывание со входящим документом № 17 ЭД "Сведения о поступивших от юридических лиц платежах" № 14 ID= 1000224841. 
2024.05.22 19:47:08, Добавление строки. Связывание со входящим документом № 17 ЭД "Сведения о поступивших от юридических лиц платежах" № 14 ID= 1000224841. 
2024.05.22 19:47:18, Добавление строки. Связывание со входящим документом № 17 ЭД "Сведения о поступивших от юридических лиц платежах" № 14 ID= 1000224841. 
2024.05.22 19:47:28, Добавление строки. Связывание со входящим документом № 17 ЭД "Сведения о поступивших от юридических лиц платежах" № 14 ID= 1000224841. 
2024.05.22 19:47:39, Добавление строки. Связывание со входящим документом № 17 ЭД "Сведения о поступивших от юридических лиц платежах" № 14 ID= 1000224841. 
2024.05.22 19:47:49, Добавление строки. Связывание со входящим документом № 17 ЭД "Сведения о поступивших от юридических лиц платежах" № 14 ID= 1000224841. 
2024.05.22 19:47:59, Добавление строки. Связывание со входящим документом № 17 ЭД "Сведения о поступивших от юридических лиц платежах" № 14 ID= 1000224841. 
2024.05.22 19:48:09, Добавление строки. Связывание со входящим документом № 17 ЭД "Сведения о поступивших от юридических лиц платежах" № 14 ID= 1000224841. 
2024.05.22 19:48:20, Добавление строки. Связывание со входящим документом № 17 ЭД "Сведения о поступивших от юридических лиц платежах" № 14 ID= 1000224841. 
2024.05.22 19:48:30, Добавление строки. Связывание со входящим документом № 17 ЭД "Сведения о поступивших от юридических лиц платежах" № 14 ID= 1000224841. 
2024.05.22 19:48:40, Добавление строки. Связывание со входящим документом № 17 ЭД "Сведения о поступивших от юридических лиц платежах" № 14 ID= 1000224841. 
2024.05.22 19:48:50, Добавление строки. Связывание со входящим документом № 17 ЭД "Сведения о поступивших от юридических лиц платежах" № 14 ID= 1000224841. 
2024.05.22 19:49:00, Добавление строки. Связывание со входящим документом № 17 ЭД "Сведения о поступивших от юридических лиц платежах" № 14 ID= 1000224841. 
2024.05.22 19:49:11, Добавление строки. Связывание со входящим документом № 17 ЭД "Сведения о поступивших от юридических лиц платежах" № 14 ID= 1000224841. 
2024.05.22 19:49:21, Добавление строки. Связывание со входящим документом № 17 ЭД "Сведения о поступивших от юридических лиц платежах" № 14 ID= 1000224841. 
2024.05.22 19:49:31, Добавление строки. Связывание со входящим документом № 17 ЭД "Сведения о поступивших от юридических лиц платежах" № 14 ID= 1000224841. 
2024.05.22 19:49:41, Добавление строки. Связывание со входящим документом № 17 ЭД "Сведения о поступивших от юридических лиц платежах" № 14 ID= 1000224841. 
2024.05.22 19:49:52, Добавление строки. Связывание со входящим документом № 17 ЭД "Сведения о поступивших от юридических лиц платежах" № 14 ID= 1000224841. 
2024.05.22 19:50:02, Добавление строки. Связывание со входящим документом № 17 ЭД "Сведения о поступивших от юридических лиц платежах" № 14 ID= 1000224841. 
2024.05.22 19:50:12, Добавление строки. Связывание со входящим документом № 17 ЭД "Сведения о поступивших от юридических лиц платежах" № 14 ID= 1000224841. 
2024.05.22 19:50:23, Добавление строки. Связывание со входящим документом № 17 ЭД "Сведения о поступивших от юридических лиц платежах" № 14 ID= 1000224841. 
2024.05.22 19:50:33, Добавление строки. Связывание со входящим документом № 17 ЭД "Сведения о поступивших от юридических лиц платежах" № 14 ID= 1000224841. 
2024.05.22 19:50:43, Добавление строки. Связывание со входящим документом № 17 ЭД "Сведения о поступивших от юридических лиц платежах" № 14 ID= 1000224841. 
2024.05.22 19:50:53, Добавление строки. Связывание со входящим документом № 17 ЭД "Сведения о поступивших от юридических лиц платежах" № 14 ID= 1000224841. 
2024.05.22 19:51:03, Добавление строки. Связывание со входящим документом № 17 ЭД "Сведения о поступивших от юридических лиц платежах" № 14 ID= 1000224841. 
2024.05.22 19:51:14, Добавление строки. Связывание со входящим документом № 17 ЭД "Сведения о поступивших от юридических лиц платежах" № 14 ID= 1000224841. 
2024.05.22 19:51:24, Добавление строки. Связывание со входящим документом № 17 ЭД "Сведения о поступивших от юридических лиц платежах" № 14 ID= 1000224841. 
2024.05.22 19:51:34, Добавление строки. Связывание со входящим документом № 17 ЭД "Сведения о поступивших от юридических лиц платежах" № 14 ID= 1000224841. 
2024.05.22 19:51:44, Добавление строки. Связывание со входящим документом № 17 ЭД "Сведения о поступивших от юридических лиц платежах" № 14 ID= 1000224841. 
2024.05.22 19:51:55, Добавление строки. Связывание со входящим документом № 17 ЭД "Сведения о поступивших от юридических лиц платежах" № 14 ID= 1000224841. 
2024.05.22 19:52:05, Добавление строки. Связывание со входящим документом № 17 ЭД "Сведения о поступивших от юридических лиц платежах" № 14 ID= 1000224841. 
2024.05.22 19:52:16, Добавление строки. Связывание со входящим документом № 17 ЭД "Сведения о поступивших от юридических лиц платежах" № 14 ID= 1000224841. 
2024.05.22 19:52:26, Добавление строки. Связывание со входящим документом № 17 ЭД "Сведения о поступивших от юридических лиц платежах" № 14 ID= 1000224841. 
2024.05.22 19:52:36, Добавление строки. Связывание со входящим документом № 17 ЭД "Сведения о поступивших от юридических лиц платежах" № 14 ID= 1000224841. 
2024.05.22 19:52:46, Добавление строки. Связывание со входящим документом № 17 ЭД "Сведения о поступивших от юридических лиц платежах" № 14 ID= 1000224841. 
2024.05.22 19:52:57, Добавление строки. Связывание со входящим документом № 17 ЭД "Сведения о поступивших от юридических лиц платежах" № 14 ID= 1000224841. 
2024.05.22 19:53:07, Добавление строки. Связывание со входящим документом № 17 ЭД "Сведения о поступивших от юридических лиц платежах" № 14 ID= 1000224841. 
2024.05.22 19:53:17, Добавление строки. Связывание со входящим документом № 17 ЭД "Сведения о поступивших от юридических лиц платежах" № 14 ID= 1000224841. 
2024.05.22 19:53:28, Добавление строки. Связывание со входящим документом № 17 ЭД "Сведения о поступивших от юридических лиц платежах" № 14 ID= 1000224841. 
2024.05.22 19:53:38, Добавление строки. Связывание со входящим документом № 17 ЭД "Сведения о поступивших от юридических лиц платежах" № 14 ID= 1000224841. 
2024.05.22 19:53:48, Добавление строки. Связывание со входящим документом № 17 ЭД "Сведения о поступивших от юридических лиц платежах" № 14 ID= 1000224841. 
2024.05.22 19:53:59, Добавление строки. Связывание со входящим документом № 17 ЭД "Сведения о поступивших от юридических лиц платежах" № 14 ID= 1000224841. 
2024.05.22 19:54:09, Добавление строки. Связывание со входящим документом № 17 ЭД "Сведения о поступивших от юридических лиц платежах" № 14 ID= 1000224841. 
2024.05.22 19:54:19, Добавление строки. Связывание со входящим документом № 17 ЭД "Сведения о поступивших от юридических лиц платежах" № 14 ID= 1000224841. 
2024.05.22 19:54:30, Добавление строки. Связывание со входящим документом № 17 ЭД "Сведения о поступивших от юридических лиц платежах" № 14 ID= 1000224841. 
2024.05.22 19:54:40, Добавление строки. Связывание со входящим документом № 17 ЭД "Сведения о поступивших от юридических лиц платежах" № 14 ID= 1000224841. 
2024.05.22 19:54:50, Добавление строки. Связывание со входящим документом № 17 ЭД "Сведения о поступивших от юридических лиц платежах" № 14 ID= 1000224841. 
2024.05.22 19:55:01, Добавление строки. Связывание со входящим документом № 17 ЭД "Сведения о поступивших от юридических лиц платежах" № 14 ID= 1000224841. 
2024.05.22 19:55:11, Добавление строки. Связывание со входящим документом № 17 ЭД "Сведения о поступивших от юридических лиц платежах" № 14 ID= 1000224841. 
2024.05.22 19:55:21, Добавление строки. Связывание со входящим документом № 17 ЭД "Сведения о поступивших от юридических лиц платежах" № 14 ID= 1000224841. 
2024.05.22 19:55:32, Добавление строки. Связывание со входящим документом № 17 ЭД "Сведения о поступивших от юридических лиц платежах" № 14 ID= 1000224841. 
2024.05.22 19:55:42, Добавление строки. Связывание со входящим документом № 17 ЭД "Сведения о поступивших от юридических лиц платежах" № 14 ID= 1000224841. 
2024.05.22 19:55:53, Добавление строки. Связывание со входящим документом № 17 ЭД "Сведения о поступивших от юридических лиц платежах" № 14 ID= 1000224841. 
2024.05.22 19:56:03, Добавление строки. Связывание со входящим документом № 17 ЭД "Сведения о поступивших от юридических лиц платежах" № 14 ID= 1000224841. 
2024.05.22 19:56:13, Добавление строки. Связывание со входящим документом № 17 ЭД "Сведения о поступивших от юридических лиц платежах" № 14 ID= 1000224841. 
2024.05.22 19:56:24, Добавление строки. Связывание со входящим документом № 17 ЭД "Сведения о поступивших от юридических лиц платежах" № 14 ID= 1000224841. 
2024.05.22 19:56:34, Добавление строки. Связывание со входящим документом № 17 ЭД "Сведения о поступивших от юридических лиц платежах" № 14 ID= 1000224841. 
2024.05.22 19:56:44, Добавление строки. Связывание со входящим документом № 17 ЭД "Сведения о поступивших от юридических лиц платежах" № 14 ID= 1000224841. 
2024.05.22 19:56:55, Добавление строки. Связывание со входящим документом № 17 ЭД "Сведения о поступивших от юридических лиц платежах" № 14 ID= 1000224841. 
2024.05.22 19:57:05, Добавление строки. Связывание со входящим документом № 17 ЭД "Сведения о поступивших от юридических лиц платежах" № 14 ID= 1000224841. 
2024.05.22 19:57:15, Добавление строки. Связывание со входящим документом № 17 ЭД "Сведения о поступивших от юридических лиц платежах" № 14 ID= 1000224841. 
2024.05.22 19:57:26, Добавление строки. Связывание со входящим документом № 17 ЭД "Сведения о поступивших от юридических лиц платежах" № 14 ID= 1000224841. 
2024.05.22 19:57:36, Добавление строки. Связывание со входящим документом № 17 ЭД "Сведения о поступивших от юридических лиц платежах" № 14 ID= 1000224841. 
2024.05.22 19:57:47, Добавление строки. Связывание со входящим документом № 17 ЭД "Сведения о поступивших от юридических лиц платежах" № 14 ID= 1000224841. 
2024.05.22 19:57:57, Добавление строки. Связывание со входящим документом № 17 ЭД "Сведения о поступивших от юридических лиц платежах" № 14 ID= 1000224841. 
2024.05.22 19:58:07, Добавление строки. Связывание со входящим документом № 17 ЭД "Сведения о поступивших от юридических лиц платежах" № 14 ID= 1000224841. 
2024.05.22 19:58:18, Добавление строки. Связывание со входящим документом № 17 ЭД "Сведения о поступивших от юридических лиц платежах" № 14 ID= 1000224841. 
2024.05.22 19:58:28, Добавление строки. Связывание со входящим документом № 17 ЭД "Сведения о поступивших от юридических лиц платежах" № 14 ID= 1000224841. 
2024.05.22 19:58:38, Добавление строки. Связывание со входящим документом № 17 ЭД "Сведения о поступивших от юридических лиц платежах" № 14 ID= 1000224841. 
2024.05.22 19:58:49, Добавление строки. Связывание со входящим документом № 17 ЭД "Сведения о поступивших от юридических лиц платежах" № 14 ID= 1000224841. 
2024.05.22 19:58:59, Добавление строки. Связывание со входящим документом № 17 ЭД "Сведения о поступивших от юридических лиц платежах" № 14 ID= 1000224841. 
2024.05.22 19:59:10, Добавление строки. Связывание со входящим документом № 17 ЭД "Сведения о поступивших от юридических лиц платежах" № 14 ID= 1000224841. 
2024.05.22 19:59:20, Добавление строки. Связывание со входящим документом № 17 ЭД "Сведения о поступивших от юридических лиц платежах" № 14 ID= 1000224841. 
2024.05.22 19:59:30, Добавление строки. Связывание со входящим документом № 17 ЭД "Сведения о поступивших от юридических лиц платежах" № 14 ID= 1000224841. 
2024.05.22 19:59:41, Добавление строки. Связывание со входящим документом № 17 ЭД "Сведения о поступивших от юридических лиц платежах" № 14 ID= 1000224841. 
2024.05.22 19:59:51, Добавление строки. Связывание со входящим документом № 17 ЭД "Сведения о поступивших от юридических лиц платежах" № 14 ID= 1000224841. 
2024.05.22 20:00:02, Добавление строки. Связывание со входящим документом № 17 ЭД "Сведения о поступивших от юридических лиц платежах" № 14 ID= 1000224841. 
2024.05.22 20:00:12, Добавление строки. Связывание со входящим документом № 17 ЭД "Сведения о поступивших от юридических лиц платежах" № 14 ID= 1000224841. 
2024.05.22 20:00:23, Добавление строки. Связывание со входящим документом № 17 ЭД "Сведения о поступивших от юридических лиц платежах" № 14 ID= 1000224841. 
2024.05.22 20:00:33, Добавление строки. Связывание со входящим документом № 17 ЭД "Сведения о поступивших от юридических лиц платежах" № 14 ID= 1000224841. 
2024.05.22 20:00:43, Добавление строки. Связывание со входящим документом № 17 ЭД "Сведения о поступивших от юридических лиц платежах" № 14 ID= 1000224841. 
2024.05.22 20:00:54, Добавление строки. Связывание со входящим документом № 17 ЭД "Сведения о поступивших от юридических лиц платежах" № 14 ID= 1000224841. 
2024.05.22 20:01:04, Добавление строки. Связывание со входящим документом № 17 ЭД "Сведения о поступивших от юридических лиц платежах" № 14 ID= 1000224841. 
2024.05.22 20:01:15, Добавление строки. Связывание со входящим документом № 17 ЭД "Сведения о поступивших от юридических лиц платежах" № 14 ID= 1000224841. 
2024.05.22 20:01:25, Добавление строки. Связывание со входящим документом № 17 ЭД "Сведения о поступивших от юридических лиц платежах" № 14 ID= 1000224841. 
2024.05.22 20:01:35, Добавление строки. Связывание со входящим документом № 17 ЭД "Сведения о поступивших от юридических лиц платежах" № 14 ID= 1000224841. 
2024.05.22 20:01:46, Добавление строки. Связывание со входящим документом № 17 ЭД "Сведения о поступивших от юридических лиц платежах" № 14 ID= 1000224841. 
2024.05.22 20:01:57, Добавление строки. Связывание со входящим документом № 17 ЭД "Сведения о поступивших от юридических лиц платежах" № 14 ID= 1000224841. 
2024.05.22 20:02:07, Добавление строки. Связывание со входящим документом № 17 ЭД "Сведения о поступивших от юридических лиц платежах" № 14 ID= 1000224841. 
2024.05.22 20:02:18, Добавление строки. Связывание со входящим документом № 17 ЭД "Сведения о поступивших от юридических лиц платежах" № 14 ID= 1000224841. 
2024.05.22 20:02:28, Добавление строки. Связывание со входящим документом № 17 ЭД "Сведения о поступивших от юридических лиц платежах" № 14 ID= 1000224841. 
2024.05.22 20:02:39, Добавление строки. Связывание со входящим документом № 17 ЭД "Сведения о поступивших от юридических лиц платежах" № 14 ID= 1000224841. 
2024.05.22 20:02:52, Добавление строки. Связывание со входящим документом № 17 ЭД "Сведения о поступивших от юридических лиц платежах" № 14 ID= 1000224841. 
2024.05.22 20:03:02, Добавление строки. Связывание со входящим документом № 17 ЭД "Сведения о поступивших от юридических лиц платежах" № 14 ID= 1000224841. 
2024.05.22 20:03:13, Добавление строки. Связывание со входящим документом № 17 ЭД "Сведения о поступивших от юридических лиц платежах" № 14 ID= 1000224841. 
2024.05.22 20:03:23, Добавление строки. Связывание со входящим документом № 17 ЭД "Сведения о поступивших от юридических лиц платежах" № 14 ID= 1000224841. 
2024.05.22 20:03:33, Добавление строки. Связывание со входящим документом № 17 ЭД "Сведения о поступивших от юридических лиц платежах" № 14 ID= 1000224841. 
2024.05.22 20:03:44, Добавление строки. Связывание со входящим документом № 17 ЭД "Сведения о поступивших от юридических лиц платежах" № 14 ID= 1000224841. 
2024.05.22 20:03:54, Добавление строки. Связывание со входящим документом № 17 ЭД "Сведения о поступивших от юридических лиц платежах" № 14 ID= 1000224841. 
2024.05.22 20:04:05, Добавление строки. Связывание со входящим документом № 17 ЭД "Сведения о поступивших от юридических лиц платежах" № 14 ID= 1000224841. 
2024.05.22 20:04:15, Добавление строки. Связывание со входящим документом № 17 ЭД "Сведения о поступивших от юридических лиц платежах" № 14 ID= 1000224841. 
2024.05.22 20:04:26, Добавление строки. Связывание со входящим документом № 17 ЭД "Сведения о поступивших от юридических лиц платежах" № 14 ID= 1000224841. 
2024.05.22 20:04:36, Добавление строки. Связывание со входящим документом № 17 ЭД "Сведения о поступивших от юридических лиц платежах" № 14 ID= 1000224841. 
2024.05.22 20:04:47, Добавление строки. Связывание со входящим документом № 17 ЭД "Сведения о поступивших от юридических лиц платежах" № 14 ID= 1000224841. 
2024.05.22 20:04:57, Добавление строки. Связывание со входящим документом № 17 ЭД "Сведения о поступивших от юридических лиц платежах" № 14 ID= 1000224841. 
2024.05.22 20:05:07, Добавление строки. Связывание со входящим документом № 17 ЭД "Сведения о поступивших от юридических лиц платежах" № 14 ID= 1000224841. 
2024.05.22 20:05:18, Добавление строки. Связывание со входящим документом № 17 ЭД "Сведения о поступивших от юридических лиц платежах" № 14 ID= 1000224841. 
2024.05.22 20:05:28, Добавление строки. Связывание со входящим документом № 17 ЭД "Сведения о поступивших от юридических лиц платежах" № 14 ID= 1000224841. 
2024.05.22 20:05:39, Добавление строки. Связывание со входящим документом № 17 ЭД "Сведения о поступивших от юридических лиц платежах" № 14 ID= 1000224841. 
2024.05.22 20:05:49, Добавление строки. Связывание со входящим документом № 17 ЭД "Сведения о поступивших от юридических лиц платежах" № 14 ID= 1000224841. 
2024.05.22 20:06:00, Добавление строки. Связывание со входящим документом № 17 ЭД "Сведения о поступивших от юридических лиц платежах" № 14 ID= 1000224841. 
2024.05.22 20:06:10, Добавление строки. Связывание со входящим документом № 17 ЭД "Сведения о поступивших от юридических лиц платежах" № 14 ID= 1000224841. 
2024.05.22 20:06:21, Добавление строки. Связывание со входящим документом № 17 ЭД "Сведения о поступивших от юридических лиц платежах" № 14 ID= 1000224841. 
2024.05.22 20:06:31, Добавление строки. Связывание со входящим документом № 17 ЭД "Сведения о поступивших от юридических лиц платежах" № 14 ID= 1000224841. 
2024.05.22 20:06:42, Добавление строки. Связывание со входящим документом № 17 ЭД "Сведения о поступивших от юридических лиц платежах" № 14 ID= 1000224841. 
2024.05.22 20:06:52, Добавление строки. Связывание со входящим документом № 17 ЭД "Сведения о поступивших от юридических лиц платежах" № 14 ID= 1000224841. 
2024.05.22 20:07:03, Добавление строки. Связывание со входящим документом № 17 ЭД "Сведения о поступивших от юридических лиц платежах" № 14 ID= 1000224841. 
2024.05.22 20:07:13, Добавление строки. Связывание со входящим документом № 17 ЭД "Сведения о поступивших от юридических лиц платежах" № 14 ID= 1000224841. 
2024.05.22 20:07:24, Добавление строки. Связывание со входящим документом № 17 ЭД "Сведения о поступивших от юридических лиц платежах" № 14 ID= 1000224841. 
2024.05.22 20:07:34, Добавление строки. Связывание со входящим документом № 17 ЭД "Сведения о поступивших от юридических лиц платежах" № 14 ID= 1000224841. 
2024.05.22 20:07:45, Добавление строки. Связывание со входящим документом № 17 ЭД "Сведения о поступивших от юридических лиц платежах" № 14 ID= 1000224841. 
2024.05.22 20:07:55, Добавление строки. Связывание со входящим документом № 17 ЭД "Сведения о поступивших от юридических лиц платежах" № 14 ID= 1000224841. 
2024.05.22 20:08:06, Добавление строки. Связывание со входящим документом № 17 ЭД "Сведения о поступивших от юридических лиц платежах" № 14 ID= 1000224841. 
2024.05.22 20:08:16, Добавление строки. Связывание со входящим документом № 17 ЭД "Сведения о поступивших от юридических лиц платежах" № 14 ID= 1000224841. 
2024.05.22 20:08:27, Добавление строки. Связывание со входящим документом № 17 ЭД "Сведения о поступивших от юридических лиц платежах" № 14 ID= 1000224841. 
2024.05.22 20:08:37, Добавление строки. Связывание со входящим документом № 17 ЭД "Сведения о поступивших от юридических лиц платежах" № 14 ID= 1000224841. 
2024.05.22 20:08:48, Добавление строки. Связывание со входящим документом № 17 ЭД "Сведения о поступивших от юридических лиц платежах" № 14 ID= 1000224841. 
2024.05.22 20:08:58, Добавление строки. Связывание со входящим документом № 17 ЭД "Сведения о поступивших от юридических лиц платежах" № 14 ID= 1000224841. 
2024.05.22 20:09:09, Добавление строки. Связывание со входящим документом № 17 ЭД "Сведения о поступивших от юридических лиц платежах" № 14 ID= 1000224841. 
2024.05.22 20:09:20, Добавление строки. Связывание со входящим документом № 17 ЭД "Сведения о поступивших от юридических лиц платежах" № 14 ID= 1000224841. 
2024.05.22 20:09:31, Добавление строки. Связывание со входящим документом № 17 ЭД "Сведения о поступивших от юридических лиц платежах" № 14 ID= 1000224841. 
2024.05.22 20:09:43, Добавление строки. Связывание со входящим документом № 17 ЭД "Сведения о поступивших от юридических лиц платежах" № 14 ID= 1000224841. 
2024.05.22 20:09:53, Добавление строки. Связывание со входящим документом № 17 ЭД "Сведения о поступивших от юридических лиц платежах" № 14 ID= 1000224841. 
2024.05.22 20:10:04, Добавление строки. Связывание со входящим документом № 17 ЭД "Сведения о поступивших от юридических лиц платежах" № 14 ID= 1000224841. 
2024.05.22 20:10:15, Добавление строки. Связывание со входящим документом № 17 ЭД "Сведения о поступивших от юридических лиц платежах" № 14 ID= 1000224841. 
2024.05.22 20:10:25, Добавление строки. Связывание со входящим документом № 17 ЭД "Сведения о поступивших от юридических лиц платежах" № 14 ID= 1000224841. 
2024.05.22 20:10:36, Добавление строки. Связывание со входящим документом № 17 ЭД "Сведения о поступивших от юридических лиц платежах" № 14 ID= 1000224841. 
2024.05.22 20:10:46, Добавление строки. Связывание со входящим документом № 17 ЭД "Сведения о поступивших от юридических лиц платежах" № 14 ID= 1000224841. 
2024.05.22 20:10:57, Добавление строки. Связывание со входящим документом № 17 ЭД "Сведения о поступивших от юридических лиц платежах" № 14 ID= 1000224841. 
2024.05.22 20:11:07, Добавление строки. Связывание со входящим документом № 17 ЭД "Сведения о поступивших от юридических лиц платежах" № 14 ID= 1000224841. 
2024.05.22 20:11:18, Добавление строки. Связывание со входящим документом № 17 ЭД "Сведения о поступивших от юридических лиц платежах" № 14 ID= 1000224841. 
2024.05.22 20:11:28, Добавление строки. Связывание со входящим документом № 17 ЭД "Сведения о поступивших от юридических лиц платежах" № 14 ID= 1000224841. 
2024.05.22 20:11:39, Добавление строки. Связывание со входящим документом № 17 ЭД "Сведения о поступивших от юридических лиц платежах" № 14 ID= 1000224841. 
2024.05.22 20:11:49, Добавление строки. Связывание со входящим документом № 17 ЭД "Сведения о поступивших от юридических лиц платежах" № 14 ID= 1000224841. 
2024.05.22 20:12:00, Добавление строки. Связывание со входящим документом № 17 ЭД "Сведения о поступивших от юридических лиц платежах" № 14 ID= 1000224841. 
2024.05.22 20:12:10, Добавление строки. Связывание со входящим документом № 17 ЭД "Сведения о поступивших от юридических лиц платежах" № 14 ID= 1000224841. 
2024.05.22 20:12:21, Добавление строки. Связывание со входящим документом № 17 ЭД "Сведения о поступивших от юридических лиц платежах" № 14 ID= 1000224841. 
2024.05.22 20:12:31, Добавление строки. Связывание со входящим документом № 17 ЭД "Сведения о поступивших от юридических лиц платежах" № 14 ID= 1000224841. 
2024.05.22 20:12:42, Добавление строки. Связывание со входящим документом № 17 ЭД "Сведения о поступивших от юридических лиц платежах" № 14 ID= 1000224841. 
2024.05.22 20:12:52, Добавление строки. Связывание со входящим документом № 17 ЭД "Сведения о поступивших от юридических лиц платежах" № 14 ID= 1000224841. 
2024.05.22 20:13:04, Добавление строки. Связывание со входящим документом № 17 ЭД "Сведения о поступивших от юридических лиц платежах" № 14 ID= 1000224841. 
2024.05.22 20:13:15, Добавление строки. Связывание со входящим документом № 17 ЭД "Сведения о поступивших от юридических лиц платежах" № 14 ID= 1000224841. 
2024.05.22 20:13:25, Добавление строки. Связывание со входящим документом № 17 ЭД "Сведения о поступивших от юридических лиц платежах" № 14 ID= 1000224841. 
2024.05.22 20:13:36, Добавление строки. Связывание со входящим документом № 17 ЭД "Сведения о поступивших от юридических лиц платежах" № 14 ID= 1000224841. 
2024.05.22 20:13:47, Добавление строки. Связывание со входящим документом № 17 ЭД "Сведения о поступивших от юридических лиц платежах" № 14 ID= 1000224841. 
2024.05.22 20:13:57, Добавление строки. Связывание со входящим документом № 17 ЭД "Сведения о поступивших от юридических лиц платежах" № 14 ID= 1000224841. 
2024.05.22 20:14:08, Добавление строки. Связывание со входящим документом № 17 ЭД "Сведения о поступивших от юридических лиц платежах" № 14 ID= 1000224841. 
2024.05.22 20:14:18, Добавление строки. Связывание со входящим документом № 17 ЭД "Сведения о поступивших от юридических лиц платежах" № 14 ID= 1000224841. 
2024.05.22 20:14:29, Добавление строки. Связывание со входящим документом № 17 ЭД "Сведения о поступивших от юридических лиц платежах" № 14 ID= 1000224841. 
2024.05.22 20:14:40, Добавление строки. Связывание со входящим документом № 17 ЭД "Сведения о поступивших от юридических лиц платежах" № 14 ID= 1000224841. 
2024.05.22 20:14:50, Добавление строки. Связывание со входящим документом № 17 ЭД "Сведения о поступивших от юридических лиц платежах" № 14 ID= 1000224841. 
2024.05.22 20:15:01, Добавление строки. Связывание со входящим документом № 17 ЭД "Сведения о поступивших от юридических лиц платежах" № 14 ID= 1000224841. 
2024.05.22 20:15:11, Добавление строки. Связывание со входящим документом № 17 ЭД "Сведения о поступивших от юридических лиц платежах" № 14 ID= 1000224841. 
2024.05.22 20:15:22, Добавление строки. Связывание со входящим документом № 17 ЭД "Сведения о поступивших от юридических лиц платежах" № 14 ID= 1000224841. 
2024.05.22 20:15:32, Добавление строки. Связывание со входящим документом № 17 ЭД "Сведения о поступивших от юридических лиц платежах" № 14 ID= 1000224841. 
2024.05.22 20:15:43, Добавление строки. Связывание со входящим документом № 17 ЭД "Сведения о поступивших от юридических лиц платежах" № 14 ID= 1000224841. 
2024.05.22 20:15:54, Добавление строки. Связывание со входящим документом № 17 ЭД "Сведения о поступивших от юридических лиц платежах" № 14 ID= 1000224841. 
2024.05.22 20:16:04, Добавление строки. Связывание со входящим документом № 17 ЭД "Сведения о поступивших от юридических лиц платежах" № 14 ID= 1000224841. 
2024.05.22 20:16:15, Добавление строки. Связывание со входящим документом № 17 ЭД "Сведения о поступивших от юридических лиц платежах" № 14 ID= 1000224841. 
2024.05.22 20:16:25, Добавление строки. Связывание со входящим документом № 17 ЭД "Сведения о поступивших от юридических лиц платежах" № 14 ID= 1000224841. 
2024.05.22 20:16:36, Добавление строки. Связывание со входящим документом № 17 ЭД "Сведения о поступивших от юридических лиц платежах" № 14 ID= 1000224841. 
2024.05.22 20:16:47, Добавление строки. Связывание со входящим документом № 17 ЭД "Сведения о поступивших от юридических лиц платежах" № 14 ID= 1000224841. 
2024.05.22 20:16:57, Добавление строки. Связывание со входящим документом № 17 ЭД "Сведения о поступивших от юридических лиц платежах" № 14 ID= 1000224841. 
2024.05.22 20:17:08, Добавление строки. Связывание со входящим документом № 17 ЭД "Сведения о поступивших от юридических лиц платежах" № 14 ID= 1000224841. 
2024.05.22 20:17:18, Добавление строки. Связывание со входящим документом № 17 ЭД "Сведения о поступивших от юридических лиц платежах" № 14 ID= 1000224841. 
2024.05.22 20:17:29, Добавление строки. Связывание со входящим документом № 17 ЭД "Сведения о поступивших от юридических лиц платежах" № 14 ID= 1000224841. 
2024.05.22 20:17:40, Добавление строки. Связывание со входящим документом № 17 ЭД "Сведения о поступивших от юридических лиц платежах" № 14 ID= 1000224841. 
2024.05.22 20:17:50, Добавление строки. Связывание со входящим документом № 17 ЭД "Сведения о поступивших от юридических лиц платежах" № 14 ID= 1000224841. 
2024.05.22 20:18:01, Добавление строки. Связывание со входящим документом № 17 ЭД "Сведения о поступивших от юридических лиц платежах" № 14 ID= 1000224841. 
2024.05.22 20:18:12, Добавление строки. Связывание со входящим документом № 17 ЭД "Сведения о поступивших от юридических лиц платежах" № 14 ID= 1000224841. 
2024.05.22 20:18:22, Добавление строки. Связывание со входящим документом № 17 ЭД "Сведения о поступивших от юридических лиц платежах" № 14 ID= 1000224841. 
2024.05.22 20:18:33, Добавление строки. Связывание со входящим документом № 17 ЭД "Сведения о поступивших от юридических лиц платежах" № 14 ID= 1000224841. 
2024.05.22 20:18:43, Добавление строки. Связывание со входящим документом № 17 ЭД "Сведения о поступивших от юридических лиц платежах" № 14 ID= 1000224841. 
2024.05.22 20:18:54, Добавление строки. Связывание со входящим документом № 17 ЭД "Сведения о поступивших от юридических лиц платежах" № 14 ID= 1000224841. 
2024.05.22 20:19:05, Добавление строки. Связывание со входящим документом № 17 ЭД "Сведения о поступивших от юридических лиц платежах" № 14 ID= 1000224841. 
2024.05.22 20:19:15, Добавление строки. Связывание со входящим документом № 17 ЭД "Сведения о поступивших от юридических лиц платежах" № 14 ID= 1000224841. 
2024.05.22 20:19:26, Добавление строки. Связывание со входящим документом № 17 ЭД "Сведения о поступивших от юридических лиц платежах" № 14 ID= 1000224841. 
2024.05.22 20:19:37, Добавление строки. Связывание со входящим документом № 17 ЭД "Сведения о поступивших от юридических лиц платежах" № 14 ID= 1000224841. 
2024.05.22 20:19:47, Добавление строки. Связывание со входящим документом № 17 ЭД "Сведения о поступивших от юридических лиц платежах" № 14 ID= 1000224841. 
2024.05.22 20:19:58, Добавление строки. Связывание со входящим документом № 17 ЭД "Сведения о поступивших от юридических лиц платежах" № 14 ID= 1000224841. 
2024.05.22 20:20:09, Добавление строки. Связывание со входящим документом № 17 ЭД "Сведения о поступивших от юридических лиц платежах" № 14 ID= 1000224841. 
2024.05.22 20:20:19, Добавление строки. Связывание со входящим документом № 17 ЭД "Сведения о поступивших от юридических лиц платежах" № 14 ID= 1000224841. 
2024.05.22 20:20:30, Добавление строки. Связывание со входящим документом № 17 ЭД "Сведения о поступивших от юридических лиц платежах" № 14 ID= 1000224841. 
2024.05.22 20:20:40, Добавление строки. Связывание со входящим документом № 17 ЭД "Сведения о поступивших от юридических лиц платежах" № 14 ID= 1000224841. 
2024.05.22 20:20:51, Добавление строки. Связывание со входящим документом № 17 ЭД "Сведения о поступивших от юридических лиц платежах" № 14 ID= 1000224841. 
2024.05.22 20:21:02, Добавление строки. Связывание со входящим документом № 17 ЭД "Сведения о поступивших от юридических лиц платежах" № 14 ID= 1000224841. 
2024.05.22 20:21:12, Добавление строки. Связывание со входящим документом № 17 ЭД "Сведения о поступивших от юридических лиц платежах" № 14 ID= 1000224841. 
2024.05.22 20:21:23, Добавление строки. Связывание со входящим документом № 17 ЭД "Сведения о поступивших от юридических лиц платежах" № 14 ID= 1000224841. 
2024.05.22 20:21:34, Добавление строки. Связывание со входящим документом № 17 ЭД "Сведения о поступивших от юридических лиц платежах" № 14 ID= 1000224841. 
2024.05.22 20:21:44, Добавление строки. Связывание со входящим документом № 17 ЭД "Сведения о поступивших от юридических лиц платежах" № 14 ID= 1000224841. 
2024.05.22 20:21:57, Добавление строки. Связывание со входящим документом № 17 ЭД "Сведения о поступивших от юридических лиц платежах" № 14 ID= 1000224841. 
2024.05.22 20:22:07, Добавление строки. Связывание со входящим документом № 17 ЭД "Сведения о поступивших от юридических лиц платежах" № 14 ID= 1000224841. 
2024.05.22 20:22:18, Добавление строки. Связывание со входящим документом № 17 ЭД "Сведения о поступивших от юридических лиц платежах" № 14 ID= 1000224841. 
2024.05.22 20:22:29, Добавление строки. Связывание со входящим документом № 17 ЭД "Сведения о поступивших от юридических лиц платежах" № 14 ID= 1000224841. 
2024.05.22 20:22:40, Добавление строки. Связывание со входящим документом № 17 ЭД "Сведения о поступивших от юридических лиц платежах" № 14 ID= 1000224841. 
2024.05.22 20:22:50, Добавление строки. Связывание со входящим документом № 17 ЭД "Сведения о поступивших от юридических лиц платежах" № 14 ID= 1000224841. 
2024.05.22 20:23:01, Добавление строки. Связывание со входящим документом № 17 ЭД "Сведения о поступивших от юридических лиц платежах" № 14 ID= 1000224841. 
2024.05.22 20:23:12, Добавление строки. Связывание со входящим документом № 17 ЭД "Сведения о поступивших от юридических лиц платежах" № 14 ID= 1000224841. 
2024.05.22 20:23:22, Добавление строки. Связывание со входящим документом № 17 ЭД "Сведения о поступивших от юридических лиц платежах" № 14 ID= 1000224841. 
2024.05.22 20:23:33, Добавление строки. Связывание со входящим документом № 17 ЭД "Сведения о поступивших от юридических лиц платежах" № 14 ID= 1000224841. 
2024.05.22 20:23:44, Добавление строки. Связывание со входящим документом № 17 ЭД "Сведения о поступивших от юридических лиц платежах" № 14 ID= 1000224841. 
2024.05.22 20:23:54, Добавление строки. Связывание со входящим документом № 17 ЭД "Сведения о поступивших от юридических лиц платежах" № 14 ID= 1000224841. 
2024.05.22 20:24:05, Добавление строки. Связывание со входящим документом № 17 ЭД "Сведения о поступивших от юридических лиц платежах" № 14 ID= 1000224841. 
2024.05.22 20:24:16, Добавление строки. Связывание со входящим документом № 17 ЭД "Сведения о поступивших от юридических лиц платежах" № 14 ID= 1000224841. 
2024.05.22 20:24:27, Добавление строки. Связывание со входящим документом № 17 ЭД "Сведения о поступивших от юридических лиц платежах" № 14 ID= 1000224841. 
2024.05.22 20:24:37, Добавление строки. Связывание со входящим документом № 17 ЭД "Сведения о поступивших от юридических лиц платежах" № 14 ID= 1000224841. 
2024.05.22 20:24:48, Добавление строки. Связывание со входящим документом № 17 ЭД "Сведения о поступивших от юридических лиц платежах" № 14 ID= 1000224841. 
2024.05.22 20:24:59, Добавление строки. Связывание со входящим документом № 17 ЭД "Сведения о поступивших от юридических лиц платежах" № 14 ID= 1000224841. 
2024.05.22 20:25:10, Добавление строки. Связывание со входящим документом № 17 ЭД "Сведения о поступивших от юридических лиц платежах" № 14 ID= 1000224841. 
2024.05.22 20:25:20, Добавление строки. Связывание со входящим документом № 17 ЭД "Сведения о поступивших от юридических лиц платежах" № 14 ID= 1000224841. 
2024.05.22 20:25:31, Добавление строки. Связывание со входящим документом № 17 ЭД "Сведения о поступивших от юридических лиц платежах" № 14 ID= 1000224841. 
2024.05.22 20:25:42, Добавление строки. Связывание со входящим документом № 17 ЭД "Сведения о поступивших от юридических лиц платежах" № 14 ID= 1000224841. 
2024.05.22 20:25:53, Добавление строки. Связывание со входящим документом № 17 ЭД "Сведения о поступивших от юридических лиц платежах" № 14 ID= 1000224841. 
2024.05.22 20:26:03, Добавление строки. Связывание со входящим документом № 17 ЭД "Сведения о поступивших от юридических лиц платежах" № 14 ID= 1000224841. 
2024.05.22 20:26:14, Добавление строки. Связывание со входящим документом № 17 ЭД "Сведения о поступивших от юридических лиц платежах" № 14 ID= 1000224841. 
2024.05.22 20:26:25, Добавление строки. Связывание со входящим документом № 17 ЭД "Сведения о поступивших от юридических лиц платежах" № 14 ID= 1000224841. 
2024.05.22 20:26:36, Добавление строки. Связывание со входящим документом № 17 ЭД "Сведения о поступивших от юридических лиц платежах" № 14 ID= 1000224841. 
2024.05.22 20:26:46, Добавление строки. Связывание со входящим документом № 17 ЭД "Сведения о поступивших от юридических лиц платежах" № 14 ID= 1000224841. 
2024.05.22 20:26:57, Добавление строки. Связывание со входящим документом № 17 ЭД "Сведения о поступивших от юридических лиц платежах" № 14 ID= 1000224841. 
2024.05.22 20:27:08, Добавление строки. Связывание со входящим документом № 17 ЭД "Сведения о поступивших от юридических лиц платежах" № 14 ID= 1000224841. 
2024.05.22 20:27:19, Добавление строки. Связывание со входящим документом № 17 ЭД "Сведения о поступивших от юридических лиц платежах" № 14 ID= 1000224841. 
2024.05.22 20:27:30, Добавление строки. Связывание со входящим документом № 17 ЭД "Сведения о поступивших от юридических лиц платежах" № 14 ID= 1000224841. 
2024.05.22 20:27:40, Добавление строки. Связывание со входящим документом № 17 ЭД "Сведения о поступивших от юридических лиц платежах" № 14 ID= 1000224841. 
2024.05.22 20:27:51, Добавление строки. Связывание со входящим документом № 17 ЭД "Сведения о поступивших от юридических лиц платежах" № 14 ID= 1000224841. 
2024.05.22 20:28:02, Добавление строки. Связывание со входящим документом № 17 ЭД "Сведения о поступивших от юридических лиц платежах" № 14 ID= 1000224841. 
2024.05.22 20:28:13, Добавление строки. Связывание со входящим документом № 17 ЭД "Сведения о поступивших от юридических лиц платежах" № 14 ID= 1000224841. 
2024.05.22 20:28:23, Добавление строки. Связывание со входящим документом № 17 ЭД "Сведения о поступивших от юридических лиц платежах" № 14 ID= 1000224841. 
2024.05.22 20:28:34, Добавление строки. Связывание со входящим документом № 17 ЭД "Сведения о поступивших от юридических лиц платежах" № 14 ID= 1000224841. 
2024.05.22 20:28:45, Добавление строки. Связывание со входящим документом № 17 ЭД "Сведения о поступивших от юридических лиц платежах" № 14 ID= 1000224841. 
2024.05.22 20:28:56, Добавление строки. Связывание со входящим документом № 17 ЭД "Сведения о поступивших от юридических лиц платежах" № 14 ID= 1000224841. 
2024.05.22 20:29:06, Добавление строки. Связывание со входящим документом № 17 ЭД "Сведения о поступивших от юридических лиц платежах" № 14 ID= 1000224841. 
2024.05.22 20:29:17, Добавление строки. Связывание со входящим документом № 17 ЭД "Сведения о поступивших от юридических лиц платежах" № 14 ID= 1000224841. 
2024.05.22 20:29:28, Добавление строки. Связывание со входящим документом № 17 ЭД "Сведения о поступивших от юридических лиц платежах" № 14 ID= 1000224841. 
2024.05.22 20:29:39, Добавление строки. Связывание со входящим документом № 17 ЭД "Сведения о поступивших от юридических лиц платежах" № 14 ID= 1000224841. 
2024.05.22 20:29:50, Добавление строки. Связывание со входящим документом № 17 ЭД "Сведения о поступивших от юридических лиц платежах" № 14 ID= 1000224841. 
2024.05.22 20:30:00, Добавление строки. Связывание со входящим документом № 17 ЭД "Сведения о поступивших от юридических лиц платежах" № 14 ID= 1000224841. 
2024.05.22 20:30:11, Добавление строки. Связывание со входящим документом № 17 ЭД "Сведения о поступивших от юридических лиц платежах" № 14 ID= 1000224841. 
2024.05.22 20:30:22, Добавление строки. Связывание со входящим документом № 17 ЭД "Сведения о поступивших от юридических лиц платежах" № 14 ID= 1000224841. 
2024.05.22 20:30:33, Добавление строки. Связывание со входящим документом № 17 ЭД "Сведения о поступивших от юридических лиц платежах" № 14 ID= 1000224841. 
2024.05.22 20:30:43, Добавление строки. Связывание со входящим документом № 17 ЭД "Сведения о поступивших от юридических лиц платежах" № 14 ID= 1000224841. 
2024.05.22 20:30:54, Добавление строки. Связывание со входящим документом № 17 ЭД "Сведения о поступивших от юридических лиц платежах" № 14 ID= 1000224841. 
2024.05.22 20:31:06, Добавление строки. Связывание со входящим документом № 17 ЭД "Сведения о поступивших от юридических лиц платежах" № 14 ID= 1000224841. 
2024.05.22 20:31:17, Добавление строки. Связывание со входящим документом № 17 ЭД "Сведения о поступивших от юридических лиц платежах" № 14 ID= 1000224841. 
2024.05.22 20:31:27, Добавление строки. Связывание со входящим документом № 17 ЭД "Сведения о поступивших от юридических лиц платежах" № 14 ID= 1000224841. 
2024.05.22 20:31:38, Добавление строки. Связывание со входящим документом № 17 ЭД "Сведения о поступивших от юридических лиц платежах" № 14 ID= 1000224841. 
2024.05.22 20:31:49, Добавление строки. Связывание со входящим документом № 17 ЭД "Сведения о поступивших от юридических лиц платежах" № 14 ID= 1000224841. 
2024.05.22 20:32:00, Добавление строки. Связывание со входящим документом № 17 ЭД "Сведения о поступивших от юридических лиц платежах" № 14 ID= 1000224841. 
2024.05.22 20:32:11, Добавление строки. Связывание со входящим документом № 17 ЭД "Сведения о поступивших от юридических лиц платежах" № 14 ID= 1000224841. 
2024.05.22 20:32:21, Добавление строки. Связывание со входящим документом № 17 ЭД "Сведения о поступивших от юридических лиц платежах" № 14 ID= 1000224841. 
2024.05.22 20:32:32, Добавление строки. Связывание со входящим документом № 17 ЭД "Сведения о поступивших от юридических лиц платежах" № 14 ID= 1000224841. 
2024.05.22 20:32:43, Добавление строки. Связывание со входящим документом № 17 ЭД "Сведения о поступивших от юридических лиц платежах" № 14 ID= 1000224841. 
2024.05.22 20:32:54, Добавление строки. Связывание со входящим документом № 17 ЭД "Сведения о поступивших от юридических лиц платежах" № 14 ID= 1000224841. 
2024.05.22 20:33:05, Добавление строки. Связывание со входящим документом № 17 ЭД "Сведения о поступивших от юридических лиц платежах" № 14 ID= 1000224841. 
2024.05.22 20:33:15, Добавление строки. Связывание со входящим документом № 17 ЭД "Сведения о поступивших от юридических лиц платежах" № 14 ID= 1000224841. 
2024.05.22 20:33:26, Добавление строки. Связывание со входящим документом № 17 ЭД "Сведения о поступивших от юридических лиц платежах" № 14 ID= 1000224841. 
2024.05.22 20:33:37, Добавление строки. Связывание со входящим документом № 17 ЭД "Сведения о поступивших от юридических лиц платежах" № 14 ID= 1000224841. 
2024.05.22 20:33:48, Добавление строки. Связывание со входящим документом № 17 ЭД "Сведения о поступивших от юридических лиц платежах" № 14 ID= 1000224841. 
2024.05.22 20:33:59, Добавление строки. Связывание со входящим документом № 17 ЭД "Сведения о поступивших от юридических лиц платежах" № 14 ID= 1000224841. 
2024.05.22 20:34:10, Добавление строки. Связывание со входящим документом № 17 ЭД "Сведения о поступивших от юридических лиц платежах" № 14 ID= 1000224841. 
2024.05.22 20:34:20, Добавление строки. Связывание со входящим документом № 17 ЭД "Сведения о поступивших от юридических лиц платежах" № 14 ID= 1000224841. 
2024.05.22 20:34:31, Добавление строки. Связывание со входящим документом № 17 ЭД "Сведения о поступивших от юридических лиц платежах" № 14 ID= 1000224841. 
2024.05.22 20:34:42, Добавление строки. Связывание со входящим документом № 17 ЭД "Сведения о поступивших от юридических лиц платежах" № 14 ID= 1000224841. 
2024.05.22 20:34:53, Добавление строки. Связывание со входящим документом № 17 ЭД "Сведения о поступивших от юридических лиц платежах" № 14 ID= 1000224841. 
2024.05.22 20:35:04, Добавление строки. Связывание со входящим документом № 17 ЭД "Сведения о поступивших от юридических лиц платежах" № 14 ID= 1000224841. 
2024.05.22 20:35:15, Добавление строки. Связывание со входящим документом № 17 ЭД "Сведения о поступивших от юридических лиц платежах" № 14 ID= 1000224841. 
2024.05.22 20:35:25, Добавление строки. Связывание со входящим документом № 17 ЭД "Сведения о поступивших от юридических лиц платежах" № 14 ID= 1000224841. 
2024.05.22 20:35:36, Добавление строки. Связывание со входящим документом № 17 ЭД "Сведения о поступивших от юридических лиц платежах" № 14 ID= 1000224841. 
2024.05.22 20:35:47, Добавление строки. Связывание со входящим документом № 17 ЭД "Сведения о поступивших от юридических лиц платежах" № 14 ID= 1000224841. 
2024.05.22 20:35:58, Добавление строки. Связывание со входящим документом № 17 ЭД "Сведения о поступивших от юридических лиц платежах" № 14 ID= 1000224841. 
2024.05.22 20:36:09, Добавление строки. Связывание со входящим документом № 17 ЭД "Сведения о поступивших от юридических лиц платежах" № 14 ID= 1000224841. 
2024.05.22 20:36:20, Добавление строки. Связывание со входящим документом № 17 ЭД "Сведения о поступивших от юридических лиц платежах" № 14 ID= 1000224841. 
2024.05.22 20:36:30, Добавление строки. Связывание со входящим документом № 17 ЭД "Сведения о поступивших от юридических лиц платежах" № 14 ID= 1000224841. 
2024.05.22 20:36:41, Добавление строки. Связывание со входящим документом № 17 ЭД "Сведения о поступивших от юридических лиц платежах" № 14 ID= 1000224841. 
2024.05.22 20:36:52, Добавление строки. Связывание со входящим документом № 17 ЭД "Сведения о поступивших от юридических лиц платежах" № 14 ID= 1000224841. 
2024.05.22 20:37:03, Добавление строки. Связывание со входящим документом № 17 ЭД "Сведения о поступивших от юридических лиц платежах" № 14 ID= 1000224841. 
2024.05.22 20:37:14, Добавление строки. Связывание со входящим документом № 17 ЭД "Сведения о поступивших от юридических лиц платежах" № 14 ID= 1000224841. 
2024.05.22 20:37:25, Добавление строки. Связывание со входящим документом № 17 ЭД "Сведения о поступивших от юридических лиц платежах" № 14 ID= 1000224841. 
2024.05.22 20:37:36, Добавление строки. Связывание со входящим документом № 17 ЭД "Сведения о поступивших от юридических лиц платежах" № 14 ID= 1000224841. 
2024.05.22 20:37:47, Добавление строки. Связывание со входящим документом № 17 ЭД "Сведения о поступивших от юридических лиц платежах" № 14 ID= 1000224841. 
2024.05.22 20:37:58, Добавление строки. Связывание со входящим документом № 17 ЭД "Сведения о поступивших от юридических лиц платежах" № 14 ID= 1000224841. 
2024.05.22 20:38:08, Добавление строки. Связывание со входящим документом № 17 ЭД "Сведения о поступивших от юридических лиц платежах" № 14 ID= 1000224841. 
2024.05.22 20:38:19, Добавление строки. Связывание со входящим документом № 17 ЭД "Сведения о поступивших от юридических лиц платежах" № 14 ID= 1000224841. 
2024.05.22 20:38:30, Добавление строки. Связывание со входящим документом № 17 ЭД "Сведения о поступивших от юридических лиц платежах" № 14 ID= 1000224841. 
2024.05.22 20:38:41, Добавление строки. Связывание со входящим документом № 17 ЭД "Сведения о поступивших от юридических лиц платежах" № 14 ID= 1000224841. 
2024.05.22 20:38:52, Добавление строки. Связывание со входящим документом № 17 ЭД "Сведения о поступивших от юридических лиц платежах" № 14 ID= 1000224841. 
2024.05.22 20:39:03, Добавление строки. Связывание со входящим документом № 17 ЭД "Сведения о поступивших от юридических лиц платежах" № 14 ID= 1000224841. 
2024.05.22 20:39:14, Добавление строки. Связывание со входящим документом № 17 ЭД "Сведения о поступивших от юридических лиц платежах" № 14 ID= 1000224841. 
2024.05.22 20:39:25, Добавление строки. Связывание со входящим документом № 17 ЭД "Сведения о поступивших от юридических лиц платежах" № 14 ID= 1000224841. 
2024.05.22 20:39:36, Добавление строки. Связывание со входящим документом № 17 ЭД "Сведения о поступивших от юридических лиц платежах" № 14 ID= 1000224841. 
2024.05.22 20:39:47, Добавление строки. Связывание со входящим документом № 17 ЭД "Сведения о поступивших от юридических лиц платежах" № 14 ID= 1000224841. 
2024.05.22 20:39:58, Добавление строки. Связывание со входящим документом № 17 ЭД "Сведения о поступивших от юридических лиц платежах" № 14 ID= 1000224841. 
2024.05.22 20:40:09, Добавление строки. Связывание со входящим документом № 17 ЭД "Сведения о поступивших от юридических лиц платежах" № 14 ID= 1000224841. 
2024.05.22 20:40:19, Добавление строки. Связывание со входящим документом № 17 ЭД "Сведения о поступивших от юридических лиц платежах" № 14 ID= 1000224841. 
2024.05.22 20:40:30, Добавление строки. Связывание со входящим документом № 17 ЭД "Сведения о поступивших от юридических лиц платежах" № 14 ID= 1000224841. 
2024.05.22 20:40:41, Добавление строки. Связывание со входящим документом № 17 ЭД "Сведения о поступивших от юридических лиц платежах" № 14 ID= 1000224841. 
2024.05.22 20:40:52, Добавление строки. Связывание со входящим документом № 17 ЭД "Сведения о поступивших от юридических лиц платежах" № 14 ID= 1000224841. 
2024.05.22 20:41:03, Добавление строки. Связывание со входящим документом № 17 ЭД "Сведения о поступивших от юридических лиц платежах" № 14 ID= 1000224841. 
2024.05.22 20:41:14, Добавление строки. Связывание со входящим документом № 17 ЭД "Сведения о поступивших от юридических лиц платежах" № 14 ID= 1000224841. 
2024.05.22 20:41:25, Добавление строки. Связывание со входящим документом № 17 ЭД "Сведения о поступивших от юридических лиц платежах" № 14 ID= 1000224841. 
2024.05.22 20:41:36, Добавление строки. Связывание со входящим документом № 17 ЭД "Сведения о поступивших от юридических лиц платежах" № 14 ID= 1000224841. 
2024.05.22 20:41:47, Добавление строки. Связывание со входящим документом № 17 ЭД "Сведения о поступивших от юридических лиц платежах" № 14 ID= 1000224841. 
2024.05.22 20:41:58, Добавление строки. Связывание со входящим документом № 17 ЭД "Сведения о поступивших от юридических лиц платежах" № 14 ID= 1000224841. 
2024.05.22 20:42:08, Добавление строки. Связывание со входящим документом № 17 ЭД "Сведения о поступивших от юридических лиц платежах" № 14 ID= 1000224841. 
2024.05.22 20:42:19, Добавление строки. Связывание со входящим документом № 17 ЭД "Сведения о поступивших от юридических лиц платежах" № 14 ID= 1000224841. 
2024.05.22 20:42:30, Добавление строки. Связывание со входящим документом № 17 ЭД "Сведения о поступивших от юридических лиц платежах" № 14 ID= 1000224841. 
2024.05.22 20:42:41, Добавление строки. Связывание со входящим документом № 17 ЭД "Сведения о поступивших от юридических лиц платежах" № 14 ID= 1000224841. 
2024.05.22 20:42:52, Добавление строки. Связывание со входящим документом № 17 ЭД "Сведения о поступивших от юридических лиц платежах" № 14 ID= 1000224841. 
2024.05.22 20:43:03, Добавление строки. Связывание со входящим документом № 17 ЭД "Сведения о поступивших от юридических лиц платежах" № 14 ID= 1000224841. 
2024.05.22 20:43:14, Добавление строки. Связывание со входящим документом № 17 ЭД "Сведения о поступивших от юридических лиц платежах" № 14 ID= 1000224841. 
2024.05.22 20:43:25, Добавление строки. Связывание со входящим документом № 17 ЭД "Сведения о поступивших от юридических лиц платежах" № 14 ID= 1000224841. 
2024.05.22 20:43:36, Добавление строки. Связывание со входящим документом № 17 ЭД "Сведения о поступивших от юридических лиц платежах" № 14 ID= 1000224841. 
2024.05.22 20:43:47, Добавление строки. Связывание со входящим документом № 17 ЭД "Сведения о поступивших от юридических лиц платежах" № 14 ID= 1000224841. 
2024.05.22 20:43:58, Добавление строки. Связывание со входящим документом № 17 ЭД "Сведения о поступивших от юридических лиц платежах" № 14 ID= 1000224841. 
2024.05.22 20:44:09, Добавление строки. Связывание со входящим документом № 17 ЭД "Сведения о поступивших от юридических лиц платежах" № 14 ID= 1000224841. 
2024.05.22 20:44:20, Добавление строки. Связывание со входящим документом № 17 ЭД "Сведения о поступивших от юридических лиц платежах" № 14 ID= 1000224841. 
2024.05.22 20:44:31, Добавление строки. Связывание со входящим документом № 17 ЭД "Сведения о поступивших от юридических лиц платежах" № 14 ID= 1000224841. 
2024.05.22 20:44:42, Добавление строки. Связывание со входящим документом № 17 ЭД "Сведения о поступивших от юридических лиц платежах" № 14 ID= 1000224841. 
2024.05.22 20:44:53, Добавление строки. Связывание со входящим документом № 17 ЭД "Сведения о поступивших от юридических лиц платежах" № 14 ID= 1000224841. 
2024.05.22 20:45:03, Добавление строки. Связывание со входящим документом № 17 ЭД "Сведения о поступивших от юридических лиц платежах" № 14 ID= 1000224841. 
2024.05.22 20:45:14, Добавление строки. Связывание со входящим документом № 17 ЭД "Сведения о поступивших от юридических лиц платежах" № 14 ID= 1000224841. 
2024.05.22 20:45:25, Добавление строки. Связывание со входящим документом № 17 ЭД "Сведения о поступивших от юридических лиц платежах" № 14 ID= 1000224841. 
2024.05.22 20:45:36, Добавление строки. Связывание со входящим документом № 17 ЭД "Сведения о поступивших от юридических лиц платежах" № 14 ID= 1000224841. 
2024.05.22 20:45:47, Добавление строки. Связывание со входящим документом № 17 ЭД "Сведения о поступивших от юридических лиц платежах" № 14 ID= 1000224841. 
2024.05.22 20:45:58, Добавление строки. Связывание со входящим документом № 17 ЭД "Сведения о поступивших от юридических лиц платежах" № 14 ID= 1000224841. 
2024.05.22 20:46:09, Добавление строки. Связывание со входящим документом № 17 ЭД "Сведения о поступивших от юридических лиц платежах" № 14 ID= 1000224841. 
2024.05.22 20:46:20, Добавление строки. Связывание со входящим документом № 17 ЭД "Сведения о поступивших от юридических лиц платежах" № 14 ID= 1000224841. 
2024.05.22 20:46:31, Добавление строки. Связывание со входящим документом № 17 ЭД "Сведения о поступивших от юридических лиц платежах" № 14 ID= 1000224841. 
2024.05.22 20:46:42, Добавление строки. Связывание со входящим документом № 17 ЭД "Сведения о поступивших от юридических лиц платежах" № 14 ID= 1000224841. 
2024.05.22 20:46:53, Добавление строки. Связывание со входящим документом № 17 ЭД "Сведения о поступивших от юридических лиц платежах" № 14 ID= 1000224841. 
2024.05.22 20:47:04, Добавление строки. Связывание со входящим документом № 17 ЭД "Сведения о поступивших от юридических лиц платежах" № 14 ID= 1000224841. 
2024.05.22 20:47:15, Добавление строки. Связывание со входящим документом № 17 ЭД "Сведения о поступивших от юридических лиц платежах" № 14 ID= 1000224841. 
2024.05.22 20:47:26, Добавление строки. Связывание со входящим документом № 17 ЭД "Сведения о поступивших от юридических лиц платежах" № 14 ID= 1000224841. 
2024.05.22 20:47:37, Добавление строки. Связывание со входящим документом № 17 ЭД "Сведения о поступивших от юридических лиц платежах" № 14 ID= 1000224841. 
2024.05.22 20:47:48, Добавление строки. Связывание со входящим документом № 17 ЭД "Сведения о поступивших от юридических лиц платежах" № 14 ID= 1000224841. 
2024.05.22 20:47:59, Добавление строки. Связывание со входящим документом № 17 ЭД "Сведения о поступивших от юридических лиц платежах" № 14 ID= 1000224841. 
2024.05.22 20:48:10, Добавление строки. Связывание со входящим документом № 17 ЭД "Сведения о поступивших от юридических лиц платежах" № 14 ID= 1000224841. 
2024.05.22 20:48:21, Добавление строки. Связывание со входящим документом № 17 ЭД "Сведения о поступивших от юридических лиц платежах" № 14 ID= 1000224841. 
2024.05.22 20:48:32, Добавление строки. Связывание со входящим документом № 17 ЭД "Сведения о поступивших от юридических лиц платежах" № 14 ID= 1000224841. 
2024.05.22 20:48:43, Добавление строки. Связывание со входящим документом № 17 ЭД "Сведения о поступивших от юридических лиц платежах" № 14 ID= 1000224841. 
2024.05.22 20:48:54, Добавление строки. Связывание со входящим документом № 17 ЭД "Сведения о поступивших от юридических лиц платежах" № 14 ID= 1000224841. 
2024.05.22 20:49:05, Добавление строки. Связывание со входящим документом № 17 ЭД "Сведения о поступивших от юридических лиц платежах" № 14 ID= 1000224841. 
2024.05.22 20:49:16, Добавление строки. Связывание со входящим документом № 17 ЭД "Сведения о поступивших от юридических лиц платежах" № 14 ID= 1000224841. 
2024.05.22 20:49:27, Добавление строки. Связывание со входящим документом № 17 ЭД "Сведения о поступивших от юридических лиц платежах" № 14 ID= 1000224841. 
2024.05.22 20:49:38, Добавление строки. Связывание со входящим документом № 17 ЭД "Сведения о поступивших от юридических лиц платежах" № 14 ID= 1000224841. 
2024.05.22 20:49:49, Добавление строки. Связывание со входящим документом № 17 ЭД "Сведения о поступивших от юридических лиц платежах" № 14 ID= 1000224841. 
2024.05.22 20:50:00, Добавление строки. Связывание со входящим документом № 17 ЭД "Сведения о поступивших от юридических лиц платежах" № 14 ID= 1000224841. 
2024.05.22 20:50:11, Добавление строки. Связывание со входящим документом № 17 ЭД "Сведения о поступивших от юридических лиц платежах" № 14 ID= 1000224841. 
2024.05.22 20:50:22, Добавление строки. Связывание со входящим документом № 17 ЭД "Сведения о поступивших от юридических лиц платежах" № 14 ID= 1000224841. 
2024.05.22 20:50:33, Добавление строки. Связывание со входящим документом № 17 ЭД "Сведения о поступивших от юридических лиц платежах" № 14 ID= 1000224841. 
2024.05.22 20:50:44, Добавление строки. Связывание со входящим документом № 17 ЭД "Сведения о поступивших от юридических лиц платежах" № 14 ID= 1000224841. 
2024.05.22 20:50:55, Добавление строки. Связывание со входящим документом № 17 ЭД "Сведения о поступивших от юридических лиц платежах" № 14 ID= 1000224841. 
2024.05.22 20:51:06, Добавление строки. Связывание со входящим документом № 17 ЭД "Сведения о поступивших от юридических лиц платежах" № 14 ID= 1000224841. 
2024.05.22 20:51:17, Добавление строки. Связывание со входящим документом № 17 ЭД "Сведения о поступивших от юридических лиц платежах" № 14 ID= 1000224841. 
2024.05.22 20:51:28, Добавление строки. Связывание со входящим документом № 17 ЭД "Сведения о поступивших от юридических лиц платежах" № 14 ID= 1000224841. 
2024.05.22 20:51:39, Добавление строки. Связывание со входящим документом № 17 ЭД "Сведения о поступивших от юридических лиц платежах" № 14 ID= 1000224841. 
2024.05.22 20:51:50, Добавление строки. Связывание со входящим документом № 17 ЭД "Сведения о поступивших от юридических лиц платежах" № 14 ID= 1000224841. 
2024.05.22 20:52:01, Добавление строки. Связывание со входящим документом № 17 ЭД "Сведения о поступивших от юридических лиц платежах" № 14 ID= 1000224841. 
2024.05.22 20:52:12, Добавление строки. Связывание со входящим документом № 17 ЭД "Сведения о поступивших от юридических лиц платежах" № 14 ID= 1000224841. 
2024.05.22 20:52:23, Добавление строки. Связывание со входящим документом № 17 ЭД "Сведения о поступивших от юридических лиц платежах" № 14 ID= 1000224841. 
2024.05.22 20:52:34, Добавление строки. Связывание со входящим документом № 17 ЭД "Сведения о поступивших от юридических лиц платежах" № 14 ID= 1000224841. 
2024.05.22 20:52:45, Добавление строки. Связывание со входящим документом № 17 ЭД "Сведения о поступивших от юридических лиц платежах" № 14 ID= 1000224841. 
2024.05.22 20:52:56, Добавление строки. Связывание со входящим документом № 17 ЭД "Сведения о поступивших от юридических лиц платежах" № 14 ID= 1000224841. 
2024.05.22 20:53:07, Добавление строки. Связывание со входящим документом № 17 ЭД "Сведения о поступивших от юридических лиц платежах" № 14 ID= 1000224841. 
2024.05.22 20:53:18, Добавление строки. Связывание со входящим документом № 17 ЭД "Сведения о поступивших от юридических лиц платежах" № 14 ID= 1000224841. 
2024.05.22 20:53:29, Добавление строки. Связывание со входящим документом № 17 ЭД "Сведения о поступивших от юридических лиц платежах" № 14 ID= 1000224841. 
2024.05.22 20:53:40, Добавление строки. Связывание со входящим документом № 17 ЭД "Сведения о поступивших от юридических лиц платежах" № 14 ID= 1000224841. 
2024.05.22 20:53:51, Добавление строки. Связывание со входящим документом № 17 ЭД "Сведения о поступивших от юридических лиц платежах" № 14 ID= 1000224841. 
2024.05.22 20:54:02, Добавление строки. Связывание со входящим документом № 17 ЭД "Сведения о поступивших от юридических лиц платежах" № 14 ID= 1000224841. 
2024.05.22 20:54:14, Добавление строки. Связывание со входящим документом № 17 ЭД "Сведения о поступивших от юридических лиц платежах" № 14 ID= 1000224841. 
2024.05.22 20:54:25, Добавление строки. Связывание со входящим документом № 17 ЭД "Сведения о поступивших от юридических лиц платежах" № 14 ID= 1000224841. 
2024.05.22 20:54:36, Добавление строки. Связывание со входящим документом № 17 ЭД "Сведения о поступивших от юридических лиц платежах" № 14 ID= 1000224841. 
2024.05.22 20:54:47, Добавление строки. Связывание со входящим документом № 17 ЭД "Сведения о поступивших от юридических лиц платежах" № 14 ID= 1000224841. 
2024.05.22 20:54:58, Добавление строки. Связывание со входящим документом № 17 ЭД "Сведения о поступивших от юридических лиц платежах" № 14 ID= 1000224841. 
2024.05.22 20:55:09, Добавление строки. Связывание со входящим документом № 17 ЭД "Сведения о поступивших от юридических лиц платежах" № 14 ID= 1000224841. 
2024.05.22 20:55:20, Добавление строки. Связывание со входящим документом № 17 ЭД "Сведения о поступивших от юридических лиц платежах" № 14 ID= 1000224841. 
2024.05.22 20:55:31, Добавление строки. Связывание со входящим документом № 17 ЭД "Сведения о поступивших от юридических лиц платежах" № 14 ID= 1000224841. 
2024.05.22 20:55:42, Добавление строки. Связывание со входящим документом № 17 ЭД "Сведения о поступивших от юридических лиц платежах" № 14 ID= 1000224841. 
2024.05.22 20:55:53, Добавление строки. Связывание со входящим документом № 17 ЭД "Сведения о поступивших от юридических лиц платежах" № 14 ID= 1000224841. 
2024.05.22 20:56:05, Добавление строки. Связывание со входящим документом № 17 ЭД "Сведения о поступивших от юридических лиц платежах" № 14 ID= 1000224841. 
2024.05.22 20:56:16, Добавление строки. Связывание со входящим документом № 17 ЭД "Сведения о поступивших от юридических лиц платежах" № 14 ID= 1000224841. 
2024.05.22 20:56:27, Добавление строки. Связывание со входящим документом № 17 ЭД "Сведения о поступивших от юридических лиц платежах" № 14 ID= 1000224841. 
2024.05.22 20:56:38, Добавление строки. Связывание со входящим документом № 17 ЭД "Сведения о поступивших от юридических лиц платежах" № 14 ID= 1000224841. 
2024.05.22 20:56:49, Добавление строки. Связывание со входящим документом № 17 ЭД "Сведения о поступивших от юридических лиц платежах" № 14 ID= 1000224841. 
2024.05.22 20:57:00, Добавление строки. Связывание со входящим документом № 17 ЭД "Сведения о поступивших от юридических лиц платежах" № 14 ID= 1000224841. 
2024.05.22 20:57:11, Добавление строки. Связывание со входящим документом № 17 ЭД "Сведения о поступивших от юридических лиц платежах" № 14 ID= 1000224841. 
2024.05.22 20:57:22, Добавление строки. Связывание со входящим документом № 17 ЭД "Сведения о поступивших от юридических лиц платежах" № 14 ID= 1000224841. 
2024.05.22 20:57:33, Добавление строки. Связывание со входящим документом № 17 ЭД "Сведения о поступивших от юридических лиц платежах" № 14 ID= 1000224841. 
2024.05.22 20:57:44, Добавление строки. Связывание со входящим документом № 17 ЭД "Сведения о поступивших от юридических лиц платежах" № 14 ID= 1000224841. 
2024.05.22 20:57:55, Добавление строки. Связывание со входящим документом № 17 ЭД "Сведения о поступивших от юридических лиц платежах" № 14 ID= 1000224841. 
2024.05.22 20:58:06, Добавление строки. Связывание со входящим документом № 17 ЭД "Сведения о поступивших от юридических лиц платежах" № 14 ID= 1000224841. 
2024.05.22 20:58:17, Добавление строки. Связывание со входящим документом № 17 ЭД "Сведения о поступивших от юридических лиц платежах" № 14 ID= 1000224841. 
2024.05.22 20:58:29, Добавление строки. Связывание со входящим документом № 17 ЭД "Сведения о поступивших от юридических лиц платежах" № 14 ID= 1000224841. 
2024.05.22 20:58:40, Добавление строки. Связывание со входящим документом № 17 ЭД "Сведения о поступивших от юридических лиц платежах" № 14 ID= 1000224841. 
2024.05.22 20:58:51, Добавление строки. Связывание со входящим документом № 17 ЭД "Сведения о поступивших от юридических лиц платежах" № 14 ID= 1000224841. 
2024.05.22 20:59:02, Добавление строки. Связывание со входящим документом № 17 ЭД "Сведения о поступивших от юридических лиц платежах" № 14 ID= 1000224841. 
2024.05.22 20:59:13, Добавление строки. Связывание со входящим документом № 17 ЭД "Сведения о поступивших от юридических лиц платежах" № 14 ID= 1000224841. 
2024.05.22 20:59:24, Добавление строки. Связывание со входящим документом № 17 ЭД "Сведения о поступивших от юридических лиц платежах" № 14 ID= 1000224841. 
2024.05.22 20:59:35, Добавление строки. Связывание со входящим документом № 17 ЭД "Сведения о поступивших от юридических лиц платежах" № 14 ID= 1000224841. 
2024.05.22 20:59:47, Добавление строки. Связывание со входящим документом № 17 ЭД "Сведения о поступивших от юридических лиц платежах" № 14 ID= 1000224841. 
2024.05.22 20:59:58, Добавление строки. Связывание со входящим документом № 17 ЭД "Сведения о поступивших от юридических лиц платежах" № 14 ID= 1000224841. 
2024.05.22 21:00:09, Добавление строки. Связывание со входящим документом № 17 ЭД "Сведения о поступивших от юридических лиц платежах" № 14 ID= 1000224841. 
2024.05.22 21:00:20, Добавление строки. Связывание со входящим документом № 17 ЭД "Сведения о поступивших от юридических лиц платежах" № 14 ID= 1000224841. 
2024.05.22 21:00:31, Добавление строки. Связывание со входящим документом № 17 ЭД "Сведения о поступивших от юридических лиц платежах" № 14 ID= 1000224841. 
2024.05.22 21:00:42, Добавление строки. Связывание со входящим документом № 17 ЭД "Сведения о поступивших от юридических лиц платежах" № 14 ID= 1000224841. 
2024.05.22 21:00:53, Добавление строки. Связывание со входящим документом № 17 ЭД "Сведения о поступивших от юридических лиц платежах" № 14 ID= 1000224841. 
2024.05.22 21:01:05, Добавление строки. Связывание со входящим документом № 17 ЭД "Сведения о поступивших от юридических лиц платежах" № 14 ID= 1000224841. 
2024.05.22 21:01:16, Добавление строки. Связывание со входящим документом № 17 ЭД "Сведения о поступивших от юридических лиц платежах" № 14 ID= 1000224841. 
2024.05.22 21:01:27, Добавление строки. Связывание со входящим документом № 17 ЭД "Сведения о поступивших от юридических лиц платежах" № 14 ID= 1000224841. 
2024.05.22 21:01:38, Добавление строки. Связывание со входящим документом № 17 ЭД "Сведения о поступивших от юридических лиц платежах" № 14 ID= 1000224841. 
2024.05.22 21:01:49, Добавление строки. Связывание со входящим документом № 17 ЭД "Сведения о поступивших от юридических лиц платежах" № 14 ID= 1000224841. 
2024.05.22 21:02:00, Добавление строки. Связывание со входящим документом № 17 ЭД "Сведения о поступивших от юридических лиц платежах" № 14 ID= 1000224841. 
2024.05.22 21:02:12, Добавление строки. Связывание со входящим документом № 17 ЭД "Сведения о поступивших от юридических лиц платежах" № 14 ID= 1000224841. 
2024.05.22 21:02:23, Добавление строки. Связывание со входящим документом № 17 ЭД "Сведения о поступивших от юридических лиц платежах" № 14 ID= 1000224841. 
2024.05.22 21:02:34, Добавление строки. Связывание со входящим документом № 17 ЭД "Сведения о поступивших от юридических лиц платежах" № 14 ID= 1000224841. 
2024.05.22 21:02:45, Добавление строки. Связывание со входящим документом № 17 ЭД "Сведения о поступивших от юридических лиц платежах" № 14 ID= 1000224841. 
2024.05.22 21:02:56, Добавление строки. Связывание со входящим документом № 17 ЭД "Сведения о поступивших от юридических лиц платежах" № 14 ID= 1000224841. 
2024.05.22 21:03:07, Добавление строки. Связывание со входящим документом № 17 ЭД "Сведения о поступивших от юридических лиц платежах" № 14 ID= 1000224841. 
2024.05.22 21:03:19, Добавление строки. Связывание со входящим документом № 17 ЭД "Сведения о поступивших от юридических лиц платежах" № 14 ID= 1000224841. 
2024.05.22 21:03:30, Добавление строки. Связывание со входящим документом № 17 ЭД "Сведения о поступивших от юридических лиц платежах" № 14 ID= 1000224841. 
2024.05.22 21:03:41, Добавление строки. Связывание со входящим документом № 17 ЭД "Сведения о поступивших от юридических лиц платежах" № 14 ID= 1000224841. 
2024.05.22 21:03:52, Добавление строки. Связывание со входящим документом № 17 ЭД "Сведения о поступивших от юридических лиц платежах" № 14 ID= 1000224841. 
2024.05.22 21:04:03, Добавление строки. Связывание со входящим документом № 17 ЭД "Сведения о поступивших от юридических лиц платежах" № 14 ID= 1000224841. 
2024.05.22 21:04:14, Добавление строки. Связывание со входящим документом № 17 ЭД "Сведения о поступивших от юридических лиц платежах" № 14 ID= 1000224841. 
2024.05.22 21:04:26, Добавление строки. Связывание со входящим документом № 17 ЭД "Сведения о поступивших от юридических лиц платежах" № 14 ID= 1000224841. 
2024.05.22 21:04:37, Добавление строки. Связывание со входящим документом № 17 ЭД "Сведения о поступивших от юридических лиц платежах" № 14 ID= 1000224841. 
2024.05.22 21:04:48, Добавление строки. Связывание со входящим документом № 17 ЭД "Сведения о поступивших от юридических лиц платежах" № 14 ID= 1000224841. 
2024.05.22 21:05:00, Добавление строки. Связывание со входящим документом № 17 ЭД "Сведения о поступивших от юридических лиц платежах" № 14 ID= 1000224841. 
2024.05.22 21:05:11, Добавление строки. Связывание со входящим документом № 17 ЭД "Сведения о поступивших от юридических лиц платежах" № 14 ID= 1000224841. 
2024.05.22 21:05:22, Добавление строки. Связывание со входящим документом № 17 ЭД "Сведения о поступивших от юридических лиц платежах" № 14 ID= 1000224841. 
2024.05.22 21:05:34, Добавление строки. Связывание со входящим документом № 17 ЭД "Сведения о поступивших от юридических лиц платежах" № 14 ID= 1000224841. 
2024.05.22 21:05:45, Добавление строки. Связывание со входящим документом № 17 ЭД "Сведения о поступивших от юридических лиц платежах" № 14 ID= 1000224841. 
2024.05.22 21:05:56, Добавление строки. Связывание со входящим документом № 17 ЭД "Сведения о поступивших от юридических лиц платежах" № 14 ID= 1000224841. 
2024.05.22 21:06:07, Добавление строки. Связывание со входящим документом № 17 ЭД "Сведения о поступивших от юридических лиц платежах" № 14 ID= 1000224841. 
2024.05.22 21:06:18, Добавление строки. Связывание со входящим документом № 17 ЭД "Сведения о поступивших от юридических лиц платежах" № 14 ID= 1000224841. 
2024.05.22 21:06:30, Добавление строки. Связывание со входящим документом № 17 ЭД "Сведения о поступивших от юридических лиц платежах" № 14 ID= 1000224841. 
2024.05.22 21:06:41, Добавление строки. Связывание со входящим документом № 17 ЭД "Сведения о поступивших от юридических лиц платежах" № 14 ID= 1000224841. 
2024.05.22 21:06:52, Добавление строки. Связывание со входящим документом № 17 ЭД "Сведения о поступивших от юридических лиц платежах" № 14 ID= 1000224841. 
2024.05.22 21:07:03, Добавление строки. Связывание со входящим документом № 17 ЭД "Сведения о поступивших от юридических лиц платежах" № 14 ID= 1000224841. 
2024.05.22 21:07:14, Добавление строки. Связывание со входящим документом № 17 ЭД "Сведения о поступивших от юридических лиц платежах" № 14 ID= 1000224841. 
2024.05.22 21:07:26, Добавление строки. Связывание со входящим документом № 17 ЭД "Сведения о поступивших от юридических лиц платежах" № 14 ID= 1000224841. 
2024.05.22 21:07:37, Добавление строки. Связывание со входящим документом № 17 ЭД "Сведения о поступивших от юридических лиц платежах" № 14 ID= 1000224841. 
2024.05.22 21:07:48, Добавление строки. Связывание со входящим документом № 17 ЭД "Сведения о поступивших от юридических лиц платежах" № 14 ID= 1000224841. 
2024.05.22 21:07:59, Добавление строки. Связывание со входящим документом № 17 ЭД "Сведения о поступивших от юридических лиц платежах" № 14 ID= 1000224841. 
2024.05.22 21:08:11, Добавление строки. Связывание со входящим документом № 17 ЭД "Сведения о поступивших от юридических лиц платежах" № 14 ID= 1000224841. 
2024.05.22 21:08:22, Добавление строки. Связывание со входящим документом № 17 ЭД "Сведения о поступивших от юридических лиц платежах" № 14 ID= 1000224841. 
2024.05.22 21:08:33, Добавление строки. Связывание со входящим документом № 17 ЭД "Сведения о поступивших от юридических лиц платежах" № 14 ID= 1000224841. 
2024.05.22 21:08:44, Добавление строки. Связывание со входящим документом № 17 ЭД "Сведения о поступивших от юридических лиц платежах" № 14 ID= 1000224841. 
2024.05.22 21:08:56, Добавление строки. Связывание со входящим документом № 17 ЭД "Сведения о поступивших от юридических лиц платежах" № 14 ID= 1000224841. 
2024.05.22 21:09:07, Добавление строки. Связывание со входящим документом № 17 ЭД "Сведения о поступивших от юридических лиц платежах" № 14 ID= 1000224841. 
2024.05.22 21:09:18, Добавление строки. Связывание со входящим документом № 17 ЭД "Сведения о поступивших от юридических лиц платежах" № 14 ID= 1000224841. 
2024.05.22 21:09:29, Добавление строки. Связывание со входящим документом № 17 ЭД "Сведения о поступивших от юридических лиц платежах" № 14 ID= 1000224841. 
2024.05.22 21:09:41, Добавление строки. Связывание со входящим документом № 17 ЭД "Сведения о поступивших от юридических лиц платежах" № 14 ID= 1000224841. 
2024.05.22 21:09:52, Добавление строки. Связывание со входящим документом № 17 ЭД "Сведения о поступивших от юридических лиц платежах" № 14 ID= 1000224841. 
2024.05.22 21:10:03, Добавление строки. Связывание со входящим документом № 17 ЭД "Сведения о поступивших от юридических лиц платежах" № 14 ID= 1000224841. 
2024.05.22 21:10:14, Добавление строки. Связывание со входящим документом № 17 ЭД "Сведения о поступивших от юридических лиц платежах" № 14 ID= 1000224841. 
2024.05.22 21:10:26, Добавление строки. Связывание со входящим документом № 17 ЭД "Сведения о поступивших от юридических лиц платежах" № 14 ID= 1000224841. 
2024.05.22 21:10:37, Добавление строки. Связывание со входящим документом № 17 ЭД "Сведения о поступивших от юридических лиц платежах" № 14 ID= 1000224841. 
2024.05.22 21:10:48, Добавление строки. Связывание со входящим документом № 17 ЭД "Сведения о поступивших от юридических лиц платежах" № 14 ID= 1000224841. 
2024.05.22 21:10:59, Добавление строки. Связывание со входящим документом № 17 ЭД "Сведения о поступивших от юридических лиц платежах" № 14 ID= 1000224841. 
2024.05.22 21:11:11, Добавление строки. Связывание со входящим документом № 17 ЭД "Сведения о поступивших от юридических лиц платежах" № 14 ID= 1000224841. 
2024.05.22 21:11:22, Добавление строки. Связывание со входящим документом № 17 ЭД "Сведения о поступивших от юридических лиц платежах" № 14 ID= 1000224841. 
2024.05.22 21:11:33, Добавление строки. Связывание со входящим документом № 17 ЭД "Сведения о поступивших от юридических лиц платежах" № 14 ID= 1000224841. 
2024.05.22 21:11:44, Добавление строки. Связывание со входящим документом № 17 ЭД "Сведения о поступивших от юридических лиц платежах" № 14 ID= 1000224841. 
2024.05.22 21:11:56, Добавление строки. Связывание со входящим документом № 17 ЭД "Сведения о поступивших от юридических лиц платежах" № 14 ID= 1000224841. 
2024.05.22 21:12:07, Добавление строки. Связывание со входящим документом № 17 ЭД "Сведения о поступивших от юридических лиц платежах" № 14 ID= 1000224841. 
2024.05.22 21:12:18, Добавление строки. Связывание со входящим документом № 17 ЭД "Сведения о поступивших от юридических лиц платежах" № 14 ID= 1000224841. 
2024.05.22 21:12:29, Добавление строки. Связывание со входящим документом № 17 ЭД "Сведения о поступивших от юридических лиц платежах" № 14 ID= 1000224841. 
2024.05.22 21:12:41, Добавление строки. Связывание со входящим документом № 17 ЭД "Сведения о поступивших от юридических лиц платежах" № 14 ID= 1000224841. 
2024.05.22 21:12:52, Добавление строки. Связывание со входящим документом № 17 ЭД "Сведения о поступивших от юридических лиц платежах" № 14 ID= 1000224841. 
2024.05.22 21:13:03, Добавление строки. Связывание со входящим документом № 17 ЭД "Сведения о поступивших от юридических лиц платежах" № 14 ID= 1000224841. 
2024.05.22 21:13:14, Добавление строки. Связывание со входящим документом № 17 ЭД "Сведения о поступивших от юридических лиц платежах" № 14 ID= 1000224841. 
2024.05.22 21:13:26, Добавление строки. Связывание со входящим документом № 17 ЭД "Сведения о поступивших от юридических лиц платежах" № 14 ID= 1000224841. 
2024.05.22 21:13:37, Добавление строки. Связывание со входящим документом № 17 ЭД "Сведения о поступивших от юридических лиц платежах" № 14 ID= 1000224841. 
2024.05.22 21:13:48, Добавление строки. Связывание со входящим документом № 17 ЭД "Сведения о поступивших от юридических лиц платежах" № 14 ID= 1000224841. 
2024.05.22 21:14:00, Добавление строки. Связывание со входящим документом № 17 ЭД "Сведения о поступивших от юридических лиц платежах" № 14 ID= 1000224841. 
2024.05.22 21:14:11, Добавление строки. Связывание со входящим документом № 17 ЭД "Сведения о поступивших от юридических лиц платежах" № 14 ID= 1000224841. 
2024.05.22 21:14:22, Добавление строки. Связывание со входящим документом № 17 ЭД "Сведения о поступивших от юридических лиц платежах" № 14 ID= 1000224841. 
2024.05.22 21:14:33, Добавление строки. Связывание со входящим документом № 17 ЭД "Сведения о поступивших от юридических лиц платежах" № 14 ID= 1000224841. 
2024.05.22 21:14:45, Добавление строки. Связывание со входящим документом № 17 ЭД "Сведения о поступивших от юридических лиц платежах" № 14 ID= 1000224841. 
2024.05.22 21:14:56, Добавление строки. Связывание со входящим документом № 17 ЭД "Сведения о поступивших от юридических лиц платежах" № 14 ID= 1000224841. 
2024.05.22 21:15:07, Добавление строки. Связывание со входящим документом № 17 ЭД "Сведения о поступивших от юридических лиц платежах" № 14 ID= 1000224841. 
2024.05.22 21:15:19, Добавление строки. Связывание со входящим документом № 17 ЭД "Сведения о поступивших от юридических лиц платежах" № 14 ID= 1000224841. 
2024.05.22 21:15:30, Добавление строки. Связывание со входящим документом № 17 ЭД "Сведения о поступивших от юридических лиц платежах" № 14 ID= 1000224841. 
2024.05.22 21:15:41, Добавление строки. Связывание со входящим документом № 17 ЭД "Сведения о поступивших от юридических лиц платежах" № 14 ID= 1000224841. 
2024.05.22 21:15:53, Добавление строки. Связывание со входящим документом № 17 ЭД "Сведения о поступивших от юридических лиц платежах" № 14 ID= 1000224841. 
2024.05.22 21:16:04, Добавление строки. Связывание со входящим документом № 17 ЭД "Сведения о поступивших от юридических лиц платежах" № 14 ID= 1000224841. 
2024.05.22 21:16:15, Добавление строки. Связывание со входящим документом № 17 ЭД "Сведения о поступивших от юридических лиц платежах" № 14 ID= 1000224841. 
2024.05.22 21:16:27, Добавление строки. Связывание со входящим документом № 17 ЭД "Сведения о поступивших от юридических лиц платежах" № 14 ID= 1000224841. 
2024.05.22 21:16:38, Добавление строки. Связывание со входящим документом № 17 ЭД "Сведения о поступивших от юридических лиц платежах" № 14 ID= 1000224841. 
2024.05.22 21:16:49, Добавление строки. Связывание со входящим документом № 17 ЭД "Сведения о поступивших от юридических лиц платежах" № 14 ID= 1000224841. 
2024.05.22 21:17:01, Добавление строки. Связывание со входящим документом № 17 ЭД "Сведения о поступивших от юридических лиц платежах" № 14 ID= 1000224841. 
2024.05.22 21:17:12, Добавление строки. Связывание со входящим документом № 17 ЭД "Сведения о поступивших от юридических лиц платежах" № 14 ID= 1000224841. 
2024.05.22 21:17:23, Добавление строки. Связывание со входящим документом № 17 ЭД "Сведения о поступивших от юридических лиц платежах" № 14 ID= 1000224841. 
2024.05.22 21:17:35, Добавление строки. Связывание со входящим документом № 17 ЭД "Сведения о поступивших от юридических лиц платежах" № 14 ID= 1000224841. 
2024.05.22 21:17:46, Добавление строки. Связывание со входящим документом № 17 ЭД "Сведения о поступивших от юридических лиц платежах" № 14 ID= 1000224841. 
2024.05.22 21:17:57, Добавление строки. Связывание со входящим документом № 17 ЭД "Сведения о поступивших от юридических лиц платежах" № 14 ID= 1000224841. 
2024.05.22 21:18:09, Добавление строки. Связывание со входящим документом № 17 ЭД "Сведения о поступивших от юридических лиц платежах" № 14 ID= 1000224841. 
2024.05.22 21:18:20, Добавление строки. Связывание со входящим документом № 17 ЭД "Сведения о поступивших от юридических лиц платежах" № 14 ID= 1000224841. 
2024.05.22 21:18:32, Добавление строки. Связывание со входящим документом № 17 ЭД "Сведения о поступивших от юридических лиц платежах" № 14 ID= 1000224841. 
2024.05.22 21:18:43, Добавление строки. Связывание со входящим документом № 17 ЭД "Сведения о поступивших от юридических лиц платежах" № 14 ID= 1000224841. 
2024.05.22 21:18:54, Добавление строки. Связывание со входящим документом № 17 ЭД "Сведения о поступивших от юридических лиц платежах" № 14 ID= 1000224841. 
2024.05.22 21:19:06, Добавление строки. Связывание со входящим документом № 17 ЭД "Сведения о поступивших от юридических лиц платежах" № 14 ID= 1000224841. 
2024.05.22 21:19:17, Добавление строки. Связывание со входящим документом № 17 ЭД "Сведения о поступивших от юридических лиц платежах" № 14 ID= 1000224841. 
2024.05.22 21:19:29, Добавление строки. Связывание со входящим документом № 17 ЭД "Сведения о поступивших от юридических лиц платежах" № 14 ID= 1000224841. 
2024.05.22 21:19:40, Добавление строки. Связывание со входящим документом № 17 ЭД "Сведения о поступивших от юридических лиц платежах" № 14 ID= 1000224841. 
2024.05.22 21:19:53, Добавление строки. Связывание со входящим документом № 17 ЭД "Сведения о поступивших от юридических лиц платежах" № 14 ID= 1000224841. 
2024.05.22 21:20:04, Добавление строки. Связывание со входящим документом № 17 ЭД "Сведения о поступивших от юридических лиц платежах" № 14 ID= 1000224841. 
2024.05.22 21:20:16, Добавление строки. Связывание со входящим документом № 17 ЭД "Сведения о поступивших от юридических лиц платежах" № 14 ID= 1000224841. 
2024.05.22 21:20:27, Добавление строки. Связывание со входящим документом № 17 ЭД "Сведения о поступивших от юридических лиц платежах" № 14 ID= 1000224841. 
2024.05.22 21:20:38, Добавление строки. Связывание со входящим документом № 17 ЭД "Сведения о поступивших от юридических лиц платежах" № 14 ID= 1000224841. 
2024.05.22 21:20:50, Добавление строки. Связывание со входящим документом № 17 ЭД "Сведения о поступивших от юридических лиц платежах" № 14 ID= 1000224841. 
2024.05.22 21:21:01, Добавление строки. Связывание со входящим документом № 17 ЭД "Сведения о поступивших от юридических лиц платежах" № 14 ID= 1000224841. 
2024.05.22 21:21:13, Добавление строки. Связывание со входящим документом № 17 ЭД "Сведения о поступивших от юридических лиц платежах" № 14 ID= 1000224841. 
2024.05.22 21:21:24, Добавление строки. Связывание со входящим документом № 17 ЭД "Сведения о поступивших от юридических лиц платежах" № 14 ID= 1000224841. 
2024.05.22 21:21:35, Добавление строки. Связывание со входящим документом № 17 ЭД "Сведения о поступивших от юридических лиц платежах" № 14 ID= 1000224841. 
2024.05.22 21:21:47, Добавление строки. Связывание со входящим документом № 17 ЭД "Сведения о поступивших от юридических лиц платежах" № 14 ID= 1000224841. 
2024.05.22 21:21:58, Добавление строки. Связывание со входящим документом № 17 ЭД "Сведения о поступивших от юридических лиц платежах" № 14 ID= 1000224841. 
2024.05.22 21:22:10, Добавление строки. Связывание со входящим документом № 17 ЭД "Сведения о поступивших от юридических лиц платежах" № 14 ID= 1000224841. 
2024.05.22 21:22:21, Добавление строки. Связывание со входящим документом № 17 ЭД "Сведения о поступивших от юридических лиц платежах" № 14 ID= 1000224841. 
2024.05.22 21:22:32, Добавление строки. Связывание со входящим документом № 17 ЭД "Сведения о поступивших от юридических лиц платежах" № 14 ID= 1000224841. 
2024.05.22 21:22:44, Добавление строки. Связывание со входящим документом № 17 ЭД "Сведения о поступивших от юридических лиц платежах" № 14 ID= 1000224841. 
2024.05.22 21:22:55, Добавление строки. Связывание со входящим документом № 17 ЭД "Сведения о поступивших от юридических лиц платежах" № 14 ID= 1000224841. 
2024.05.22 21:23:07, Добавление строки. Связывание со входящим документом № 17 ЭД "Сведения о поступивших от юридических лиц платежах" № 14 ID= 1000224841. 
2024.05.22 21:23:18, Добавление строки. Связывание со входящим документом № 17 ЭД "Сведения о поступивших от юридических лиц платежах" № 14 ID= 1000224841. 
2024.05.22 21:23:30, Добавление строки. Связывание со входящим документом № 17 ЭД "Сведения о поступивших от юридических лиц платежах" № 14 ID= 1000224841. 
2024.05.22 21:23:41, Добавление строки. Связывание со входящим документом № 17 ЭД "Сведения о поступивших от юридических лиц платежах" № 14 ID= 1000224841. 
2024.05.22 21:23:53, Добавление строки. Связывание со входящим документом № 17 ЭД "Сведения о поступивших от юридических лиц платежах" № 14 ID= 1000224841. 
2024.05.22 21:24:04, Добавление строки. Связывание со входящим документом № 17 ЭД "Сведения о поступивших от юридических лиц платежах" № 14 ID= 1000224841. 
2024.05.22 21:24:16, Добавление строки. Связывание со входящим документом № 17 ЭД "Сведения о поступивших от юридических лиц платежах" № 14 ID= 1000224841. 
2024.05.22 21:24:27, Добавление строки. Связывание со входящим документом № 17 ЭД "Сведения о поступивших от юридических лиц платежах" № 14 ID= 1000224841. 
2024.05.22 21:24:38, Добавление строки. Связывание со входящим документом № 17 ЭД "Сведения о поступивших от юридических лиц платежах" № 14 ID= 1000224841. 
2024.05.22 21:24:50, Добавление строки. Связывание со входящим документом № 17 ЭД "Сведения о поступивших от юридических лиц платежах" № 14 ID= 1000224841. 
2024.05.22 21:25:01, Добавление строки. Связывание со входящим документом № 17 ЭД "Сведения о поступивших от юридических лиц платежах" № 14 ID= 1000224841. 
2024.05.22 21:25:13, Добавление строки. Связывание со входящим документом № 17 ЭД "Сведения о поступивших от юридических лиц платежах" № 14 ID= 1000224841. 
2024.05.22 21:25:24, Добавление строки. Связывание со входящим документом № 17 ЭД "Сведения о поступивших от юридических лиц платежах" № 14 ID= 1000224841. 
2024.05.22 21:25:36, Добавление строки. Связывание со входящим документом № 17 ЭД "Сведения о поступивших от юридических лиц платежах" № 14 ID= 1000224841. 
2024.05.22 21:25:47, Добавление строки. Связывание со входящим документом № 17 ЭД "Сведения о поступивших от юридических лиц платежах" № 14 ID= 1000224841. 
2024.05.22 21:25:59, Добавление строки. Связывание со входящим документом № 17 ЭД "Сведения о поступивших от юридических лиц платежах" № 14 ID= 1000224841. 
2024.05.22 21:26:10, Добавление строки. Связывание со входящим документом № 17 ЭД "Сведения о поступивших от юридических лиц платежах" № 14 ID= 1000224841. 
2024.05.22 21:26:22, Добавление строки. Связывание со входящим документом № 17 ЭД "Сведения о поступивших от юридических лиц платежах" № 14 ID= 1000224841. 
2024.05.22 21:26:33, Добавление строки. Связывание со входящим документом № 17 ЭД "Сведения о поступивших от юридических лиц платежах" № 14 ID= 1000224841. 
2024.05.22 21:26:44, Добавление строки. Связывание со входящим документом № 17 ЭД "Сведения о поступивших от юридических лиц платежах" № 14 ID= 1000224841. 
2024.05.22 21:26:56, Добавление строки. Связывание со входящим документом № 17 ЭД "Сведения о поступивших от юридических лиц платежах" № 14 ID= 1000224841. 
2024.05.22 21:27:07, Добавление строки. Связывание со входящим документом № 17 ЭД "Сведения о поступивших от юридических лиц платежах" № 14 ID= 1000224841. 
2024.05.22 21:27:19, Добавление строки. Связывание со входящим документом № 17 ЭД "Сведения о поступивших от юридических лиц платежах" № 14 ID= 1000224841. 
2024.05.22 21:27:30, Добавление строки. Связывание со входящим документом № 17 ЭД "Сведения о поступивших от юридических лиц платежах" № 14 ID= 1000224841. 
2024.05.22 21:27:42, Добавление строки. Связывание со входящим документом № 17 ЭД "Сведения о поступивших от юридических лиц платежах" № 14 ID= 1000224841. 
2024.05.22 21:27:53, Добавление строки. Связывание со входящим документом № 17 ЭД "Сведения о поступивших от юридических лиц платежах" № 14 ID= 1000224841. 
2024.05.22 21:28:05, Добавление строки. Связывание со входящим документом № 17 ЭД "Сведения о поступивших от юридических лиц платежах" № 14 ID= 1000224841. 
2024.05.22 21:28:16, Добавление строки. Связывание со входящим документом № 17 ЭД "Сведения о поступивших от юридических лиц платежах" № 14 ID= 1000224841. 
2024.05.22 21:28:28, Добавление строки. Связывание со входящим документом № 17 ЭД "Сведения о поступивших от юридических лиц платежах" № 14 ID= 1000224841. 
2024.05.22 21:28:39, Добавление строки. Связывание со входящим документом № 17 ЭД "Сведения о поступивших от юридических лиц платежах" № 14 ID= 1000224841. 
2024.05.22 21:28:51, Добавление строки. Связывание со входящим документом № 17 ЭД "Сведения о поступивших от юридических лиц платежах" № 14 ID= 1000224841. 
2024.05.22 21:29:02, Добавление строки. Связывание со входящим документом № 17 ЭД "Сведения о поступивших от юридических лиц платежах" № 14 ID= 1000224841. 
2024.05.22 21:29:14, Добавление строки. Связывание со входящим документом № 17 ЭД "Сведения о поступивших от юридических лиц платежах" № 14 ID= 1000224841. 
2024.05.22 21:29:25, Добавление строки. Связывание со входящим документом № 17 ЭД "Сведения о поступивших от юридических лиц платежах" № 14 ID= 1000224841. 
2024.05.22 21:29:37, Добавление строки. Связывание со входящим документом № 17 ЭД "Сведения о поступивших от юридических лиц платежах" № 14 ID= 1000224841. 
2024.05.22 21:29:48, Добавление строки. Связывание со входящим документом № 17 ЭД "Сведения о поступивших от юридических лиц платежах" № 14 ID= 1000224841. 
2024.05.22 21:30:00, Добавление строки. Связывание со входящим документом № 17 ЭД "Сведения о поступивших от юридических лиц платежах" № 14 ID= 1000224841. 
2024.05.22 21:30:11, Добавление строки. Связывание со входящим документом № 17 ЭД "Сведения о поступивших от юридических лиц платежах" № 14 ID= 1000224841. 
2024.05.22 21:30:23, Добавление строки. Связывание со входящим документом № 17 ЭД "Сведения о поступивших от юридических лиц платежах" № 14 ID= 1000224841. 
2024.05.22 21:30:34, Добавление строки. Связывание со входящим документом № 17 ЭД "Сведения о поступивших от юридических лиц платежах" № 14 ID= 1000224841. 
2024.05.22 21:30:46, Добавление строки. Связывание со входящим документом № 17 ЭД "Сведения о поступивших от юридических лиц платежах" № 14 ID= 1000224841. 
2024.05.22 21:30:57, Добавление строки. Связывание со входящим документом № 17 ЭД "Сведения о поступивших от юридических лиц платежах" № 14 ID= 1000224841. 
2024.05.22 21:31:10, Добавление строки. Связывание со входящим документом № 17 ЭД "Сведения о поступивших от юридических лиц платежах" № 14 ID= 1000224841. 
2024.05.22 21:31:21, Добавление строки. Связывание со входящим документом № 17 ЭД "Сведения о поступивших от юридических лиц платежах" № 14 ID= 1000224841. 
2024.05.22 21:31:33, Добавление строки. Связывание со входящим документом № 17 ЭД "Сведения о поступивших от юридических лиц платежах" № 14 ID= 1000224841. 
2024.05.22 21:31:44, Добавление строки. Связывание со входящим документом № 17 ЭД "Сведения о поступивших от юридических лиц платежах" № 14 ID= 1000224841. 
2024.05.22 21:31:56, Добавление строки. Связывание со входящим документом № 17 ЭД "Сведения о поступивших от юридических лиц платежах" № 14 ID= 1000224841. 
2024.05.22 21:32:07, Добавление строки. Связывание со входящим документом № 17 ЭД "Сведения о поступивших от юридических лиц платежах" № 14 ID= 1000224841. 
2024.05.22 21:32:19, Добавление строки. Связывание со входящим документом № 17 ЭД "Сведения о поступивших от юридических лиц платежах" № 14 ID= 1000224841. 
2024.05.22 21:32:30, Добавление строки. Связывание со входящим документом № 17 ЭД "Сведения о поступивших от юридических лиц платежах" № 14 ID= 1000224841. 
2024.05.22 21:32:42, Добавление строки. Связывание со входящим документом № 17 ЭД "Сведения о поступивших от юридических лиц платежах" № 14 ID= 1000224841. 
2024.05.22 21:32:53, Добавление строки. Связывание со входящим документом № 17 ЭД "Сведения о поступивших от юридических лиц платежах" № 14 ID= 1000224841. 
2024.05.22 21:33:05, Добавление строки. Связывание со входящим документом № 17 ЭД "Сведения о поступивших от юридических лиц платежах" № 14 ID= 1000224841. 
2024.05.22 21:33:16, Добавление строки. Связывание со входящим документом № 17 ЭД "Сведения о поступивших от юридических лиц платежах" № 14 ID= 1000224841. 
2024.05.22 21:33:28, Добавление строки. Связывание со входящим документом № 17 ЭД "Сведения о поступивших от юридических лиц платежах" № 14 ID= 1000224841. 
2024.05.22 21:33:40, Добавление строки. Связывание со входящим документом № 17 ЭД "Сведения о поступивших от юридических лиц платежах" № 14 ID= 1000224841. 
2024.05.22 21:33:51, Добавление строки. Связывание со входящим документом № 17 ЭД "Сведения о поступивших от юридических лиц платежах" № 14 ID= 1000224841. 
2024.05.22 21:34:03, Добавление строки. Связывание со входящим документом № 17 ЭД "Сведения о поступивших от юридических лиц платежах" № 14 ID= 1000224841. 
2024.05.22 21:34:14, Добавление строки. Связывание со входящим документом № 17 ЭД "Сведения о поступивших от юридических лиц платежах" № 14 ID= 1000224841. 
2024.05.22 21:34:26, Добавление строки. Связывание со входящим документом № 17 ЭД "Сведения о поступивших от юридических лиц платежах" № 14 ID= 1000224841. 
2024.05.22 21:34:37, Добавление строки. Связывание со входящим документом № 17 ЭД "Сведения о поступивших от юридических лиц платежах" № 14 ID= 1000224841. 
2024.05.22 21:34:49, Добавление строки. Связывание со входящим документом № 17 ЭД "Сведения о поступивших от юридических лиц платежах" № 14 ID= 1000224841. 
2024.05.22 21:35:00, Добавление строки. Связывание со входящим документом № 17 ЭД "Сведения о поступивших от юридических лиц платежах" № 14 ID= 1000224841. 
2024.05.22 21:35:12, Добавление строки. Связывание со входящим документом № 17 ЭД "Сведения о поступивших от юридических лиц платежах" № 14 ID= 1000224841. 
2024.05.22 21:35:24, Добавление строки. Связывание со входящим документом № 17 ЭД "Сведения о поступивших от юридических лиц платежах" № 14 ID= 1000224841. 
2024.05.22 21:35:35, Добавление строки. Связывание со входящим документом № 17 ЭД "Сведения о поступивших от юридических лиц платежах" № 14 ID= 1000224841. 
2024.05.22 21:35:47, Добавление строки. Связывание со входящим документом № 17 ЭД "Сведения о поступивших от юридических лиц платежах" № 14 ID= 1000224841. 
2024.05.22 21:35:58, Добавление строки. Связывание со входящим документом № 17 ЭД "Сведения о поступивших от юридических лиц платежах" № 14 ID= 1000224841. 
2024.05.22 21:36:10, Добавление строки. Связывание со входящим документом № 17 ЭД "Сведения о поступивших от юридических лиц платежах" № 14 ID= 1000224841. 
2024.05.22 21:36:22, Добавление строки. Связывание со входящим документом № 17 ЭД "Сведения о поступивших от юридических лиц платежах" № 14 ID= 1000224841. 
2024.05.22 21:36:33, Добавление строки. Связывание со входящим документом № 17 ЭД "Сведения о поступивших от юридических лиц платежах" № 14 ID= 1000224841. 
2024.05.22 21:36:45, Добавление строки. Связывание со входящим документом № 17 ЭД "Сведения о поступивших от юридических лиц платежах" № 14 ID= 1000224841. 
2024.05.22 21:36:56, Добавление строки. Связывание со входящим документом № 17 ЭД "Сведения о поступивших от юридических лиц платежах" № 14 ID= 1000224841. 
2024.05.22 21:37:08, Добавление строки. Связывание со входящим документом № 17 ЭД "Сведения о поступивших от юридических лиц платежах" № 14 ID= 1000224841. 
2024.05.22 21:37:19, Добавление строки. Связывание со входящим документом № 17 ЭД "Сведения о поступивших от юридических лиц платежах" № 14 ID= 1000224841. 
2024.05.22 21:37:31, Добавление строки. Связывание со входящим документом № 17 ЭД "Сведения о поступивших от юридических лиц платежах" № 14 ID= 1000224841. 
2024.05.22 21:37:43, Добавление строки. Связывание со входящим документом № 17 ЭД "Сведения о поступивших от юридических лиц платежах" № 14 ID= 1000224841. 
2024.05.22 21:37:54, Добавление строки. Связывание со входящим документом № 17 ЭД "Сведения о поступивших от юридических лиц платежах" № 14 ID= 1000224841. 
2024.05.22 21:38:06, Добавление строки. Связывание со входящим документом № 17 ЭД "Сведения о поступивших от юридических лиц платежах" № 14 ID= 1000224841. 
2024.05.22 21:38:17, Добавление строки. Связывание со входящим документом № 17 ЭД "Сведения о поступивших от юридических лиц платежах" № 14 ID= 1000224841. 
2024.05.22 21:38:29, Добавление строки. Связывание со входящим документом № 17 ЭД "Сведения о поступивших от юридических лиц платежах" № 14 ID= 1000224841. 
2024.05.22 21:38:41, Добавление строки. Связывание со входящим документом № 17 ЭД "Сведения о поступивших от юридических лиц платежах" № 14 ID= 1000224841. 
2024.05.22 21:38:52, Добавление строки. Связывание со входящим документом № 17 ЭД "Сведения о поступивших от юридических лиц платежах" № 14 ID= 1000224841. 
2024.05.22 21:39:04, Добавление строки. Связывание со входящим документом № 17 ЭД "Сведения о поступивших от юридических лиц платежах" № 14 ID= 1000224841. 
2024.05.22 21:39:16, Добавление строки. Связывание со входящим документом № 17 ЭД "Сведения о поступивших от юридических лиц платежах" № 14 ID= 1000224841. 
2024.05.22 21:39:27, Добавление строки. Связывание со входящим документом № 17 ЭД "Сведения о поступивших от юридических лиц платежах" № 14 ID= 1000224841. 
2024.05.22 21:39:39, Добавление строки. Связывание со входящим документом № 17 ЭД "Сведения о поступивших от юридических лиц платежах" № 14 ID= 1000224841. 
2024.05.22 21:39:50, Добавление строки. Связывание со входящим документом № 17 ЭД "Сведения о поступивших от юридических лиц платежах" № 14 ID= 1000224841. 
2024.05.22 21:40:02, Добавление строки. Связывание со входящим документом № 17 ЭД "Сведения о поступивших от юридических лиц платежах" № 14 ID= 1000224841. 
2024.05.22 21:40:14, Добавление строки. Связывание со входящим документом № 17 ЭД "Сведения о поступивших от юридических лиц платежах" № 14 ID= 1000224841. 
2024.05.22 21:40:25, Добавление строки. Связывание со входящим документом № 17 ЭД "Сведения о поступивших от юридических лиц платежах" № 14 ID= 1000224841. 
2024.05.22 21:40:37, Добавление строки. Связывание со входящим документом № 17 ЭД "Сведения о поступивших от юридических лиц платежах" № 14 ID= 1000224841. 
2024.05.22 21:40:48, Добавление строки. Связывание со входящим документом № 17 ЭД "Сведения о поступивших от юридических лиц платежах" № 14 ID= 1000224841. 
2024.05.22 21:41:00, Добавление строки. Связывание со входящим документом № 17 ЭД "Сведения о поступивших от юридических лиц платежах" № 14 ID= 1000224841. 
2024.05.22 21:41:12, Добавление строки. Связывание со входящим документом № 17 ЭД "Сведения о поступивших от юридических лиц платежах" № 14 ID= 1000224841. 
2024.05.22 21:41:23, Добавление строки. Связывание со входящим документом № 17 ЭД "Сведения о поступивших от юридических лиц платежах" № 14 ID= 1000224841. 
2024.05.22 21:41:35, Добавление строки. Связывание со входящим документом № 17 ЭД "Сведения о поступивших от юридических лиц платежах" № 14 ID= 1000224841. 
2024.05.22 21:41:46, Добавление строки. Связывание со входящим документом № 17 ЭД "Сведения о поступивших от юридических лиц платежах" № 14 ID= 1000224841. 
2024.05.22 21:41:58, Добавление строки. Связывание со входящим документом № 17 ЭД "Сведения о поступивших от юридических лиц платежах" № 14 ID= 1000224841. 
2024.05.22 21:42:10, Добавление строки. Связывание со входящим документом № 17 ЭД "Сведения о поступивших от юридических лиц платежах" № 14 ID= 1000224841. 
2024.05.22 21:42:21, Добавление строки. Связывание со входящим документом № 17 ЭД "Сведения о поступивших от юридических лиц платежах" № 14 ID= 1000224841. 
2024.05.22 21:42:33, Добавление строки. Связывание со входящим документом № 17 ЭД "Сведения о поступивших от юридических лиц платежах" № 14 ID= 1000224841. 
2024.05.22 21:42:45, Добавление строки. Связывание со входящим документом № 17 ЭД "Сведения о поступивших от юридических лиц платежах" № 14 ID= 1000224841. 
2024.05.22 21:42:56, Добавление строки. Связывание со входящим документом № 17 ЭД "Сведения о поступивших от юридических лиц платежах" № 14 ID= 1000224841. 
2024.05.22 21:43:08, Добавление строки. Связывание со входящим документом № 17 ЭД "Сведения о поступивших от юридических лиц платежах" № 14 ID= 1000224841. 
2024.05.22 21:43:20, Добавление строки. Связывание со входящим документом № 17 ЭД "Сведения о поступивших от юридических лиц платежах" № 14 ID= 1000224841. 
2024.05.22 21:43:31, Добавление строки. Связывание со входящим документом № 17 ЭД "Сведения о поступивших от юридических лиц платежах" № 14 ID= 1000224841. 
2024.05.22 21:43:43, Добавление строки. Связывание со входящим документом № 17 ЭД "Сведения о поступивших от юридических лиц платежах" № 14 ID= 1000224841. 
2024.05.22 21:43:55, Добавление строки. Связывание со входящим документом № 17 ЭД "Сведения о поступивших от юридических лиц платежах" № 14 ID= 1000224841. 
2024.05.22 21:44:06, Добавление строки. Связывание со входящим документом № 17 ЭД "Сведения о поступивших от юридических лиц платежах" № 14 ID= 1000224841. 
2024.05.22 21:44:18, Добавление строки. Связывание со входящим документом № 17 ЭД "Сведения о поступивших от юридических лиц платежах" № 14 ID= 1000224841. 
2024.05.22 21:44:30, Добавление строки. Связывание со входящим документом № 17 ЭД "Сведения о поступивших от юридических лиц платежах" № 14 ID= 1000224841. 
2024.05.22 21:44:41, Добавление строки. Связывание со входящим документом № 17 ЭД "Сведения о поступивших от юридических лиц платежах" № 14 ID= 1000224841. 
2024.05.22 21:44:53, Добавление строки. Связывание со входящим документом № 17 ЭД "Сведения о поступивших от юридических лиц платежах" № 14 ID= 1000224841. 
2024.05.22 21:45:05, Добавление строки. Связывание со входящим документом № 17 ЭД "Сведения о поступивших от юридических лиц платежах" № 14 ID= 1000224841. 
2024.05.22 21:45:16, Добавление строки. Связывание со входящим документом № 17 ЭД "Сведения о поступивших от юридических лиц платежах" № 14 ID= 1000224841. 
2024.05.22 21:45:28, Добавление строки. Связывание со входящим документом № 17 ЭД "Сведения о поступивших от юридических лиц платежах" № 14 ID= 1000224841. 
2024.05.22 21:45:40, Добавление строки. Связывание со входящим документом № 17 ЭД "Сведения о поступивших от юридических лиц платежах" № 14 ID= 1000224841. 
2024.05.22 21:45:51, Добавление строки. Связывание со входящим документом № 17 ЭД "Сведения о поступивших от юридических лиц платежах" № 14 ID= 1000224841. 
2024.05.22 21:46:03, Добавление строки. Связывание со входящим документом № 17 ЭД "Сведения о поступивших от юридических лиц платежах" № 14 ID= 1000224841. 
2024.05.22 21:46:15, Добавление строки. Связывание со входящим документом № 17 ЭД "Сведения о поступивших от юридических лиц платежах" № 14 ID= 1000224841. 
2024.05.22 21:46:26, Добавление строки. Связывание со входящим документом № 17 ЭД "Сведения о поступивших от юридических лиц платежах" № 14 ID= 1000224841. 
2024.05.22 21:46:38, Добавление строки. Связывание со входящим документом № 17 ЭД "Сведения о поступивших от юридических лиц платежах" № 14 ID= 1000224841. 
2024.05.22 21:46:50, Добавление строки. Связывание со входящим документом № 17 ЭД "Сведения о поступивших от юридических лиц платежах" № 14 ID= 1000224841. 
2024.05.22 21:47:01, Добавление строки. Связывание со входящим документом № 17 ЭД "Сведения о поступивших от юридических лиц платежах" № 14 ID= 1000224841. 
2024.05.22 21:47:13, Добавление строки. Связывание со входящим документом № 17 ЭД "Сведения о поступивших от юридических лиц платежах" № 14 ID= 1000224841. 
2024.05.22 21:47:25, Добавление строки. Связывание со входящим документом № 17 ЭД "Сведения о поступивших от юридических лиц платежах" № 14 ID= 1000224841. 
2024.05.22 21:47:36, Добавление строки. Связывание со входящим документом № 17 ЭД "Сведения о поступивших от юридических лиц платежах" № 14 ID= 1000224841. 
2024.05.22 21:47:48, Добавление строки. Связывание со входящим документом № 17 ЭД "Сведения о поступивших от юридических лиц платежах" № 14 ID= 1000224841. 
2024.05.22 21:48:00, Добавление строки. Связывание со входящим документом № 17 ЭД "Сведения о поступивших от юридических лиц платежах" № 14 ID= 1000224841. 
2024.05.22 21:48:12, Добавление строки. Связывание со входящим документом № 17 ЭД "Сведения о поступивших от юридических лиц платежах" № 14 ID= 1000224841. 
2024.05.22 21:48:23, Добавление строки. Связывание со входящим документом № 17 ЭД "Сведения о поступивших от юридических лиц платежах" № 14 ID= 1000224841. 
2024.05.22 21:48:35, Добавление строки. Связывание со входящим документом № 17 ЭД "Сведения о поступивших от юридических лиц платежах" № 14 ID= 1000224841. 
2024.05.22 21:48:47, Добавление строки. Связывание со входящим документом № 17 ЭД "Сведения о поступивших от юридических лиц платежах" № 14 ID= 1000224841. 
2024.05.22 21:48:58, Добавление строки. Связывание со входящим документом № 17 ЭД "Сведения о поступивших от юридических лиц платежах" № 14 ID= 1000224841. 
2024.05.22 21:49:10, Добавление строки. Связывание со входящим документом № 17 ЭД "Сведения о поступивших от юридических лиц платежах" № 14 ID= 1000224841. 
2024.05.22 21:49:22, Добавление строки. Связывание со входящим документом № 17 ЭД "Сведения о поступивших от юридических лиц платежах" № 14 ID= 1000224841. 
2024.05.22 21:49:33, Добавление строки. Связывание со входящим документом № 17 ЭД "Сведения о поступивших от юридических лиц платежах" № 14 ID= 1000224841. 
2024.05.22 21:49:45, Добавление строки. Связывание со входящим документом № 17 ЭД "Сведения о поступивших от юридических лиц платежах" № 14 ID= 1000224841. 
2024.05.22 21:49:57, Добавление строки. Связывание со входящим документом № 17 ЭД "Сведения о поступивших от юридических лиц платежах" № 14 ID= 1000224841. 
2024.05.22 21:50:09, Добавление строки. Связывание со входящим документом № 17 ЭД "Сведения о поступивших от юридических лиц платежах" № 14 ID= 1000224841. 
2024.05.22 21:50:20, Добавление строки. Связывание со входящим документом № 17 ЭД "Сведения о поступивших от юридических лиц платежах" № 14 ID= 1000224841. 
2024.05.22 21:50:32, Добавление строки. Связывание со входящим документом № 17 ЭД "Сведения о поступивших от юридических лиц платежах" № 14 ID= 1000224841. 
2024.05.22 21:50:44, Добавление строки. Связывание со входящим документом № 17 ЭД "Сведения о поступивших от юридических лиц платежах" № 14 ID= 1000224841. 
2024.05.22 21:50:56, Добавление строки. Связывание со входящим документом № 17 ЭД "Сведения о поступивших от юридических лиц платежах" № 14 ID= 1000224841. 
2024.05.22 21:51:07, Добавление строки. Связывание со входящим документом № 17 ЭД "Сведения о поступивших от юридических лиц платежах" № 14 ID= 1000224841. 
2024.05.22 21:51:19, Добавление строки. Связывание со входящим документом № 17 ЭД "Сведения о поступивших от юридических лиц платежах" № 14 ID= 1000224841. 
2024.05.22 21:51:31, Добавление строки. Связывание со входящим документом № 17 ЭД "Сведения о поступивших от юридических лиц платежах" № 14 ID= 1000224841. 
2024.05.22 21:51:42, Добавление строки. Связывание со входящим документом № 17 ЭД "Сведения о поступивших от юридических лиц платежах" № 14 ID= 1000224841. 
2024.05.22 21:51:54, Добавление строки. Связывание со входящим документом № 17 ЭД "Сведения о поступивших от юридических лиц платежах" № 14 ID= 1000224841. 
2024.05.22 21:52:06, Добавление строки. Связывание со входящим документом № 17 ЭД "Сведения о поступивших от юридических лиц платежах" № 14 ID= 1000224841. 
2024.05.22 21:52:18, Добавление строки. Связывание со входящим документом № 17 ЭД "Сведения о поступивших от юридических лиц платежах" № 14 ID= 1000224841. 
2024.05.22 21:52:29, Добавление строки. Связывание со входящим документом № 17 ЭД "Сведения о поступивших от юридических лиц платежах" № 14 ID= 1000224841. 
2024.05.22 21:52:41, Добавление строки. Связывание со входящим документом № 17 ЭД "Сведения о поступивших от юридических лиц платежах" № 14 ID= 1000224841. 
2024.05.22 21:52:53, Добавление строки. Связывание со входящим документом № 17 ЭД "Сведения о поступивших от юридических лиц платежах" № 14 ID= 1000224841. 
2024.05.22 21:53:05, Добавление строки. Связывание со входящим документом № 17 ЭД "Сведения о поступивших от юридических лиц платежах" № 14 ID= 1000224841. 
2024.05.22 21:53:16, Добавление строки. Связывание со входящим документом № 17 ЭД "Сведения о поступивших от юридических лиц платежах" № 14 ID= 1000224841. 
2024.05.22 21:53:28, Добавление строки. Связывание со входящим документом № 17 ЭД "Сведения о поступивших от юридических лиц платежах" № 14 ID= 1000224841. 
2024.05.22 21:53:40, Добавление строки. Связывание со входящим документом № 17 ЭД "Сведения о поступивших от юридических лиц платежах" № 14 ID= 1000224841. 
2024.05.22 21:53:52, Добавление строки. Связывание со входящим документом № 17 ЭД "Сведения о поступивших от юридических лиц платежах" № 14 ID= 1000224841. 
2024.05.22 21:54:03, Добавление строки. Связывание со входящим документом № 17 ЭД "Сведения о поступивших от юридических лиц платежах" № 14 ID= 1000224841. 
2024.05.22 21:54:15, Добавление строки. Связывание со входящим документом № 17 ЭД "Сведения о поступивших от юридических лиц платежах" № 14 ID= 1000224841. 
2024.05.22 21:54:27, Добавление строки. Связывание со входящим документом № 17 ЭД "Сведения о поступивших от юридических лиц платежах" № 14 ID= 1000224841. 
2024.05.22 21:54:39, Добавление строки. Связывание со входящим документом № 17 ЭД "Сведения о поступивших от юридических лиц платежах" № 14 ID= 1000224841. 
2024.05.22 21:54:50, Добавление строки. Связывание со входящим документом № 17 ЭД "Сведения о поступивших от юридических лиц платежах" № 14 ID= 1000224841. 
2024.05.22 21:55:02, Добавление строки. Связывание со входящим документом № 17 ЭД "Сведения о поступивших от юридических лиц платежах" № 14 ID= 1000224841. 
2024.05.22 21:55:14, Добавление строки. Связывание со входящим документом № 17 ЭД "Сведения о поступивших от юридических лиц платежах" № 14 ID= 1000224841. 
2024.05.22 21:55:26, Добавление строки. Связывание со входящим документом № 17 ЭД "Сведения о поступивших от юридических лиц платежах" № 14 ID= 1000224841. 
2024.05.22 21:55:37, Добавление строки. Связывание со входящим документом № 17 ЭД "Сведения о поступивших от юридических лиц платежах" № 14 ID= 1000224841. 
2024.05.22 21:55:49, Добавление строки. Связывание со входящим документом № 17 ЭД "Сведения о поступивших от юридических лиц платежах" № 14 ID= 1000224841. 
2024.05.22 21:56:01, Добавление строки. Связывание со входящим документом № 17 ЭД "Сведения о поступивших от юридических лиц платежах" № 14 ID= 1000224841. 
2024.05.22 21:56:13, Добавление строки. Связывание со входящим документом № 17 ЭД "Сведения о поступивших от юридических лиц платежах" № 14 ID= 1000224841. 
2024.05.22 21:56:25, Добавление строки. Связывание со входящим документом № 17 ЭД "Сведения о поступивших от юридических лиц платежах" № 14 ID= 1000224841. 
2024.05.22 21:56:36, Добавление строки. Связывание со входящим документом № 17 ЭД "Сведения о поступивших от юридических лиц платежах" № 14 ID= 1000224841. 
2024.05.22 21:56:48, Добавление строки. Связывание со входящим документом № 17 ЭД "Сведения о поступивших от юридических лиц платежах" № 14 ID= 1000224841. 
2024.05.22 21:57:00, Добавление строки. Связывание со входящим документом № 17 ЭД "Сведения о поступивших от юридических лиц платежах" № 14 ID= 1000224841. 
2024.05.22 21:57:12, Добавление строки. Связывание со входящим документом № 17 ЭД "Сведения о поступивших от юридических лиц платежах" № 14 ID= 1000224841. 
2024.05.22 21:57:24, Добавление строки. Связывание со входящим документом № 17 ЭД "Сведения о поступивших от юридических лиц платежах" № 14 ID= 1000224841. 
2024.05.22 21:57:35, Добавление строки. Связывание со входящим документом № 17 ЭД "Сведения о поступивших от юридических лиц платежах" № 14 ID= 1000224841. 
2024.05.22 21:57:47, Добавление строки. Связывание со входящим документом № 17 ЭД "Сведения о поступивших от юридических лиц платежах" № 14 ID= 1000224841. 
2024.05.22 21:57:59, Добавление строки. Связывание со входящим документом № 17 ЭД "Сведения о поступивших от юридических лиц платежах" № 14 ID= 1000224841. 
2024.05.22 21:58:11, Добавление строки. Связывание со входящим документом № 17 ЭД "Сведения о поступивших от юридических лиц платежах" № 14 ID= 1000224841. 
2024.05.22 21:58:23, Добавление строки. Связывание со входящим документом № 17 ЭД "Сведения о поступивших от юридических лиц платежах" № 14 ID= 1000224841. 
2024.05.22 21:58:34, Добавление строки. Связывание со входящим документом № 17 ЭД "Сведения о поступивших от юридических лиц платежах" № 14 ID= 1000224841. 
2024.05.22 21:58:46, Добавление строки. Связывание со входящим документом № 17 ЭД "Сведения о поступивших от юридических лиц платежах" № 14 ID= 1000224841. 
2024.05.22 21:58:58, Добавление строки. Связывание со входящим документом № 17 ЭД "Сведения о поступивших от юридических лиц платежах" № 14 ID= 1000224841. 
2024.05.22 21:59:10, Добавление строки. Связывание со входящим документом № 17 ЭД "Сведения о поступивших от юридических лиц платежах" № 14 ID= 1000224841. 
2024.05.22 21:59:22, Добавление строки. Связывание со входящим документом № 17 ЭД "Сведения о поступивших от юридических лиц платежах" № 14 ID= 1000224841. 
2024.05.22 21:59:34, Добавление строки. Связывание со входящим документом № 17 ЭД "Сведения о поступивших от юридических лиц платежах" № 14 ID= 1000224841. 
2024.05.22 21:59:45, Добавление строки. Связывание со входящим документом № 17 ЭД "Сведения о поступивших от юридических лиц платежах" № 14 ID= 1000224841. 
2024.05.22 21:59:57, Добавление строки. Связывание со входящим документом № 17 ЭД "Сведения о поступивших от юридических лиц платежах" № 14 ID= 1000224841. 
2024.05.22 22:00:09, Добавление строки. Связывание со входящим документом № 17 ЭД "Сведения о поступивших от юридических лиц платежах" № 14 ID= 1000224841. 
2024.05.22 22:00:21, Добавление строки. Связывание со входящим документом № 17 ЭД "Сведения о поступивших от юридических лиц платежах" № 14 ID= 1000224841. 
2024.05.22 22:00:33, Добавление строки. Связывание со входящим документом № 17 ЭД "Сведения о поступивших от юридических лиц платежах" № 14 ID= 1000224841. 
2024.05.22 22:00:45, Добавление строки. Связывание со входящим документом № 17 ЭД "Сведения о поступивших от юридических лиц платежах" № 14 ID= 1000224841. 
2024.05.22 22:00:57, Добавление строки. Связывание со входящим документом № 17 ЭД "Сведения о поступивших от юридических лиц платежах" № 14 ID= 1000224841. 
2024.05.22 22:01:09, Добавление строки. Связывание со входящим документом № 17 ЭД "Сведения о поступивших от юридических лиц платежах" № 14 ID= 1000224841. 
2024.05.22 22:01:20, Добавление строки. Связывание со входящим документом № 17 ЭД "Сведения о поступивших от юридических лиц платежах" № 14 ID= 1000224841. 
2024.05.22 22:01:32, Добавление строки. Связывание со входящим документом № 17 ЭД "Сведения о поступивших от юридических лиц платежах" № 14 ID= 1000224841. 
2024.05.22 22:01:44, Добавление строки. Связывание со входящим документом № 17 ЭД "Сведения о поступивших от юридических лиц платежах" № 14 ID= 1000224841. 
2024.05.22 22:01:56, Добавление строки. Связывание со входящим документом № 17 ЭД "Сведения о поступивших от юридических лиц платежах" № 14 ID= 1000224841. 
2024.05.22 22:02:08, Добавление строки. Связывание со входящим документом № 17 ЭД "Сведения о поступивших от юридических лиц платежах" № 14 ID= 1000224841. 
2024.05.22 22:02:20, Добавление строки. Связывание со входящим документом № 17 ЭД "Сведения о поступивших от юридических лиц платежах" № 14 ID= 1000224841. 
2024.05.22 22:02:32, Добавление строки. Связывание со входящим документом № 17 ЭД "Сведения о поступивших от юридических лиц платежах" № 14 ID= 1000224841. 
2024.05.22 22:02:43, Добавление строки. Связывание со входящим документом № 17 ЭД "Сведения о поступивших от юридических лиц платежах" № 14 ID= 1000224841. 
2024.05.22 22:02:55, Добавление строки. Связывание со входящим документом № 17 ЭД "Сведения о поступивших от юридических лиц платежах" № 14 ID= 1000224841. 
2024.05.22 22:03:07, Добавление строки. Связывание со входящим документом № 17 ЭД "Сведения о поступивших от юридических лиц платежах" № 14 ID= 1000224841. 
2024.05.22 22:03:19, Добавление строки. Связывание со входящим документом № 17 ЭД "Сведения о поступивших от юридических лиц платежах" № 14 ID= 1000224841. 
2024.05.22 22:03:31, Добавление строки. Связывание со входящим документом № 17 ЭД "Сведения о поступивших от юридических лиц платежах" № 14 ID= 1000224841. 
2024.05.22 22:03:43, Добавление строки. Связывание со входящим документом № 17 ЭД "Сведения о поступивших от юридических лиц платежах" № 14 ID= 1000224841. 
2024.05.22 22:03:55, Добавление строки. Связывание со входящим документом № 17 ЭД "Сведения о поступивших от юридических лиц платежах" № 14 ID= 1000224841. 
2024.05.22 22:04:06, Добавление строки. Связывание со входящим документом № 17 ЭД "Сведения о поступивших от юридических лиц платежах" № 14 ID= 1000224841. 
2024.05.22 22:04:18, Добавление строки. Связывание со входящим документом № 17 ЭД "Сведения о поступивших от юридических лиц платежах" № 14 ID= 1000224841. 
2024.05.22 22:04:30, Добавление строки. Связывание со входящим документом № 17 ЭД "Сведения о поступивших от юридических лиц платежах" № 14 ID= 1000224841. 
2024.05.22 22:04:42, Добавление строки. Связывание со входящим документом № 17 ЭД "Сведения о поступивших от юридических лиц платежах" № 14 ID= 1000224841. 
2024.05.22 22:04:54, Добавление строки. Связывание со входящим документом № 17 ЭД "Сведения о поступивших от юридических лиц платежах" № 14 ID= 1000224841. 
2024.05.22 22:05:06, Добавление строки. Связывание со входящим документом № 17 ЭД "Сведения о поступивших от юридических лиц платежах" № 14 ID= 1000224841. 
2024.05.22 22:05:18, Добавление строки. Связывание со входящим документом № 17 ЭД "Сведения о поступивших от юридических лиц платежах" № 14 ID= 1000224841. 
2024.05.22 22:05:29, Добавление строки. Связывание со входящим документом № 17 ЭД "Сведения о поступивших от юридических лиц платежах" № 14 ID= 1000224841. 
2024.05.22 22:05:41, Добавление строки. Связывание со входящим документом № 17 ЭД "Сведения о поступивших от юридических лиц платежах" № 14 ID= 1000224841. 
2024.05.22 22:05:53, Добавление строки. Связывание со входящим документом № 17 ЭД "Сведения о поступивших от юридических лиц платежах" № 14 ID= 1000224841. 
2024.05.22 22:06:05, Добавление строки. Связывание со входящим документом № 17 ЭД "Сведения о поступивших от юридических лиц платежах" № 14 ID= 1000224841. 
2024.05.22 22:06:17, Добавление строки. Связывание со входящим документом № 17 ЭД "Сведения о поступивших от юридических лиц платежах" № 14 ID= 1000224841. 
2024.05.22 22:06:29, Добавление строки. Связывание со входящим документом № 17 ЭД "Сведения о поступивших от юридических лиц платежах" № 14 ID= 1000224841. 
2024.05.22 22:06:41, Добавление строки. Связывание со входящим документом № 17 ЭД "Сведения о поступивших от юридических лиц платежах" № 14 ID= 1000224841. 
2024.05.22 22:06:53, Добавление строки. Связывание со входящим документом № 17 ЭД "Сведения о поступивших от юридических лиц платежах" № 14 ID= 1000224841. 
2024.05.22 22:07:05, Добавление строки. Связывание со входящим документом № 17 ЭД "Сведения о поступивших от юридических лиц платежах" № 14 ID= 1000224841. 
2024.05.22 22:07:17, Добавление строки. Связывание со входящим документом № 17 ЭД "Сведения о поступивших от юридических лиц платежах" № 14 ID= 1000224841. 
2024.05.22 22:07:29, Добавление строки. Связывание со входящим документом № 17 ЭД "Сведения о поступивших от юридических лиц платежах" № 14 ID= 1000224841. 
2024.05.22 22:07:41, Добавление строки. Связывание со входящим документом № 17 ЭД "Сведения о поступивших от юридических лиц платежах" № 14 ID= 1000224841. 
2024.05.22 22:07:53, Добавление строки. Связывание со входящим документом № 17 ЭД "Сведения о поступивших от юридических лиц платежах" № 14 ID= 1000224841. 
2024.05.22 22:08:05, Добавление строки. Связывание со входящим документом № 17 ЭД "Сведения о поступивших от юридических лиц платежах" № 14 ID= 1000224841. 
2024.05.22 22:08:17, Добавление строки. Связывание со входящим документом № 17 ЭД "Сведения о поступивших от юридических лиц платежах" № 14 ID= 1000224841. 
2024.05.22 22:08:29, Добавление строки. Связывание со входящим документом № 17 ЭД "Сведения о поступивших от юридических лиц платежах" № 14 ID= 1000224841. 
2024.05.22 22:08:41, Добавление строки. Связывание со входящим документом № 17 ЭД "Сведения о поступивших от юридических лиц платежах" № 14 ID= 1000224841. 
2024.05.22 22:08:53, Добавление строки. Связывание со входящим документом № 17 ЭД "Сведения о поступивших от юридических лиц платежах" № 14 ID= 1000224841. 
2024.05.22 22:09:05, Добавление строки. Связывание со входящим документом № 17 ЭД "Сведения о поступивших от юридических лиц платежах" № 14 ID= 1000224841. 
2024.05.22 22:09:17, Добавление строки. Связывание со входящим документом № 17 ЭД "Сведения о поступивших от юридических лиц платежах" № 14 ID= 1000224841. 
2024.05.22 22:09:29, Добавление строки. Связывание со входящим документом № 17 ЭД "Сведения о поступивших от юридических лиц платежах" № 14 ID= 1000224841. 
2024.05.22 22:09:41, Добавление строки. Связывание со входящим документом № 17 ЭД "Сведения о поступивших от юридических лиц платежах" № 14 ID= 1000224841. 
2024.05.22 22:09:53, Добавление строки. Связывание со входящим документом № 17 ЭД "Сведения о поступивших от юридических лиц платежах" № 14 ID= 1000224841. 
2024.05.22 22:10:05, Добавление строки. Связывание со входящим документом № 17 ЭД "Сведения о поступивших от юридических лиц платежах" № 14 ID= 1000224841. 
2024.05.22 22:10:17, Добавление строки. Связывание со входящим документом № 17 ЭД "Сведения о поступивших от юридических лиц платежах" № 14 ID= 1000224841. 
2024.05.22 22:10:29, Добавление строки. Связывание со входящим документом № 17 ЭД "Сведения о поступивших от юридических лиц платежах" № 14 ID= 1000224841. 
2024.05.22 22:10:41, Добавление строки. Связывание со входящим документом № 17 ЭД "Сведения о поступивших от юридических лиц платежах" № 14 ID= 1000224841. 
2024.05.22 22:10:53, Добавление строки. Связывание со входящим документом № 17 ЭД "Сведения о поступивших от юридических лиц платежах" № 14 ID= 1000224841. 
2024.05.22 22:11:05, Добавление строки. Связывание со входящим документом № 17 ЭД "Сведения о поступивших от юридических лиц платежах" № 14 ID= 1000224841. 
2024.05.22 22:11:17, Добавление строки. Связывание со входящим документом № 17 ЭД "Сведения о поступивших от юридических лиц платежах" № 14 ID= 1000224841. 
2024.05.22 22:11:29, Добавление строки. Связывание со входящим документом № 17 ЭД "Сведения о поступивших от юридических лиц платежах" № 14 ID= 1000224841. 
2024.05.22 22:11:41, Добавление строки. Связывание со входящим документом № 17 ЭД "Сведения о поступивших от юридических лиц платежах" № 14 ID= 1000224841. 
2024.05.22 22:11:53, Добавление строки. Связывание со входящим документом № 17 ЭД "Сведения о поступивших от юридических лиц платежах" № 14 ID= 1000224841. 
2024.05.22 22:12:05, Добавление строки. Связывание со входящим документом № 17 ЭД "Сведения о поступивших от юридических лиц платежах" № 14 ID= 1000224841. 
2024.05.22 22:12:17, Добавление строки. Связывание со входящим документом № 17 ЭД "Сведения о поступивших от юридических лиц платежах" № 14 ID= 1000224841. 
2024.05.22 22:12:29, Добавление строки. Связывание со входящим документом № 17 ЭД "Сведения о поступивших от юридических лиц платежах" № 14 ID= 1000224841. 
2024.05.22 22:12:41, Добавление строки. Связывание со входящим документом № 17 ЭД "Сведения о поступивших от юридических лиц платежах" № 14 ID= 1000224841. 
2024.05.22 22:12:53, Добавление строки. Связывание со входящим документом № 17 ЭД "Сведения о поступивших от юридических лиц платежах" № 14 ID= 1000224841. 
2024.05.22 22:13:05, Добавление строки. Связывание со входящим документом № 17 ЭД "Сведения о поступивших от юридических лиц платежах" № 14 ID= 1000224841. 
2024.05.22 22:13:18, Добавление строки. Связывание со входящим документом № 17 ЭД "Сведения о поступивших от юридических лиц платежах" № 14 ID= 1000224841. 
2024.05.22 22:13:30, Добавление строки. Связывание со входящим документом № 17 ЭД "Сведения о поступивших от юридических лиц платежах" № 14 ID= 1000224841. 
2024.05.22 22:13:42, Добавление строки. Связывание со входящим документом № 17 ЭД "Сведения о поступивших от юридических лиц платежах" № 14 ID= 1000224841. 
2024.05.22 22:13:54, Добавление строки. Связывание со входящим документом № 17 ЭД "Сведения о поступивших от юридических лиц платежах" № 14 ID= 1000224841. 
2024.05.22 22:14:06, Добавление строки. Связывание со входящим документом № 17 ЭД "Сведения о поступивших от юридических лиц платежах" № 14 ID= 1000224841. 
2024.05.22 22:14:18, Добавление строки. Связывание со входящим документом № 17 ЭД "Сведения о поступивших от юридических лиц платежах" № 14 ID= 1000224841. 
2024.05.22 22:14:30, Добавление строки. Связывание со входящим документом № 17 ЭД "Сведения о поступивших от юридических лиц платежах" № 14 ID= 1000224841. 
2024.05.22 22:14:42, Добавление строки. Связывание со входящим документом № 17 ЭД "Сведения о поступивших от юридических лиц платежах" № 14 ID= 1000224841. 
2024.05.22 22:14:54, Добавление строки. Связывание со входящим документом № 17 ЭД "Сведения о поступивших от юридических лиц платежах" № 14 ID= 1000224841. 
2024.05.22 22:15:06, Добавление строки. Связывание со входящим документом № 17 ЭД "Сведения о поступивших от юридических лиц платежах" № 14 ID= 1000224841. 
2024.05.22 22:15:18, Добавление строки. Связывание со входящим документом № 17 ЭД "Сведения о поступивших от юридических лиц платежах" № 14 ID= 1000224841. 
2024.05.22 22:15:30, Добавление строки. Связывание со входящим документом № 17 ЭД "Сведения о поступивших от юридических лиц платежах" № 14 ID= 1000224841. 
2024.05.22 22:15:42, Добавление строки. Связывание со входящим документом № 17 ЭД "Сведения о поступивших от юридических лиц платежах" № 14 ID= 1000224841. 
2024.05.22 22:15:54, Добавление строки. Связывание со входящим документом № 17 ЭД "Сведения о поступивших от юридических лиц платежах" № 14 ID= 1000224841. 
2024.05.22 22:16:07, Добавление строки. Связывание со входящим документом № 17 ЭД "Сведения о поступивших от юридических лиц платежах" № 14 ID= 1000224841. 
2024.05.22 22:16:19, Добавление строки. Связывание со входящим документом № 17 ЭД "Сведения о поступивших от юридических лиц платежах" № 14 ID= 1000224841. 
2024.05.22 22:16:31, Добавление строки. Связывание со входящим документом № 17 ЭД "Сведения о поступивших от юридических лиц платежах" № 14 ID= 1000224841. 
2024.05.22 22:16:43, Добавление строки. Связывание со входящим документом № 17 ЭД "Сведения о поступивших от юридических лиц платежах" № 14 ID= 1000224841. 
2024.05.22 22:16:55, Добавление строки. Связывание со входящим документом № 17 ЭД "Сведения о поступивших от юридических лиц платежах" № 14 ID= 1000224841. 
2024.05.22 22:17:07, Добавление строки. Связывание со входящим документом № 17 ЭД "Сведения о поступивших от юридических лиц платежах" № 14 ID= 1000224841. 
2024.05.22 22:17:19, Добавление строки. Связывание со входящим документом № 17 ЭД "Сведения о поступивших от юридических лиц платежах" № 14 ID= 1000224841. 
2024.05.22 22:17:31, Добавление строки. Связывание со входящим документом № 17 ЭД "Сведения о поступивших от юридических лиц платежах" № 14 ID= 1000224841. 
2024.05.22 22:17:43, Добавление строки. Связывание со входящим документом № 17 ЭД "Сведения о поступивших от юридических лиц платежах" № 14 ID= 1000224841. 
2024.05.22 22:17:56, Добавление строки. Связывание со входящим документом № 17 ЭД "Сведения о поступивших от юридических лиц платежах" № 14 ID= 1000224841. 
2024.05.22 22:18:08, Добавление строки. Связывание со входящим документом № 17 ЭД "Сведения о поступивших от юридических лиц платежах" № 14 ID= 1000224841. 
2024.05.22 22:18:20, Добавление строки. Связывание со входящим документом № 17 ЭД "Сведения о поступивших от юридических лиц платежах" № 14 ID= 1000224841. 
2024.05.22 22:19:09, Добавление строки. Связывание со входящим документом № 17 ЭД "Сведения о поступивших от юридических лиц платежах" № 14 ID= 1000224841. 
2024.05.22 22:19:21, Добавление строки. Связывание со входящим документом № 17 ЭД "Сведения о поступивших от юридических лиц платежах" № 14 ID= 1000224841. 
2024.05.22 22:19:34, Добавление строки. Связывание со входящим документом № 17 ЭД "Сведения о поступивших от юридических лиц платежах" № 14 ID= 1000224841. 
2024.05.22 22:19:46, Добавление строки. Связывание со входящим документом № 17 ЭД "Сведения о поступивших от юридических лиц платежах" № 14 ID= 1000224841. 
2024.05.22 22:19:58, Добавление строки. Связывание со входящим документом № 17 ЭД "Сведения о поступивших от юридических лиц платежах" № 14 ID= 1000224841. 
2024.05.22 22:20:10, Добавление строки. Связывание со входящим документом № 17 ЭД "Сведения о поступивших от юридических лиц платежах" № 14 ID= 1000224841. 
2024.05.22 22:20:22, Добавление строки. Связывание со входящим документом № 17 ЭД "Сведения о поступивших от юридических лиц платежах" № 14 ID= 1000224841. 
2024.05.22 22:20:34, Добавление строки. Связывание со входящим документом № 17 ЭД "Сведения о поступивших от юридических лиц платежах" № 14 ID= 1000224841. 
2024.05.22 22:20:46, Добавление строки. Связывание со входящим документом № 17 ЭД "Сведения о поступивших от юридических лиц платежах" № 14 ID= 1000224841. 
2024.05.22 22:20:59, Добавление строки. Связывание со входящим документом № 17 ЭД "Сведения о поступивших от юридических лиц платежах" № 14 ID= 1000224841. 
2024.05.22 22:21:11, Добавление строки. Связывание со входящим документом № 17 ЭД "Сведения о поступивших от юридических лиц платежах" № 14 ID= 1000224841. 
2024.05.22 22:21:23, Добавление строки. Связывание со входящим документом № 17 ЭД "Сведения о поступивших от юридических лиц платежах" № 14 ID= 1000224841. 
2024.05.22 22:21:35, Добавление строки. Связывание со входящим документом № 17 ЭД "Сведения о поступивших от юридических лиц платежах" № 14 ID= 1000224841. 
2024.05.22 22:21:47, Добавление строки. Связывание со входящим документом № 17 ЭД "Сведения о поступивших от юридических лиц платежах" № 14 ID= 1000224841. 
2024.05.22 22:21:59, Добавление строки. Связывание со входящим документом № 17 ЭД "Сведения о поступивших от юридических лиц платежах" № 14 ID= 1000224841. 
2024.05.22 22:22:11, Добавление строки. Связывание со входящим документом № 17 ЭД "Сведения о поступивших от юридических лиц платежах" № 14 ID= 1000224841. 
2024.05.22 22:22:24, Добавление строки. Связывание со входящим документом № 17 ЭД "Сведения о поступивших от юридических лиц платежах" № 14 ID= 1000224841. 
2024.05.22 22:22:36, Добавление строки. Связывание со входящим документом № 17 ЭД "Сведения о поступивших от юридических лиц платежах" № 14 ID= 1000224841. 
2024.05.22 22:22:48, Добавление строки. Связывание со входящим документом № 17 ЭД "Сведения о поступивших от юридических лиц платежах" № 14 ID= 1000224841. 
2024.05.22 22:23:00, Добавление строки. Связывание со входящим документом № 17 ЭД "Сведения о поступивших от юридических лиц платежах" № 14 ID= 1000224841. 
2024.05.22 22:23:12, Добавление строки. Связывание со входящим документом № 17 ЭД "Сведения о поступивших от юридических лиц платежах" № 14 ID= 1000224841. 
2024.05.22 22:23:24, Добавление строки. Связывание со входящим документом № 17 ЭД "Сведения о поступивших от юридических лиц платежах" № 14 ID= 1000224841. 
2024.05.22 22:23:37, Добавление строки. Связывание со входящим документом № 17 ЭД "Сведения о поступивших от юридических лиц платежах" № 14 ID= 1000224841. 
2024.05.22 22:23:49, Добавление строки. Связывание со входящим документом № 17 ЭД "Сведения о поступивших от юридических лиц платежах" № 14 ID= 1000224841. 
2024.05.22 22:24:01, Добавление строки. Связывание со входящим документом № 17 ЭД "Сведения о поступивших от юридических лиц платежах" № 14 ID= 1000224841. 
2024.05.22 22:24:13, Добавление строки. Связывание со входящим документом № 17 ЭД "Сведения о поступивших от юридических лиц платежах" № 14 ID= 1000224841. 
2024.05.22 22:24:25, Добавление строки. Связывание со входящим документом № 17 ЭД "Сведения о поступивших от юридических лиц платежах" № 14 ID= 1000224841. 
2024.05.22 22:24:38, Добавление строки. Связывание со входящим документом № 17 ЭД "Сведения о поступивших от юридических лиц платежах" № 14 ID= 1000224841. 
2024.05.22 22:24:50, Добавление строки. Связывание со входящим документом № 17 ЭД "Сведения о поступивших от юридических лиц платежах" № 14 ID= 1000224841. 
2024.05.22 22:25:02, Добавление строки. Связывание со входящим документом № 17 ЭД "Сведения о поступивших от юридических лиц платежах" № 14 ID= 1000224841. 
2024.05.22 22:25:14, Добавление строки. Связывание со входящим документом № 17 ЭД "Сведения о поступивших от юридических лиц платежах" № 14 ID= 1000224841. 
2024.05.22 22:25:26, Добавление строки. Связывание со входящим документом № 17 ЭД "Сведения о поступивших от юридических лиц платежах" № 14 ID= 1000224841. 
2024.05.22 22:25:39, Добавление строки. Связывание со входящим документом № 17 ЭД "Сведения о поступивших от юридических лиц платежах" № 14 ID= 1000224841. 
2024.05.22 22:25:51, Добавление строки. Связывание со входящим документом № 17 ЭД "Сведения о поступивших от юридических лиц платежах" № 14 ID= 1000224841. 
2024.05.22 22:26:03, Добавление строки. Связывание со входящим документом № 17 ЭД "Сведения о поступивших от юридических лиц платежах" № 14 ID= 1000224841. 
2024.05.22 22:26:15, Добавление строки. Связывание со входящим документом № 17 ЭД "Сведения о поступивших от юридических лиц платежах" № 14 ID= 1000224841. 
2024.05.22 22:26:27, Добавление строки. Связывание со входящим документом № 17 ЭД "Сведения о поступивших от юридических лиц платежах" № 14 ID= 1000224841. 
2024.05.22 22:26:40, Добавление строки. Связывание со входящим документом № 17 ЭД "Сведения о поступивших от юридических лиц платежах" № 14 ID= 1000224841. 
2024.05.22 22:26:52, Добавление строки. Связывание со входящим документом № 17 ЭД "Сведения о поступивших от юридических лиц платежах" № 14 ID= 1000224841. 
2024.05.22 22:27:04, Добавление строки. Связывание со входящим документом № 17 ЭД "Сведения о поступивших от юридических лиц платежах" № 14 ID= 1000224841. 
2024.05.22 22:27:16, Добавление строки. Связывание со входящим документом № 17 ЭД "Сведения о поступивших от юридических лиц платежах" № 14 ID= 1000224841. 
2024.05.22 22:27:28, Добавление строки. Связывание со входящим документом № 17 ЭД "Сведения о поступивших от юридических лиц платежах" № 14 ID= 1000224841. 
2024.05.22 22:27:41, Добавление строки. Связывание со входящим документом № 17 ЭД "Сведения о поступивших от юридических лиц платежах" № 14 ID= 1000224841. 
2024.05.22 22:27:53, Добавление строки. Связывание со входящим документом № 17 ЭД "Сведения о поступивших от юридических лиц платежах" № 14 ID= 1000224841. 
2024.05.22 22:28:05, Добавление строки. Связывание со входящим документом № 17 ЭД "Сведения о поступивших от юридических лиц платежах" № 14 ID= 1000224841. 
2024.05.22 22:28:17, Добавление строки. Связывание со входящим документом № 17 ЭД "Сведения о поступивших от юридических лиц платежах" № 14 ID= 1000224841. 
2024.05.22 22:28:29, Добавление строки. Связывание со входящим документом № 17 ЭД "Сведения о поступивших от юридических лиц платежах" № 14 ID= 1000224841. 
2024.05.22 22:28:42, Добавление строки. Связывание со входящим документом № 17 ЭД "Сведения о поступивших от юридических лиц платежах" № 14 ID= 1000224841. 
2024.05.22 22:28:54, Добавление строки. Связывание со входящим документом № 17 ЭД "Сведения о поступивших от юридических лиц платежах" № 14 ID= 1000224841. 
2024.05.22 22:29:06, Добавление строки. Связывание со входящим документом № 17 ЭД "Сведения о поступивших от юридических лиц платежах" № 14 ID= 1000224841. 
2024.05.22 22:29:18, Добавление строки. Связывание со входящим документом № 17 ЭД "Сведения о поступивших от юридических лиц платежах" № 14 ID= 1000224841. 
2024.05.22 22:29:31, Добавление строки. Связывание со входящим документом № 17 ЭД "Сведения о поступивших от юридических лиц платежах" № 14 ID= 1000224841. 
2024.05.22 22:29:43, Добавление строки. Связывание со входящим документом № 17 ЭД "Сведения о поступивших от юридических лиц платежах" № 14 ID= 1000224841. 
2024.05.22 22:29:55, Добавление строки. Связывание со входящим документом № 17 ЭД "Сведения о поступивших от юридических лиц платежах" № 14 ID= 1000224841. 
2024.05.22 22:30:07, Добавление строки. Связывание со входящим документом № 17 ЭД "Сведения о поступивших от юридических лиц платежах" № 14 ID= 1000224841. 
2024.05.22 22:30:20, Добавление строки. Связывание со входящим документом № 17 ЭД "Сведения о поступивших от юридических лиц платежах" № 14 ID= 1000224841. 
2024.05.22 22:30:32, Добавление строки. Связывание со входящим документом № 17 ЭД "Сведения о поступивших от юридических лиц платежах" № 14 ID= 1000224841. 
2024.05.22 22:30:44, Добавление строки. Связывание со входящим документом № 17 ЭД "Сведения о поступивших от юридических лиц платежах" № 14 ID= 1000224841. 
2024.05.22 22:30:56, Добавление строки. Связывание со входящим документом № 17 ЭД "Сведения о поступивших от юридических лиц платежах" № 14 ID= 1000224841. 
2024.05.22 22:31:10, Добавление строки. Связывание со входящим документом № 17 ЭД "Сведения о поступивших от юридических лиц платежах" № 14 ID= 1000224841. 
2024.05.22 22:31:22, Добавление строки. Связывание со входящим документом № 17 ЭД "Сведения о поступивших от юридических лиц платежах" № 14 ID= 1000224841. 
2024.05.22 22:31:34, Добавление строки. Связывание со входящим документом № 17 ЭД "Сведения о поступивших от юридических лиц платежах" № 14 ID= 1000224841. 
2024.05.22 22:31:47, Добавление строки. Связывание со входящим документом № 17 ЭД "Сведения о поступивших от юридических лиц платежах" № 14 ID= 1000224841. 
2024.05.22 22:31:59, Добавление строки. Связывание со входящим документом № 17 ЭД "Сведения о поступивших от юридических лиц платежах" № 14 ID= 1000224841. 
2024.05.22 22:32:11, Добавление строки. Связывание со входящим документом № 17 ЭД "Сведения о поступивших от юридических лиц платежах" № 14 ID= 1000224841. 
2024.05.22 22:32:23, Добавление строки. Связывание со входящим документом № 17 ЭД "Сведения о поступивших от юридических лиц платежах" № 14 ID= 1000224841. 
2024.05.22 22:32:36, Добавление строки. Связывание со входящим документом № 17 ЭД "Сведения о поступивших от юридических лиц платежах" № 14 ID= 1000224841. 
2024.05.22 22:32:48, Добавление строки. Связывание со входящим документом № 17 ЭД "Сведения о поступивших от юридических лиц платежах" № 14 ID= 1000224841. 
2024.05.22 22:33:00, Добавление строки. Связывание со входящим документом № 17 ЭД "Сведения о поступивших от юридических лиц платежах" № 14 ID= 1000224841. 
2024.05.22 22:33:13, Добавление строки. Связывание со входящим документом № 17 ЭД "Сведения о поступивших от юридических лиц платежах" № 14 ID= 1000224841. 
2024.05.22 22:33:25, Добавление строки. Связывание со входящим документом № 17 ЭД "Сведения о поступивших от юридических лиц платежах" № 14 ID= 1000224841. 
2024.05.22 22:33:37, Добавление строки. Связывание со входящим документом № 17 ЭД "Сведения о поступивших от юридических лиц платежах" № 14 ID= 1000224841. 
2024.05.22 22:33:50, Добавление строки. Связывание со входящим документом № 17 ЭД "Сведения о поступивших от юридических лиц платежах" № 14 ID= 1000224841. 
2024.05.22 22:34:02, Добавление строки. Связывание со входящим документом № 17 ЭД "Сведения о поступивших от юридических лиц платежах" № 14 ID= 1000224841. 
2024.05.22 22:34:14, Добавление строки. Связывание со входящим документом № 17 ЭД "Сведения о поступивших от юридических лиц платежах" № 14 ID= 1000224841. 
2024.05.22 22:34:27, Добавление строки. Связывание со входящим документом № 17 ЭД "Сведения о поступивших от юридических лиц платежах" № 14 ID= 1000224841. 
2024.05.22 22:34:39, Добавление строки. Связывание со входящим документом № 17 ЭД "Сведения о поступивших от юридических лиц платежах" № 14 ID= 1000224841. 
2024.05.22 22:34:51, Добавление строки. Связывание со входящим документом № 17 ЭД "Сведения о поступивших от юридических лиц платежах" № 14 ID= 1000224841. 
2024.05.22 22:35:04, Добавление строки. Связывание со входящим документом № 17 ЭД "Сведения о поступивших от юридических лиц платежах" № 14 ID= 1000224841. 
2024.05.22 22:35:16, Добавление строки. Связывание со входящим документом № 17 ЭД "Сведения о поступивших от юридических лиц платежах" № 14 ID= 1000224841. 
2024.05.22 22:35:28, Добавление строки. Связывание со входящим документом № 17 ЭД "Сведения о поступивших от юридических лиц платежах" № 14 ID= 1000224841. 
2024.05.22 22:35:40, Добавление строки. Связывание со входящим документом № 17 ЭД "Сведения о поступивших от юридических лиц платежах" № 14 ID= 1000224841. 
2024.05.22 22:35:53, Добавление строки. Связывание со входящим документом № 17 ЭД "Сведения о поступивших от юридических лиц платежах" № 14 ID= 1000224841. 
2024.05.22 22:36:05, Добавление строки. Связывание со входящим документом № 17 ЭД "Сведения о поступивших от юридических лиц платежах" № 14 ID= 1000224841. 
2024.05.22 22:36:18, Добавление строки. Связывание со входящим документом № 17 ЭД "Сведения о поступивших от юридических лиц платежах" № 14 ID= 1000224841. 
2024.05.22 22:36:30, Добавление строки. Связывание со входящим документом № 17 ЭД "Сведения о поступивших от юридических лиц платежах" № 14 ID= 1000224841. 
2024.05.22 22:36:42, Добавление строки. Связывание со входящим документом № 17 ЭД "Сведения о поступивших от юридических лиц платежах" № 14 ID= 1000224841. 
2024.05.22 22:36:54, Добавление строки. Связывание со входящим документом № 17 ЭД "Сведения о поступивших от юридических лиц платежах" № 14 ID= 1000224841. 
2024.05.22 22:37:07, Добавление строки. Связывание со входящим документом № 17 ЭД "Сведения о поступивших от юридических лиц платежах" № 14 ID= 1000224841. 
2024.05.22 22:37:19, Добавление строки. Связывание со входящим документом № 17 ЭД "Сведения о поступивших от юридических лиц платежах" № 14 ID= 1000224841. 
2024.05.22 22:37:31, Добавление строки. Связывание со входящим документом № 17 ЭД "Сведения о поступивших от юридических лиц платежах" № 14 ID= 1000224841. 
2024.05.22 22:37:44, Добавление строки. Связывание со входящим документом № 17 ЭД "Сведения о поступивших от юридических лиц платежах" № 14 ID= 1000224841. 
2024.05.22 22:37:56, Добавление строки. Связывание со входящим документом № 17 ЭД "Сведения о поступивших от юридических лиц платежах" № 14 ID= 1000224841. 
2024.05.22 22:38:08, Добавление строки. Связывание со входящим документом № 17 ЭД "Сведения о поступивших от юридических лиц платежах" № 14 ID= 1000224841. 
2024.05.22 22:38:21, Добавление строки. Связывание со входящим документом № 17 ЭД "Сведения о поступивших от юридических лиц платежах" № 14 ID= 1000224841. 
2024.05.22 22:38:33, Добавление строки. Связывание со входящим документом № 17 ЭД "Сведения о поступивших от юридических лиц платежах" № 14 ID= 1000224841. 
2024.05.22 22:38:46, Добавление строки. Связывание со входящим документом № 17 ЭД "Сведения о поступивших от юридических лиц платежах" № 14 ID= 1000224841. 
2024.05.22 22:38:58, Добавление строки. Связывание со входящим документом № 17 ЭД "Сведения о поступивших от юридических лиц платежах" № 14 ID= 1000224841. 
2024.05.22 22:39:10, Добавление строки. Связывание со входящим документом № 17 ЭД "Сведения о поступивших от юридических лиц платежах" № 14 ID= 1000224841. 
2024.05.22 22:39:24, Добавление строки. Связывание со входящим документом № 17 ЭД "Сведения о поступивших от юридических лиц платежах" № 14 ID= 1000224841. 
2024.05.22 22:39:36, Добавление строки. Связывание со входящим документом № 17 ЭД "Сведения о поступивших от юридических лиц платежах" № 14 ID= 1000224841. 
2024.05.22 22:39:49, Добавление строки. Связывание со входящим документом № 17 ЭД "Сведения о поступивших от юридических лиц платежах" № 14 ID= 1000224841. 
2024.05.22 22:40:01, Добавление строки. Связывание со входящим документом № 17 ЭД "Сведения о поступивших от юридических лиц платежах" № 14 ID= 1000224841. 
2024.05.22 22:40:13, Добавление строки. Связывание со входящим документом № 17 ЭД "Сведения о поступивших от юридических лиц платежах" № 14 ID= 1000224841. 
2024.05.22 22:40:26, Добавление строки. Связывание со входящим документом № 17 ЭД "Сведения о поступивших от юридических лиц платежах" № 14 ID= 1000224841. 
2024.05.22 22:40:38, Добавление строки. Связывание со входящим документом № 17 ЭД "Сведения о поступивших от юридических лиц платежах" № 14 ID= 1000224841. 
2024.05.22 22:40:50, Добавление строки. Связывание со входящим документом № 17 ЭД "Сведения о поступивших от юридических лиц платежах" № 14 ID= 1000224841. 
2024.05.22 22:41:03, Добавление строки. Связывание со входящим документом № 17 ЭД "Сведения о поступивших от юридических лиц платежах" № 14 ID= 1000224841. 
2024.05.22 22:41:15, Добавление строки. Связывание со входящим документом № 17 ЭД "Сведения о поступивших от юридических лиц платежах" № 14 ID= 1000224841. 
2024.05.22 22:41:27, Добавление строки. Связывание со входящим документом № 17 ЭД "Сведения о поступивших от юридических лиц платежах" № 14 ID= 1000224841. 
2024.05.22 22:41:40, Добавление строки. Связывание со входящим документом № 17 ЭД "Сведения о поступивших от юридических лиц платежах" № 14 ID= 1000224841. 
2024.05.22 22:41:52, Добавление строки. Связывание со входящим документом № 17 ЭД "Сведения о поступивших от юридических лиц платежах" № 14 ID= 1000224841. 
2024.05.22 22:42:04, Добавление строки. Связывание со входящим документом № 17 ЭД "Сведения о поступивших от юридических лиц платежах" № 14 ID= 1000224841. 
2024.05.22 22:42:17, Добавление строки. Связывание со входящим документом № 17 ЭД "Сведения о поступивших от юридических лиц платежах" № 14 ID= 1000224841. 
2024.05.22 22:42:29, Добавление строки. Связывание со входящим документом № 17 ЭД "Сведения о поступивших от юридических лиц платежах" № 14 ID= 1000224841. 
2024.05.22 22:42:42, Добавление строки. Связывание со входящим документом № 17 ЭД "Сведения о поступивших от юридических лиц платежах" № 14 ID= 1000224841. 
2024.05.22 22:42:54, Добавление строки. Связывание со входящим документом № 17 ЭД "Сведения о поступивших от юридических лиц платежах" № 14 ID= 1000224841. 
2024.05.22 22:43:06, Добавление строки. Связывание со входящим документом № 17 ЭД "Сведения о поступивших от юридических лиц платежах" № 14 ID= 1000224841. 
2024.05.22 22:43:19, Добавление строки. Связывание со входящим документом № 17 ЭД "Сведения о поступивших от юридических лиц платежах" № 14 ID= 1000224841. 
2024.05.22 22:43:31, Добавление строки. Связывание со входящим документом № 17 ЭД "Сведения о поступивших от юридических лиц платежах" № 14 ID= 1000224841. 
2024.05.22 22:43:44, Добавление строки. Связывание со входящим документом № 17 ЭД "Сведения о поступивших от юридических лиц платежах" № 14 ID= 1000224841. 
2024.05.22 22:43:56, Добавление строки. Связывание со входящим документом № 17 ЭД "Сведения о поступивших от юридических лиц платежах" № 14 ID= 1000224841. 
2024.05.22 22:44:08, Добавление строки. Связывание со входящим документом № 17 ЭД "Сведения о поступивших от юридических лиц платежах" № 14 ID= 1000224841. 
2024.05.22 22:44:21, Добавление строки. Связывание со входящим документом № 17 ЭД "Сведения о поступивших от юридических лиц платежах" № 14 ID= 1000224841. 
2024.05.22 22:44:33, Добавление строки. Связывание со входящим документом № 17 ЭД "Сведения о поступивших от юридических лиц платежах" № 14 ID= 1000224841. 
2024.05.22 22:44:46, Добавление строки. Связывание со входящим документом № 17 ЭД "Сведения о поступивших от юридических лиц платежах" № 14 ID= 1000224841. 
2024.05.22 22:44:58, Добавление строки. Связывание со входящим документом № 17 ЭД "Сведения о поступивших от юридических лиц платежах" № 14 ID= 1000224841. 
2024.05.22 22:45:10, Добавление строки. Связывание со входящим документом № 17 ЭД "Сведения о поступивших от юридических лиц платежах" № 14 ID= 1000224841. 
2024.05.22 22:45:23, Добавление строки. Связывание со входящим документом № 17 ЭД "Сведения о поступивших от юридических лиц платежах" № 14 ID= 1000224841. 
2024.05.22 22:45:35, Добавление строки. Связывание со входящим документом № 17 ЭД "Сведения о поступивших от юридических лиц платежах" № 14 ID= 1000224841. 
2024.05.22 22:45:48, Добавление строки. Связывание со входящим документом № 17 ЭД "Сведения о поступивших от юридических лиц платежах" № 14 ID= 1000224841. 
2024.05.22 22:46:00, Добавление строки. Связывание со входящим документом № 17 ЭД "Сведения о поступивших от юридических лиц платежах" № 14 ID= 1000224841. 
2024.05.22 22:46:13, Добавление строки. Связывание со входящим документом № 17 ЭД "Сведения о поступивших от юридических лиц платежах" № 14 ID= 1000224841. 
2024.05.22 22:46:25, Добавление строки. Связывание со входящим документом № 17 ЭД "Сведения о поступивших от юридических лиц платежах" № 14 ID= 1000224841. 
2024.05.22 22:46:37, Добавление строки. Связывание со входящим документом № 17 ЭД "Сведения о поступивших от юридических лиц платежах" № 14 ID= 1000224841. 
2024.05.22 22:46:50, Добавление строки. Связывание со входящим документом № 17 ЭД "Сведения о поступивших от юридических лиц платежах" № 14 ID= 1000224841. 
2024.05.22 22:47:02, Добавление строки. Связывание со входящим документом № 17 ЭД "Сведения о поступивших от юридических лиц платежах" № 14 ID= 1000224841. 
2024.05.22 22:47:15, Добавление строки. Связывание со входящим документом № 17 ЭД "Сведения о поступивших от юридических лиц платежах" № 14 ID= 1000224841. 
2024.05.22 22:47:27, Добавление строки. Связывание со входящим документом № 17 ЭД "Сведения о поступивших от юридических лиц платежах" № 14 ID= 1000224841. 
2024.05.22 22:47:40, Добавление строки. Связывание со входящим документом № 17 ЭД "Сведения о поступивших от юридических лиц платежах" № 14 ID= 1000224841. 
2024.05.22 22:47:52, Добавление строки. Связывание со входящим документом № 17 ЭД "Сведения о поступивших от юридических лиц платежах" № 14 ID= 1000224841. 
2024.05.22 22:48:04, Добавление строки. Связывание со входящим документом № 17 ЭД "Сведения о поступивших от юридических лиц платежах" № 14 ID= 1000224841. 
2024.05.22 22:48:17, Добавление строки. Связывание со входящим документом № 17 ЭД "Сведения о поступивших от юридических лиц платежах" № 14 ID= 1000224841. 
2024.05.22 22:48:29, Добавление строки. Связывание со входящим документом № 17 ЭД "Сведения о поступивших от юридических лиц платежах" № 14 ID= 1000224841. 
2024.05.22 22:48:42, Добавление строки. Связывание со входящим документом № 17 ЭД "Сведения о поступивших от юридических лиц платежах" № 14 ID= 1000224841. 
2024.05.22 22:48:54, Добавление строки. Связывание со входящим документом № 17 ЭД "Сведения о поступивших от юридических лиц платежах" № 14 ID= 1000224841. 
2024.05.22 22:49:07, Добавление строки. Связывание со входящим документом № 17 ЭД "Сведения о поступивших от юридических лиц платежах" № 14 ID= 1000224841. 
2024.05.22 22:49:19, Добавление строки. Связывание со входящим документом № 17 ЭД "Сведения о поступивших от юридических лиц платежах" № 14 ID= 1000224841. 
2024.05.22 22:49:32, Добавление строки. Связывание со входящим документом № 17 ЭД "Сведения о поступивших от юридических лиц платежах" № 14 ID= 1000224841. 
2024.05.22 22:49:44, Добавление строки. Связывание со входящим документом № 17 ЭД "Сведения о поступивших от юридических лиц платежах" № 14 ID= 1000224841. 
2024.05.22 22:49:57, Добавление строки. Связывание со входящим документом № 17 ЭД "Сведения о поступивших от юридических лиц платежах" № 14 ID= 1000224841. 
2024.05.22 22:50:09, Добавление строки. Связывание со входящим документом № 17 ЭД "Сведения о поступивших от юридических лиц платежах" № 14 ID= 1000224841. 
2024.05.22 22:50:22, Добавление строки. Связывание со входящим документом № 17 ЭД "Сведения о поступивших от юридических лиц платежах" № 14 ID= 1000224841. 
2024.05.22 22:50:34, Добавление строки. Связывание со входящим документом № 17 ЭД "Сведения о поступивших от юридических лиц платежах" № 14 ID= 1000224841. 
2024.05.22 22:50:46, Добавление строки. Связывание со входящим документом № 17 ЭД "Сведения о поступивших от юридических лиц платежах" № 14 ID= 1000224841. 
2024.05.22 22:50:59, Добавление строки. Связывание со входящим документом № 17 ЭД "Сведения о поступивших от юридических лиц платежах" № 14 ID= 1000224841. 
2024.05.22 22:51:11, Добавление строки. Связывание со входящим документом № 17 ЭД "Сведения о поступивших от юридических лиц платежах" № 14 ID= 1000224841. 
2024.05.22 22:51:24, Добавление строки. Связывание со входящим документом № 17 ЭД "Сведения о поступивших от юридических лиц платежах" № 14 ID= 1000224841. 
2024.05.22 22:51:36, Добавление строки. Связывание со входящим документом № 17 ЭД "Сведения о поступивших от юридических лиц платежах" № 14 ID= 1000224841. 
2024.05.22 22:51:49, Добавление строки. Связывание со входящим документом № 17 ЭД "Сведения о поступивших от юридических лиц платежах" № 14 ID= 1000224841. 
2024.05.22 22:52:01, Добавление строки. Связывание со входящим документом № 17 ЭД "Сведения о поступивших от юридических лиц платежах" № 14 ID= 1000224841. 
2024.05.22 22:52:14, Добавление строки. Связывание со входящим документом № 17 ЭД "Сведения о поступивших от юридических лиц платежах" № 14 ID= 1000224841. 
2024.05.22 22:52:26, Добавление строки. Связывание со входящим документом № 17 ЭД "Сведения о поступивших от юридических лиц платежах" № 14 ID= 1000224841. 
2024.05.22 22:52:39, Добавление строки. Связывание со входящим документом № 17 ЭД "Сведения о поступивших от юридических лиц платежах" № 14 ID= 1000224841. 
2024.05.22 22:52:51, Добавление строки. Связывание со входящим документом № 17 ЭД "Сведения о поступивших от юридических лиц платежах" № 14 ID= 1000224841. 
2024.05.22 22:53:04, Добавление строки. Связывание со входящим документом № 17 ЭД "Сведения о поступивших от юридических лиц платежах" № 14 ID= 1000224841. 
2024.05.22 22:53:16, Добавление строки. Связывание со входящим документом № 17 ЭД "Сведения о поступивших от юридических лиц платежах" № 14 ID= 1000224841. 
2024.05.22 22:53:29, Добавление строки. Связывание со входящим документом № 17 ЭД "Сведения о поступивших от юридических лиц платежах" № 14 ID= 1000224841. 
2024.05.22 22:53:41, Добавление строки. Связывание со входящим документом № 17 ЭД "Сведения о поступивших от юридических лиц платежах" № 14 ID= 1000224841. 
2024.05.22 22:53:54, Добавление строки. Связывание со входящим документом № 17 ЭД "Сведения о поступивших от юридических лиц платежах" № 14 ID= 1000224841. 
2024.05.22 22:54:06, Добавление строки. Связывание со входящим документом № 17 ЭД "Сведения о поступивших от юридических лиц платежах" № 14 ID= 1000224841. 
2024.05.22 22:54:19, Добавление строки. Связывание со входящим документом № 17 ЭД "Сведения о поступивших от юридических лиц платежах" № 14 ID= 1000224841. 
2024.05.22 22:54:32, Добавление строки. Связывание со входящим документом № 17 ЭД "Сведения о поступивших от юридических лиц платежах" № 14 ID= 1000224841. 
2024.05.22 22:54:44, Добавление строки. Связывание со входящим документом № 17 ЭД "Сведения о поступивших от юридических лиц платежах" № 14 ID= 1000224841. 
2024.05.22 22:54:57, Добавление строки. Связывание со входящим документом № 17 ЭД "Сведения о поступивших от юридических лиц платежах" № 14 ID= 1000224841. 
2024.05.22 22:55:09, Добавление строки. Связывание со входящим документом № 17 ЭД "Сведения о поступивших от юридических лиц платежах" № 14 ID= 1000224841. 
2024.05.22 22:55:22, Добавление строки. Связывание со входящим документом № 17 ЭД "Сведения о поступивших от юридических лиц платежах" № 14 ID= 1000224841. 
2024.05.22 22:55:34, Добавление строки. Связывание со входящим документом № 17 ЭД "Сведения о поступивших от юридических лиц платежах" № 14 ID= 1000224841. 
2024.05.22 22:55:47, Добавление строки. Связывание со входящим документом № 17 ЭД "Сведения о поступивших от юридических лиц платежах" № 14 ID= 1000224841. 
2024.05.22 22:55:59, Добавление строки. Связывание со входящим документом № 17 ЭД "Сведения о поступивших от юридических лиц платежах" № 14 ID= 1000224841. 
2024.05.22 22:56:12, Добавление строки. Связывание со входящим документом № 17 ЭД "Сведения о поступивших от юридических лиц платежах" № 14 ID= 1000224841. 
2024.05.22 22:56:24, Добавление строки. Связывание со входящим документом № 17 ЭД "Сведения о поступивших от юридических лиц платежах" № 14 ID= 1000224841. 
2024.05.22 22:56:37, Добавление строки. Связывание со входящим документом № 17 ЭД "Сведения о поступивших от юридических лиц платежах" № 14 ID= 1000224841. 
2024.05.22 22:56:49, Добавление строки. Связывание со входящим документом № 17 ЭД "Сведения о поступивших от юридических лиц платежах" № 14 ID= 1000224841. 
2024.05.22 22:57:02, Добавление строки. Связывание со входящим документом № 17 ЭД "Сведения о поступивших от юридических лиц платежах" № 14 ID= 1000224841. 
2024.05.22 22:57:15, Добавление строки. Связывание со входящим документом № 17 ЭД "Сведения о поступивших от юридических лиц платежах" № 14 ID= 1000224841. 
2024.05.22 22:57:27, Добавление строки. Связывание со входящим документом № 17 ЭД "Сведения о поступивших от юридических лиц платежах" № 14 ID= 1000224841. 
2024.05.22 22:57:40, Добавление строки. Связывание со входящим документом № 17 ЭД "Сведения о поступивших от юридических лиц платежах" № 14 ID= 1000224841. 
2024.05.22 22:57:52, Добавление строки. Связывание со входящим документом № 17 ЭД "Сведения о поступивших от юридических лиц платежах" № 14 ID= 1000224841. 
2024.05.22 22:58:05, Добавление строки. Связывание со входящим документом № 17 ЭД "Сведения о поступивших от юридических лиц платежах" № 14 ID= 1000224841. 
2024.05.22 22:58:17, Добавление строки. Связывание со входящим документом № 17 ЭД "Сведения о поступивших от юридических лиц платежах" № 14 ID= 1000224841. 
2024.05.22 22:58:30, Добавление строки. Связывание со входящим документом № 17 ЭД "Сведения о поступивших от юридических лиц платежах" № 14 ID= 1000224841. 
2024.05.22 22:58:42, Добавление строки. Связывание со входящим документом № 17 ЭД "Сведения о поступивших от юридических лиц платежах" № 14 ID= 1000224841. 
2024.05.22 22:58:55, Добавление строки. Связывание со входящим документом № 17 ЭД "Сведения о поступивших от юридических лиц платежах" № 14 ID= 1000224841. 
2024.05.22 22:59:07, Добавление строки. Связывание со входящим документом № 17 ЭД "Сведения о поступивших от юридических лиц платежах" № 14 ID= 1000224841. 
2024.05.22 22:59:20, Добавление строки. Связывание со входящим документом № 17 ЭД "Сведения о поступивших от юридических лиц платежах" № 14 ID= 1000224841. 
2024.05.22 22:59:32, Добавление строки. Связывание со входящим документом № 17 ЭД "Сведения о поступивших от юридических лиц платежах" № 14 ID= 1000224841. 
2024.05.22 22:59:45, Добавление строки. Связывание со входящим документом № 17 ЭД "Сведения о поступивших от юридических лиц платежах" № 14 ID= 1000224841. 
2024.05.22 22:59:58, Добавление строки. Связывание со входящим документом № 17 ЭД "Сведения о поступивших от юридических лиц платежах" № 14 ID= 1000224841. 
2024.05.22 23:00:10, Добавление строки. Связывание со входящим документом № 17 ЭД "Сведения о поступивших от юридических лиц платежах" № 14 ID= 1000224841. 
2024.05.22 23:00:23, Добавление строки. Связывание со входящим документом № 17 ЭД "Сведения о поступивших от юридических лиц платежах" № 14 ID= 1000224841. 
2024.05.22 23:00:35, Добавление строки. Связывание со входящим документом № 17 ЭД "Сведения о поступивших от юридических лиц платежах" № 14 ID= 1000224841. 
2024.05.22 23:00:48, Добавление строки. Связывание со входящим документом № 17 ЭД "Сведения о поступивших от юридических лиц платежах" № 14 ID= 1000224841. 
2024.05.22 23:01:00, Добавление строки. Связывание со входящим документом № 17 ЭД "Сведения о поступивших от юридических лиц платежах" № 14 ID= 1000224841. 
2024.05.22 23:01:13, Добавление строки. Связывание со входящим документом № 17 ЭД "Сведения о поступивших от юридических лиц платежах" № 14 ID= 1000224841. 
2024.05.22 23:01:26, Добавление строки. Связывание со входящим документом № 17 ЭД "Сведения о поступивших от юридических лиц платежах" № 14 ID= 1000224841. 
2024.05.22 23:01:38, Добавление строки. Связывание со входящим документом № 17 ЭД "Сведения о поступивших от юридических лиц платежах" № 14 ID= 1000224841. 
2024.05.22 23:01:51, Добавление строки. Связывание со входящим документом № 17 ЭД "Сведения о поступивших от юридических лиц платежах" № 14 ID= 1000224841. 
2024.05.22 23:02:03, Добавление строки. Связывание со входящим документом № 17 ЭД "Сведения о поступивших от юридических лиц платежах" № 14 ID= 1000224841. 
2024.05.22 23:02:16, Добавление строки. Связывание со входящим документом № 17 ЭД "Сведения о поступивших от юридических лиц платежах" № 14 ID= 1000224841. 
2024.05.22 23:02:28, Добавление строки. Связывание со входящим документом № 17 ЭД "Сведения о поступивших от юридических лиц платежах" № 14 ID= 1000224841. 
2024.05.22 23:02:41, Добавление строки. Связывание со входящим документом № 17 ЭД "Сведения о поступивших от юридических лиц платежах" № 14 ID= 1000224841. 
2024.05.22 23:02:54, Добавление строки. Связывание со входящим документом № 17 ЭД "Сведения о поступивших от юридических лиц платежах" № 14 ID= 1000224841. 
2024.05.22 23:03:06, Добавление строки. Связывание со входящим документом № 17 ЭД "Сведения о поступивших от юридических лиц платежах" № 14 ID= 1000224841. 
2024.05.22 23:03:19, Добавление строки. Связывание со входящим документом № 17 ЭД "Сведения о поступивших от юридических лиц платежах" № 14 ID= 1000224841. 
2024.05.22 23:03:31, Добавление строки. Связывание со входящим документом № 17 ЭД "Сведения о поступивших от юридических лиц платежах" № 14 ID= 1000224841. 
2024.05.22 23:03:44, Добавление строки. Связывание со входящим документом № 17 ЭД "Сведения о поступивших от юридических лиц платежах" № 14 ID= 1000224841. 
2024.05.22 23:03:56, Добавление строки. Связывание со входящим документом № 17 ЭД "Сведения о поступивших от юридических лиц платежах" № 14 ID= 1000224841. 
2024.05.22 23:04:09, Добавление строки. Связывание со входящим документом № 17 ЭД "Сведения о поступивших от юридических лиц платежах" № 14 ID= 1000224841. 
2024.05.22 23:04:22, Добавление строки. Связывание со входящим документом № 17 ЭД "Сведения о поступивших от юридических лиц платежах" № 14 ID= 1000224841. 
2024.05.22 23:04:34, Добавление строки. Связывание со входящим документом № 17 ЭД "Сведения о поступивших от юридических лиц платежах" № 14 ID= 1000224841. 
2024.05.22 23:04:47, Добавление строки. Связывание со входящим документом № 17 ЭД "Сведения о поступивших от юридических лиц платежах" № 14 ID= 1000224841. 
2024.05.22 23:04:59, Добавление строки. Связывание со входящим документом № 17 ЭД "Сведения о поступивших от юридических лиц платежах" № 14 ID= 1000224841. 
2024.05.22 23:05:12, Добавление строки. Связывание со входящим документом № 17 ЭД "Сведения о поступивших от юридических лиц платежах" № 14 ID= 1000224841. 
2024.05.22 23:05:24, Добавление строки. Связывание со входящим документом № 17 ЭД "Сведения о поступивших от юридических лиц платежах" № 14 ID= 1000224841. 
2024.05.22 23:05:37, Добавление строки. Связывание со входящим документом № 17 ЭД "Сведения о поступивших от юридических лиц платежах" № 14 ID= 1000224841. 
2024.05.22 23:05:50, Добавление строки. Связывание со входящим документом № 17 ЭД "Сведения о поступивших от юридических лиц платежах" № 14 ID= 1000224841. 
2024.05.22 23:06:02, Добавление строки. Связывание со входящим документом № 17 ЭД "Сведения о поступивших от юридических лиц платежах" № 14 ID= 1000224841. 
2024.05.22 23:06:15, Добавление строки. Связывание со входящим документом № 17 ЭД "Сведения о поступивших от юридических лиц платежах" № 14 ID= 1000224841. 
2024.05.22 23:06:27, Добавление строки. Связывание со входящим документом № 17 ЭД "Сведения о поступивших от юридических лиц платежах" № 14 ID= 1000224841. 
2024.05.22 23:06:40, Добавление строки. Связывание со входящим документом № 17 ЭД "Сведения о поступивших от юридических лиц платежах" № 14 ID= 1000224841. 
2024.05.22 23:06:53, Добавление строки. Связывание со входящим документом № 17 ЭД "Сведения о поступивших от юридических лиц платежах" № 14 ID= 1000224841. 
2024.05.22 23:07:05, Добавление строки. Связывание со входящим документом № 17 ЭД "Сведения о поступивших от юридических лиц платежах" № 14 ID= 1000224841. 
2024.05.22 23:07:18, Добавление строки. Связывание со входящим документом № 17 ЭД "Сведения о поступивших от юридических лиц платежах" № 14 ID= 1000224841. 
2024.05.22 23:07:31, Добавление строки. Связывание со входящим документом № 17 ЭД "Сведения о поступивших от юридических лиц платежах" № 14 ID= 1000224841. 
2024.05.22 23:07:43, Добавление строки. Связывание со входящим документом № 17 ЭД "Сведения о поступивших от юридических лиц платежах" № 14 ID= 1000224841. 
2024.05.22 23:07:56, Добавление строки. Связывание со входящим документом № 17 ЭД "Сведения о поступивших от юридических лиц платежах" № 14 ID= 1000224841. 
2024.05.22 23:08:08, Добавление строки. Связывание со входящим документом № 17 ЭД "Сведения о поступивших от юридических лиц платежах" № 14 ID= 1000224841. 
2024.05.22 23:08:21, Добавление строки. Связывание со входящим документом № 17 ЭД "Сведения о поступивших от юридических лиц платежах" № 14 ID= 1000224841. 
2024.05.22 23:08:34, Добавление строки. Связывание со входящим документом № 17 ЭД "Сведения о поступивших от юридических лиц платежах" № 14 ID= 1000224841. 
2024.05.22 23:08:46, Добавление строки. Связывание со входящим документом № 17 ЭД "Сведения о поступивших от юридических лиц платежах" № 14 ID= 1000224841. 
2024.05.22 23:08:59, Добавление строки. Связывание со входящим документом № 17 ЭД "Сведения о поступивших от юридических лиц платежах" № 14 ID= 1000224841. 
2024.05.22 23:09:12, Добавление строки. Связывание со входящим документом № 17 ЭД "Сведения о поступивших от юридических лиц платежах" № 14 ID= 1000224841. 
2024.05.22 23:09:24, Добавление строки. Связывание со входящим документом № 17 ЭД "Сведения о поступивших от юридических лиц платежах" № 14 ID= 1000224841. 
2024.05.22 23:09:37, Добавление строки. Связывание со входящим документом № 17 ЭД "Сведения о поступивших от юридических лиц платежах" № 14 ID= 1000224841. 
2024.05.22 23:09:50, Добавление строки. Связывание со входящим документом № 17 ЭД "Сведения о поступивших от юридических лиц платежах" № 14 ID= 1000224841. 
2024.05.22 23:10:02, Добавление строки. Связывание со входящим документом № 17 ЭД "Сведения о поступивших от юридических лиц платежах" № 14 ID= 1000224841. 
2024.05.22 23:10:15, Добавление строки. Связывание со входящим документом № 17 ЭД "Сведения о поступивших от юридических лиц платежах" № 14 ID= 1000224841. 
2024.05.22 23:10:28, Добавление строки. Связывание со входящим документом № 17 ЭД "Сведения о поступивших от юридических лиц платежах" № 14 ID= 1000224841. 
2024.05.22 23:10:40, Добавление строки. Связывание со входящим документом № 17 ЭД "Сведения о поступивших от юридических лиц платежах" № 14 ID= 1000224841. 
2024.05.22 23:10:53, Добавление строки. Связывание со входящим документом № 17 ЭД "Сведения о поступивших от юридических лиц платежах" № 14 ID= 1000224841. 
2024.05.22 23:11:06, Добавление строки. Связывание со входящим документом № 17 ЭД "Сведения о поступивших от юридических лиц платежах" № 14 ID= 1000224841. 
2024.05.22 23:11:18, Добавление строки. Связывание со входящим документом № 17 ЭД "Сведения о поступивших от юридических лиц платежах" № 14 ID= 1000224841. 
2024.05.22 23:11:31, Добавление строки. Связывание со входящим документом № 17 ЭД "Сведения о поступивших от юридических лиц платежах" № 14 ID= 1000224841. 
2024.05.22 23:11:44, Добавление строки. Связывание со входящим документом № 17 ЭД "Сведения о поступивших от юридических лиц платежах" № 14 ID= 1000224841. 
2024.05.22 23:11:56, Добавление строки. Связывание со входящим документом № 17 ЭД "Сведения о поступивших от юридических лиц платежах" № 14 ID= 1000224841. 
2024.05.22 23:12:09, Добавление строки. Связывание со входящим документом № 17 ЭД "Сведения о поступивших от юридических лиц платежах" № 14 ID= 1000224841. 
2024.05.22 23:12:22, Добавление строки. Связывание со входящим документом № 17 ЭД "Сведения о поступивших от юридических лиц платежах" № 14 ID= 1000224841. 
2024.05.22 23:12:34, Добавление строки. Связывание со входящим документом № 17 ЭД "Сведения о поступивших от юридических лиц платежах" № 14 ID= 1000224841. 
2024.05.22 23:12:47, Добавление строки. Связывание со входящим документом № 17 ЭД "Сведения о поступивших от юридических лиц платежах" № 14 ID= 1000224841. 
2024.05.22 23:13:00, Добавление строки. Связывание со входящим документом № 17 ЭД "Сведения о поступивших от юридических лиц платежах" № 14 ID= 1000224841. 
2024.05.22 23:13:12, Добавление строки. Связывание со входящим документом № 17 ЭД "Сведения о поступивших от юридических лиц платежах" № 14 ID= 1000224841. 
2024.05.22 23:13:25, Добавление строки. Связывание со входящим документом № 17 ЭД "Сведения о поступивших от юридических лиц платежах" № 14 ID= 1000224841. 
2024.05.22 23:13:38, Добавление строки. Связывание со входящим документом № 17 ЭД "Сведения о поступивших от юридических лиц платежах" № 14 ID= 1000224841. 
2024.05.22 23:13:51, Добавление строки. Связывание со входящим документом № 17 ЭД "Сведения о поступивших от юридических лиц платежах" № 14 ID= 1000224841. 
2024.05.22 23:14:03, Добавление строки. Связывание со входящим документом № 17 ЭД "Сведения о поступивших от юридических лиц платежах" № 14 ID= 1000224841. 
2024.05.22 23:14:16, Добавление строки. Связывание со входящим документом № 17 ЭД "Сведения о поступивших от юридических лиц платежах" № 14 ID= 1000224841. 
2024.05.22 23:14:29, Добавление строки. Связывание со входящим документом № 17 ЭД "Сведения о поступивших от юридических лиц платежах" № 14 ID= 1000224841. 
2024.05.22 23:14:41, Добавление строки. Связывание со входящим документом № 17 ЭД "Сведения о поступивших от юридических лиц платежах" № 14 ID= 1000224841. 
2024.05.22 23:14:54, Добавление строки. Связывание со входящим документом № 17 ЭД "Сведения о поступивших от юридических лиц платежах" № 14 ID= 1000224841. 
2024.05.22 23:15:07, Добавление строки. Связывание со входящим документом № 17 ЭД "Сведения о поступивших от юридических лиц платежах" № 14 ID= 1000224841. 
2024.05.22 23:15:19, Добавление строки. Связывание со входящим документом № 17 ЭД "Сведения о поступивших от юридических лиц платежах" № 14 ID= 1000224841. 
2024.05.22 23:15:32, Добавление строки. Связывание со входящим документом № 17 ЭД "Сведения о поступивших от юридических лиц платежах" № 14 ID= 1000224841. 
2024.05.22 23:15:45, Добавление строки. Связывание со входящим документом № 17 ЭД "Сведения о поступивших от юридических лиц платежах" № 14 ID= 1000224841. 
2024.05.22 23:15:58, Добавление строки. Связывание со входящим документом № 17 ЭД "Сведения о поступивших от юридических лиц платежах" № 14 ID= 1000224841. 
2024.05.22 23:16:10, Добавление строки. Связывание со входящим документом № 17 ЭД "Сведения о поступивших от юридических лиц платежах" № 14 ID= 1000224841. 
2024.05.22 23:16:23, Добавление строки. Связывание со входящим документом № 17 ЭД "Сведения о поступивших от юридических лиц платежах" № 14 ID= 1000224841. 
2024.05.22 23:16:36, Добавление строки. Связывание со входящим документом № 17 ЭД "Сведения о поступивших от юридических лиц платежах" № 14 ID= 1000224841. 
2024.05.22 23:16:48, Добавление строки. Связывание со входящим документом № 17 ЭД "Сведения о поступивших от юридических лиц платежах" № 14 ID= 1000224841. 
2024.05.22 23:17:01, Добавление строки. Связывание со входящим документом № 17 ЭД "Сведения о поступивших от юридических лиц платежах" № 14 ID= 1000224841. 
2024.05.22 23:17:14, Добавление строки. Связывание со входящим документом № 17 ЭД "Сведения о поступивших от юридических лиц платежах" № 14 ID= 1000224841. 
2024.05.22 23:17:27, Добавление строки. Связывание со входящим документом № 17 ЭД "Сведения о поступивших от юридических лиц платежах" № 14 ID= 1000224841. 
2024.05.22 23:17:39, Добавление строки. Связывание со входящим документом № 17 ЭД "Сведения о поступивших от юридических лиц платежах" № 14 ID= 1000224841. 
2024.05.22 23:17:52, Добавление строки. Связывание со входящим документом № 17 ЭД "Сведения о поступивших от юридических лиц платежах" № 14 ID= 1000224841. 
2024.05.22 23:18:05, Добавление строки. Связывание со входящим документом № 17 ЭД "Сведения о поступивших от юридических лиц платежах" № 14 ID= 1000224841. 
2024.05.22 23:18:18, Добавление строки. Связывание со входящим документом № 17 ЭД "Сведения о поступивших от юридических лиц платежах" № 14 ID= 1000224841. 
2024.05.22 23:18:30, Добавление строки. Связывание со входящим документом № 17 ЭД "Сведения о поступивших от юридических лиц платежах" № 14 ID= 1000224841. 
2024.05.22 23:18:43, Добавление строки. Связывание со входящим документом № 17 ЭД "Сведения о поступивших от юридических лиц платежах" № 14 ID= 1000224841. 
2024.05.22 23:18:56, Добавление строки. Связывание со входящим документом № 17 ЭД "Сведения о поступивших от юридических лиц платежах" № 14 ID= 1000224841. 
2024.05.22 23:19:09, Добавление строки. Связывание со входящим документом № 17 ЭД "Сведения о поступивших от юридических лиц платежах" № 14 ID= 1000224841. 
2024.05.22 23:19:21, Добавление строки. Связывание со входящим документом № 17 ЭД "Сведения о поступивших от юридических лиц платежах" № 14 ID= 1000224841. 
2024.05.22 23:19:34, Добавление строки. Связывание со входящим документом № 17 ЭД "Сведения о поступивших от юридических лиц платежах" № 14 ID= 1000224841. 
2024.05.22 23:19:47, Добавление строки. Связывание со входящим документом № 17 ЭД "Сведения о поступивших от юридических лиц платежах" № 14 ID= 1000224841. 
2024.05.22 23:20:00, Добавление строки. Связывание со входящим документом № 17 ЭД "Сведения о поступивших от юридических лиц платежах" № 14 ID= 1000224841. 
2024.05.22 23:20:12, Добавление строки. Связывание со входящим документом № 17 ЭД "Сведения о поступивших от юридических лиц платежах" № 14 ID= 1000224841. 
2024.05.22 23:20:25, Добавление строки. Связывание со входящим документом № 17 ЭД "Сведения о поступивших от юридических лиц платежах" № 14 ID= 1000224841. 
2024.05.22 23:20:38, Добавление строки. Связывание со входящим документом № 17 ЭД "Сведения о поступивших от юридических лиц платежах" № 14 ID= 1000224841. 
2024.05.22 23:20:51, Добавление строки. Связывание со входящим документом № 17 ЭД "Сведения о поступивших от юридических лиц платежах" № 14 ID= 1000224841. 
2024.05.22 23:21:03, Добавление строки. Связывание со входящим документом № 17 ЭД "Сведения о поступивших от юридических лиц платежах" № 14 ID= 1000224841. 
2024.05.22 23:21:16, Добавление строки. Связывание со входящим документом № 17 ЭД "Сведения о поступивших от юридических лиц платежах" № 14 ID= 1000224841. 
2024.05.22 23:21:29, Добавление строки. Связывание со входящим документом № 17 ЭД "Сведения о поступивших от юридических лиц платежах" № 14 ID= 1000224841. 
2024.05.22 23:21:42, Добавление строки. Связывание со входящим документом № 17 ЭД "Сведения о поступивших от юридических лиц платежах" № 14 ID= 1000224841. 
2024.05.22 23:21:54, Добавление строки. Связывание со входящим документом № 17 ЭД "Сведения о поступивших от юридических лиц платежах" № 14 ID= 1000224841. 
2024.05.22 23:22:07, Добавление строки. Связывание со входящим документом № 17 ЭД "Сведения о поступивших от юридических лиц платежах" № 14 ID= 1000224841. 
2024.05.22 23:22:20, Добавление строки. Связывание со входящим документом № 17 ЭД "Сведения о поступивших от юридических лиц платежах" № 14 ID= 1000224841. 
2024.05.22 23:22:33, Добавление строки. Связывание со входящим документом № 17 ЭД "Сведения о поступивших от юридических лиц платежах" № 14 ID= 1000224841. 
2024.05.22 23:22:46, Добавление строки. Связывание со входящим документом № 17 ЭД "Сведения о поступивших от юридических лиц платежах" № 14 ID= 1000224841. 
2024.05.22 23:22:58, Добавление строки. Связывание со входящим документом № 17 ЭД "Сведения о поступивших от юридических лиц платежах" № 14 ID= 1000224841. 
2024.05.22 23:23:11, Добавление строки. Связывание со входящим документом № 17 ЭД "Сведения о поступивших от юридических лиц платежах" № 14 ID= 1000224841. 
2024.05.22 23:23:24, Добавление строки. Связывание со входящим документом № 17 ЭД "Сведения о поступивших от юридических лиц платежах" № 14 ID= 1000224841. 
2024.05.22 23:23:37, Добавление строки. Связывание со входящим документом № 17 ЭД "Сведения о поступивших от юридических лиц платежах" № 14 ID= 1000224841. 
2024.05.22 23:23:50, Добавление строки. Связывание со входящим документом № 17 ЭД "Сведения о поступивших от юридических лиц платежах" № 14 ID= 1000224841. 
2024.05.22 23:24:03, Добавление строки. Связывание со входящим документом № 17 ЭД "Сведения о поступивших от юридических лиц платежах" № 14 ID= 1000224841. 
2024.05.22 23:24:16, Добавление строки. Связывание со входящим документом № 17 ЭД "Сведения о поступивших от юридических лиц платежах" № 14 ID= 1000224841. 
2024.05.22 23:24:28, Добавление строки. Связывание со входящим документом № 17 ЭД "Сведения о поступивших от юридических лиц платежах" № 14 ID= 1000224841. 
2024.05.22 23:24:41, Добавление строки. Связывание со входящим документом № 17 ЭД "Сведения о поступивших от юридических лиц платежах" № 14 ID= 1000224841. 
2024.05.22 23:24:54, Добавление строки. Связывание со входящим документом № 17 ЭД "Сведения о поступивших от юридических лиц платежах" № 14 ID= 1000224841. 
2024.05.22 23:25:07, Добавление строки. Связывание со входящим документом № 17 ЭД "Сведения о поступивших от юридических лиц платежах" № 14 ID= 1000224841. 
2024.05.22 23:25:20, Добавление строки. Связывание со входящим документом № 17 ЭД "Сведения о поступивших от юридических лиц платежах" № 14 ID= 1000224841. 
2024.05.22 23:25:33, Добавление строки. Связывание со входящим документом № 17 ЭД "Сведения о поступивших от юридических лиц платежах" № 14 ID= 1000224841. 
2024.05.22 23:25:45, Добавление строки. Связывание со входящим документом № 17 ЭД "Сведения о поступивших от юридических лиц платежах" № 14 ID= 1000224841. 
2024.05.22 23:25:58, Добавление строки. Связывание со входящим документом № 17 ЭД "Сведения о поступивших от юридических лиц платежах" № 14 ID= 1000224841. 
2024.05.22 23:26:11, Добавление строки. Связывание со входящим документом № 17 ЭД "Сведения о поступивших от юридических лиц платежах" № 14 ID= 1000224841. 
2024.05.22 23:26:24, Добавление строки. Связывание со входящим документом № 17 ЭД "Сведения о поступивших от юридических лиц платежах" № 14 ID= 1000224841. 
2024.05.22 23:26:37, Добавление строки. Связывание со входящим документом № 17 ЭД "Сведения о поступивших от юридических лиц платежах" № 14 ID= 1000224841. 
2024.05.22 23:26:50, Добавление строки. Связывание со входящим документом № 17 ЭД "Сведения о поступивших от юридических лиц платежах" № 14 ID= 1000224841. 
2024.05.22 23:27:02, Добавление строки. Связывание со входящим документом № 17 ЭД "Сведения о поступивших от юридических лиц платежах" № 14 ID= 1000224841. 
2024.05.22 23:27:15, Добавление строки. Связывание со входящим документом № 17 ЭД "Сведения о поступивших от юридических лиц платежах" № 14 ID= 1000224841. 
2024.05.22 23:27:28, Добавление строки. Связывание со входящим документом № 17 ЭД "Сведения о поступивших от юридических лиц платежах" № 14 ID= 1000224841. 
2024.05.22 23:27:41, Добавление строки. Связывание со входящим документом № 17 ЭД "Сведения о поступивших от юридических лиц платежах" № 14 ID= 1000224841. 
2024.05.22 23:27:54, Добавление строки. Связывание со входящим документом № 17 ЭД "Сведения о поступивших от юридических лиц платежах" № 14 ID= 1000224841. 
2024.05.22 23:28:07, Добавление строки. Связывание со входящим документом № 17 ЭД "Сведения о поступивших от юридических лиц платежах" № 14 ID= 1000224841. 
2024.05.22 23:28:20, Добавление строки. Связывание со входящим документом № 17 ЭД "Сведения о поступивших от юридических лиц платежах" № 14 ID= 1000224841. 
2024.05.22 23:28:33, Добавление строки. Связывание со входящим документом № 17 ЭД "Сведения о поступивших от юридических лиц платежах" № 14 ID= 1000224841. 
2024.05.22 23:28:45, Добавление строки. Связывание со входящим документом № 17 ЭД "Сведения о поступивших от юридических лиц платежах" № 14 ID= 1000224841. 
2024.05.22 23:28:58, Добавление строки. Связывание со входящим документом № 17 ЭД "Сведения о поступивших от юридических лиц платежах" № 14 ID= 1000224841. 
2024.05.22 23:29:11, Добавление строки. Связывание со входящим документом № 17 ЭД "Сведения о поступивших от юридических лиц платежах" № 14 ID= 1000224841. 
2024.05.22 23:29:24, Добавление строки. Связывание со входящим документом № 17 ЭД "Сведения о поступивших от юридических лиц платежах" № 14 ID= 1000224841. 
2024.05.22 23:29:37, Добавление строки. Связывание со входящим документом № 17 ЭД "Сведения о поступивших от юридических лиц платежах" № 14 ID= 1000224841. 
2024.05.22 23:29:50, Добавление строки. Связывание со входящим документом № 17 ЭД "Сведения о поступивших от юридических лиц платежах" № 14 ID= 1000224841. 
2024.05.22 23:30:03, Добавление строки. Связывание со входящим документом № 17 ЭД "Сведения о поступивших от юридических лиц платежах" № 14 ID= 1000224841. 
2024.05.22 23:30:16, Добавление строки. Связывание со входящим документом № 17 ЭД "Сведения о поступивших от юридических лиц платежах" № 14 ID= 1000224841. 
2024.05.22 23:30:29, Добавление строки. Связывание со входящим документом № 17 ЭД "Сведения о поступивших от юридических лиц платежах" № 14 ID= 1000224841. 
2024.05.22 23:30:41, Добавление строки. Связывание со входящим документом № 17 ЭД "Сведения о поступивших от юридических лиц платежах" № 14 ID= 1000224841. 
2024.05.22 23:30:54, Добавление строки. Связывание со входящим документом № 17 ЭД "Сведения о поступивших от юридических лиц платежах" № 14 ID= 1000224841. 
2024.05.22 23:31:08, Добавление строки. Связывание со входящим документом № 17 ЭД "Сведения о поступивших от юридических лиц платежах" № 14 ID= 1000224841. 
2024.05.22 23:31:21, Добавление строки. Связывание со входящим документом № 17 ЭД "Сведения о поступивших от юридических лиц платежах" № 14 ID= 1000224841. 
2024.05.22 23:31:34, Добавление строки. Связывание со входящим документом № 17 ЭД "Сведения о поступивших от юридических лиц платежах" № 14 ID= 1000224841. 
2024.05.22 23:31:47, Добавление строки. Связывание со входящим документом № 17 ЭД "Сведения о поступивших от юридических лиц платежах" № 14 ID= 1000224841. 
2024.05.22 23:32:00, Добавление строки. Связывание со входящим документом № 17 ЭД "Сведения о поступивших от юридических лиц платежах" № 14 ID= 1000224841. 
2024.05.22 23:32:13, Добавление строки. Связывание со входящим документом № 17 ЭД "Сведения о поступивших от юридических лиц платежах" № 14 ID= 1000224841. 
2024.05.22 23:32:25, Добавление строки. Связывание со входящим документом № 17 ЭД "Сведения о поступивших от юридических лиц платежах" № 14 ID= 1000224841. 
2024.05.22 23:32:38, Добавление строки. Связывание со входящим документом № 17 ЭД "Сведения о поступивших от юридических лиц платежах" № 14 ID= 1000224841. 
2024.05.22 23:32:51, Добавление строки. Связывание со входящим документом № 17 ЭД "Сведения о поступивших от юридических лиц платежах" № 14 ID= 1000224841. 
2024.05.22 23:33:04, Добавление строки. Связывание со входящим документом № 17 ЭД "Сведения о поступивших от юридических лиц платежах" № 14 ID= 1000224841. 
2024.05.22 23:33:17, Добавление строки. Связывание со входящим документом № 17 ЭД "Сведения о поступивших от юридических лиц платежах" № 14 ID= 1000224841. 
2024.05.22 23:33:30, Добавление строки. Связывание со входящим документом № 17 ЭД "Сведения о поступивших от юридических лиц платежах" № 14 ID= 1000224841. 
2024.05.22 23:33:43, Добавление строки. Связывание со входящим документом № 17 ЭД "Сведения о поступивших от юридических лиц платежах" № 14 ID= 1000224841. 
2024.05.22 23:33:56, Добавление строки. Связывание со входящим документом № 17 ЭД "Сведения о поступивших от юридических лиц платежах" № 14 ID= 1000224841. 
2024.05.22 23:34:09, Добавление строки. Связывание со входящим документом № 17 ЭД "Сведения о поступивших от юридических лиц платежах" № 14 ID= 1000224841. 
2024.05.22 23:34:22, Добавление строки. Связывание со входящим документом № 17 ЭД "Сведения о поступивших от юридических лиц платежах" № 14 ID= 1000224841. 
2024.05.22 23:34:34, Добавление строки. Связывание со входящим документом № 17 ЭД "Сведения о поступивших от юридических лиц платежах" № 14 ID= 1000224841. 
2024.05.22 23:34:47, Добавление строки. Связывание со входящим документом № 17 ЭД "Сведения о поступивших от юридических лиц платежах" № 14 ID= 1000224841. 
2024.05.22 23:35:00, Добавление строки. Связывание со входящим документом № 17 ЭД "Сведения о поступивших от юридических лиц платежах" № 14 ID= 1000224841. 
2024.05.22 23:35:13, Добавление строки. Связывание со входящим документом № 17 ЭД "Сведения о поступивших от юридических лиц платежах" № 14 ID= 1000224841. 
2024.05.22 23:35:26, Добавление строки. Связывание со входящим документом № 17 ЭД "Сведения о поступивших от юридических лиц платежах" № 14 ID= 1000224841. 
2024.05.22 23:35:39, Добавление строки. Связывание со входящим документом № 17 ЭД "Сведения о поступивших от юридических лиц платежах" № 14 ID= 1000224841. 
2024.05.22 23:35:52, Добавление строки. Связывание со входящим документом № 17 ЭД "Сведения о поступивших от юридических лиц платежах" № 14 ID= 1000224841. 
2024.05.22 23:36:05, Добавление строки. Связывание со входящим документом № 17 ЭД "Сведения о поступивших от юридических лиц платежах" № 14 ID= 1000224841. 
2024.05.22 23:36:18, Добавление строки. Связывание со входящим документом № 17 ЭД "Сведения о поступивших от юридических лиц платежах" № 14 ID= 1000224841. 
2024.05.22 23:36:31, Добавление строки. Связывание со входящим документом № 17 ЭД "Сведения о поступивших от юридических лиц платежах" № 14 ID= 1000224841. 
2024.05.22 23:36:44, Добавление строки. Связывание со входящим документом № 17 ЭД "Сведения о поступивших от юридических лиц платежах" № 14 ID= 1000224841. 
2024.05.22 23:36:57, Добавление строки. Связывание со входящим документом № 17 ЭД "Сведения о поступивших от юридических лиц платежах" № 14 ID= 1000224841. 
2024.05.22 23:37:10, Добавление строки. Связывание со входящим документом № 17 ЭД "Сведения о поступивших от юридических лиц платежах" № 14 ID= 1000224841. 
2024.05.22 23:37:23, Добавление строки. Связывание со входящим документом № 17 ЭД "Сведения о поступивших от юридических лиц платежах" № 14 ID= 1000224841. 
2024.05.22 23:37:35, Добавление строки. Связывание со входящим документом № 17 ЭД "Сведения о поступивших от юридических лиц платежах" № 14 ID= 1000224841. 
2024.05.22 23:37:48, Добавление строки. Связывание со входящим документом № 17 ЭД "Сведения о поступивших от юридических лиц платежах" № 14 ID= 1000224841. 
2024.05.22 23:38:02, Добавление строки. Связывание со входящим документом № 17 ЭД "Сведения о поступивших от юридических лиц платежах" № 14 ID= 1000224841. 
2024.05.22 23:38:15, Добавление строки. Связывание со входящим документом № 17 ЭД "Сведения о поступивших от юридических лиц платежах" № 14 ID= 1000224841. 
2024.05.22 23:38:27, Добавление строки. Связывание со входящим документом № 17 ЭД "Сведения о поступивших от юридических лиц платежах" № 14 ID= 1000224841. 
2024.05.22 23:38:41, Добавление строки. Связывание со входящим документом № 17 ЭД "Сведения о поступивших от юридических лиц платежах" № 14 ID= 1000224841. 
2024.05.22 23:38:53, Добавление строки. Связывание со входящим документом № 17 ЭД "Сведения о поступивших от юридических лиц платежах" № 14 ID= 1000224841. 
2024.05.22 23:39:06, Добавление строки. Связывание со входящим документом № 17 ЭД "Сведения о поступивших от юридических лиц платежах" № 14 ID= 1000224841. 
2024.05.22 23:39:19, Добавление строки. Связывание со входящим документом № 17 ЭД "Сведения о поступивших от юридических лиц платежах" № 14 ID= 1000224841. 
2024.05.22 23:39:32, Добавление строки. Связывание со входящим документом № 17 ЭД "Сведения о поступивших от юридических лиц платежах" № 14 ID= 1000224841. 
2024.05.22 23:39:45, Добавление строки. Связывание со входящим документом № 17 ЭД "Сведения о поступивших от юридических лиц платежах" № 14 ID= 1000224841. 
2024.05.22 23:39:58, Добавление строки. Связывание со входящим документом № 17 ЭД "Сведения о поступивших от юридических лиц платежах" № 14 ID= 1000224841. 
2024.05.22 23:40:11, Добавление строки. Связывание со входящим документом № 17 ЭД "Сведения о поступивших от юридических лиц платежах" № 14 ID= 1000224841. 
2024.05.22 23:40:24, Добавление строки. Связывание со входящим документом № 17 ЭД "Сведения о поступивших от юридических лиц платежах" № 14 ID= 1000224841. 
2024.05.22 23:40:37, Добавление строки. Связывание со входящим документом № 17 ЭД "Сведения о поступивших от юридических лиц платежах" № 14 ID= 1000224841. 
2024.05.22 23:40:50, Добавление строки. Связывание со входящим документом № 17 ЭД "Сведения о поступивших от юридических лиц платежах" № 14 ID= 1000224841. 
2024.05.22 23:41:03, Добавление строки. Связывание со входящим документом № 17 ЭД "Сведения о поступивших от юридических лиц платежах" № 14 ID= 1000224841. 
2024.05.22 23:41:16, Добавление строки. Связывание со входящим документом № 17 ЭД "Сведения о поступивших от юридических лиц платежах" № 14 ID= 1000224841. 
2024.05.22 23:41:29, Добавление строки. Связывание со входящим документом № 17 ЭД "Сведения о поступивших от юридических лиц платежах" № 14 ID= 1000224841. 
2024.05.22 23:41:42, Добавление строки. Связывание со входящим документом № 17 ЭД "Сведения о поступивших от юридических лиц платежах" № 14 ID= 1000224841. 
2024.05.22 23:41:55, Добавление строки. Связывание со входящим документом № 17 ЭД "Сведения о поступивших от юридических лиц платежах" № 14 ID= 1000224841. 
2024.05.22 23:42:08, Добавление строки. Связывание со входящим документом № 17 ЭД "Сведения о поступивших от юридических лиц платежах" № 14 ID= 1000224841. 
2024.05.22 23:42:21, Добавление строки. Связывание со входящим документом № 17 ЭД "Сведения о поступивших от юридических лиц платежах" № 14 ID= 1000224841. 
2024.05.22 23:42:34, Добавление строки. Связывание со входящим документом № 17 ЭД "Сведения о поступивших от юридических лиц платежах" № 14 ID= 1000224841. 
2024.05.22 23:42:47, Добавление строки. Связывание со входящим документом № 17 ЭД "Сведения о поступивших от юридических лиц платежах" № 14 ID= 1000224841. 
2024.05.22 23:43:00, Добавление строки. Связывание со входящим документом № 17 ЭД "Сведения о поступивших от юридических лиц платежах" № 14 ID= 1000224841. 
2024.05.22 23:43:13, Добавление строки. Связывание со входящим документом № 17 ЭД "Сведения о поступивших от юридических лиц платежах" № 14 ID= 1000224841. 
2024.05.22 23:43:26, Добавление строки. Связывание со входящим документом № 17 ЭД "Сведения о поступивших от юридических лиц платежах" № 14 ID= 1000224841. 
2024.05.22 23:43:39, Добавление строки. Связывание со входящим документом № 17 ЭД "Сведения о поступивших от юридических лиц платежах" № 14 ID= 1000224841. 
2024.05.22 23:43:52, Добавление строки. Связывание со входящим документом № 17 ЭД "Сведения о поступивших от юридических лиц платежах" № 14 ID= 1000224841. 
2024.05.22 23:44:05, Добавление строки. Связывание со входящим документом № 17 ЭД "Сведения о поступивших от юридических лиц платежах" № 14 ID= 1000224841. 
2024.05.22 23:44:18, Добавление строки. Связывание со входящим документом № 17 ЭД "Сведения о поступивших от юридических лиц платежах" № 14 ID= 1000224841. 
2024.05.22 23:44:31, Добавление строки. Связывание со входящим документом № 17 ЭД "Сведения о поступивших от юридических лиц платежах" № 14 ID= 1000224841. 
2024.05.22 23:44:44, Добавление строки. Связывание со входящим документом № 17 ЭД "Сведения о поступивших от юридических лиц платежах" № 14 ID= 1000224841. 
2024.05.22 23:44:57, Добавление строки. Связывание со входящим документом № 17 ЭД "Сведения о поступивших от юридических лиц платежах" № 14 ID= 1000224841. 
2024.05.22 23:45:10, Добавление строки. Связывание со входящим документом № 17 ЭД "Сведения о поступивших от юридических лиц платежах" № 14 ID= 1000224841. 
2024.05.22 23:45:23, Добавление строки. Связывание со входящим документом № 17 ЭД "Сведения о поступивших от юридических лиц платежах" № 14 ID= 1000224841. 
2024.05.22 23:45:37, Добавление строки. Связывание со входящим документом № 17 ЭД "Сведения о поступивших от юридических лиц платежах" № 14 ID= 1000224841. 
2024.05.22 23:45:50, Добавление строки. Связывание со входящим документом № 17 ЭД "Сведения о поступивших от юридических лиц платежах" № 14 ID= 1000224841. 
2024.05.22 23:46:02, Добавление строки. Связывание со входящим документом № 17 ЭД "Сведения о поступивших от юридических лиц платежах" № 14 ID= 1000224841. 
2024.05.22 23:46:16, Добавление строки. Связывание со входящим документом № 17 ЭД "Сведения о поступивших от юридических лиц платежах" № 14 ID= 1000224841. 
2024.05.22 23:46:29, Добавление строки. Связывание со входящим документом № 17 ЭД "Сведения о поступивших от юридических лиц платежах" № 14 ID= 1000224841. 
2024.05.22 23:46:42, Добавление строки. Связывание со входящим документом № 17 ЭД "Сведения о поступивших от юридических лиц платежах" № 14 ID= 1000224841. 
2024.05.22 23:46:55, Добавление строки. Связывание со входящим документом № 17 ЭД "Сведения о поступивших от юридических лиц платежах" № 14 ID= 1000224841. 
2024.05.22 23:47:08, Добавление строки. Связывание со входящим документом № 17 ЭД "Сведения о поступивших от юридических лиц платежах" № 14 ID= 1000224841. 
2024.05.22 23:47:21, Добавление строки. Связывание со входящим документом № 17 ЭД "Сведения о поступивших от юридических лиц платежах" № 14 ID= 1000224841. 
2024.05.22 23:47:34, Добавление строки. Связывание со входящим документом № 17 ЭД "Сведения о поступивших от юридических лиц платежах" № 14 ID= 1000224841. 
2024.05.22 23:47:47, Добавление строки. Связывание со входящим документом № 17 ЭД "Сведения о поступивших от юридических лиц платежах" № 14 ID= 1000224841. 
2024.05.22 23:48:00, Добавление строки. Связывание со входящим документом № 17 ЭД "Сведения о поступивших от юридических лиц платежах" № 14 ID= 1000224841. 
2024.05.22 23:48:13, Добавление строки. Связывание со входящим документом № 17 ЭД "Сведения о поступивших от юридических лиц платежах" № 14 ID= 1000224841. 
2024.05.22 23:48:26, Добавление строки. Связывание со входящим документом № 17 ЭД "Сведения о поступивших от юридических лиц платежах" № 14 ID= 1000224841. 
2024.05.22 23:48:39, Добавление строки. Связывание со входящим документом № 17 ЭД "Сведения о поступивших от юридических лиц платежах" № 14 ID= 1000224841. 
2024.05.22 23:48:52, Добавление строки. Связывание со входящим документом № 17 ЭД "Сведения о поступивших от юридических лиц платежах" № 14 ID= 1000224841. 
2024.05.22 23:49:05, Добавление строки. Связывание со входящим документом № 17 ЭД "Сведения о поступивших от юридических лиц платежах" № 14 ID= 1000224841. 
2024.05.22 23:49:18, Добавление строки. Связывание со входящим документом № 17 ЭД "Сведения о поступивших от юридических лиц платежах" № 14 ID= 1000224841. 
2024.05.22 23:49:31, Добавление строки. Связывание со входящим документом № 17 ЭД "Сведения о поступивших от юридических лиц платежах" № 14 ID= 1000224841. 
2024.05.22 23:49:45, Добавление строки. Связывание со входящим документом № 17 ЭД "Сведения о поступивших от юридических лиц платежах" № 14 ID= 1000224841. 
2024.05.22 23:49:58, Добавление строки. Связывание со входящим документом № 17 ЭД "Сведения о поступивших от юридических лиц платежах" № 14 ID= 1000224841. 
2024.05.22 23:50:11, Добавление строки. Связывание со входящим документом № 17 ЭД "Сведения о поступивших от юридических лиц платежах" № 14 ID= 1000224841. 
2024.05.22 23:50:24, Добавление строки. Связывание со входящим документом № 17 ЭД "Сведения о поступивших от юридических лиц платежах" № 14 ID= 1000224841. 
2024.05.22 23:50:37, Добавление строки. Связывание со входящим документом № 17 ЭД "Сведения о поступивших от юридических лиц платежах" № 14 ID= 1000224841. 
2024.05.22 23:50:50, Добавление строки. Связывание со входящим документом № 17 ЭД "Сведения о поступивших от юридических лиц платежах" № 14 ID= 1000224841. 
2024.05.22 23:51:03, Добавление строки. Связывание со входящим документом № 17 ЭД "Сведения о поступивших от юридических лиц платежах" № 14 ID= 1000224841. 
2024.05.22 23:51:16, Добавление строки. Связывание со входящим документом № 17 ЭД "Сведения о поступивших от юридических лиц платежах" № 14 ID= 1000224841. 
2024.05.22 23:51:29, Добавление строки. Связывание со входящим документом № 17 ЭД "Сведения о поступивших от юридических лиц платежах" № 14 ID= 1000224841. 
2024.05.22 23:51:42, Добавление строки. Связывание со входящим документом № 17 ЭД "Сведения о поступивших от юридических лиц платежах" № 14 ID= 1000224841. 
2024.05.22 23:51:55, Добавление строки. Связывание со входящим документом № 17 ЭД "Сведения о поступивших от юридических лиц платежах" № 14 ID= 1000224841. 
2024.05.22 23:52:09, Добавление строки. Связывание со входящим документом № 17 ЭД "Сведения о поступивших от юридических лиц платежах" № 14 ID= 1000224841. 
2024.05.22 23:52:22, Добавление строки. Связывание со входящим документом № 17 ЭД "Сведения о поступивших от юридических лиц платежах" № 14 ID= 1000224841. 
2024.05.22 23:52:35, Добавление строки. Связывание со входящим документом № 17 ЭД "Сведения о поступивших от юридических лиц платежах" № 14 ID= 1000224841. 
2024.05.22 23:52:48, Добавление строки. Связывание со входящим документом № 17 ЭД "Сведения о поступивших от юридических лиц платежах" № 14 ID= 1000224841. 
2024.05.22 23:53:01, Добавление строки. Связывание со входящим документом № 17 ЭД "Сведения о поступивших от юридических лиц платежах" № 14 ID= 1000224841. 
2024.05.22 23:53:14, Добавление строки. Связывание со входящим документом № 17 ЭД "Сведения о поступивших от юридических лиц платежах" № 14 ID= 1000224841. 
2024.05.22 23:53:27, Добавление строки. Связывание со входящим документом № 17 ЭД "Сведения о поступивших от юридических лиц платежах" № 14 ID= 1000224841. 
2024.05.22 23:53:40, Добавление строки. Связывание со входящим документом № 17 ЭД "Сведения о поступивших от юридических лиц платежах" № 14 ID= 1000224841. 
2024.05.22 23:53:53, Добавление строки. Связывание со входящим документом № 17 ЭД "Сведения о поступивших от юридических лиц платежах" № 14 ID= 1000224841. 
2024.05.22 23:54:06, Добавление строки. Связывание со входящим документом № 17 ЭД "Сведения о поступивших от юридических лиц платежах" № 14 ID= 1000224841. 
2024.05.22 23:54:20, Добавление строки. Связывание со входящим документом № 17 ЭД "Сведения о поступивших от юридических лиц платежах" № 14 ID= 1000224841. 
2024.05.22 23:54:33, Добавление строки. Связывание со входящим документом № 17 ЭД "Сведения о поступивших от юридических лиц платежах" № 14 ID= 1000224841. 
2024.05.22 23:54:46, Добавление строки. Связывание со входящим документом № 17 ЭД "Сведения о поступивших от юридических лиц платежах" № 14 ID= 1000224841. 
2024.05.22 23:54:59, Добавление строки. Связывание со входящим документом № 17 ЭД "Сведения о поступивших от юридических лиц платежах" № 14 ID= 1000224841. 
2024.05.22 23:55:12, Добавление строки. Связывание со входящим документом № 17 ЭД "Сведения о поступивших от юридических лиц платежах" № 14 ID= 1000224841. 
2024.05.22 23:55:25, Добавление строки. Связывание со входящим документом № 17 ЭД "Сведения о поступивших от юридических лиц платежах" № 14 ID= 1000224841. 
2024.05.22 23:55:39, Добавление строки. Связывание со входящим документом № 17 ЭД "Сведения о поступивших от юридических лиц платежах" № 14 ID= 1000224841. 
2024.05.22 23:55:52, Добавление строки. Связывание со входящим документом № 17 ЭД "Сведения о поступивших от юридических лиц платежах" № 14 ID= 1000224841. 
2024.05.22 23:56:05, Добавление строки. Связывание со входящим документом № 17 ЭД "Сведения о поступивших от юридических лиц платежах" № 14 ID= 1000224841. 
2024.05.22 23:56:18, Добавление строки. Связывание со входящим документом № 17 ЭД "Сведения о поступивших от юридических лиц платежах" № 14 ID= 1000224841. 
2024.05.22 23:56:31, Добавление строки. Связывание со входящим документом № 17 ЭД "Сведения о поступивших от юридических лиц платежах" № 14 ID= 1000224841. 
2024.05.22 23:56:44, Добавление строки. Связывание со входящим документом № 17 ЭД "Сведения о поступивших от юридических лиц платежах" № 14 ID= 1000224841. 
2024.05.22 23:56:57, Добавление строки. Связывание со входящим документом № 17 ЭД "Сведения о поступивших от юридических лиц платежах" № 14 ID= 1000224841. 
2024.05.22 23:57:11, Добавление строки. Связывание со входящим документом № 17 ЭД "Сведения о поступивших от юридических лиц платежах" № 14 ID= 1000224841. 
2024.05.22 23:57:24, Добавление строки. Связывание со входящим документом № 17 ЭД "Сведения о поступивших от юридических лиц платежах" № 14 ID= 1000224841. 
2024.05.22 23:57:37, Добавление строки. Связывание со входящим документом № 17 ЭД "Сведения о поступивших от юридических лиц платежах" № 14 ID= 1000224841. 
2024.05.22 23:57:50, Добавление строки. Связывание со входящим документом № 17 ЭД "Сведения о поступивших от юридических лиц платежах" № 14 ID= 1000224841. 
2024.05.22 23:58:03, Добавление строки. Связывание со входящим документом № 17 ЭД "Сведения о поступивших от юридических лиц платежах" № 14 ID= 1000224841. 
2024.05.22 23:58:16, Добавление строки. Связывание со входящим документом № 17 ЭД "Сведения о поступивших от юридических лиц платежах" № 14 ID= 1000224841. 
2024.05.22 23:58:29, Добавление строки. Связывание со входящим документом № 17 ЭД "Сведения о поступивших от юридических лиц платежах" № 14 ID= 1000224841. 
2024.05.22 23:58:42, Добавление строки. Связывание со входящим документом № 17 ЭД "Сведения о поступивших от юридических лиц платежах" № 14 ID= 1000224841. 
2024.05.22 23:58:56, Добавление строки. Связывание со входящим документом № 17 ЭД "Сведения о поступивших от юридических лиц платежах" № 14 ID= 1000224841. 
2024.05.22 23:59:09, Добавление строки. Связывание со входящим документом № 17 ЭД "Сведения о поступивших от юридических лиц платежах" № 14 ID= 1000224841. 
2024.05.22 23:59:22, Добавление строки. Связывание со входящим документом № 17 ЭД "Сведения о поступивших от юридических лиц платежах" № 14 ID= 1000224841. 
2024.05.22 23:59:35, Добавление строки. Связывание со входящим документом № 17 ЭД "Сведения о поступивших от юридических лиц платежах" № 14 ID= 1000224841. 
2024.05.22 23:59:49, Добавление строки. Связывание со входящим документом № 17 ЭД "Сведения о поступивших от юридических лиц платежах" № 14 ID= 1000224841. 
2024.05.23 00:00:02, Добавление строки. Связывание со входящим документом № 17 ЭД "Сведения о поступивших от юридических лиц платежах" № 14 ID= 1000224841. 
2024.05.23 00:00:15, Добавление строки. Связывание со входящим документом № 17 ЭД "Сведения о поступивших от юридических лиц платежах" № 14 ID= 1000224841. 
2024.05.23 00:00:28, Добавление строки. Связывание со входящим документом № 17 ЭД "Сведения о поступивших от юридических лиц платежах" № 14 ID= 1000224841. 
2024.05.23 00:00:42, Добавление строки. Связывание со входящим документом № 17 ЭД "Сведения о поступивших от юридических лиц платежах" № 14 ID= 1000224841. 
2024.05.23 00:00:55, Добавление строки. Связывание со входящим документом № 17 ЭД "Сведения о поступивших от юридических лиц платежах" № 14 ID= 1000224841. 
2024.05.23 00:01:08, Добавление строки. Связывание со входящим документом № 17 ЭД "Сведения о поступивших от юридических лиц платежах" № 14 ID= 1000224841. 
2024.05.23 00:01:21, Добавление строки. Связывание со входящим документом № 17 ЭД "Сведения о поступивших от юридических лиц платежах" № 14 ID= 1000224841. 
2024.05.23 00:01:34, Добавление строки. Связывание со входящим документом № 17 ЭД "Сведения о поступивших от юридических лиц платежах" № 14 ID= 1000224841. 
2024.05.23 00:01:47, Добавление строки. Связывание со входящим документом № 17 ЭД "Сведения о поступивших от юридических лиц платежах" № 14 ID= 1000224841. 
2024.05.23 00:02:01, Добавление строки. Связывание со входящим документом № 17 ЭД "Сведения о поступивших от юридических лиц платежах" № 14 ID= 1000224841. 
2024.05.23 00:02:14, Добавление строки. Связывание со входящим документом № 17 ЭД "Сведения о поступивших от юридических лиц платежах" № 14 ID= 1000224841. 
2024.05.23 00:02:27, Добавление строки. Связывание со входящим документом № 17 ЭД "Сведения о поступивших от юридических лиц платежах" № 14 ID= 1000224841. 
2024.05.23 00:02:40, Добавление строки. Связывание со входящим документом № 17 ЭД "Сведения о поступивших от юридических лиц платежах" № 14 ID= 1000224841. 
2024.05.23 00:02:53, Добавление строки. Связывание со входящим документом № 17 ЭД "Сведения о поступивших от юридических лиц платежах" № 14 ID= 1000224841. 
2024.05.23 00:03:07, Добавление строки. Связывание со входящим документом № 17 ЭД "Сведения о поступивших от юридических лиц платежах" № 14 ID= 1000224841. 
2024.05.23 00:03:20, Добавление строки. Связывание со входящим документом № 17 ЭД "Сведения о поступивших от юридических лиц платежах" № 14 ID= 1000224841. 
2024.05.23 00:03:33, Добавление строки. Связывание со входящим документом № 17 ЭД "Сведения о поступивших от юридических лиц платежах" № 14 ID= 1000224841. 
2024.05.23 00:03:46, Добавление строки. Связывание со входящим документом № 17 ЭД "Сведения о поступивших от юридических лиц платежах" № 14 ID= 1000224841. 
2024.05.23 00:03:59, Добавление строки. Связывание со входящим документом № 17 ЭД "Сведения о поступивших от юридических лиц платежах" № 14 ID= 1000224841. 
2024.05.23 00:04:13, Добавление строки. Связывание со входящим документом № 17 ЭД "Сведения о поступивших от юридических лиц платежах" № 14 ID= 1000224841. 
2024.05.23 00:04:26, Добавление строки. Связывание со входящим документом № 17 ЭД "Сведения о поступивших от юридических лиц платежах" № 14 ID= 1000224841. 
2024.05.23 00:04:39, Добавление строки. Связывание со входящим документом № 17 ЭД "Сведения о поступивших от юридических лиц платежах" № 14 ID= 1000224841. 
2024.05.23 00:04:52, Добавление строки. Связывание со входящим документом № 17 ЭД "Сведения о поступивших от юридических лиц платежах" № 14 ID= 1000224841. 
2024.05.23 00:05:06, Добавление строки. Связывание со входящим документом № 17 ЭД "Сведения о поступивших от юридических лиц платежах" № 14 ID= 1000224841. 
2024.05.23 00:05:19, Добавление строки. Связывание со входящим документом № 17 ЭД "Сведения о поступивших от юридических лиц платежах" № 14 ID= 1000224841. 
2024.05.23 00:05:33, Добавление строки. Связывание со входящим документом № 17 ЭД "Сведения о поступивших от юридических лиц платежах" № 14 ID= 1000224841. 
2024.05.23 00:05:46, Добавление строки. Связывание со входящим документом № 17 ЭД "Сведения о поступивших от юридических лиц платежах" № 14 ID= 1000224841. 
2024.05.23 00:05:59, Добавление строки. Связывание со входящим документом № 17 ЭД "Сведения о поступивших от юридических лиц платежах" № 14 ID= 1000224841. 
2024.05.23 00:06:12, Добавление строки. Связывание со входящим документом № 17 ЭД "Сведения о поступивших от юридических лиц платежах" № 14 ID= 1000224841. 
2024.05.23 00:06:25, Добавление строки. Связывание со входящим документом № 17 ЭД "Сведения о поступивших от юридических лиц платежах" № 14 ID= 1000224841. 
2024.05.23 00:06:39, Добавление строки. Связывание со входящим документом № 17 ЭД "Сведения о поступивших от юридических лиц платежах" № 14 ID= 1000224841. 
2024.05.23 00:06:52, Добавление строки. Связывание со входящим документом № 17 ЭД "Сведения о поступивших от юридических лиц платежах" № 14 ID= 1000224841. 
2024.05.23 00:07:05, Добавление строки. Связывание со входящим документом № 17 ЭД "Сведения о поступивших от юридических лиц платежах" № 14 ID= 1000224841. 
2024.05.23 00:07:18, Добавление строки. Связывание со входящим документом № 17 ЭД "Сведения о поступивших от юридических лиц платежах" № 14 ID= 1000224841. 
2024.05.23 00:07:32, Добавление строки. Связывание со входящим документом № 17 ЭД "Сведения о поступивших от юридических лиц платежах" № 14 ID= 1000224841. 
2024.05.23 00:07:45, Добавление строки. Связывание со входящим документом № 17 ЭД "Сведения о поступивших от юридических лиц платежах" № 14 ID= 1000224841. 
2024.05.23 00:07:58, Добавление строки. Связывание со входящим документом № 17 ЭД "Сведения о поступивших от юридических лиц платежах" № 14 ID= 1000224841. 
2024.05.23 00:08:11, Добавление строки. Связывание со входящим документом № 17 ЭД "Сведения о поступивших от юридических лиц платежах" № 14 ID= 1000224841. 
2024.05.23 00:08:25, Добавление строки. Связывание со входящим документом № 17 ЭД "Сведения о поступивших от юридических лиц платежах" № 14 ID= 1000224841. 
2024.05.23 00:08:38, Добавление строки. Связывание со входящим документом № 17 ЭД "Сведения о поступивших от юридических лиц платежах" № 14 ID= 1000224841. 
2024.05.23 00:08:51, Добавление строки. Связывание со входящим документом № 17 ЭД "Сведения о поступивших от юридических лиц платежах" № 14 ID= 1000224841. 
2024.05.23 00:09:04, Добавление строки. Связывание со входящим документом № 17 ЭД "Сведения о поступивших от юридических лиц платежах" № 14 ID= 1000224841. 
2024.05.23 00:09:18, Добавление строки. Связывание со входящим документом № 17 ЭД "Сведения о поступивших от юридических лиц платежах" № 14 ID= 1000224841. 
2024.05.23 00:09:31, Добавление строки. Связывание со входящим документом № 17 ЭД "Сведения о поступивших от юридических лиц платежах" № 14 ID= 1000224841. 
2024.05.23 00:09:44, Добавление строки. Связывание со входящим документом № 17 ЭД "Сведения о поступивших от юридических лиц платежах" № 14 ID= 1000224841. 
2024.05.23 00:09:58, Добавление строки. Связывание со входящим документом № 17 ЭД "Сведения о поступивших от юридических лиц платежах" № 14 ID= 1000224841. 
2024.05.23 00:10:11, Добавление строки. Связывание со входящим документом № 17 ЭД "Сведения о поступивших от юридических лиц платежах" № 14 ID= 1000224841. 
2024.05.23 00:10:24, Добавление строки. Связывание со входящим документом № 17 ЭД "Сведения о поступивших от юридических лиц платежах" № 14 ID= 1000224841. 
2024.05.23 00:10:38, Добавление строки. Связывание со входящим документом № 17 ЭД "Сведения о поступивших от юридических лиц платежах" № 14 ID= 1000224841. 
2024.05.23 00:10:51, Добавление строки. Связывание со входящим документом № 17 ЭД "Сведения о поступивших от юридических лиц платежах" № 14 ID= 1000224841. 
2024.05.23 00:11:05, Добавление строки. Связывание со входящим документом № 17 ЭД "Сведения о поступивших от юридических лиц платежах" № 14 ID= 1000224841. 
2024.05.23 00:11:18, Добавление строки. Связывание со входящим документом № 17 ЭД "Сведения о поступивших от юридических лиц платежах" № 14 ID= 1000224841. 
2024.05.23 00:11:31, Добавление строки. Связывание со входящим документом № 17 ЭД "Сведения о поступивших от юридических лиц платежах" № 14 ID= 1000224841. 
2024.05.23 00:11:44, Добавление строки. Связывание со входящим документом № 17 ЭД "Сведения о поступивших от юридических лиц платежах" № 14 ID= 1000224841. 
2024.05.23 00:11:58, Добавление строки. Связывание со входящим документом № 17 ЭД "Сведения о поступивших от юридических лиц платежах" № 14 ID= 1000224841. 
2024.05.23 00:12:11, Добавление строки. Связывание со входящим документом № 17 ЭД "Сведения о поступивших от юридических лиц платежах" № 14 ID= 1000224841. 
2024.05.23 00:12:24, Добавление строки. Связывание со входящим документом № 17 ЭД "Сведения о поступивших от юридических лиц платежах" № 14 ID= 1000224841. 
2024.05.23 00:12:38, Добавление строки. Связывание со входящим документом № 17 ЭД "Сведения о поступивших от юридических лиц платежах" № 14 ID= 1000224841. 
2024.05.23 00:12:51, Добавление строки. Связывание со входящим документом № 17 ЭД "Сведения о поступивших от юридических лиц платежах" № 14 ID= 1000224841. 
2024.05.23 00:13:04, Добавление строки. Связывание со входящим документом № 17 ЭД "Сведения о поступивших от юридических лиц платежах" № 14 ID= 1000224841. 
2024.05.23 00:13:17, Добавление строки. Связывание со входящим документом № 17 ЭД "Сведения о поступивших от юридических лиц платежах" № 14 ID= 1000224841. 
2024.05.23 00:13:31, Добавление строки. Связывание со входящим документом № 17 ЭД "Сведения о поступивших от юридических лиц платежах" № 14 ID= 1000224841. 
2024.05.23 00:13:44, Добавление строки. Связывание со входящим документом № 17 ЭД "Сведения о поступивших от юридических лиц платежах" № 14 ID= 1000224841. 
2024.05.23 00:13:57, Добавление строки. Связывание со входящим документом № 17 ЭД "Сведения о поступивших от юридических лиц платежах" № 14 ID= 1000224841. 
2024.05.23 00:14:11, Добавление строки. Связывание со входящим документом № 17 ЭД "Сведения о поступивших от юридических лиц платежах" № 14 ID= 1000224841. 
2024.05.23 00:14:24, Добавление строки. Связывание со входящим документом № 17 ЭД "Сведения о поступивших от юридических лиц платежах" № 14 ID= 1000224841. 
2024.05.23 00:14:37, Добавление строки. Связывание со входящим документом № 17 ЭД "Сведения о поступивших от юридических лиц платежах" № 14 ID= 1000224841. 
2024.05.23 00:14:51, Добавление строки. Связывание со входящим документом № 17 ЭД "Сведения о поступивших от юридических лиц платежах" № 14 ID= 1000224841. 
2024.05.23 00:15:04, Добавление строки. Связывание со входящим документом № 17 ЭД "Сведения о поступивших от юридических лиц платежах" № 14 ID= 1000224841. 
2024.05.23 00:15:17, Добавление строки. Связывание со входящим документом № 17 ЭД "Сведения о поступивших от юридических лиц платежах" № 14 ID= 1000224841. 
2024.05.23 00:15:31, Добавление строки. Связывание со входящим документом № 17 ЭД "Сведения о поступивших от юридических лиц платежах" № 14 ID= 1000224841. 
2024.05.23 00:15:44, Добавление строки. Связывание со входящим документом № 17 ЭД "Сведения о поступивших от юридических лиц платежах" № 14 ID= 1000224841. 
2024.05.23 00:15:57, Добавление строки. Связывание со входящим документом № 17 ЭД "Сведения о поступивших от юридических лиц платежах" № 14 ID= 1000224841. 
2024.05.23 00:16:10, Добавление строки. Связывание со входящим документом № 17 ЭД "Сведения о поступивших от юридических лиц платежах" № 14 ID= 1000224841. 
2024.05.23 00:16:24, Добавление строки. Связывание со входящим документом № 17 ЭД "Сведения о поступивших от юридических лиц платежах" № 14 ID= 1000224841. 
2024.05.23 00:16:37, Добавление строки. Связывание со входящим документом № 17 ЭД "Сведения о поступивших от юридических лиц платежах" № 14 ID= 1000224841. 
2024.05.23 00:16:50, Добавление строки. Связывание со входящим документом № 17 ЭД "Сведения о поступивших от юридических лиц платежах" № 14 ID= 1000224841. 
2024.05.23 00:17:04, Добавление строки. Связывание со входящим документом № 17 ЭД "Сведения о поступивших от юридических лиц платежах" № 14 ID= 1000224841. 
2024.05.23 00:17:17, Добавление строки. Связывание со входящим документом № 17 ЭД "Сведения о поступивших от юридических лиц платежах" № 14 ID= 1000224841. 
2024.05.23 00:17:30, Добавление строки. Связывание со входящим документом № 17 ЭД "Сведения о поступивших от юридических лиц платежах" № 14 ID= 1000224841. 
2024.05.23 00:17:44, Добавление строки. Связывание со входящим документом № 17 ЭД "Сведения о поступивших от юридических лиц платежах" № 14 ID= 1000224841. 
2024.05.23 00:17:58, Добавление строки. Связывание со входящим документом № 17 ЭД "Сведения о поступивших от юридических лиц платежах" № 14 ID= 1000224841. 
2024.05.23 00:18:11, Добавление строки. Связывание со входящим документом № 17 ЭД "Сведения о поступивших от юридических лиц платежах" № 14 ID= 1000224841. 
2024.05.23 00:18:24, Добавление строки. Связывание со входящим документом № 17 ЭД "Сведения о поступивших от юридических лиц платежах" № 14 ID= 1000224841. 
2024.05.23 00:18:38, Добавление строки. Связывание со входящим документом № 17 ЭД "Сведения о поступивших от юридических лиц платежах" № 14 ID= 1000224841. 
2024.05.23 00:18:51, Добавление строки. Связывание со входящим документом № 17 ЭД "Сведения о поступивших от юридических лиц платежах" № 14 ID= 1000224841. 
2024.05.23 00:19:04, Добавление строки. Связывание со входящим документом № 17 ЭД "Сведения о поступивших от юридических лиц платежах" № 14 ID= 1000224841. 
2024.05.23 00:19:18, Добавление строки. Связывание со входящим документом № 17 ЭД "Сведения о поступивших от юридических лиц платежах" № 14 ID= 1000224841. 
2024.05.23 00:19:31, Добавление строки. Связывание со входящим документом № 17 ЭД "Сведения о поступивших от юридических лиц платежах" № 14 ID= 1000224841. 
2024.05.23 00:19:45, Добавление строки. Связывание со входящим документом № 17 ЭД "Сведения о поступивших от юридических лиц платежах" № 14 ID= 1000224841. 
2024.05.23 00:19:58, Добавление строки. Связывание со входящим документом № 17 ЭД "Сведения о поступивших от юридических лиц платежах" № 14 ID= 1000224841. 
2024.05.23 00:20:11, Добавление строки. Связывание со входящим документом № 17 ЭД "Сведения о поступивших от юридических лиц платежах" № 14 ID= 1000224841. 
2024.05.23 00:20:25, Добавление строки. Связывание со входящим документом № 17 ЭД "Сведения о поступивших от юридических лиц платежах" № 14 ID= 1000224841. 
2024.05.23 00:20:38, Добавление строки. Связывание со входящим документом № 17 ЭД "Сведения о поступивших от юридических лиц платежах" № 14 ID= 1000224841. 
2024.05.23 00:20:52, Добавление строки. Связывание со входящим документом № 17 ЭД "Сведения о поступивших от юридических лиц платежах" № 14 ID= 1000224841. 
2024.05.23 00:21:05, Добавление строки. Связывание со входящим документом № 17 ЭД "Сведения о поступивших от юридических лиц платежах" № 14 ID= 1000224841. 
2024.05.23 00:21:18, Добавление строки. Связывание со входящим документом № 17 ЭД "Сведения о поступивших от юридических лиц платежах" № 14 ID= 1000224841. 
2024.05.23 00:21:32, Добавление строки. Связывание со входящим документом № 17 ЭД "Сведения о поступивших от юридических лиц платежах" № 14 ID= 1000224841. 
2024.05.23 00:21:45, Добавление строки. Связывание со входящим документом № 17 ЭД "Сведения о поступивших от юридических лиц платежах" № 14 ID= 1000224841. 
2024.05.23 00:21:59, Добавление строки. Связывание со входящим документом № 17 ЭД "Сведения о поступивших от юридических лиц платежах" № 14 ID= 1000224841. 
2024.05.23 00:22:12, Добавление строки. Связывание со входящим документом № 17 ЭД "Сведения о поступивших от юридических лиц платежах" № 14 ID= 1000224841. 
2024.05.23 00:22:25, Добавление строки. Связывание со входящим документом № 17 ЭД "Сведения о поступивших от юридических лиц платежах" № 14 ID= 1000224841. 
2024.05.23 00:22:39, Добавление строки. Связывание со входящим документом № 17 ЭД "Сведения о поступивших от юридических лиц платежах" № 14 ID= 1000224841. 
2024.05.23 00:22:52, Добавление строки. Связывание со входящим документом № 17 ЭД "Сведения о поступивших от юридических лиц платежах" № 14 ID= 1000224841. 
2024.05.23 00:23:05, Добавление строки. Связывание со входящим документом № 17 ЭД "Сведения о поступивших от юридических лиц платежах" № 14 ID= 1000224841. 
2024.05.23 00:23:19, Добавление строки. Связывание со входящим документом № 17 ЭД "Сведения о поступивших от юридических лиц платежах" № 14 ID= 1000224841. 
2024.05.23 00:23:32, Добавление строки. Связывание со входящим документом № 17 ЭД "Сведения о поступивших от юридических лиц платежах" № 14 ID= 1000224841. 
2024.05.23 00:23:46, Добавление строки. Связывание со входящим документом № 17 ЭД "Сведения о поступивших от юридических лиц платежах" № 14 ID= 1000224841. 
2024.05.23 00:23:59, Добавление строки. Связывание со входящим документом № 17 ЭД "Сведения о поступивших от юридических лиц платежах" № 14 ID= 1000224841. 
2024.05.23 00:24:13, Добавление строки. Связывание со входящим документом № 17 ЭД "Сведения о поступивших от юридических лиц платежах" № 14 ID= 1000224841. 
2024.05.23 00:24:26, Добавление строки. Связывание со входящим документом № 17 ЭД "Сведения о поступивших от юридических лиц платежах" № 14 ID= 1000224841. 
2024.05.23 00:24:40, Добавление строки. Связывание со входящим документом № 17 ЭД "Сведения о поступивших от юридических лиц платежах" № 14 ID= 1000224841. 
2024.05.23 00:24:53, Добавление строки. Связывание со входящим документом № 17 ЭД "Сведения о поступивших от юридических лиц платежах" № 14 ID= 1000224841. 
2024.05.23 00:25:07, Добавление строки. Связывание со входящим документом № 17 ЭД "Сведения о поступивших от юридических лиц платежах" № 14 ID= 1000224841. 
2024.05.23 00:25:20, Добавление строки. Связывание со входящим документом № 17 ЭД "Сведения о поступивших от юридических лиц платежах" № 14 ID= 1000224841. 
2024.05.23 00:25:34, Добавление строки. Связывание со входящим документом № 17 ЭД "Сведения о поступивших от юридических лиц платежах" № 14 ID= 1000224841. 
2024.05.23 00:25:47, Добавление строки. Связывание со входящим документом № 17 ЭД "Сведения о поступивших от юридических лиц платежах" № 14 ID= 1000224841. 
2024.05.23 00:26:01, Добавление строки. Связывание со входящим документом № 17 ЭД "Сведения о поступивших от юридических лиц платежах" № 14 ID= 1000224841. 
2024.05.23 00:26:14, Добавление строки. Связывание со входящим документом № 17 ЭД "Сведения о поступивших от юридических лиц платежах" № 14 ID= 1000224841. 
2024.05.23 00:26:28, Добавление строки. Связывание со входящим документом № 17 ЭД "Сведения о поступивших от юридических лиц платежах" № 14 ID= 1000224841. 
2024.05.23 00:26:41, Добавление строки. Связывание со входящим документом № 17 ЭД "Сведения о поступивших от юридических лиц платежах" № 14 ID= 1000224841. 
2024.05.23 00:26:55, Добавление строки. Связывание со входящим документом № 17 ЭД "Сведения о поступивших от юридических лиц платежах" № 14 ID= 1000224841. 
2024.05.23 00:27:08, Добавление строки. Связывание со входящим документом № 17 ЭД "Сведения о поступивших от юридических лиц платежах" № 14 ID= 1000224841. 
2024.05.23 00:27:21, Добавление строки. Связывание со входящим документом № 17 ЭД "Сведения о поступивших от юридических лиц платежах" № 14 ID= 1000224841. 
2024.05.23 00:27:35, Добавление строки. Связывание со входящим документом № 17 ЭД "Сведения о поступивших от юридических лиц платежах" № 14 ID= 1000224841. 
2024.05.23 00:27:48, Добавление строки. Связывание со входящим документом № 17 ЭД "Сведения о поступивших от юридических лиц платежах" № 14 ID= 1000224841. 
2024.05.23 00:28:02, Добавление строки. Связывание со входящим документом № 17 ЭД "Сведения о поступивших от юридических лиц платежах" № 14 ID= 1000224841. 
2024.05.23 00:28:15, Добавление строки. Связывание со входящим документом № 17 ЭД "Сведения о поступивших от юридических лиц платежах" № 14 ID= 1000224841. 
2024.05.23 00:28:29, Добавление строки. Связывание со входящим документом № 17 ЭД "Сведения о поступивших от юридических лиц платежах" № 14 ID= 1000224841. 
2024.05.23 00:28:42, Добавление строки. Связывание со входящим документом № 17 ЭД "Сведения о поступивших от юридических лиц платежах" № 14 ID= 1000224841. 
2024.05.23 00:28:56, Добавление строки. Связывание со входящим документом № 17 ЭД "Сведения о поступивших от юридических лиц платежах" № 14 ID= 1000224841. 
2024.05.23 00:29:09, Добавление строки. Связывание со входящим документом № 17 ЭД "Сведения о поступивших от юридических лиц платежах" № 14 ID= 1000224841. 
2024.05.23 00:29:23, Добавление строки. Связывание со входящим документом № 17 ЭД "Сведения о поступивших от юридических лиц платежах" № 14 ID= 1000224841. 
2024.05.23 00:29:36, Добавление строки. Связывание со входящим документом № 17 ЭД "Сведения о поступивших от юридических лиц платежах" № 14 ID= 1000224841. 
2024.05.23 00:29:50, Добавление строки. Связывание со входящим документом № 17 ЭД "Сведения о поступивших от юридических лиц платежах" № 14 ID= 1000224841. 
2024.05.23 00:30:03, Добавление строки. Связывание со входящим документом № 17 ЭД "Сведения о поступивших от юридических лиц платежах" № 14 ID= 1000224841. 
2024.05.23 00:30:17, Добавление строки. Связывание со входящим документом № 17 ЭД "Сведения о поступивших от юридических лиц платежах" № 14 ID= 1000224841. 
2024.05.23 00:30:30, Добавление строки. Связывание со входящим документом № 17 ЭД "Сведения о поступивших от юридических лиц платежах" № 14 ID= 1000224841. 
2024.05.23 00:30:44, Добавление строки. Связывание со входящим документом № 17 ЭД "Сведения о поступивших от юридических лиц платежах" № 14 ID= 1000224841. 
2024.05.23 00:30:57, Добавление строки. Связывание со входящим документом № 17 ЭД "Сведения о поступивших от юридических лиц платежах" № 14 ID= 1000224841. 
2024.05.23 00:31:12, Добавление строки. Связывание со входящим документом № 17 ЭД "Сведения о поступивших от юридических лиц платежах" № 14 ID= 1000224841. 
2024.05.23 00:31:25, Добавление строки. Связывание со входящим документом № 17 ЭД "Сведения о поступивших от юридических лиц платежах" № 14 ID= 1000224841. 
2024.05.23 00:31:39, Добавление строки. Связывание со входящим документом № 17 ЭД "Сведения о поступивших от юридических лиц платежах" № 14 ID= 1000224841. 
2024.05.23 00:31:52, Добавление строки. Связывание со входящим документом № 17 ЭД "Сведения о поступивших от юридических лиц платежах" № 14 ID= 1000224841. 
2024.05.23 00:32:06, Добавление строки. Связывание со входящим документом № 17 ЭД "Сведения о поступивших от юридических лиц платежах" № 14 ID= 1000224841. 
2024.05.23 00:32:19, Добавление строки. Связывание со входящим документом № 17 ЭД "Сведения о поступивших от юридических лиц платежах" № 14 ID= 1000224841. 
2024.05.23 00:32:33, Добавление строки. Связывание со входящим документом № 17 ЭД "Сведения о поступивших от юридических лиц платежах" № 14 ID= 1000224841. 
2024.05.23 00:32:46, Добавление строки. Связывание со входящим документом № 17 ЭД "Сведения о поступивших от юридических лиц платежах" № 14 ID= 1000224841. 
2024.05.23 00:33:00, Добавление строки. Связывание со входящим документом № 17 ЭД "Сведения о поступивших от юридических лиц платежах" № 14 ID= 1000224841. 
2024.05.23 00:33:13, Добавление строки. Связывание со входящим документом № 17 ЭД "Сведения о поступивших от юридических лиц платежах" № 14 ID= 1000224841. 
2024.05.23 00:33:27, Добавление строки. Связывание со входящим документом № 17 ЭД "Сведения о поступивших от юридических лиц платежах" № 14 ID= 1000224841. 
2024.05.23 00:33:40, Добавление строки. Связывание со входящим документом № 17 ЭД "Сведения о поступивших от юридических лиц платежах" № 14 ID= 1000224841. 
2024.05.23 00:33:54, Добавление строки. Связывание со входящим документом № 17 ЭД "Сведения о поступивших от юридических лиц платежах" № 14 ID= 1000224841. 
2024.05.23 00:34:07, Добавление строки. Связывание со входящим документом № 17 ЭД "Сведения о поступивших от юридических лиц платежах" № 14 ID= 1000224841. 
2024.05.23 00:34:21, Добавление строки. Связывание со входящим документом № 17 ЭД "Сведения о поступивших от юридических лиц платежах" № 14 ID= 1000224841. 
2024.05.23 00:34:34, Добавление строки. Связывание со входящим документом № 17 ЭД "Сведения о поступивших от юридических лиц платежах" № 14 ID= 1000224841. 
2024.05.23 00:34:48, Добавление строки. Связывание со входящим документом № 17 ЭД "Сведения о поступивших от юридических лиц платежах" № 14 ID= 1000224841. 
2024.05.23 00:35:01, Добавление строки. Связывание со входящим документом № 17 ЭД "Сведения о поступивших от юридических лиц платежах" № 14 ID= 1000224841. 
2024.05.23 00:35:15, Добавление строки. Связывание со входящим документом № 17 ЭД "Сведения о поступивших от юридических лиц платежах" № 14 ID= 1000224841. 
2024.05.23 00:35:28, Добавление строки. Связывание со входящим документом № 17 ЭД "Сведения о поступивших от юридических лиц платежах" № 14 ID= 1000224841. 
2024.05.23 00:35:42, Добавление строки. Связывание со входящим документом № 17 ЭД "Сведения о поступивших от юридических лиц платежах" № 14 ID= 1000224841. 
2024.05.23 00:35:55, Добавление строки. Связывание со входящим документом № 17 ЭД "Сведения о поступивших от юридических лиц платежах" № 14 ID= 1000224841. 
2024.05.23 00:36:09, Добавление строки. Связывание со входящим документом № 17 ЭД "Сведения о поступивших от юридических лиц платежах" № 14 ID= 1000224841. 
2024.05.23 00:36:22, Добавление строки. Связывание со входящим документом № 17 ЭД "Сведения о поступивших от юридических лиц платежах" № 14 ID= 1000224841. 
2024.05.23 00:36:36, Добавление строки. Связывание со входящим документом № 17 ЭД "Сведения о поступивших от юридических лиц платежах" № 14 ID= 1000224841. 
2024.05.23 00:36:50, Добавление строки. Связывание со входящим документом № 17 ЭД "Сведения о поступивших от юридических лиц платежах" № 14 ID= 1000224841. 
2024.05.23 00:37:03, Добавление строки. Связывание со входящим документом № 17 ЭД "Сведения о поступивших от юридических лиц платежах" № 14 ID= 1000224841. 
2024.05.23 00:37:17, Добавление строки. Связывание со входящим документом № 17 ЭД "Сведения о поступивших от юридических лиц платежах" № 14 ID= 1000224841. 
2024.05.23 00:37:30, Добавление строки. Связывание со входящим документом № 17 ЭД "Сведения о поступивших от юридических лиц платежах" № 14 ID= 1000224841. 
2024.05.23 00:37:44, Добавление строки. Связывание со входящим документом № 17 ЭД "Сведения о поступивших от юридических лиц платежах" № 14 ID= 1000224841. 
2024.05.23 00:37:57, Добавление строки. Связывание со входящим документом № 17 ЭД "Сведения о поступивших от юридических лиц платежах" № 14 ID= 1000224841. 
2024.05.23 00:38:11, Добавление строки. Связывание со входящим документом № 17 ЭД "Сведения о поступивших от юридических лиц платежах" № 14 ID= 1000224841. 
2024.05.23 00:38:25, Добавление строки. Связывание со входящим документом № 17 ЭД "Сведения о поступивших от юридических лиц платежах" № 14 ID= 1000224841. 
2024.05.23 00:38:38, Добавление строки. Связывание со входящим документом № 17 ЭД "Сведения о поступивших от юридических лиц платежах" № 14 ID= 1000224841. 
2024.05.23 00:38:52, Добавление строки. Связывание со входящим документом № 17 ЭД "Сведения о поступивших от юридических лиц платежах" № 14 ID= 1000224841. 
2024.05.23 00:39:05, Добавление строки. Связывание со входящим документом № 17 ЭД "Сведения о поступивших от юридических лиц платежах" № 14 ID= 1000224841. 
2024.05.23 00:39:19, Добавление строки. Связывание со входящим документом № 17 ЭД "Сведения о поступивших от юридических лиц платежах" № 14 ID= 1000224841. 
2024.05.23 00:39:33, Добавление строки. Связывание со входящим документом № 17 ЭД "Сведения о поступивших от юридических лиц платежах" № 14 ID= 1000224841. 
2024.05.23 00:39:46, Добавление строки. Связывание со входящим документом № 17 ЭД "Сведения о поступивших от юридических лиц платежах" № 14 ID= 1000224841. 
2024.05.23 00:40:00, Добавление строки. Связывание со входящим документом № 17 ЭД "Сведения о поступивших от юридических лиц платежах" № 14 ID= 1000224841. 
2024.05.23 00:40:14, Добавление строки. Связывание со входящим документом № 17 ЭД "Сведения о поступивших от юридических лиц платежах" № 14 ID= 1000224841. 
2024.05.23 00:40:27, Добавление строки. Связывание со входящим документом № 17 ЭД "Сведения о поступивших от юридических лиц платежах" № 14 ID= 1000224841. 
2024.05.23 00:40:41, Добавление строки. Связывание со входящим документом № 17 ЭД "Сведения о поступивших от юридических лиц платежах" № 14 ID= 1000224841. 
2024.05.23 00:40:54, Добавление строки. Связывание со входящим документом № 17 ЭД "Сведения о поступивших от юридических лиц платежах" № 14 ID= 1000224841. 
2024.05.23 00:41:08, Добавление строки. Связывание со входящим документом № 17 ЭД "Сведения о поступивших от юридических лиц платежах" № 14 ID= 1000224841. 
2024.05.23 00:41:21, Добавление строки. Связывание со входящим документом № 17 ЭД "Сведения о поступивших от юридических лиц платежах" № 14 ID= 1000224841. 
2024.05.23 00:41:35, Добавление строки. Связывание со входящим документом № 17 ЭД "Сведения о поступивших от юридических лиц платежах" № 14 ID= 1000224841. 
2024.05.23 00:41:49, Добавление строки. Связывание со входящим документом № 17 ЭД "Сведения о поступивших от юридических лиц платежах" № 14 ID= 1000224841. 
2024.05.23 00:42:02, Добавление строки. Связывание со входящим документом № 17 ЭД "Сведения о поступивших от юридических лиц платежах" № 14 ID= 1000224841. 
2024.05.23 00:42:16, Добавление строки. Связывание со входящим документом № 17 ЭД "Сведения о поступивших от юридических лиц платежах" № 14 ID= 1000224841. 
2024.05.23 00:42:30, Добавление строки. Связывание со входящим документом № 17 ЭД "Сведения о поступивших от юридических лиц платежах" № 14 ID= 1000224841. 
2024.05.23 00:42:43, Добавление строки. Связывание со входящим документом № 17 ЭД "Сведения о поступивших от юридических лиц платежах" № 14 ID= 1000224841. 
2024.05.23 00:42:57, Добавление строки. Связывание со входящим документом № 17 ЭД "Сведения о поступивших от юридических лиц платежах" № 14 ID= 1000224841. 
2024.05.23 00:43:10, Добавление строки. Связывание со входящим документом № 17 ЭД "Сведения о поступивших от юридических лиц платежах" № 14 ID= 1000224841. 
2024.05.23 00:43:24, Добавление строки. Связывание со входящим документом № 17 ЭД "Сведения о поступивших от юридических лиц платежах" № 14 ID= 1000224841. 
2024.05.23 00:43:38, Добавление строки. Связывание со входящим документом № 17 ЭД "Сведения о поступивших от юридических лиц платежах" № 14 ID= 1000224841. 
2024.05.23 00:43:51, Добавление строки. Связывание со входящим документом № 17 ЭД "Сведения о поступивших от юридических лиц платежах" № 14 ID= 1000224841. 
2024.05.23 00:44:05, Добавление строки. Связывание со входящим документом № 17 ЭД "Сведения о поступивших от юридических лиц платежах" № 14 ID= 1000224841. 
2024.05.23 00:44:19, Добавление строки. Связывание со входящим документом № 17 ЭД "Сведения о поступивших от юридических лиц платежах" № 14 ID= 1000224841. 
2024.05.23 00:44:32, Добавление строки. Связывание со входящим документом № 17 ЭД "Сведения о поступивших от юридических лиц платежах" № 14 ID= 1000224841. 
2024.05.23 00:44:46, Добавление строки. Связывание со входящим документом № 17 ЭД "Сведения о поступивших от юридических лиц платежах" № 14 ID= 1000224841. 
2024.05.23 00:44:59, Добавление строки. Связывание со входящим документом № 17 ЭД "Сведения о поступивших от юридических лиц платежах" № 14 ID= 1000224841. 
2024.05.23 00:45:13, Добавление строки. Связывание со входящим документом № 17 ЭД "Сведения о поступивших от юридических лиц платежах" № 14 ID= 1000224841. 
2024.05.23 00:45:27, Добавление строки. Связывание со входящим документом № 17 ЭД "Сведения о поступивших от юридических лиц платежах" № 14 ID= 1000224841. 
2024.05.23 00:45:41, Добавление строки. Связывание со входящим документом № 17 ЭД "Сведения о поступивших от юридических лиц платежах" № 14 ID= 1000224841. 
2024.05.23 00:45:54, Добавление строки. Связывание со входящим документом № 17 ЭД "Сведения о поступивших от юридических лиц платежах" № 14 ID= 1000224841. 
2024.05.23 00:46:08, Добавление строки. Связывание со входящим документом № 17 ЭД "Сведения о поступивших от юридических лиц платежах" № 14 ID= 1000224841. 
2024.05.23 00:46:22, Добавление строки. Связывание со входящим документом № 17 ЭД "Сведения о поступивших от юридических лиц платежах" № 14 ID= 1000224841. 
2024.05.23 00:46:35, Добавление строки. Связывание со входящим документом № 17 ЭД "Сведения о поступивших от юридических лиц платежах" № 14 ID= 1000224841. 
2024.05.23 00:46:49, Добавление строки. Связывание со входящим документом № 17 ЭД "Сведения о поступивших от юридических лиц платежах" № 14 ID= 1000224841. 
2024.05.23 00:47:02, Добавление строки. Связывание со входящим документом № 17 ЭД "Сведения о поступивших от юридических лиц платежах" № 14 ID= 1000224841. 
2024.05.23 00:47:16, Добавление строки. Связывание со входящим документом № 17 ЭД "Сведения о поступивших от юридических лиц платежах" № 14 ID= 1000224841. 
2024.05.23 00:47:30, Добавление строки. Связывание со входящим документом № 17 ЭД "Сведения о поступивших от юридических лиц платежах" № 14 ID= 1000224841. 
2024.05.23 00:47:43, Добавление строки. Связывание со входящим документом № 17 ЭД "Сведения о поступивших от юридических лиц платежах" № 14 ID= 1000224841. 
2024.05.23 00:47:57, Добавление строки. Связывание со входящим документом № 17 ЭД "Сведения о поступивших от юридических лиц платежах" № 14 ID= 1000224841. 
2024.05.23 00:48:11, Добавление строки. Связывание со входящим документом № 17 ЭД "Сведения о поступивших от юридических лиц платежах" № 14 ID= 1000224841. 
2024.05.23 00:48:24, Добавление строки. Связывание со входящим документом № 17 ЭД "Сведения о поступивших от юридических лиц платежах" № 14 ID= 1000224841. 
2024.05.23 00:48:38, Добавление строки. Связывание со входящим документом № 17 ЭД "Сведения о поступивших от юридических лиц платежах" № 14 ID= 1000224841. 
2024.05.23 00:48:52, Добавление строки. Связывание со входящим документом № 17 ЭД "Сведения о поступивших от юридических лиц платежах" № 14 ID= 1000224841. 
2024.05.23 00:49:05, Добавление строки. Связывание со входящим документом № 17 ЭД "Сведения о поступивших от юридических лиц платежах" № 14 ID= 1000224841. 
2024.05.23 00:49:19, Добавление строки. Связывание со входящим документом № 17 ЭД "Сведения о поступивших от юридических лиц платежах" № 14 ID= 1000224841. 
2024.05.23 00:49:33, Добавление строки. Связывание со входящим документом № 17 ЭД "Сведения о поступивших от юридических лиц платежах" № 14 ID= 1000224841. 
2024.05.23 00:49:46, Добавление строки. Связывание со входящим документом № 17 ЭД "Сведения о поступивших от юридических лиц платежах" № 14 ID= 1000224841. 
2024.05.23 00:50:00, Добавление строки. Связывание со входящим документом № 17 ЭД "Сведения о поступивших от юридических лиц платежах" № 14 ID= 1000224841. 
2024.05.23 00:50:14, Добавление строки. Связывание со входящим документом № 17 ЭД "Сведения о поступивших от юридических лиц платежах" № 14 ID= 1000224841. 
2024.05.23 00:50:28, Добавление строки. Связывание со входящим документом № 17 ЭД "Сведения о поступивших от юридических лиц платежах" № 14 ID= 1000224841. 
2024.05.23 00:50:41, Добавление строки. Связывание со входящим документом № 17 ЭД "Сведения о поступивших от юридических лиц платежах" № 14 ID= 1000224841. 
2024.05.23 00:50:55, Добавление строки. Связывание со входящим документом № 17 ЭД "Сведения о поступивших от юридических лиц платежах" № 14 ID= 1000224841. 
2024.05.23 00:51:09, Добавление строки. Связывание со входящим документом № 17 ЭД "Сведения о поступивших от юридических лиц платежах" № 14 ID= 1000224841. 
2024.05.23 00:51:22, Добавление строки. Связывание со входящим документом № 17 ЭД "Сведения о поступивших от юридических лиц платежах" № 14 ID= 1000224841. 
2024.05.23 00:51:36, Добавление строки. Связывание со входящим документом № 17 ЭД "Сведения о поступивших от юридических лиц платежах" № 14 ID= 1000224841. 
2024.05.23 00:51:50, Добавление строки. Связывание со входящим документом № 17 ЭД "Сведения о поступивших от юридических лиц платежах" № 14 ID= 1000224841. 
2024.05.23 00:52:03, Добавление строки. Связывание со входящим документом № 17 ЭД "Сведения о поступивших от юридических лиц платежах" № 14 ID= 1000224841. 
2024.05.23 00:52:17, Добавление строки. Связывание со входящим документом № 17 ЭД "Сведения о поступивших от юридических лиц платежах" № 14 ID= 1000224841. 
2024.05.23 00:52:31, Добавление строки. Связывание со входящим документом № 17 ЭД "Сведения о поступивших от юридических лиц платежах" № 14 ID= 1000224841. 
2024.05.23 00:52:45, Добавление строки. Связывание со входящим документом № 17 ЭД "Сведения о поступивших от юридических лиц платежах" № 14 ID= 1000224841. 
2024.05.23 00:52:58, Добавление строки. Связывание со входящим документом № 17 ЭД "Сведения о поступивших от юридических лиц платежах" № 14 ID= 1000224841. 
2024.05.23 00:53:12, Добавление строки. Связывание со входящим документом № 17 ЭД "Сведения о поступивших от юридических лиц платежах" № 14 ID= 1000224841. 
2024.05.23 00:53:26, Добавление строки. Связывание со входящим документом № 17 ЭД "Сведения о поступивших от юридических лиц платежах" № 14 ID= 1000224841. 
2024.05.23 00:53:39, Добавление строки. Связывание со входящим документом № 17 ЭД "Сведения о поступивших от юридических лиц платежах" № 14 ID= 1000224841. 
2024.05.23 00:53:53, Добавление строки. Связывание со входящим документом № 17 ЭД "Сведения о поступивших от юридических лиц платежах" № 14 ID= 1000224841. 
2024.05.23 00:54:07, Добавление строки. Связывание со входящим документом № 17 ЭД "Сведения о поступивших от юридических лиц платежах" № 14 ID= 1000224841. 
2024.05.23 00:54:21, Добавление строки. Связывание со входящим документом № 17 ЭД "Сведения о поступивших от юридических лиц платежах" № 14 ID= 1000224841. 
2024.05.23 00:54:35, Добавление строки. Связывание со входящим документом № 17 ЭД "Сведения о поступивших от юридических лиц платежах" № 14 ID= 1000224841. 
2024.05.23 00:54:48, Добавление строки. Связывание со входящим документом № 17 ЭД "Сведения о поступивших от юридических лиц платежах" № 14 ID= 1000224841. 
2024.05.23 00:55:02, Добавление строки. Связывание со входящим документом № 17 ЭД "Сведения о поступивших от юридических лиц платежах" № 14 ID= 1000224841. 
2024.05.23 00:55:16, Добавление строки. Связывание со входящим документом № 17 ЭД "Сведения о поступивших от юридических лиц платежах" № 14 ID= 1000224841. 
2024.05.23 00:55:29, Добавление строки. Связывание со входящим документом № 17 ЭД "Сведения о поступивших от юридических лиц платежах" № 14 ID= 1000224841. 
2024.05.23 00:55:43, Добавление строки. Связывание со входящим документом № 17 ЭД "Сведения о поступивших от юридических лиц платежах" № 14 ID= 1000224841. 
2024.05.23 00:55:57, Добавление строки. Связывание со входящим документом № 17 ЭД "Сведения о поступивших от юридических лиц платежах" № 14 ID= 1000224841. 
2024.05.23 00:56:11, Добавление строки. Связывание со входящим документом № 17 ЭД "Сведения о поступивших от юридических лиц платежах" № 14 ID= 1000224841. 
2024.05.23 00:56:24, Добавление строки. Связывание со входящим документом № 17 ЭД "Сведения о поступивших от юридических лиц платежах" № 14 ID= 1000224841. 
2024.05.23 00:56:38, Добавление строки. Связывание со входящим документом № 17 ЭД "Сведения о поступивших от юридических лиц платежах" № 14 ID= 1000224841. 
2024.05.23 00:56:52, Добавление строки. Связывание со входящим документом № 17 ЭД "Сведения о поступивших от юридических лиц платежах" № 14 ID= 1000224841. 
2024.05.23 00:57:06, Добавление строки. Связывание со входящим документом № 17 ЭД "Сведения о поступивших от юридических лиц платежах" № 14 ID= 1000224841. 
2024.05.23 00:57:19, Добавление строки. Связывание со входящим документом № 17 ЭД "Сведения о поступивших от юридических лиц платежах" № 14 ID= 1000224841. 
2024.05.23 00:57:33, Добавление строки. Связывание со входящим документом № 17 ЭД "Сведения о поступивших от юридических лиц платежах" № 14 ID= 1000224841. 
2024.05.23 00:57:47, Добавление строки. Связывание со входящим документом № 17 ЭД "Сведения о поступивших от юридических лиц платежах" № 14 ID= 1000224841. 
2024.05.23 00:58:01, Добавление строки. Связывание со входящим документом № 17 ЭД "Сведения о поступивших от юридических лиц платежах" № 14 ID= 1000224841. 
2024.05.23 00:58:14, Добавление строки. Связывание со входящим документом № 17 ЭД "Сведения о поступивших от юридических лиц платежах" № 14 ID= 1000224841. 
2024.05.23 00:58:28, Добавление строки. Связывание со входящим документом № 17 ЭД "Сведения о поступивших от юридических лиц платежах" № 14 ID= 1000224841. 
2024.05.23 00:58:42, Добавление строки. Связывание со входящим документом № 17 ЭД "Сведения о поступивших от юридических лиц платежах" № 14 ID= 1000224841. 
2024.05.23 00:58:56, Добавление строки. Связывание со входящим документом № 17 ЭД "Сведения о поступивших от юридических лиц платежах" № 14 ID= 1000224841. 
2024.05.23 00:59:09, Добавление строки. Связывание со входящим документом № 17 ЭД "Сведения о поступивших от юридических лиц платежах" № 14 ID= 1000224841. 
2024.05.23 00:59:23, Добавление строки. Связывание со входящим документом № 17 ЭД "Сведения о поступивших от юридических лиц платежах" № 14 ID= 1000224841. 
2024.05.23 00:59:37, Добавление строки. Связывание со входящим документом № 17 ЭД "Сведения о поступивших от юридических лиц платежах" № 14 ID= 1000224841. 
2024.05.23 00:59:51, Добавление строки. Связывание со входящим документом № 17 ЭД "Сведения о поступивших от юридических лиц платежах" № 14 ID= 1000224841. 
2024.05.23 01:00:04, Добавление строки. Связывание со входящим документом № 17 ЭД "Сведения о поступивших от юридических лиц платежах" № 14 ID= 1000224841. 
2024.05.23 01:00:18, Добавление строки. Связывание со входящим документом № 17 ЭД "Сведения о поступивших от юридических лиц платежах" № 14 ID= 1000224841. 
2024.05.23 01:00:32, Добавление строки. Связывание со входящим документом № 17 ЭД "Сведения о поступивших от юридических лиц платежах" № 14 ID= 1000224841. 
2024.05.23 01:00:46, Добавление строки. Связывание со входящим документом № 17 ЭД "Сведения о поступивших от юридических лиц платежах" № 14 ID= 1000224841. 
2024.05.23 01:00:59, Добавление строки. Связывание со входящим документом № 17 ЭД "Сведения о поступивших от юридических лиц платежах" № 14 ID= 1000224841. 
2024.05.23 01:01:13, Добавление строки. Связывание со входящим документом № 17 ЭД "Сведения о поступивших от юридических лиц платежах" № 14 ID= 1000224841. 
2024.05.23 01:01:27, Добавление строки. Связывание со входящим документом № 17 ЭД "Сведения о поступивших от юридических лиц платежах" № 14 ID= 1000224841. 
2024.05.23 01:01:41, Добавление строки. Связывание со входящим документом № 17 ЭД "Сведения о поступивших от юридических лиц платежах" № 14 ID= 1000224841. 
2024.05.23 01:01:54, Добавление строки. Связывание со входящим документом № 17 ЭД "Сведения о поступивших от юридических лиц платежах" № 14 ID= 1000224841. 
2024.05.23 01:02:08, Добавление строки. Связывание со входящим документом № 17 ЭД "Сведения о поступивших от юридических лиц платежах" № 14 ID= 1000224841. 
2024.05.23 01:02:22, Добавление строки. Связывание со входящим документом № 17 ЭД "Сведения о поступивших от юридических лиц платежах" № 14 ID= 1000224841. 
2024.05.23 01:02:36, Добавление строки. Связывание со входящим документом № 17 ЭД "Сведения о поступивших от юридических лиц платежах" № 14 ID= 1000224841. 
2024.05.23 01:02:50, Добавление строки. Связывание со входящим документом № 17 ЭД "Сведения о поступивших от юридических лиц платежах" № 14 ID= 1000224841. 
2024.05.23 01:03:04, Добавление строки. Связывание со входящим документом № 17 ЭД "Сведения о поступивших от юридических лиц платежах" № 14 ID= 1000224841. 
2024.05.23 01:03:17, Добавление строки. Связывание со входящим документом № 17 ЭД "Сведения о поступивших от юридических лиц платежах" № 14 ID= 1000224841. 
2024.05.23 01:03:31, Добавление строки. Связывание со входящим документом № 17 ЭД "Сведения о поступивших от юридических лиц платежах" № 14 ID= 1000224841. 
2024.05.23 01:03:45, Добавление строки. Связывание со входящим документом № 17 ЭД "Сведения о поступивших от юридических лиц платежах" № 14 ID= 1000224841. 
2024.05.23 01:03:59, Добавление строки. Связывание со входящим документом № 17 ЭД "Сведения о поступивших от юридических лиц платежах" № 14 ID= 1000224841. 
2024.05.23 01:04:13, Добавление строки. Связывание со входящим документом № 17 ЭД "Сведения о поступивших от юридических лиц платежах" № 14 ID= 1000224841. 
2024.05.23 01:04:27, Добавление строки. Связывание со входящим документом № 17 ЭД "Сведения о поступивших от юридических лиц платежах" № 14 ID= 1000224841. 
2024.05.23 01:04:41, Добавление строки. Связывание со входящим документом № 17 ЭД "Сведения о поступивших от юридических лиц платежах" № 14 ID= 1000224841. 
2024.05.23 01:04:54, Добавление строки. Связывание со входящим документом № 17 ЭД "Сведения о поступивших от юридических лиц платежах" № 14 ID= 1000224841. 
2024.05.23 01:05:08, Добавление строки. Связывание со входящим документом № 17 ЭД "Сведения о поступивших от юридических лиц платежах" № 14 ID= 1000224841. 
2024.05.23 01:05:22, Добавление строки. Связывание со входящим документом № 17 ЭД "Сведения о поступивших от юридических лиц платежах" № 14 ID= 1000224841. 
2024.05.23 01:05:36, Добавление строки. Связывание со входящим документом № 17 ЭД "Сведения о поступивших от юридических лиц платежах" № 14 ID= 1000224841. 
2024.05.23 01:05:50, Добавление строки. Связывание со входящим документом № 17 ЭД "Сведения о поступивших от юридических лиц платежах" № 14 ID= 1000224841. 
2024.05.23 01:06:04, Добавление строки. Связывание со входящим документом № 17 ЭД "Сведения о поступивших от юридических лиц платежах" № 14 ID= 1000224841. 
2024.05.23 01:06:17, Добавление строки. Связывание со входящим документом № 17 ЭД "Сведения о поступивших от юридических лиц платежах" № 14 ID= 1000224841. 
2024.05.23 01:06:31, Добавление строки. Связывание со входящим документом № 17 ЭД "Сведения о поступивших от юридических лиц платежах" № 14 ID= 1000224841. 
2024.05.23 01:06:45, Добавление строки. Связывание со входящим документом № 17 ЭД "Сведения о поступивших от юридических лиц платежах" № 14 ID= 1000224841. 
2024.05.23 01:06:59, Добавление строки. Связывание со входящим документом № 17 ЭД "Сведения о поступивших от юридических лиц платежах" № 14 ID= 1000224841. 
2024.05.23 01:07:13, Добавление строки. Связывание со входящим документом № 17 ЭД "Сведения о поступивших от юридических лиц платежах" № 14 ID= 1000224841. 
2024.05.23 01:07:27, Добавление строки. Связывание со входящим документом № 17 ЭД "Сведения о поступивших от юридических лиц платежах" № 14 ID= 1000224841. 
2024.05.23 01:07:41, Добавление строки. Связывание со входящим документом № 17 ЭД "Сведения о поступивших от юридических лиц платежах" № 14 ID= 1000224841. 
2024.05.23 01:07:54, Добавление строки. Связывание со входящим документом № 17 ЭД "Сведения о поступивших от юридических лиц платежах" № 14 ID= 1000224841. 
2024.05.23 01:08:08, Добавление строки. Связывание со входящим документом № 17 ЭД "Сведения о поступивших от юридических лиц платежах" № 14 ID= 1000224841. 
2024.05.23 01:08:22, Добавление строки. Связывание со входящим документом № 17 ЭД "Сведения о поступивших от юридических лиц платежах" № 14 ID= 1000224841. 
2024.05.23 01:08:36, Добавление строки. Связывание со входящим документом № 17 ЭД "Сведения о поступивших от юридических лиц платежах" № 14 ID= 1000224841. 
2024.05.23 01:08:50, Добавление строки. Связывание со входящим документом № 17 ЭД "Сведения о поступивших от юридических лиц платежах" № 14 ID= 1000224841. 
2024.05.23 01:09:04, Добавление строки. Связывание со входящим документом № 17 ЭД "Сведения о поступивших от юридических лиц платежах" № 14 ID= 1000224841. 
2024.05.23 01:09:18, Добавление строки. Связывание со входящим документом № 17 ЭД "Сведения о поступивших от юридических лиц платежах" № 14 ID= 1000224841. 
2024.05.23 01:09:31, Добавление строки. Связывание со входящим документом № 17 ЭД "Сведения о поступивших от юридических лиц платежах" № 14 ID= 1000224841. 
2024.05.23 01:09:45, Добавление строки. Связывание со входящим документом № 17 ЭД "Сведения о поступивших от юридических лиц платежах" № 14 ID= 1000224841. 
2024.05.23 01:09:59, Добавление строки. Связывание со входящим документом № 17 ЭД "Сведения о поступивших от юридических лиц платежах" № 14 ID= 1000224841. 
2024.05.23 01:10:13, Добавление строки. Связывание со входящим документом № 17 ЭД "Сведения о поступивших от юридических лиц платежах" № 14 ID= 1000224841. 
2024.05.23 01:10:27, Добавление строки. Связывание со входящим документом № 17 ЭД "Сведения о поступивших от юридических лиц платежах" № 14 ID= 1000224841. 
2024.05.23 01:10:41, Добавление строки. Связывание со входящим документом № 17 ЭД "Сведения о поступивших от юридических лиц платежах" № 14 ID= 1000224841. 
2024.05.23 01:10:55, Добавление строки. Связывание со входящим документом № 17 ЭД "Сведения о поступивших от юридических лиц платежах" № 14 ID= 1000224841. 
2024.05.23 01:11:09, Добавление строки. Связывание со входящим документом № 17 ЭД "Сведения о поступивших от юридических лиц платежах" № 14 ID= 1000224841. 
2024.05.23 01:11:23, Добавление строки. Связывание со входящим документом № 17 ЭД "Сведения о поступивших от юридических лиц платежах" № 14 ID= 1000224841. 
2024.05.23 01:11:37, Добавление строки. Связывание со входящим документом № 17 ЭД "Сведения о поступивших от юридических лиц платежах" № 14 ID= 1000224841. 
2024.05.23 01:11:50, Добавление строки. Связывание со входящим документом № 17 ЭД "Сведения о поступивших от юридических лиц платежах" № 14 ID= 1000224841. 
2024.05.23 01:12:04, Добавление строки. Связывание со входящим документом № 17 ЭД "Сведения о поступивших от юридических лиц платежах" № 14 ID= 1000224841. 
2024.05.23 01:12:18, Добавление строки. Связывание со входящим документом № 17 ЭД "Сведения о поступивших от юридических лиц платежах" № 14 ID= 1000224841. 
2024.05.23 01:12:32, Добавление строки. Связывание со входящим документом № 17 ЭД "Сведения о поступивших от юридических лиц платежах" № 14 ID= 1000224841. 
2024.05.23 01:12:46, Добавление строки. Связывание со входящим документом № 17 ЭД "Сведения о поступивших от юридических лиц платежах" № 14 ID= 1000224841. 
2024.05.23 01:13:00, Добавление строки. Связывание со входящим документом № 17 ЭД "Сведения о поступивших от юридических лиц платежах" № 14 ID= 1000224841. 
2024.05.23 01:13:14, Добавление строки. Связывание со входящим документом № 17 ЭД "Сведения о поступивших от юридических лиц платежах" № 14 ID= 1000224841. 
2024.05.23 01:13:28, Добавление строки. Связывание со входящим документом № 17 ЭД "Сведения о поступивших от юридических лиц платежах" № 14 ID= 1000224841. 
2024.05.23 01:13:42, Добавление строки. Связывание со входящим документом № 17 ЭД "Сведения о поступивших от юридических лиц платежах" № 14 ID= 1000224841. 
2024.05.23 01:13:56, Добавление строки. Связывание со входящим документом № 17 ЭД "Сведения о поступивших от юридических лиц платежах" № 14 ID= 1000224841. 
2024.05.23 01:14:10, Добавление строки. Связывание со входящим документом № 17 ЭД "Сведения о поступивших от юридических лиц платежах" № 14 ID= 1000224841. 
2024.05.23 01:14:24, Добавление строки. Связывание со входящим документом № 17 ЭД "Сведения о поступивших от юридических лиц платежах" № 14 ID= 1000224841. 
2024.05.23 01:14:37, Добавление строки. Связывание со входящим документом № 17 ЭД "Сведения о поступивших от юридических лиц платежах" № 14 ID= 1000224841. 
2024.05.23 01:14:51, Добавление строки. Связывание со входящим документом № 17 ЭД "Сведения о поступивших от юридических лиц платежах" № 14 ID= 1000224841. 
2024.05.23 01:15:05, Добавление строки. Связывание со входящим документом № 17 ЭД "Сведения о поступивших от юридических лиц платежах" № 14 ID= 1000224841. 
2024.05.23 01:15:19, Добавление строки. Связывание со входящим документом № 17 ЭД "Сведения о поступивших от юридических лиц платежах" № 14 ID= 1000224841. 
2024.05.23 01:15:33, Добавление строки. Связывание со входящим документом № 17 ЭД "Сведения о поступивших от юридических лиц платежах" № 14 ID= 1000224841. 
2024.05.23 01:15:47, Добавление строки. Связывание со входящим документом № 17 ЭД "Сведения о поступивших от юридических лиц платежах" № 14 ID= 1000224841. 
2024.05.23 01:16:01, Добавление строки. Связывание со входящим документом № 17 ЭД "Сведения о поступивших от юридических лиц платежах" № 14 ID= 1000224841. 
2024.05.23 01:16:15, Добавление строки. Связывание со входящим документом № 17 ЭД "Сведения о поступивших от юридических лиц платежах" № 14 ID= 1000224841. 
2024.05.23 01:16:29, Добавление строки. Связывание со входящим документом № 17 ЭД "Сведения о поступивших от юридических лиц платежах" № 14 ID= 1000224841. 
2024.05.23 01:16:43, Добавление строки. Связывание со входящим документом № 17 ЭД "Сведения о поступивших от юридических лиц платежах" № 14 ID= 1000224841. 
2024.05.23 01:16:57, Добавление строки. Связывание со входящим документом № 17 ЭД "Сведения о поступивших от юридических лиц платежах" № 14 ID= 1000224841. 
2024.05.23 01:17:11, Добавление строки. Связывание со входящим документом № 17 ЭД "Сведения о поступивших от юридических лиц платежах" № 14 ID= 1000224841. 
2024.05.23 01:17:25, Добавление строки. Связывание со входящим документом № 17 ЭД "Сведения о поступивших от юридических лиц платежах" № 14 ID= 1000224841. 
2024.05.23 01:17:39, Добавление строки. Связывание со входящим документом № 17 ЭД "Сведения о поступивших от юридических лиц платежах" № 14 ID= 1000224841. 
2024.05.23 01:17:53, Добавление строки. Связывание со входящим документом № 17 ЭД "Сведения о поступивших от юридических лиц платежах" № 14 ID= 1000224841. 
2024.05.23 01:18:07, Добавление строки. Связывание со входящим документом № 17 ЭД "Сведения о поступивших от юридических лиц платежах" № 14 ID= 1000224841. 
2024.05.23 01:18:21, Добавление строки. Связывание со входящим документом № 17 ЭД "Сведения о поступивших от юридических лиц платежах" № 14 ID= 1000224841. 
2024.05.23 01:18:35, Добавление строки. Связывание со входящим документом № 17 ЭД "Сведения о поступивших от юридических лиц платежах" № 14 ID= 1000224841. 
2024.05.23 01:18:49, Добавление строки. Связывание со входящим документом № 17 ЭД "Сведения о поступивших от юридических лиц платежах" № 14 ID= 1000224841. 
2024.05.23 01:19:02, Добавление строки. Связывание со входящим документом № 17 ЭД "Сведения о поступивших от юридических лиц платежах" № 14 ID= 1000224841. 
2024.05.23 01:19:17, Добавление строки. Связывание со входящим документом № 17 ЭД "Сведения о поступивших от юридических лиц платежах" № 14 ID= 1000224841. 
2024.05.23 01:19:30, Добавление строки. Связывание со входящим документом № 17 ЭД "Сведения о поступивших от юридических лиц платежах" № 14 ID= 1000224841. 
2024.05.23 01:19:44, Добавление строки. Связывание со входящим документом № 17 ЭД "Сведения о поступивших от юридических лиц платежах" № 14 ID= 1000224841. 
2024.05.23 01:19:58, Добавление строки. Связывание со входящим документом № 17 ЭД "Сведения о поступивших от юридических лиц платежах" № 14 ID= 1000224841. 
2024.05.23 01:20:12, Добавление строки. Связывание со входящим документом № 17 ЭД "Сведения о поступивших от юридических лиц платежах" № 14 ID= 1000224841. 
2024.05.23 01:20:26, Добавление строки. Связывание со входящим документом № 17 ЭД "Сведения о поступивших от юридических лиц платежах" № 14 ID= 1000224841. 
2024.05.23 01:20:40, Добавление строки. Связывание со входящим документом № 17 ЭД "Сведения о поступивших от юридических лиц платежах" № 14 ID= 1000224841. 
2024.05.23 01:20:54, Добавление строки. Связывание со входящим документом № 17 ЭД "Сведения о поступивших от юридических лиц платежах" № 14 ID= 1000224841. 
2024.05.23 01:21:08, Добавление строки. Связывание со входящим документом № 17 ЭД "Сведения о поступивших от юридических лиц платежах" № 14 ID= 1000224841. 
2024.05.23 01:21:22, Добавление строки. Связывание со входящим документом № 17 ЭД "Сведения о поступивших от юридических лиц платежах" № 14 ID= 1000224841. 
2024.05.23 01:21:36, Добавление строки. Связывание со входящим документом № 17 ЭД "Сведения о поступивших от юридических лиц платежах" № 14 ID= 1000224841. 
2024.05.23 01:21:50, Добавление строки. Связывание со входящим документом № 17 ЭД "Сведения о поступивших от юридических лиц платежах" № 14 ID= 1000224841. 
2024.05.23 01:22:04, Добавление строки. Связывание со входящим документом № 17 ЭД "Сведения о поступивших от юридических лиц платежах" № 14 ID= 1000224841. 
2024.05.23 01:22:18, Добавление строки. Связывание со входящим документом № 17 ЭД "Сведения о поступивших от юридических лиц платежах" № 14 ID= 1000224841. 
2024.05.23 01:22:32, Добавление строки. Связывание со входящим документом № 17 ЭД "Сведения о поступивших от юридических лиц платежах" № 14 ID= 1000224841. 
2024.05.23 01:22:46, Добавление строки. Связывание со входящим документом № 17 ЭД "Сведения о поступивших от юридических лиц платежах" № 14 ID= 1000224841. 
2024.05.23 01:23:00, Добавление строки. Связывание со входящим документом № 17 ЭД "Сведения о поступивших от юридических лиц платежах" № 14 ID= 1000224841. 
2024.05.23 01:23:14, Добавление строки. Связывание со входящим документом № 17 ЭД "Сведения о поступивших от юридических лиц платежах" № 14 ID= 1000224841. 
2024.05.23 01:23:28, Добавление строки. Связывание со входящим документом № 17 ЭД "Сведения о поступивших от юридических лиц платежах" № 14 ID= 1000224841. 
2024.05.23 01:23:43, Добавление строки. Связывание со входящим документом № 17 ЭД "Сведения о поступивших от юридических лиц платежах" № 14 ID= 1000224841. 
2024.05.23 01:23:57, Добавление строки. Связывание со входящим документом № 17 ЭД "Сведения о поступивших от юридических лиц платежах" № 14 ID= 1000224841. 
2024.05.23 01:24:11, Добавление строки. Связывание со входящим документом № 17 ЭД "Сведения о поступивших от юридических лиц платежах" № 14 ID= 1000224841. 
2024.05.23 01:24:25, Добавление строки. Связывание со входящим документом № 17 ЭД "Сведения о поступивших от юридических лиц платежах" № 14 ID= 1000224841. 
2024.05.23 01:24:39, Добавление строки. Связывание со входящим документом № 17 ЭД "Сведения о поступивших от юридических лиц платежах" № 14 ID= 1000224841. 
2024.05.23 01:24:53, Добавление строки. Связывание со входящим документом № 17 ЭД "Сведения о поступивших от юридических лиц платежах" № 14 ID= 1000224841. 
2024.05.23 01:25:07, Добавление строки. Связывание со входящим документом № 17 ЭД "Сведения о поступивших от юридических лиц платежах" № 14 ID= 1000224841. 
2024.05.23 01:25:21, Добавление строки. Связывание со входящим документом № 17 ЭД "Сведения о поступивших от юридических лиц платежах" № 14 ID= 1000224841. 
2024.05.23 01:25:35, Добавление строки. Связывание со входящим документом № 17 ЭД "Сведения о поступивших от юридических лиц платежах" № 14 ID= 1000224841. 
2024.05.23 01:25:49, Добавление строки. Связывание со входящим документом № 17 ЭД "Сведения о поступивших от юридических лиц платежах" № 14 ID= 1000224841. 
2024.05.23 01:26:03, Добавление строки. Связывание со входящим документом № 17 ЭД "Сведения о поступивших от юридических лиц платежах" № 14 ID= 1000224841. 
2024.05.23 01:26:17, Добавление строки. Связывание со входящим документом № 17 ЭД "Сведения о поступивших от юридических лиц платежах" № 14 ID= 1000224841. 
2024.05.23 01:26:31, Добавление строки. Связывание со входящим документом № 17 ЭД "Сведения о поступивших от юридических лиц платежах" № 14 ID= 1000224841. 
2024.05.23 01:26:45, Добавление строки. Связывание со входящим документом № 17 ЭД "Сведения о поступивших от юридических лиц платежах" № 14 ID= 1000224841. 
2024.05.23 01:26:59, Добавление строки. Связывание со входящим документом № 17 ЭД "Сведения о поступивших от юридических лиц платежах" № 14 ID= 1000224841. 
2024.05.23 01:27:13, Добавление строки. Связывание со входящим документом № 17 ЭД "Сведения о поступивших от юридических лиц платежах" № 14 ID= 1000224841. 
2024.05.23 01:27:27, Добавление строки. Связывание со входящим документом № 17 ЭД "Сведения о поступивших от юридических лиц платежах" № 14 ID= 1000224841. 
2024.05.23 01:27:42, Добавление строки. Связывание со входящим документом № 17 ЭД "Сведения о поступивших от юридических лиц платежах" № 14 ID= 1000224841. 
2024.05.23 01:27:56, Добавление строки. Связывание со входящим документом № 17 ЭД "Сведения о поступивших от юридических лиц платежах" № 14 ID= 1000224841. 
2024.05.23 01:28:10, Добавление строки. Связывание со входящим документом № 17 ЭД "Сведения о поступивших от юридических лиц платежах" № 14 ID= 1000224841. 
2024.05.23 01:28:24, Добавление строки. Связывание со входящим документом № 17 ЭД "Сведения о поступивших от юридических лиц платежах" № 14 ID= 1000224841. 
2024.05.23 01:28:38, Добавление строки. Связывание со входящим документом № 17 ЭД "Сведения о поступивших от юридических лиц платежах" № 14 ID= 1000224841. 
2024.05.23 01:28:52, Добавление строки. Связывание со входящим документом № 17 ЭД "Сведения о поступивших от юридических лиц платежах" № 14 ID= 1000224841. 
2024.05.23 01:29:06, Добавление строки. Связывание со входящим документом № 17 ЭД "Сведения о поступивших от юридических лиц платежах" № 14 ID= 1000224841. 
2024.05.23 01:29:20, Добавление строки. Связывание со входящим документом № 17 ЭД "Сведения о поступивших от юридических лиц платежах" № 14 ID= 1000224841. 
2024.05.23 01:29:34, Добавление строки. Связывание со входящим документом № 17 ЭД "Сведения о поступивших от юридических лиц платежах" № 14 ID= 1000224841. 
2024.05.23 01:29:48, Добавление строки. Связывание со входящим документом № 17 ЭД "Сведения о поступивших от юридических лиц платежах" № 14 ID= 1000224841. 
2024.05.23 01:30:02, Добавление строки. Связывание со входящим документом № 17 ЭД "Сведения о поступивших от юридических лиц платежах" № 14 ID= 1000224841. 
2024.05.23 01:30:17, Добавление строки. Связывание со входящим документом № 17 ЭД "Сведения о поступивших от юридических лиц платежах" № 14 ID= 1000224841. 
2024.05.23 01:30:31, Добавление строки. Связывание со входящим документом № 17 ЭД "Сведения о поступивших от юридических лиц платежах" № 14 ID= 1000224841. 
2024.05.23 01:30:45, Добавление строки. Связывание со входящим документом № 17 ЭД "Сведения о поступивших от юридических лиц платежах" № 14 ID= 1000224841. 
2024.05.23 01:30:59, Добавление строки. Связывание со входящим документом № 17 ЭД "Сведения о поступивших от юридических лиц платежах" № 14 ID= 1000224841. 
2024.05.23 01:31:14, Добавление строки. Связывание со входящим документом № 17 ЭД "Сведения о поступивших от юридических лиц платежах" № 14 ID= 1000224841. 
2024.05.23 01:31:28, Добавление строки. Связывание со входящим документом № 17 ЭД "Сведения о поступивших от юридических лиц платежах" № 14 ID= 1000224841. 
2024.05.23 01:31:47, Добавление строки. Связывание со входящим документом № 17 ЭД "Сведения о поступивших от юридических лиц платежах" № 14 ID= 1000224841. 
2024.05.23 01:32:01, Добавление строки. Связывание со входящим документом № 17 ЭД "Сведения о поступивших от юридических лиц платежах" № 14 ID= 1000224841. 
2024.05.23 01:32:15, Добавление строки. Связывание со входящим документом № 17 ЭД "Сведения о поступивших от юридических лиц платежах" № 14 ID= 1000224841. 
2024.05.23 01:32:29, Добавление строки. Связывание со входящим документом № 17 ЭД "Сведения о поступивших от юридических лиц платежах" № 14 ID= 1000224841. 
2024.05.23 01:32:43, Добавление строки. Связывание со входящим документом № 17 ЭД "Сведения о поступивших от юридических лиц платежах" № 14 ID= 1000224841. 
2024.05.23 01:32:57, Добавление строки. Связывание со входящим документом № 17 ЭД "Сведения о поступивших от юридических лиц платежах" № 14 ID= 1000224841. 
2024.05.23 01:33:12, Добавление строки. Связывание со входящим документом № 17 ЭД "Сведения о поступивших от юридических лиц платежах" № 14 ID= 1000224841. 
2024.05.23 01:33:26, Добавление строки. Связывание со входящим документом № 17 ЭД "Сведения о поступивших от юридических лиц платежах" № 14 ID= 1000224841. 
2024.05.23 01:33:40, Добавление строки. Связывание со входящим документом № 17 ЭД "Сведения о поступивших от юридических лиц платежах" № 14 ID= 1000224841. 
2024.05.23 01:33:54, Добавление строки. Связывание со входящим документом № 17 ЭД "Сведения о поступивших от юридических лиц платежах" № 14 ID= 1000224841. 
2024.05.23 01:34:08, Добавление строки. Связывание со входящим документом № 17 ЭД "Сведения о поступивших от юридических лиц платежах" № 14 ID= 1000224841. 
2024.05.23 01:34:22, Добавление строки. Связывание со входящим документом № 17 ЭД "Сведения о поступивших от юридических лиц платежах" № 14 ID= 1000224841. 
2024.05.23 01:34:36, Добавление строки. Связывание со входящим документом № 17 ЭД "Сведения о поступивших от юридических лиц платежах" № 14 ID= 1000224841. 
2024.05.23 01:34:50, Добавление строки. Связывание со входящим документом № 17 ЭД "Сведения о поступивших от юридических лиц платежах" № 14 ID= 1000224841. 
2024.05.23 01:35:05, Добавление строки. Связывание со входящим документом № 17 ЭД "Сведения о поступивших от юридических лиц платежах" № 14 ID= 1000224841. 
2024.05.23 01:35:19, Добавление строки. Связывание со входящим документом № 17 ЭД "Сведения о поступивших от юридических лиц платежах" № 14 ID= 1000224841. 
2024.05.23 01:35:33, Добавление строки. Связывание со входящим документом № 17 ЭД "Сведения о поступивших от юридических лиц платежах" № 14 ID= 1000224841. 
2024.05.23 01:35:47, Добавление строки. Связывание со входящим документом № 17 ЭД "Сведения о поступивших от юридических лиц платежах" № 14 ID= 1000224841. 
2024.05.23 01:36:01, Добавление строки. Связывание со входящим документом № 17 ЭД "Сведения о поступивших от юридических лиц платежах" № 14 ID= 1000224841. 
2024.05.23 01:36:16, Добавление строки. Связывание со входящим документом № 17 ЭД "Сведения о поступивших от юридических лиц платежах" № 14 ID= 1000224841. 
2024.05.23 01:36:30, Добавление строки. Связывание со входящим документом № 17 ЭД "Сведения о поступивших от юридических лиц платежах" № 14 ID= 1000224841. 
2024.05.23 01:36:44, Добавление строки. Связывание со входящим документом № 17 ЭД "Сведения о поступивших от юридических лиц платежах" № 14 ID= 1000224841. 
2024.05.23 01:36:58, Добавление строки. Связывание со входящим документом № 17 ЭД "Сведения о поступивших от юридических лиц платежах" № 14 ID= 1000224841. 
2024.05.23 01:37:12, Добавление строки. Связывание со входящим документом № 17 ЭД "Сведения о поступивших от юридических лиц платежах" № 14 ID= 1000224841. 
2024.05.23 01:37:26, Добавление строки. Связывание со входящим документом № 17 ЭД "Сведения о поступивших от юридических лиц платежах" № 14 ID= 1000224841. 
2024.05.23 01:37:41, Добавление строки. Связывание со входящим документом № 17 ЭД "Сведения о поступивших от юридических лиц платежах" № 14 ID= 1000224841. 
2024.05.23 01:37:55, Добавление строки. Связывание со входящим документом № 17 ЭД "Сведения о поступивших от юридических лиц платежах" № 14 ID= 1000224841. 
2024.05.23 01:38:09, Добавление строки. Связывание со входящим документом № 17 ЭД "Сведения о поступивших от юридических лиц платежах" № 14 ID= 1000224841. 
2024.05.23 01:38:23, Добавление строки. Связывание со входящим документом № 17 ЭД "Сведения о поступивших от юридических лиц платежах" № 14 ID= 1000224841. 
2024.05.23 01:38:37, Добавление строки. Связывание со входящим документом № 17 ЭД "Сведения о поступивших от юридических лиц платежах" № 14 ID= 1000224841. 
2024.05.23 01:38:51, Добавление строки. Связывание со входящим документом № 17 ЭД "Сведения о поступивших от юридических лиц платежах" № 14 ID= 1000224841. 
2024.05.23 01:39:05, Добавление строки. Связывание со входящим документом № 17 ЭД "Сведения о поступивших от юридических лиц платежах" № 14 ID= 1000224841. 
2024.05.23 01:39:20, Добавление строки. Связывание со входящим документом № 17 ЭД "Сведения о поступивших от юридических лиц платежах" № 14 ID= 1000224841. 
2024.05.23 01:39:34, Добавление строки. Связывание со входящим документом № 17 ЭД "Сведения о поступивших от юридических лиц платежах" № 14 ID= 1000224841. 
2024.05.23 01:39:48, Добавление строки. Связывание со входящим документом № 17 ЭД "Сведения о поступивших от юридических лиц платежах" № 14 ID= 1000224841. 
2024.05.23 01:40:02, Добавление строки. Связывание со входящим документом № 17 ЭД "Сведения о поступивших от юридических лиц платежах" № 14 ID= 1000224841. 
2024.05.23 01:40:17, Добавление строки. Связывание со входящим документом № 17 ЭД "Сведения о поступивших от юридических лиц платежах" № 14 ID= 1000224841. 
2024.05.23 01:40:31, Добавление строки. Связывание со входящим документом № 17 ЭД "Сведения о поступивших от юридических лиц платежах" № 14 ID= 1000224841. 
2024.05.23 01:40:45, Добавление строки. Связывание со входящим документом № 17 ЭД "Сведения о поступивших от юридических лиц платежах" № 14 ID= 1000224841. 
2024.05.23 01:40:59, Добавление строки. Связывание со входящим документом № 17 ЭД "Сведения о поступивших от юридических лиц платежах" № 14 ID= 1000224841. 
2024.05.23 01:41:13, Добавление строки. Связывание со входящим документом № 17 ЭД "Сведения о поступивших от юридических лиц платежах" № 14 ID= 1000224841. 
2024.05.23 01:41:27, Добавление строки. Связывание со входящим документом № 17 ЭД "Сведения о поступивших от юридических лиц платежах" № 14 ID= 1000224841. 
2024.05.23 01:41:42, Добавление строки. Связывание со входящим документом № 17 ЭД "Сведения о поступивших от юридических лиц платежах" № 14 ID= 1000224841. 
2024.05.23 01:41:56, Добавление строки. Связывание со входящим документом № 17 ЭД "Сведения о поступивших от юридических лиц платежах" № 14 ID= 1000224841. 
2024.05.23 01:42:10, Добавление строки. Связывание со входящим документом № 17 ЭД "Сведения о поступивших от юридических лиц платежах" № 14 ID= 1000224841. 
2024.05.23 01:42:24, Добавление строки. Связывание со входящим документом № 17 ЭД "Сведения о поступивших от юридических лиц платежах" № 14 ID= 1000224841. 
2024.05.23 01:42:38, Добавление строки. Связывание со входящим документом № 17 ЭД "Сведения о поступивших от юридических лиц платежах" № 14 ID= 1000224841. 
2024.05.23 01:42:53, Добавление строки. Связывание со входящим документом № 17 ЭД "Сведения о поступивших от юридических лиц платежах" № 14 ID= 1000224841. 
2024.05.23 01:43:07, Добавление строки. Связывание со входящим документом № 17 ЭД "Сведения о поступивших от юридических лиц платежах" № 14 ID= 1000224841. 
2024.05.23 01:43:21, Добавление строки. Связывание со входящим документом № 17 ЭД "Сведения о поступивших от юридических лиц платежах" № 14 ID= 1000224841. 
2024.05.23 01:43:35, Добавление строки. Связывание со входящим документом № 17 ЭД "Сведения о поступивших от юридических лиц платежах" № 14 ID= 1000224841. 
2024.05.23 01:43:49, Добавление строки. Связывание со входящим документом № 17 ЭД "Сведения о поступивших от юридических лиц платежах" № 14 ID= 1000224841. 
2024.05.23 01:44:04, Добавление строки. Связывание со входящим документом № 17 ЭД "Сведения о поступивших от юридических лиц платежах" № 14 ID= 1000224841. 
2024.05.23 01:44:18, Добавление строки. Связывание со входящим документом № 17 ЭД "Сведения о поступивших от юридических лиц платежах" № 14 ID= 1000224841. 
2024.05.23 01:44:32, Добавление строки. Связывание со входящим документом № 17 ЭД "Сведения о поступивших от юридических лиц платежах" № 14 ID= 1000224841. 
2024.05.23 01:44:46, Добавление строки. Связывание со входящим документом № 17 ЭД "Сведения о поступивших от юридических лиц платежах" № 14 ID= 1000224841. 
2024.05.23 01:45:00, Добавление строки. Связывание со входящим документом № 17 ЭД "Сведения о поступивших от юридических лиц платежах" № 14 ID= 1000224841. 
2024.05.23 01:45:15, Добавление строки. Связывание со входящим документом № 17 ЭД "Сведения о поступивших от юридических лиц платежах" № 14 ID= 1000224841. 
2024.05.23 01:45:29, Добавление строки. Связывание со входящим документом № 17 ЭД "Сведения о поступивших от юридических лиц платежах" № 14 ID= 1000224841. 
2024.05.23 01:45:43, Добавление строки. Связывание со входящим документом № 17 ЭД "Сведения о поступивших от юридических лиц платежах" № 14 ID= 1000224841. 
2024.05.23 01:45:57, Добавление строки. Связывание со входящим документом № 17 ЭД "Сведения о поступивших от юридических лиц платежах" № 14 ID= 1000224841. 
2024.05.23 01:46:11, Добавление строки. Связывание со входящим документом № 17 ЭД "Сведения о поступивших от юридических лиц платежах" № 14 ID= 1000224841. 
2024.05.23 01:46:26, Добавление строки. Связывание со входящим документом № 17 ЭД "Сведения о поступивших от юридических лиц платежах" № 14 ID= 1000224841. 
2024.05.23 01:46:40, Добавление строки. Связывание со входящим документом № 17 ЭД "Сведения о поступивших от юридических лиц платежах" № 14 ID= 1000224841. 
2024.05.23 01:46:54, Добавление строки. Связывание со входящим документом № 17 ЭД "Сведения о поступивших от юридических лиц платежах" № 14 ID= 1000224841. 
2024.05.23 01:47:08, Добавление строки. Связывание со входящим документом № 17 ЭД "Сведения о поступивших от юридических лиц платежах" № 14 ID= 1000224841. 
2024.05.23 01:47:22, Добавление строки. Связывание со входящим документом № 17 ЭД "Сведения о поступивших от юридических лиц платежах" № 14 ID= 1000224841. 
2024.05.23 01:47:37, Добавление строки. Связывание со входящим документом № 17 ЭД "Сведения о поступивших от юридических лиц платежах" № 14 ID= 1000224841. 
2024.05.23 01:47:51, Добавление строки. Связывание со входящим документом № 17 ЭД "Сведения о поступивших от юридических лиц платежах" № 14 ID= 1000224841. 
2024.05.23 01:48:05, Добавление строки. Связывание со входящим документом № 17 ЭД "Сведения о поступивших от юридических лиц платежах" № 14 ID= 1000224841. 
2024.05.23 01:48:19, Добавление строки. Связывание со входящим документом № 17 ЭД "Сведения о поступивших от юридических лиц платежах" № 14 ID= 1000224841. 
2024.05.23 01:48:34, Добавление строки. Связывание со входящим документом № 17 ЭД "Сведения о поступивших от юридических лиц платежах" № 14 ID= 1000224841. 
2024.05.23 01:48:48, Добавление строки. Связывание со входящим документом № 17 ЭД "Сведения о поступивших от юридических лиц платежах" № 14 ID= 1000224841. 
2024.05.23 01:49:02, Добавление строки. Связывание со входящим документом № 17 ЭД "Сведения о поступивших от юридических лиц платежах" № 14 ID= 1000224841. 
2024.05.23 01:49:16, Добавление строки. Связывание со входящим документом № 17 ЭД "Сведения о поступивших от юридических лиц платежах" № 14 ID= 1000224841. 
2024.05.23 01:49:31, Добавление строки. Связывание со входящим документом № 17 ЭД "Сведения о поступивших от юридических лиц платежах" № 14 ID= 1000224841. 
2024.05.23 01:49:45, Добавление строки. Связывание со входящим документом № 17 ЭД "Сведения о поступивших от юридических лиц платежах" № 14 ID= 1000224841. 
2024.05.23 01:49:59, Добавление строки. Связывание со входящим документом № 17 ЭД "Сведения о поступивших от юридических лиц платежах" № 14 ID= 1000224841. 
2024.05.23 01:50:13, Добавление строки. Связывание со входящим документом № 17 ЭД "Сведения о поступивших от юридических лиц платежах" № 14 ID= 1000224841. 
2024.05.23 01:50:28, Добавление строки. Связывание со входящим документом № 17 ЭД "Сведения о поступивших от юридических лиц платежах" № 14 ID= 1000224841. 
2024.05.23 01:50:42, Добавление строки. Связывание со входящим документом № 17 ЭД "Сведения о поступивших от юридических лиц платежах" № 14 ID= 1000224841. 
2024.05.23 01:50:56, Добавление строки. Связывание со входящим документом № 17 ЭД "Сведения о поступивших от юридических лиц платежах" № 14 ID= 1000224841. 
2024.05.23 01:51:11, Добавление строки. Связывание со входящим документом № 17 ЭД "Сведения о поступивших от юридических лиц платежах" № 14 ID= 1000224841. 
2024.05.23 01:51:25, Добавление строки. Связывание со входящим документом № 17 ЭД "Сведения о поступивших от юридических лиц платежах" № 14 ID= 1000224841. 
2024.05.23 01:51:39, Добавление строки. Связывание со входящим документом № 17 ЭД "Сведения о поступивших от юридических лиц платежах" № 14 ID= 1000224841. 
2024.05.23 01:51:53, Добавление строки. Связывание со входящим документом № 17 ЭД "Сведения о поступивших от юридических лиц платежах" № 14 ID= 1000224841. 
2024.05.23 01:52:08, Добавление строки. Связывание со входящим документом № 17 ЭД "Сведения о поступивших от юридических лиц платежах" № 14 ID= 1000224841. 
2024.05.23 01:52:22, Добавление строки. Связывание со входящим документом № 17 ЭД "Сведения о поступивших от юридических лиц платежах" № 14 ID= 1000224841. 
2024.05.23 01:52:37, Добавление строки. Связывание со входящим документом № 17 ЭД "Сведения о поступивших от юридических лиц платежах" № 14 ID= 1000224841. 
2024.05.23 01:52:51, Добавление строки. Связывание со входящим документом № 17 ЭД "Сведения о поступивших от юридических лиц платежах" № 14 ID= 1000224841. 
2024.05.23 01:53:05, Добавление строки. Связывание со входящим документом № 17 ЭД "Сведения о поступивших от юридических лиц платежах" № 14 ID= 1000224841. 
2024.05.23 01:53:20, Добавление строки. Связывание со входящим документом № 17 ЭД "Сведения о поступивших от юридических лиц платежах" № 14 ID= 1000224841. 
2024.05.23 01:53:34, Добавление строки. Связывание со входящим документом № 17 ЭД "Сведения о поступивших от юридических лиц платежах" № 14 ID= 1000224841. 
2024.05.23 01:53:48, Добавление строки. Связывание со входящим документом № 17 ЭД "Сведения о поступивших от юридических лиц платежах" № 14 ID= 1000224841. 
2024.05.23 01:54:02, Добавление строки. Связывание со входящим документом № 17 ЭД "Сведения о поступивших от юридических лиц платежах" № 14 ID= 1000224841. 
2024.05.23 01:54:17, Добавление строки. Связывание со входящим документом № 17 ЭД "Сведения о поступивших от юридических лиц платежах" № 14 ID= 1000224841. 
2024.05.23 01:54:31, Добавление строки. Связывание со входящим документом № 17 ЭД "Сведения о поступивших от юридических лиц платежах" № 14 ID= 1000224841. 
2024.05.23 01:54:46, Добавление строки. Связывание со входящим документом № 17 ЭД "Сведения о поступивших от юридических лиц платежах" № 14 ID= 1000224841. 
2024.05.23 01:55:03, Добавление строки. Связывание со входящим документом № 17 ЭД "Сведения о поступивших от юридических лиц платежах" № 14 ID= 1000224841. 
2024.05.23 01:55:17, Добавление строки. Связывание со входящим документом № 17 ЭД "Сведения о поступивших от юридических лиц платежах" № 14 ID= 1000224841. 
2024.05.23 01:55:31, Добавление строки. Связывание со входящим документом № 17 ЭД "Сведения о поступивших от юридических лиц платежах" № 14 ID= 1000224841. 
2024.05.23 01:55:46, Добавление строки. Связывание со входящим документом № 17 ЭД "Сведения о поступивших от юридических лиц платежах" № 14 ID= 1000224841. 
2024.05.23 01:56:00, Добавление строки. Связывание со входящим документом № 17 ЭД "Сведения о поступивших от юридических лиц платежах" № 14 ID= 1000224841. 
2024.05.23 01:56:14, Добавление строки. Связывание со входящим документом № 17 ЭД "Сведения о поступивших от юридических лиц платежах" № 14 ID= 1000224841. 
2024.05.23 01:56:28, Добавление строки. Связывание со входящим документом № 17 ЭД "Сведения о поступивших от юридических лиц платежах" № 14 ID= 1000224841. 
2024.05.23 01:56:43, Добавление строки. Связывание со входящим документом № 17 ЭД "Сведения о поступивших от юридических лиц платежах" № 14 ID= 1000224841. 
2024.05.23 01:56:57, Добавление строки. Связывание со входящим документом № 17 ЭД "Сведения о поступивших от юридических лиц платежах" № 14 ID= 1000224841. 
2024.05.23 01:57:11, Добавление строки. Связывание со входящим документом № 17 ЭД "Сведения о поступивших от юридических лиц платежах" № 14 ID= 1000224841. 
2024.05.23 01:57:26, Добавление строки. Связывание со входящим документом № 17 ЭД "Сведения о поступивших от юридических лиц платежах" № 14 ID= 1000224841. 
2024.05.23 01:57:40, Добавление строки. Связывание со входящим документом № 17 ЭД "Сведения о поступивших от юридических лиц платежах" № 14 ID= 1000224841. 
2024.05.23 01:57:54, Добавление строки. Связывание со входящим документом № 17 ЭД "Сведения о поступивших от юридических лиц платежах" № 14 ID= 1000224841. 
2024.05.23 01:58:09, Добавление строки. Связывание со входящим документом № 17 ЭД "Сведения о поступивших от юридических лиц платежах" № 14 ID= 1000224841. 
2024.05.23 01:58:23, Добавление строки. Связывание со входящим документом № 17 ЭД "Сведения о поступивших от юридических лиц платежах" № 14 ID= 1000224841. 
2024.05.23 01:58:37, Добавление строки. Связывание со входящим документом № 17 ЭД "Сведения о поступивших от юридических лиц платежах" № 14 ID= 1000224841. 
2024.05.23 01:58:51, Добавление строки. Связывание со входящим документом № 17 ЭД "Сведения о поступивших от юридических лиц платежах" № 14 ID= 1000224841. 
2024.05.23 01:59:06, Добавление строки. Связывание со входящим документом № 17 ЭД "Сведения о поступивших от юридических лиц платежах" № 14 ID= 1000224841. 
2024.05.23 01:59:20, Добавление строки. Связывание со входящим документом № 17 ЭД "Сведения о поступивших от юридических лиц платежах" № 14 ID= 1000224841. 
2024.05.23 01:59:35, Добавление строки. Связывание со входящим документом № 17 ЭД "Сведения о поступивших от юридических лиц платежах" № 14 ID= 1000224841. 
2024.05.23 01:59:49, Добавление строки. Связывание со входящим документом № 17 ЭД "Сведения о поступивших от юридических лиц платежах" № 14 ID= 1000224841. 
2024.05.23 02:00:03, Добавление строки. Связывание со входящим документом № 17 ЭД "Сведения о поступивших от юридических лиц платежах" № 14 ID= 1000224841. 
2024.05.23 02:00:18, Добавление строки. Связывание со входящим документом № 17 ЭД "Сведения о поступивших от юридических лиц платежах" № 14 ID= 1000224841. 
2024.05.23 02:00:32, Добавление строки. Связывание со входящим документом № 17 ЭД "Сведения о поступивших от юридических лиц платежах" № 14 ID= 1000224841. 
2024.05.23 02:00:47, Добавление строки. Связывание со входящим документом № 17 ЭД "Сведения о поступивших от юридических лиц платежах" № 14 ID= 1000224841. 
2024.05.23 02:01:01, Добавление строки. Связывание со входящим документом № 17 ЭД "Сведения о поступивших от юридических лиц платежах" № 14 ID= 1000224841. 
2024.05.23 02:01:15, Добавление строки. Связывание со входящим документом № 17 ЭД "Сведения о поступивших от юридических лиц платежах" № 14 ID= 1000224841. 
2024.05.23 02:01:30, Добавление строки. Связывание со входящим документом № 17 ЭД "Сведения о поступивших от юридических лиц платежах" № 14 ID= 1000224841. 
2024.05.23 02:01:44, Добавление строки. Связывание со входящим документом № 17 ЭД "Сведения о поступивших от юридических лиц платежах" № 14 ID= 1000224841. 
2024.05.23 02:01:58, Добавление строки. Связывание со входящим документом № 17 ЭД "Сведения о поступивших от юридических лиц платежах" № 14 ID= 1000224841. 
2024.05.23 02:02:13, Добавление строки. Связывание со входящим документом № 17 ЭД "Сведения о поступивших от юридических лиц платежах" № 14 ID= 1000224841. 
2024.05.23 02:02:27, Добавление строки. Связывание со входящим документом № 17 ЭД "Сведения о поступивших от юридических лиц платежах" № 14 ID= 1000224841. 
2024.05.23 02:02:42, Добавление строки. Связывание со входящим документом № 17 ЭД "Сведения о поступивших от юридических лиц платежах" № 14 ID= 1000224841. 
2024.05.23 02:02:56, Добавление строки. Связывание со входящим документом № 17 ЭД "Сведения о поступивших от юридических лиц платежах" № 14 ID= 1000224841. 
2024.05.23 02:03:10, Добавление строки. Связывание со входящим документом № 17 ЭД "Сведения о поступивших от юридических лиц платежах" № 14 ID= 1000224841. 
2024.05.23 02:03:25, Добавление строки. Связывание со входящим документом № 17 ЭД "Сведения о поступивших от юридических лиц платежах" № 14 ID= 1000224841. 
2024.05.23 02:03:39, Добавление строки. Связывание со входящим документом № 17 ЭД "Сведения о поступивших от юридических лиц платежах" № 14 ID= 1000224841. 
2024.05.23 02:03:54, Добавление строки. Связывание со входящим документом № 17 ЭД "Сведения о поступивших от юридических лиц платежах" № 14 ID= 1000224841. 
2024.05.23 02:04:08, Добавление строки. Связывание со входящим документом № 17 ЭД "Сведения о поступивших от юридических лиц платежах" № 14 ID= 1000224841. 
2024.05.23 02:04:22, Добавление строки. Связывание со входящим документом № 17 ЭД "Сведения о поступивших от юридических лиц платежах" № 14 ID= 1000224841. 
2024.05.23 02:04:37, Добавление строки. Связывание со входящим документом № 17 ЭД "Сведения о поступивших от юридических лиц платежах" № 14 ID= 1000224841. 
2024.05.23 02:04:51, Добавление строки. Связывание со входящим документом № 17 ЭД "Сведения о поступивших от юридических лиц платежах" № 14 ID= 1000224841. 
2024.05.23 02:05:05, Добавление строки. Связывание со входящим документом № 17 ЭД "Сведения о поступивших от юридических лиц платежах" № 14 ID= 1000224841. 
2024.05.23 02:05:20, Добавление строки. Связывание со входящим документом № 17 ЭД "Сведения о поступивших от юридических лиц платежах" № 14 ID= 1000224841. 
2024.05.23 02:05:34, Добавление строки. Связывание со входящим документом № 17 ЭД "Сведения о поступивших от юридических лиц платежах" № 14 ID= 1000224841. 
2024.05.23 02:05:48, Добавление строки. Связывание со входящим документом № 17 ЭД "Сведения о поступивших от юридических лиц платежах" № 14 ID= 1000224841. 
2024.05.23 02:06:03, Добавление строки. Связывание со входящим документом № 17 ЭД "Сведения о поступивших от юридических лиц платежах" № 14 ID= 1000224841. 
2024.05.23 02:06:17, Добавление строки. Связывание со входящим документом № 17 ЭД "Сведения о поступивших от юридических лиц платежах" № 14 ID= 1000224841. 
2024.05.23 02:06:32, Добавление строки. Связывание со входящим документом № 17 ЭД "Сведения о поступивших от юридических лиц платежах" № 14 ID= 1000224841. 
2024.05.23 02:06:46, Добавление строки. Связывание со входящим документом № 17 ЭД "Сведения о поступивших от юридических лиц платежах" № 14 ID= 1000224841. 
2024.05.23 02:07:00, Добавление строки. Связывание со входящим документом № 17 ЭД "Сведения о поступивших от юридических лиц платежах" № 14 ID= 1000224841. 
2024.05.23 02:07:15, Добавление строки. Связывание со входящим документом № 17 ЭД "Сведения о поступивших от юридических лиц платежах" № 14 ID= 1000224841. 
2024.05.23 02:07:29, Добавление строки. Связывание со входящим документом № 17 ЭД "Сведения о поступивших от юридических лиц платежах" № 14 ID= 1000224841. 
2024.05.23 02:07:43, Добавление строки. Связывание со входящим документом № 17 ЭД "Сведения о поступивших от юридических лиц платежах" № 14 ID= 1000224841. 
2024.05.23 02:07:57, Добавление строки. Связывание со входящим документом № 17 ЭД "Сведения о поступивших от юридических лиц платежах" № 14 ID= 1000224841. 
2024.05.23 02:08:12, Добавление строки. Связывание со входящим документом № 17 ЭД "Сведения о поступивших от юридических лиц платежах" № 14 ID= 1000224841. 
2024.05.23 02:08:26, Добавление строки. Связывание со входящим документом № 17 ЭД "Сведения о поступивших от юридических лиц платежах" № 14 ID= 1000224841. 
2024.05.23 02:08:40, Добавление строки. Связывание со входящим документом № 17 ЭД "Сведения о поступивших от юридических лиц платежах" № 14 ID= 1000224841. 
2024.05.23 02:08:55, Добавление строки. Связывание со входящим документом № 17 ЭД "Сведения о поступивших от юридических лиц платежах" № 14 ID= 1000224841. 
2024.05.23 02:09:09, Добавление строки. Связывание со входящим документом № 17 ЭД "Сведения о поступивших от юридических лиц платежах" № 14 ID= 1000224841. 
2024.05.23 02:09:24, Добавление строки. Связывание со входящим документом № 17 ЭД "Сведения о поступивших от юридических лиц платежах" № 14 ID= 1000224841. 
2024.05.23 02:09:38, Добавление строки. Связывание со входящим документом № 17 ЭД "Сведения о поступивших от юридических лиц платежах" № 14 ID= 1000224841. 
2024.05.23 02:09:52, Добавление строки. Связывание со входящим документом № 17 ЭД "Сведения о поступивших от юридических лиц платежах" № 14 ID= 1000224841. 
2024.05.23 02:10:07, Добавление строки. Связывание со входящим документом № 17 ЭД "Сведения о поступивших от юридических лиц платежах" № 14 ID= 1000224841. 
2024.05.23 02:10:21, Добавление строки. Связывание со входящим документом № 17 ЭД "Сведения о поступивших от юридических лиц платежах" № 14 ID= 1000224841. 
2024.05.23 02:10:35, Добавление строки. Связывание со входящим документом № 17 ЭД "Сведения о поступивших от юридических лиц платежах" № 14 ID= 1000224841. 
2024.05.23 02:10:50, Добавление строки. Связывание со входящим документом № 17 ЭД "Сведения о поступивших от юридических лиц платежах" № 14 ID= 1000224841. 
2024.05.23 02:11:04, Добавление строки. Связывание со входящим документом № 17 ЭД "Сведения о поступивших от юридических лиц платежах" № 14 ID= 1000224841. 
2024.05.23 02:11:18, Добавление строки. Связывание со входящим документом № 17 ЭД "Сведения о поступивших от юридических лиц платежах" № 14 ID= 1000224841. 
2024.05.23 02:11:33, Добавление строки. Связывание со входящим документом № 17 ЭД "Сведения о поступивших от юридических лиц платежах" № 14 ID= 1000224841. 
2024.05.23 02:11:47, Добавление строки. Связывание со входящим документом № 17 ЭД "Сведения о поступивших от юридических лиц платежах" № 14 ID= 1000224841. 
2024.05.23 02:12:01, Добавление строки. Связывание со входящим документом № 17 ЭД "Сведения о поступивших от юридических лиц платежах" № 14 ID= 1000224841. 
2024.05.23 02:12:16, Добавление строки. Связывание со входящим документом № 17 ЭД "Сведения о поступивших от юридических лиц платежах" № 14 ID= 1000224841. 
2024.05.23 02:12:30, Добавление строки. Связывание со входящим документом № 17 ЭД "Сведения о поступивших от юридических лиц платежах" № 14 ID= 1000224841. 
2024.05.23 02:12:45, Добавление строки. Связывание со входящим документом № 17 ЭД "Сведения о поступивших от юридических лиц платежах" № 14 ID= 1000224841. 
2024.05.23 02:12:59, Добавление строки. Связывание со входящим документом № 17 ЭД "Сведения о поступивших от юридических лиц платежах" № 14 ID= 1000224841. 
2024.05.23 02:13:13, Добавление строки. Связывание со входящим документом № 17 ЭД "Сведения о поступивших от юридических лиц платежах" № 14 ID= 1000224841. 
2024.05.23 02:13:28, Добавление строки. Связывание со входящим документом № 17 ЭД "Сведения о поступивших от юридических лиц платежах" № 14 ID= 1000224841. 
2024.05.23 02:13:42, Добавление строки. Связывание со входящим документом № 17 ЭД "Сведения о поступивших от юридических лиц платежах" № 14 ID= 1000224841. 
2024.05.23 02:13:56, Добавление строки. Связывание со входящим документом № 17 ЭД "Сведения о поступивших от юридических лиц платежах" № 14 ID= 1000224841. 
2024.05.23 02:14:11, Добавление строки. Связывание со входящим документом № 17 ЭД "Сведения о поступивших от юридических лиц платежах" № 14 ID= 1000224841. 
2024.05.23 02:14:25, Добавление строки. Связывание со входящим документом № 17 ЭД "Сведения о поступивших от юридических лиц платежах" № 14 ID= 1000224841. 
2024.05.23 02:14:40, Добавление строки. Связывание со входящим документом № 17 ЭД "Сведения о поступивших от юридических лиц платежах" № 14 ID= 1000224841. 
2024.05.23 02:14:54, Добавление строки. Связывание со входящим документом № 17 ЭД "Сведения о поступивших от юридических лиц платежах" № 14 ID= 1000224841. 
2024.05.23 02:15:08, Добавление строки. Связывание со входящим документом № 17 ЭД "Сведения о поступивших от юридических лиц платежах" № 14 ID= 1000224841. 
2024.05.23 02:15:23, Добавление строки. Связывание со входящим документом № 17 ЭД "Сведения о поступивших от юридических лиц платежах" № 14 ID= 1000224841. 
2024.05.23 02:15:37, Добавление строки. Связывание со входящим документом № 17 ЭД "Сведения о поступивших от юридических лиц платежах" № 14 ID= 1000224841. 
2024.05.23 02:15:52, Добавление строки. Связывание со входящим документом № 17 ЭД "Сведения о поступивших от юридических лиц платежах" № 14 ID= 1000224841. 
2024.05.23 02:16:06, Добавление строки. Связывание со входящим документом № 17 ЭД "Сведения о поступивших от юридических лиц платежах" № 14 ID= 1000224841. 
2024.05.23 02:16:20, Добавление строки. Связывание со входящим документом № 17 ЭД "Сведения о поступивших от юридических лиц платежах" № 14 ID= 1000224841. 
2024.05.23 02:16:35, Добавление строки. Связывание со входящим документом № 17 ЭД "Сведения о поступивших от юридических лиц платежах" № 14 ID= 1000224841. 
2024.05.23 02:16:49, Добавление строки. Связывание со входящим документом № 17 ЭД "Сведения о поступивших от юридических лиц платежах" № 14 ID= 1000224841. 
2024.05.23 02:17:04, Добавление строки. Связывание со входящим документом № 17 ЭД "Сведения о поступивших от юридических лиц платежах" № 14 ID= 1000224841. 
2024.05.23 02:17:18, Добавление строки. Связывание со входящим документом № 17 ЭД "Сведения о поступивших от юридических лиц платежах" № 14 ID= 1000224841. 
2024.05.23 02:17:32, Добавление строки. Связывание со входящим документом № 17 ЭД "Сведения о поступивших от юридических лиц платежах" № 14 ID= 1000224841. 
2024.05.23 02:17:47, Добавление строки. Связывание со входящим документом № 17 ЭД "Сведения о поступивших от юридических лиц платежах" № 14 ID= 1000224841. 
2024.05.23 02:18:01, Добавление строки. Связывание со входящим документом № 17 ЭД "Сведения о поступивших от юридических лиц платежах" № 14 ID= 1000224841. 
2024.05.23 02:18:16, Добавление строки. Связывание со входящим документом № 17 ЭД "Сведения о поступивших от юридических лиц платежах" № 14 ID= 1000224841. 
2024.05.23 02:18:31, Добавление строки. Связывание со входящим документом № 17 ЭД "Сведения о поступивших от юридических лиц платежах" № 14 ID= 1000224841. 
2024.05.23 02:18:45, Добавление строки. Связывание со входящим документом № 17 ЭД "Сведения о поступивших от юридических лиц платежах" № 14 ID= 1000224841. 
2024.05.23 02:18:59, Добавление строки. Связывание со входящим документом № 17 ЭД "Сведения о поступивших от юридических лиц платежах" № 14 ID= 1000224841. 
2024.05.23 02:19:14, Добавление строки. Связывание со входящим документом № 17 ЭД "Сведения о поступивших от юридических лиц платежах" № 14 ID= 1000224841. 
2024.05.23 02:19:28, Добавление строки. Связывание со входящим документом № 17 ЭД "Сведения о поступивших от юридических лиц платежах" № 14 ID= 1000224841. 
2024.05.23 02:19:43, Добавление строки. Связывание со входящим документом № 17 ЭД "Сведения о поступивших от юридических лиц платежах" № 14 ID= 1000224841. 
2024.05.23 02:19:57, Добавление строки. Связывание со входящим документом № 17 ЭД "Сведения о поступивших от юридических лиц платежах" № 14 ID= 1000224841. 
2024.05.23 02:20:12, Добавление строки. Связывание со входящим документом № 17 ЭД "Сведения о поступивших от юридических лиц платежах" № 14 ID= 1000224841. 
2024.05.23 02:20:26, Добавление строки. Связывание со входящим документом № 17 ЭД "Сведения о поступивших от юридических лиц платежах" № 14 ID= 1000224841. 
2024.05.23 02:20:41, Добавление строки. Связывание со входящим документом № 17 ЭД "Сведения о поступивших от юридических лиц платежах" № 14 ID= 1000224841. 
2024.05.23 02:20:55, Добавление строки. Связывание со входящим документом № 17 ЭД "Сведения о поступивших от юридических лиц платежах" № 14 ID= 1000224841. 
2024.05.23 02:21:09, Добавление строки. Связывание со входящим документом № 17 ЭД "Сведения о поступивших от юридических лиц платежах" № 14 ID= 1000224841. 
2024.05.23 02:21:24, Добавление строки. Связывание со входящим документом № 17 ЭД "Сведения о поступивших от юридических лиц платежах" № 14 ID= 1000224841. 
2024.05.23 02:21:38, Добавление строки. Связывание со входящим документом № 17 ЭД "Сведения о поступивших от юридических лиц платежах" № 14 ID= 1000224841. 
2024.05.23 02:21:53, Добавление строки. Связывание со входящим документом № 17 ЭД "Сведения о поступивших от юридических лиц платежах" № 14 ID= 1000224841. 
2024.05.23 02:22:07, Добавление строки. Связывание со входящим документом № 17 ЭД "Сведения о поступивших от юридических лиц платежах" № 14 ID= 1000224841. 
2024.05.23 02:22:22, Добавление строки. Связывание со входящим документом № 17 ЭД "Сведения о поступивших от юридических лиц платежах" № 14 ID= 1000224841. 
2024.05.23 02:22:36, Добавление строки. Связывание со входящим документом № 17 ЭД "Сведения о поступивших от юридических лиц платежах" № 14 ID= 1000224841. 
2024.05.23 02:22:51, Добавление строки. Связывание со входящим документом № 17 ЭД "Сведения о поступивших от юридических лиц платежах" № 14 ID= 1000224841. 
2024.05.23 02:23:05, Добавление строки. Связывание со входящим документом № 17 ЭД "Сведения о поступивших от юридических лиц платежах" № 14 ID= 1000224841. 
2024.05.23 02:23:20, Добавление строки. Связывание со входящим документом № 17 ЭД "Сведения о поступивших от юридических лиц платежах" № 14 ID= 1000224841. 
2024.05.23 02:23:34, Добавление строки. Связывание со входящим документом № 17 ЭД "Сведения о поступивших от юридических лиц платежах" № 14 ID= 1000224841. 
2024.05.23 02:23:49, Добавление строки. Связывание со входящим документом № 17 ЭД "Сведения о поступивших от юридических лиц платежах" № 14 ID= 1000224841. 
2024.05.23 02:24:03, Добавление строки. Связывание со входящим документом № 17 ЭД "Сведения о поступивших от юридических лиц платежах" № 14 ID= 1000224841. 
2024.05.23 02:24:18, Добавление строки. Связывание со входящим документом № 17 ЭД "Сведения о поступивших от юридических лиц платежах" № 14 ID= 1000224841. 
2024.05.23 02:24:32, Добавление строки. Связывание со входящим документом № 17 ЭД "Сведения о поступивших от юридических лиц платежах" № 14 ID= 1000224841. 
2024.05.23 02:24:47, Добавление строки. Связывание со входящим документом № 17 ЭД "Сведения о поступивших от юридических лиц платежах" № 14 ID= 1000224841. 
2024.05.23 02:25:01, Добавление строки. Связывание со входящим документом № 17 ЭД "Сведения о поступивших от юридических лиц платежах" № 14 ID= 1000224841. 
2024.05.23 02:25:16, Добавление строки. Связывание со входящим документом № 17 ЭД "Сведения о поступивших от юридических лиц платежах" № 14 ID= 1000224841. 
2024.05.23 02:25:30, Добавление строки. Связывание со входящим документом № 17 ЭД "Сведения о поступивших от юридических лиц платежах" № 14 ID= 1000224841. 
2024.05.23 02:25:45, Добавление строки. Связывание со входящим документом № 17 ЭД "Сведения о поступивших от юридических лиц платежах" № 14 ID= 1000224841. 
2024.05.23 02:25:59, Добавление строки. Связывание со входящим документом № 17 ЭД "Сведения о поступивших от юридических лиц платежах" № 14 ID= 1000224841. 
2024.05.23 02:26:14, Добавление строки. Связывание со входящим документом № 17 ЭД "Сведения о поступивших от юридических лиц платежах" № 14 ID= 1000224841. 
2024.05.23 02:26:28, Добавление строки. Связывание со входящим документом № 17 ЭД "Сведения о поступивших от юридических лиц платежах" № 14 ID= 1000224841. 
2024.05.23 02:26:43, Добавление строки. Связывание со входящим документом № 17 ЭД "Сведения о поступивших от юридических лиц платежах" № 14 ID= 1000224841. 
2024.05.23 02:26:57, Добавление строки. Связывание со входящим документом № 17 ЭД "Сведения о поступивших от юридических лиц платежах" № 14 ID= 1000224841. 
2024.05.23 02:27:12, Добавление строки. Связывание со входящим документом № 17 ЭД "Сведения о поступивших от юридических лиц платежах" № 14 ID= 1000224841. 
2024.05.23 02:27:26, Добавление строки. Связывание со входящим документом № 17 ЭД "Сведения о поступивших от юридических лиц платежах" № 14 ID= 1000224841. 
2024.05.23 02:27:41, Добавление строки. Связывание со входящим документом № 17 ЭД "Сведения о поступивших от юридических лиц платежах" № 14 ID= 1000224841. 
2024.05.23 02:27:55, Добавление строки. Связывание со входящим документом № 17 ЭД "Сведения о поступивших от юридических лиц платежах" № 14 ID= 1000224841. 
2024.05.23 02:28:10, Добавление строки. Связывание со входящим документом № 17 ЭД "Сведения о поступивших от юридических лиц платежах" № 14 ID= 1000224841. 
2024.05.23 02:28:24, Добавление строки. Связывание со входящим документом № 17 ЭД "Сведения о поступивших от юридических лиц платежах" № 14 ID= 1000224841. 
2024.05.23 02:28:39, Добавление строки. Связывание со входящим документом № 17 ЭД "Сведения о поступивших от юридических лиц платежах" № 14 ID= 1000224841. 
2024.05.23 02:28:53, Добавление строки. Связывание со входящим документом № 17 ЭД "Сведения о поступивших от юридических лиц платежах" № 14 ID= 1000224841. 
2024.05.23 02:29:08, Добавление строки. Связывание со входящим документом № 17 ЭД "Сведения о поступивших от юридических лиц платежах" № 14 ID= 1000224841. 
2024.05.23 02:29:22, Добавление строки. Связывание со входящим документом № 17 ЭД "Сведения о поступивших от юридических лиц платежах" № 14 ID= 1000224841. 
2024.05.23 02:29:37, Добавление строки. Связывание со входящим документом № 17 ЭД "Сведения о поступивших от юридических лиц платежах" № 14 ID= 1000224841. 
2024.05.23 02:29:51, Добавление строки. Связывание со входящим документом № 17 ЭД "Сведения о поступивших от юридических лиц платежах" № 14 ID= 1000224841. 
2024.05.23 02:30:06, Добавление строки. Связывание со входящим документом № 17 ЭД "Сведения о поступивших от юридических лиц платежах" № 14 ID= 1000224841. 
2024.05.23 02:30:21, Добавление строки. Связывание со входящим документом № 17 ЭД "Сведения о поступивших от юридических лиц платежах" № 14 ID= 1000224841. 
2024.05.23 02:30:35, Добавление строки. Связывание со входящим документом № 17 ЭД "Сведения о поступивших от юридических лиц платежах" № 14 ID= 1000224841. 
2024.05.23 02:30:50, Добавление строки. Связывание со входящим документом № 17 ЭД "Сведения о поступивших от юридических лиц платежах" № 14 ID= 1000224841. 
2024.05.23 02:31:04, Добавление строки. Связывание со входящим документом № 17 ЭД "Сведения о поступивших от юридических лиц платежах" № 14 ID= 1000224841. 
2024.05.23 02:31:19, Добавление строки. Связывание со входящим документом № 17 ЭД "Сведения о поступивших от юридических лиц платежах" № 14 ID= 1000224841. 
2024.05.23 02:31:33, Добавление строки. Связывание со входящим документом № 17 ЭД "Сведения о поступивших от юридических лиц платежах" № 14 ID= 1000224841. 
2024.05.23 02:31:48, Добавление строки. Связывание со входящим документом № 17 ЭД "Сведения о поступивших от юридических лиц платежах" № 14 ID= 1000224841. 
2024.05.23 02:32:02, Добавление строки. Связывание со входящим документом № 17 ЭД "Сведения о поступивших от юридических лиц платежах" № 14 ID= 1000224841. 
2024.05.23 02:32:17, Добавление строки. Связывание со входящим документом № 17 ЭД "Сведения о поступивших от юридических лиц платежах" № 14 ID= 1000224841. 
2024.05.23 02:32:32, Добавление строки. Связывание со входящим документом № 17 ЭД "Сведения о поступивших от юридических лиц платежах" № 14 ID= 1000224841. 
2024.05.23 02:32:46, Добавление строки. Связывание со входящим документом № 17 ЭД "Сведения о поступивших от юридических лиц платежах" № 14 ID= 1000224841. 
2024.05.23 02:33:01, Добавление строки. Связывание со входящим документом № 17 ЭД "Сведения о поступивших от юридических лиц платежах" № 14 ID= 1000224841. 
2024.05.23 02:33:16, Добавление строки. Связывание со входящим документом № 17 ЭД "Сведения о поступивших от юридических лиц платежах" № 14 ID= 1000224841. 
2024.05.23 02:33:30, Добавление строки. Связывание со входящим документом № 17 ЭД "Сведения о поступивших от юридических лиц платежах" № 14 ID= 1000224841. 
2024.05.23 02:33:45, Добавление строки. Связывание со входящим документом № 17 ЭД "Сведения о поступивших от юридических лиц платежах" № 14 ID= 1000224841. 
2024.05.23 02:34:00, Добавление строки. Связывание со входящим документом № 17 ЭД "Сведения о поступивших от юридических лиц платежах" № 14 ID= 1000224841. 
2024.05.23 02:34:14, Добавление строки. Связывание со входящим документом № 17 ЭД "Сведения о поступивших от юридических лиц платежах" № 14 ID= 1000224841. 
2024.05.23 02:34:29, Добавление строки. Связывание со входящим документом № 17 ЭД "Сведения о поступивших от юридических лиц платежах" № 14 ID= 1000224841. 
2024.05.23 02:34:43, Добавление строки. Связывание со входящим документом № 17 ЭД "Сведения о поступивших от юридических лиц платежах" № 14 ID= 1000224841. 
2024.05.23 02:34:58, Добавление строки. Связывание со входящим документом № 17 ЭД "Сведения о поступивших от юридических лиц платежах" № 14 ID= 1000224841. 
2024.05.23 02:35:12, Добавление строки. Связывание со входящим документом № 17 ЭД "Сведения о поступивших от юридических лиц платежах" № 14 ID= 1000224841. 
2024.05.23 02:35:27, Добавление строки. Связывание со входящим документом № 17 ЭД "Сведения о поступивших от юридических лиц платежах" № 14 ID= 1000224841. 
2024.05.23 02:35:41, Добавление строки. Связывание со входящим документом № 17 ЭД "Сведения о поступивших от юридических лиц платежах" № 14 ID= 1000224841. 
2024.05.23 02:35:56, Добавление строки. Связывание со входящим документом № 17 ЭД "Сведения о поступивших от юридических лиц платежах" № 14 ID= 1000224841. 
2024.05.23 02:36:11, Добавление строки. Связывание со входящим документом № 17 ЭД "Сведения о поступивших от юридических лиц платежах" № 14 ID= 1000224841. 
2024.05.23 02:36:26, Добавление строки. Связывание со входящим документом № 17 ЭД "Сведения о поступивших от юридических лиц платежах" № 14 ID= 1000224841. 
2024.05.23 02:36:40, Добавление строки. Связывание со входящим документом № 17 ЭД "Сведения о поступивших от юридических лиц платежах" № 14 ID= 1000224841. 
2024.05.23 02:36:55, Добавление строки. Связывание со входящим документом № 17 ЭД "Сведения о поступивших от юридических лиц платежах" № 14 ID= 1000224841. 
2024.05.23 02:37:09, Добавление строки. Связывание со входящим документом № 17 ЭД "Сведения о поступивших от юридических лиц платежах" № 14 ID= 1000224841. 
2024.05.23 02:37:24, Добавление строки. Связывание со входящим документом № 17 ЭД "Сведения о поступивших от юридических лиц платежах" № 14 ID= 1000224841. 
2024.05.23 02:37:39, Добавление строки. Связывание со входящим документом № 17 ЭД "Сведения о поступивших от юридических лиц платежах" № 14 ID= 1000224841. 
2024.05.23 02:37:54, Добавление строки. Связывание со входящим документом № 17 ЭД "Сведения о поступивших от юридических лиц платежах" № 14 ID= 1000224841. 
2024.05.23 02:38:08, Добавление строки. Связывание со входящим документом № 17 ЭД "Сведения о поступивших от юридических лиц платежах" № 14 ID= 1000224841. 
2024.05.23 02:38:23, Добавление строки. Связывание со входящим документом № 17 ЭД "Сведения о поступивших от юридических лиц платежах" № 14 ID= 1000224841. 
2024.05.23 02:38:38, Добавление строки. Связывание со входящим документом № 17 ЭД "Сведения о поступивших от юридических лиц платежах" № 14 ID= 1000224841. 
2024.05.23 02:38:52, Добавление строки. Связывание со входящим документом № 17 ЭД "Сведения о поступивших от юридических лиц платежах" № 14 ID= 1000224841. 
2024.05.23 02:39:07, Добавление строки. Связывание со входящим документом № 17 ЭД "Сведения о поступивших от юридических лиц платежах" № 14 ID= 1000224841. 
2024.05.23 02:39:22, Добавление строки. Связывание со входящим документом № 17 ЭД "Сведения о поступивших от юридических лиц платежах" № 14 ID= 1000224841. 
2024.05.23 02:39:36, Добавление строки. Связывание со входящим документом № 17 ЭД "Сведения о поступивших от юридических лиц платежах" № 14 ID= 1000224841. 
2024.05.23 02:39:51, Добавление строки. Связывание со входящим документом № 17 ЭД "Сведения о поступивших от юридических лиц платежах" № 14 ID= 1000224841. 
2024.05.23 02:40:06, Добавление строки. Связывание со входящим документом № 17 ЭД "Сведения о поступивших от юридических лиц платежах" № 14 ID= 1000224841. 
2024.05.23 02:40:20, Добавление строки. Связывание со входящим документом № 17 ЭД "Сведения о поступивших от юридических лиц платежах" № 14 ID= 1000224841. 
2024.05.23 02:40:35, Добавление строки. Связывание со входящим документом № 17 ЭД "Сведения о поступивших от юридических лиц платежах" № 14 ID= 1000224841. 
2024.05.23 02:40:50, Добавление строки. Связывание со входящим документом № 17 ЭД "Сведения о поступивших от юридических лиц платежах" № 14 ID= 1000224841. 
2024.05.23 02:41:05, Добавление строки. Связывание со входящим документом № 17 ЭД "Сведения о поступивших от юридических лиц платежах" № 14 ID= 1000224841. 
2024.05.23 02:41:20, Добавление строки. Связывание со входящим документом № 17 ЭД "Сведения о поступивших от юридических лиц платежах" № 14 ID= 1000224841. 
2024.05.23 02:41:35, Добавление строки. Связывание со входящим документом № 17 ЭД "Сведения о поступивших от юридических лиц платежах" № 14 ID= 1000224841. 
2024.05.23 02:41:49, Добавление строки. Связывание со входящим документом № 17 ЭД "Сведения о поступивших от юридических лиц платежах" № 14 ID= 1000224841. 
2024.05.23 02:42:04, Добавление строки. Связывание со входящим документом № 17 ЭД "Сведения о поступивших от юридических лиц платежах" № 14 ID= 1000224841. 
2024.05.23 02:42:19, Добавление строки. Связывание со входящим документом № 17 ЭД "Сведения о поступивших от юридических лиц платежах" № 14 ID= 1000224841. 
2024.05.23 02:42:33, Добавление строки. Связывание со входящим документом № 17 ЭД "Сведения о поступивших от юридических лиц платежах" № 14 ID= 1000224841. 
2024.05.23 02:42:48, Добавление строки. Связывание со входящим документом № 17 ЭД "Сведения о поступивших от юридических лиц платежах" № 14 ID= 1000224841. 
2024.05.23 02:43:03, Добавление строки. Связывание со входящим документом № 17 ЭД "Сведения о поступивших от юридических лиц платежах" № 14 ID= 1000224841. 
2024.05.23 02:43:17, Добавление строки. Связывание со входящим документом № 17 ЭД "Сведения о поступивших от юридических лиц платежах" № 14 ID= 1000224841. 
2024.05.23 02:43:32, Добавление строки. Связывание со входящим документом № 17 ЭД "Сведения о поступивших от юридических лиц платежах" № 14 ID= 1000224841. 
2024.05.23 02:43:47, Добавление строки. Связывание со входящим документом № 17 ЭД "Сведения о поступивших от юридических лиц платежах" № 14 ID= 1000224841. 
2024.05.23 02:44:01, Добавление строки. Связывание со входящим документом № 17 ЭД "Сведения о поступивших от юридических лиц платежах" № 14 ID= 1000224841. 
2024.05.23 02:44:16, Добавление строки. Связывание со входящим документом № 17 ЭД "Сведения о поступивших от юридических лиц платежах" № 14 ID= 1000224841. 
2024.05.23 02:44:31, Добавление строки. Связывание со входящим документом № 17 ЭД "Сведения о поступивших от юридических лиц платежах" № 14 ID= 1000224841. 
2024.05.23 02:44:46, Добавление строки. Связывание со входящим документом № 17 ЭД "Сведения о поступивших от юридических лиц платежах" № 14 ID= 1000224841. 
2024.05.23 02:45:00, Добавление строки. Связывание со входящим документом № 17 ЭД "Сведения о поступивших от юридических лиц платежах" № 14 ID= 1000224841. 
2024.05.23 02:45:15, Добавление строки. Связывание со входящим документом № 17 ЭД "Сведения о поступивших от юридических лиц платежах" № 14 ID= 1000224841. 
2024.05.23 02:45:29, Добавление строки. Связывание со входящим документом № 17 ЭД "Сведения о поступивших от юридических лиц платежах" № 14 ID= 1000224841. 
2024.05.23 02:45:44, Добавление строки. Связывание со входящим документом № 17 ЭД "Сведения о поступивших от юридических лиц платежах" № 14 ID= 1000224841. 
2024.05.23 02:45:59, Добавление строки. Связывание со входящим документом № 17 ЭД "Сведения о поступивших от юридических лиц платежах" № 14 ID= 1000224841. 
2024.05.23 02:46:14, Добавление строки. Связывание со входящим документом № 17 ЭД "Сведения о поступивших от юридических лиц платежах" № 14 ID= 1000224841. 
2024.05.23 02:46:28, Добавление строки. Связывание со входящим документом № 17 ЭД "Сведения о поступивших от юридических лиц платежах" № 14 ID= 1000224841. 
2024.05.23 02:46:43, Добавление строки. Связывание со входящим документом № 17 ЭД "Сведения о поступивших от юридических лиц платежах" № 14 ID= 1000224841. 
2024.05.23 02:46:58, Добавление строки. Связывание со входящим документом № 17 ЭД "Сведения о поступивших от юридических лиц платежах" № 14 ID= 1000224841. 
2024.05.23 02:47:12, Добавление строки. Связывание со входящим документом № 17 ЭД "Сведения о поступивших от юридических лиц платежах" № 14 ID= 1000224841. 
2024.05.23 02:47:27, Добавление строки. Связывание со входящим документом № 17 ЭД "Сведения о поступивших от юридических лиц платежах" № 14 ID= 1000224841. 
2024.05.23 02:47:42, Добавление строки. Связывание со входящим документом № 17 ЭД "Сведения о поступивших от юридических лиц платежах" № 14 ID= 1000224841. 
2024.05.23 02:47:57, Добавление строки. Связывание со входящим документом № 17 ЭД "Сведения о поступивших от юридических лиц платежах" № 14 ID= 1000224841. 
2024.05.23 02:48:11, Добавление строки. Связывание со входящим документом № 17 ЭД "Сведения о поступивших от юридических лиц платежах" № 14 ID= 1000224841. 
2024.05.23 02:48:26, Добавление строки. Связывание со входящим документом № 17 ЭД "Сведения о поступивших от юридических лиц платежах" № 14 ID= 1000224841. 
2024.05.23 02:48:41, Добавление строки. Связывание со входящим документом № 17 ЭД "Сведения о поступивших от юридических лиц платежах" № 14 ID= 1000224841. 
2024.05.23 02:48:55, Добавление строки. Связывание со входящим документом № 17 ЭД "Сведения о поступивших от юридических лиц платежах" № 14 ID= 1000224841. 
2024.05.23 02:49:10, Добавление строки. Связывание со входящим документом № 17 ЭД "Сведения о поступивших от юридических лиц платежах" № 14 ID= 1000224841. 
2024.05.23 02:49:25, Добавление строки. Связывание со входящим документом № 17 ЭД "Сведения о поступивших от юридических лиц платежах" № 14 ID= 1000224841. 
2024.05.23 02:49:40, Добавление строки. Связывание со входящим документом № 17 ЭД "Сведения о поступивших от юридических лиц платежах" № 14 ID= 1000224841. 
2024.05.23 02:49:54, Добавление строки. Связывание со входящим документом № 17 ЭД "Сведения о поступивших от юридических лиц платежах" № 14 ID= 1000224841. 
2024.05.23 02:50:09, Добавление строки. Связывание со входящим документом № 17 ЭД "Сведения о поступивших от юридических лиц платежах" № 14 ID= 1000224841. 
2024.05.23 02:50:24, Добавление строки. Связывание со входящим документом № 17 ЭД "Сведения о поступивших от юридических лиц платежах" № 14 ID= 1000224841. 
2024.05.23 02:50:38, Добавление строки. Связывание со входящим документом № 17 ЭД "Сведения о поступивших от юридических лиц платежах" № 14 ID= 1000224841. 
2024.05.23 02:50:53, Добавление строки. Связывание со входящим документом № 17 ЭД "Сведения о поступивших от юридических лиц платежах" № 14 ID= 1000224841. 
2024.05.23 02:51:08, Добавление строки. Связывание со входящим документом № 17 ЭД "Сведения о поступивших от юридических лиц платежах" № 14 ID= 1000224841. 
2024.05.23 02:51:23, Добавление строки. Связывание со входящим документом № 17 ЭД "Сведения о поступивших от юридических лиц платежах" № 14 ID= 1000224841. 
2024.05.23 02:51:37, Добавление строки. Связывание со входящим документом № 17 ЭД "Сведения о поступивших от юридических лиц платежах" № 14 ID= 1000224841. 
2024.05.23 02:51:52, Добавление строки. Связывание со входящим документом № 17 ЭД "Сведения о поступивших от юридических лиц платежах" № 14 ID= 1000224841. 
2024.05.23 02:52:07, Добавление строки. Связывание со входящим документом № 17 ЭД "Сведения о поступивших от юридических лиц платежах" № 14 ID= 1000224841. 
2024.05.23 02:52:21, Добавление строки. Связывание со входящим документом № 17 ЭД "Сведения о поступивших от юридических лиц платежах" № 14 ID= 1000224841. 
2024.05.23 02:52:36, Добавление строки. Связывание со входящим документом № 17 ЭД "Сведения о поступивших от юридических лиц платежах" № 14 ID= 1000224841. 
2024.05.23 02:52:51, Добавление строки. Связывание со входящим документом № 17 ЭД "Сведения о поступивших от юридических лиц платежах" № 14 ID= 1000224841. 
2024.05.23 02:53:06, Добавление строки. Связывание со входящим документом № 17 ЭД "Сведения о поступивших от юридических лиц платежах" № 14 ID= 1000224841. 
2024.05.23 02:53:20, Добавление строки. Связывание со входящим документом № 17 ЭД "Сведения о поступивших от юридических лиц платежах" № 14 ID= 1000224841. 
2024.05.23 02:53:35, Добавление строки. Связывание со входящим документом № 17 ЭД "Сведения о поступивших от юридических лиц платежах" № 14 ID= 1000224841. 
2024.05.23 02:53:50, Добавление строки. Связывание со входящим документом № 17 ЭД "Сведения о поступивших от юридических лиц платежах" № 14 ID= 1000224841. 
2024.05.23 02:54:05, Добавление строки. Связывание со входящим документом № 17 ЭД "Сведения о поступивших от юридических лиц платежах" № 14 ID= 1000224841. 
2024.05.23 02:54:20, Добавление строки. Связывание со входящим документом № 17 ЭД "Сведения о поступивших от юридических лиц платежах" № 14 ID= 1000224841. 
2024.05.23 02:54:34, Добавление строки. Связывание со входящим документом № 17 ЭД "Сведения о поступивших от юридических лиц платежах" № 14 ID= 1000224841. 
2024.05.23 02:54:49, Добавление строки. Связывание со входящим документом № 17 ЭД "Сведения о поступивших от юридических лиц платежах" № 14 ID= 1000224841. 
2024.05.23 02:55:04, Добавление строки. Связывание со входящим документом № 17 ЭД "Сведения о поступивших от юридических лиц платежах" № 14 ID= 1000224841. 
2024.05.23 02:55:19, Добавление строки. Связывание со входящим документом № 17 ЭД "Сведения о поступивших от юридических лиц платежах" № 14 ID= 1000224841. 
2024.05.23 02:55:33, Добавление строки. Связывание со входящим документом № 17 ЭД "Сведения о поступивших от юридических лиц платежах" № 14 ID= 1000224841. 
2024.05.23 02:55:48, Добавление строки. Связывание со входящим документом № 17 ЭД "Сведения о поступивших от юридических лиц платежах" № 14 ID= 1000224841. 
2024.05.23 02:56:03, Добавление строки. Связывание со входящим документом № 17 ЭД "Сведения о поступивших от юридических лиц платежах" № 14 ID= 1000224841. 
2024.05.23 02:56:18, Добавление строки. Связывание со входящим документом № 17 ЭД "Сведения о поступивших от юридических лиц платежах" № 14 ID= 1000224841. 
2024.05.23 02:56:33, Добавление строки. Связывание со входящим документом № 17 ЭД "Сведения о поступивших от юридических лиц платежах" № 14 ID= 1000224841. 
2024.05.23 02:56:47, Добавление строки. Связывание со входящим документом № 17 ЭД "Сведения о поступивших от юридических лиц платежах" № 14 ID= 1000224841. 
2024.05.23 02:57:02, Добавление строки. Связывание со входящим документом № 17 ЭД "Сведения о поступивших от юридических лиц платежах" № 14 ID= 1000224841. 
2024.05.23 02:57:17, Добавление строки. Связывание со входящим документом № 17 ЭД "Сведения о поступивших от юридических лиц платежах" № 14 ID= 1000224841. 
2024.05.23 02:57:32, Добавление строки. Связывание со входящим документом № 17 ЭД "Сведения о поступивших от юридических лиц платежах" № 14 ID= 1000224841. 
2024.05.23 02:57:46, Добавление строки. Связывание со входящим документом № 17 ЭД "Сведения о поступивших от юридических лиц платежах" № 14 ID= 1000224841. 
2024.05.23 02:58:01, Добавление строки. Связывание со входящим документом № 17 ЭД "Сведения о поступивших от юридических лиц платежах" № 14 ID= 1000224841. 
2024.05.23 02:58:16, Добавление строки. Связывание со входящим документом № 17 ЭД "Сведения о поступивших от юридических лиц платежах" № 14 ID= 1000224841. 
2024.05.23 02:58:31, Добавление строки. Связывание со входящим документом № 17 ЭД "Сведения о поступивших от юридических лиц платежах" № 14 ID= 1000224841. 
2024.05.23 02:58:46, Добавление строки. Связывание со входящим документом № 17 ЭД "Сведения о поступивших от юридических лиц платежах" № 14 ID= 1000224841. 
2024.05.23 02:59:00, Добавление строки. Связывание со входящим документом № 17 ЭД "Сведения о поступивших от юридических лиц платежах" № 14 ID= 1000224841. 
2024.05.23 02:59:15, Добавление строки. Связывание со входящим документом № 17 ЭД "Сведения о поступивших от юридических лиц платежах" № 14 ID= 1000224841. 
2024.05.23 02:59:30, Добавление строки. Связывание со входящим документом № 17 ЭД "Сведения о поступивших от юридических лиц платежах" № 14 ID= 1000224841. 
2024.05.23 02:59:45, Добавление строки. Связывание со входящим документом № 17 ЭД "Сведения о поступивших от юридических лиц платежах" № 14 ID= 1000224841. 
2024.05.23 03:00:00, Добавление строки. Связывание со входящим документом № 17 ЭД "Сведения о поступивших от юридических лиц платежах" № 14 ID= 1000224841. 
2024.05.23 03:00:15, Добавление строки. Связывание со входящим документом № 17 ЭД "Сведения о поступивших от юридических лиц платежах" № 14 ID= 1000224841. 
2024.05.23 03:00:29, Добавление строки. Связывание со входящим документом № 17 ЭД "Сведения о поступивших от юридических лиц платежах" № 14 ID= 1000224841. 
2024.05.23 03:00:44, Добавление строки. Связывание со входящим документом № 17 ЭД "Сведения о поступивших от юридических лиц платежах" № 14 ID= 1000224841. 
2024.05.23 03:00:59, Добавление строки. Связывание со входящим документом № 17 ЭД "Сведения о поступивших от юридических лиц платежах" № 14 ID= 1000224841. 
2024.05.23 03:01:14, Добавление строки. Связывание со входящим документом № 17 ЭД "Сведения о поступивших от юридических лиц платежах" № 14 ID= 1000224841. 
2024.05.23 03:01:29, Добавление строки. Связывание со входящим документом № 17 ЭД "Сведения о поступивших от юридических лиц платежах" № 14 ID= 1000224841. 
2024.05.23 03:01:44, Добавление строки. Связывание со входящим документом № 17 ЭД "Сведения о поступивших от юридических лиц платежах" № 14 ID= 1000224841. 
2024.05.23 03:01:58, Добавление строки. Связывание со входящим документом № 17 ЭД "Сведения о поступивших от юридических лиц платежах" № 14 ID= 1000224841. 
2024.05.23 03:02:13, Добавление строки. Связывание со входящим документом № 17 ЭД "Сведения о поступивших от юридических лиц платежах" № 14 ID= 1000224841. 
2024.05.23 03:02:28, Добавление строки. Связывание со входящим документом № 17 ЭД "Сведения о поступивших от юридических лиц платежах" № 14 ID= 1000224841. 
2024.05.23 03:02:43, Добавление строки. Связывание со входящим документом № 17 ЭД "Сведения о поступивших от юридических лиц платежах" № 14 ID= 1000224841. 
2024.05.23 03:02:58, Добавление строки. Связывание со входящим документом № 17 ЭД "Сведения о поступивших от юридических лиц платежах" № 14 ID= 1000224841. 
2024.05.23 03:03:12, Добавление строки. Связывание со входящим документом № 17 ЭД "Сведения о поступивших от юридических лиц платежах" № 14 ID= 1000224841. 
2024.05.23 03:03:27, Добавление строки. Связывание со входящим документом № 17 ЭД "Сведения о поступивших от юридических лиц платежах" № 14 ID= 1000224841. 
2024.05.23 03:03:42, Добавление строки. Связывание со входящим документом № 17 ЭД "Сведения о поступивших от юридических лиц платежах" № 14 ID= 1000224841. 
2024.05.23 03:03:57, Добавление строки. Связывание со входящим документом № 17 ЭД "Сведения о поступивших от юридических лиц платежах" № 14 ID= 1000224841. 
2024.05.23 03:04:12, Добавление строки. Связывание со входящим документом № 17 ЭД "Сведения о поступивших от юридических лиц платежах" № 14 ID= 1000224841. 
2024.05.23 03:04:26, Добавление строки. Связывание со входящим документом № 17 ЭД "Сведения о поступивших от юридических лиц платежах" № 14 ID= 1000224841. 
2024.05.23 03:04:41, Добавление строки. Связывание со входящим документом № 17 ЭД "Сведения о поступивших от юридических лиц платежах" № 14 ID= 1000224841. 
2024.05.23 03:04:56, Добавление строки. Связывание со входящим документом № 17 ЭД "Сведения о поступивших от юридических лиц платежах" № 14 ID= 1000224841. 
2024.05.23 03:05:11, Добавление строки. Связывание со входящим документом № 17 ЭД "Сведения о поступивших от юридических лиц платежах" № 14 ID= 1000224841. 
2024.05.23 03:05:26, Добавление строки. Связывание со входящим документом № 17 ЭД "Сведения о поступивших от юридических лиц платежах" № 14 ID= 1000224841. 
2024.05.23 03:05:41, Добавление строки. Связывание со входящим документом № 17 ЭД "Сведения о поступивших от юридических лиц платежах" № 14 ID= 1000224841. 
2024.05.23 03:05:55, Добавление строки. Связывание со входящим документом № 17 ЭД "Сведения о поступивших от юридических лиц платежах" № 14 ID= 1000224841. 
2024.05.23 03:06:10, Добавление строки. Связывание со входящим документом № 17 ЭД "Сведения о поступивших от юридических лиц платежах" № 14 ID= 1000224841. 
2024.05.23 03:06:25, Добавление строки. Связывание со входящим документом № 17 ЭД "Сведения о поступивших от юридических лиц платежах" № 14 ID= 1000224841. 
2024.05.23 03:06:40, Добавление строки. Связывание со входящим документом № 17 ЭД "Сведения о поступивших от юридических лиц платежах" № 14 ID= 1000224841. 
2024.05.23 03:06:55, Добавление строки. Связывание со входящим документом № 17 ЭД "Сведения о поступивших от юридических лиц платежах" № 14 ID= 1000224841. 
2024.05.23 03:07:10, Добавление строки. Связывание со входящим документом № 17 ЭД "Сведения о поступивших от юридических лиц платежах" № 14 ID= 1000224841. 
2024.05.23 03:07:25, Добавление строки. Связывание со входящим документом № 17 ЭД "Сведения о поступивших от юридических лиц платежах" № 14 ID= 1000224841. 
2024.05.23 03:07:39, Добавление строки. Связывание со входящим документом № 17 ЭД "Сведения о поступивших от юридических лиц платежах" № 14 ID= 1000224841. 
2024.05.23 03:07:54, Добавление строки. Связывание со входящим документом № 17 ЭД "Сведения о поступивших от юридических лиц платежах" № 14 ID= 1000224841. 
2024.05.23 03:08:09, Добавление строки. Связывание со входящим документом № 17 ЭД "Сведения о поступивших от юридических лиц платежах" № 14 ID= 1000224841. 
2024.05.23 03:08:24, Добавление строки. Связывание со входящим документом № 17 ЭД "Сведения о поступивших от юридических лиц платежах" № 14 ID= 1000224841. 
2024.05.23 03:08:38, Добавление строки. Связывание со входящим документом № 17 ЭД "Сведения о поступивших от юридических лиц платежах" № 14 ID= 1000224841. 
2024.05.23 03:08:53, Добавление строки. Связывание со входящим документом № 17 ЭД "Сведения о поступивших от юридических лиц платежах" № 14 ID= 1000224841. 
2024.05.23 03:09:07, Добавление строки. Связывание со входящим документом № 17 ЭД "Сведения о поступивших от юридических лиц платежах" № 14 ID= 1000224841. 
2024.05.23 03:09:22, Добавление строки. Связывание со входящим документом № 17 ЭД "Сведения о поступивших от юридических лиц платежах" № 14 ID= 1000224841. 
2024.05.23 03:09:37, Добавление строки. Связывание со входящим документом № 17 ЭД "Сведения о поступивших от юридических лиц платежах" № 14 ID= 1000224841. 
2024.05.23 03:09:52, Добавление строки. Связывание со входящим документом № 17 ЭД "Сведения о поступивших от юридических лиц платежах" № 14 ID= 1000224841. 
2024.05.23 03:10:07, Добавление строки. Связывание со входящим документом № 17 ЭД "Сведения о поступивших от юридических лиц платежах" № 14 ID= 1000224841. 
2024.05.23 03:10:22, Добавление строки. Связывание со входящим документом № 17 ЭД "Сведения о поступивших от юридических лиц платежах" № 14 ID= 1000224841. 
2024.05.23 03:10:36, Добавление строки. Связывание со входящим документом № 17 ЭД "Сведения о поступивших от юридических лиц платежах" № 14 ID= 1000224841. 
2024.05.23 03:10:51, Добавление строки. Связывание со входящим документом № 17 ЭД "Сведения о поступивших от юридических лиц платежах" № 14 ID= 1000224841. 
2024.05.23 03:11:06, Добавление строки. Связывание со входящим документом № 17 ЭД "Сведения о поступивших от юридических лиц платежах" № 14 ID= 1000224841. 
2024.05.23 03:11:21, Добавление строки. Связывание со входящим документом № 17 ЭД "Сведения о поступивших от юридических лиц платежах" № 14 ID= 1000224841. 
2024.05.23 03:11:36, Добавление строки. Связывание со входящим документом № 17 ЭД "Сведения о поступивших от юридических лиц платежах" № 14 ID= 1000224841. 
2024.05.23 03:11:51, Добавление строки. Связывание со входящим документом № 17 ЭД "Сведения о поступивших от юридических лиц платежах" № 14 ID= 1000224841. 
2024.05.23 03:12:06, Добавление строки. Связывание со входящим документом № 17 ЭД "Сведения о поступивших от юридических лиц платежах" № 14 ID= 1000224841. 
2024.05.23 03:12:21, Добавление строки. Связывание со входящим документом № 17 ЭД "Сведения о поступивших от юридических лиц платежах" № 14 ID= 1000224841. 
2024.05.23 03:12:36, Добавление строки. Связывание со входящим документом № 17 ЭД "Сведения о поступивших от юридических лиц платежах" № 14 ID= 1000224841. 
2024.05.23 03:12:51, Добавление строки. Связывание со входящим документом № 17 ЭД "Сведения о поступивших от юридических лиц платежах" № 14 ID= 1000224841. 
2024.05.23 03:13:06, Добавление строки. Связывание со входящим документом № 17 ЭД "Сведения о поступивших от юридических лиц платежах" № 14 ID= 1000224841. 
2024.05.23 03:13:21, Добавление строки. Связывание со входящим документом № 17 ЭД "Сведения о поступивших от юридических лиц платежах" № 14 ID= 1000224841. 
2024.05.23 03:13:36, Добавление строки. Связывание со входящим документом № 17 ЭД "Сведения о поступивших от юридических лиц платежах" № 14 ID= 1000224841. 
2024.05.23 03:13:51, Добавление строки. Связывание со входящим документом № 17 ЭД "Сведения о поступивших от юридических лиц платежах" № 14 ID= 1000224841. 
2024.05.23 03:14:05, Добавление строки. Связывание со входящим документом № 17 ЭД "Сведения о поступивших от юридических лиц платежах" № 14 ID= 1000224841. 
2024.05.23 03:14:20, Добавление строки. Связывание со входящим документом № 17 ЭД "Сведения о поступивших от юридических лиц платежах" № 14 ID= 1000224841. 
2024.05.23 03:14:35, Добавление строки. Связывание со входящим документом № 17 ЭД "Сведения о поступивших от юридических лиц платежах" № 14 ID= 1000224841. 
2024.05.23 03:14:50, Добавление строки. Связывание со входящим документом № 17 ЭД "Сведения о поступивших от юридических лиц платежах" № 14 ID= 1000224841. 
2024.05.23 03:15:05, Добавление строки. Связывание со входящим документом № 17 ЭД "Сведения о поступивших от юридических лиц платежах" № 14 ID= 1000224841. 
2024.05.23 03:15:20, Добавление строки. Связывание со входящим документом № 17 ЭД "Сведения о поступивших от юридических лиц платежах" № 14 ID= 1000224841. 
2024.05.23 03:15:36, Добавление строки. Связывание со входящим документом № 17 ЭД "Сведения о поступивших от юридических лиц платежах" № 14 ID= 1000224841. 
2024.05.23 03:15:51, Добавление строки. Связывание со входящим документом № 17 ЭД "Сведения о поступивших от юридических лиц платежах" № 14 ID= 1000224841. 
2024.05.23 03:16:05, Добавление строки. Связывание со входящим документом № 17 ЭД "Сведения о поступивших от юридических лиц платежах" № 14 ID= 1000224841. 
2024.05.23 03:16:20, Добавление строки. Связывание со входящим документом № 17 ЭД "Сведения о поступивших от юридических лиц платежах" № 14 ID= 1000224841. 
2024.05.23 03:16:35, Добавление строки. Связывание со входящим документом № 17 ЭД "Сведения о поступивших от юридических лиц платежах" № 14 ID= 1000224841. 
2024.05.23 03:16:50, Добавление строки. Связывание со входящим документом № 17 ЭД "Сведения о поступивших от юридических лиц платежах" № 14 ID= 1000224841. 
2024.05.23 03:17:05, Добавление строки. Связывание со входящим документом № 17 ЭД "Сведения о поступивших от юридических лиц платежах" № 14 ID= 1000224841. 
2024.05.23 03:17:20, Добавление строки. Связывание со входящим документом № 17 ЭД "Сведения о поступивших от юридических лиц платежах" № 14 ID= 1000224841. 
2024.05.23 03:17:35, Добавление строки. Связывание со входящим документом № 17 ЭД "Сведения о поступивших от юридических лиц платежах" № 14 ID= 1000224841. 
2024.05.23 03:17:50, Добавление строки. Связывание со входящим документом № 17 ЭД "Сведения о поступивших от юридических лиц платежах" № 14 ID= 1000224841. 
2024.05.23 03:18:05, Добавление строки. Связывание со входящим документом № 17 ЭД "Сведения о поступивших от юридических лиц платежах" № 14 ID= 1000224841. 
2024.05.23 03:18:20, Добавление строки. Связывание со входящим документом № 17 ЭД "Сведения о поступивших от юридических лиц платежах" № 14 ID= 1000224841. 
2024.05.23 03:18:35, Добавление строки. Связывание со входящим документом № 17 ЭД "Сведения о поступивших от юридических лиц платежах" № 14 ID= 1000224841. 
2024.05.23 03:18:50, Добавление строки. Связывание со входящим документом № 17 ЭД "Сведения о поступивших от юридических лиц платежах" № 14 ID= 1000224841. 
2024.05.23 03:19:05, Добавление строки. Связывание со входящим документом № 17 ЭД "Сведения о поступивших от юридических лиц платежах" № 14 ID= 1000224841. 
2024.05.23 03:19:20, Добавление строки. Связывание со входящим документом № 17 ЭД "Сведения о поступивших от юридических лиц платежах" № 14 ID= 1000224841. 
2024.05.23 03:19:36, Добавление строки. Связывание со входящим документом № 17 ЭД "Сведения о поступивших от юридических лиц платежах" № 14 ID= 1000224841. 
2024.05.23 03:19:51, Добавление строки. Связывание со входящим документом № 17 ЭД "Сведения о поступивших от юридических лиц платежах" № 14 ID= 1000224841. 
2024.05.23 03:20:06, Добавление строки. Связывание со входящим документом № 17 ЭД "Сведения о поступивших от юридических лиц платежах" № 14 ID= 1000224841. 
2024.05.23 03:20:21, Добавление строки. Связывание со входящим документом № 17 ЭД "Сведения о поступивших от юридических лиц платежах" № 14 ID= 1000224841. 
2024.05.23 03:20:36, Добавление строки. Связывание со входящим документом № 17 ЭД "Сведения о поступивших от юридических лиц платежах" № 14 ID= 1000224841. 
2024.05.23 03:20:51, Добавление строки. Связывание со входящим документом № 17 ЭД "Сведения о поступивших от юридических лиц платежах" № 14 ID= 1000224841. 
2024.05.23 03:21:06, Добавление строки. Связывание со входящим документом № 17 ЭД "Сведения о поступивших от юридических лиц платежах" № 14 ID= 1000224841. 
2024.05.23 03:21:21, Добавление строки. Связывание со входящим документом № 17 ЭД "Сведения о поступивших от юридических лиц платежах" № 14 ID= 1000224841. 
2024.05.23 03:21:36, Добавление строки. Связывание со входящим документом № 17 ЭД "Сведения о поступивших от юридических лиц платежах" № 14 ID= 1000224841. 
2024.05.23 03:21:51, Добавление строки. Связывание со входящим документом № 17 ЭД "Сведения о поступивших от юридических лиц платежах" № 14 ID= 1000224841. 
2024.05.23 03:22:06, Добавление строки. Связывание со входящим документом № 17 ЭД "Сведения о поступивших от юридических лиц платежах" № 14 ID= 1000224841. 
2024.05.23 03:22:21, Добавление строки. Связывание со входящим документом № 17 ЭД "Сведения о поступивших от юридических лиц платежах" № 14 ID= 1000224841. 
2024.05.23 03:22:36, Добавление строки. Связывание со входящим документом № 17 ЭД "Сведения о поступивших от юридических лиц платежах" № 14 ID= 1000224841. 
2024.05.23 03:22:51, Добавление строки. Связывание со входящим документом № 17 ЭД "Сведения о поступивших от юридических лиц платежах" № 14 ID= 1000224841. 
2024.05.23 03:23:06, Добавление строки. Связывание со входящим документом № 17 ЭД "Сведения о поступивших от юридических лиц платежах" № 14 ID= 1000224841. 
2024.05.23 03:23:21, Добавление строки. Связывание со входящим документом № 17 ЭД "Сведения о поступивших от юридических лиц платежах" № 14 ID= 1000224841. 
2024.05.23 03:23:36, Добавление строки. Связывание со входящим документом № 17 ЭД "Сведения о поступивших от юридических лиц платежах" № 14 ID= 1000224841. 
2024.05.23 03:23:51, Добавление строки. Связывание со входящим документом № 17 ЭД "Сведения о поступивших от юридических лиц платежах" № 14 ID= 1000224841. 
2024.05.23 03:24:06, Добавление строки. Связывание со входящим документом № 17 ЭД "Сведения о поступивших от юридических лиц платежах" № 14 ID= 1000224841. 
2024.05.23 03:24:21, Добавление строки. Связывание со входящим документом № 17 ЭД "Сведения о поступивших от юридических лиц платежах" № 14 ID= 1000224841. 
2024.05.23 03:24:36, Добавление строки. Связывание со входящим документом № 17 ЭД "Сведения о поступивших от юридических лиц платежах" № 14 ID= 1000224841. 
2024.05.23 03:24:51, Добавление строки. Связывание со входящим документом № 17 ЭД "Сведения о поступивших от юридических лиц платежах" № 14 ID= 1000224841. 
2024.05.23 03:25:06, Добавление строки. Связывание со входящим документом № 17 ЭД "Сведения о поступивших от юридических лиц платежах" № 14 ID= 1000224841. 
2024.05.23 03:25:21, Добавление строки. Связывание со входящим документом № 17 ЭД "Сведения о поступивших от юридических лиц платежах" № 14 ID= 1000224841. 
2024.05.23 03:25:36, Добавление строки. Связывание со входящим документом № 17 ЭД "Сведения о поступивших от юридических лиц платежах" № 14 ID= 1000224841. 
2024.05.23 03:25:51, Добавление строки. Связывание со входящим документом № 17 ЭД "Сведения о поступивших от юридических лиц платежах" № 14 ID= 1000224841. 
2024.05.23 03:26:06, Добавление строки. Связывание со входящим документом № 17 ЭД "Сведения о поступивших от юридических лиц платежах" № 14 ID= 1000224841. 
2024.05.23 03:26:21, Добавление строки. Связывание со входящим документом № 17 ЭД "Сведения о поступивших от юридических лиц платежах" № 14 ID= 1000224841. 
2024.05.23 03:26:36, Добавление строки. Связывание со входящим документом № 17 ЭД "Сведения о поступивших от юридических лиц платежах" № 14 ID= 1000224841. 
2024.05.23 03:26:51, Добавление строки. Связывание со входящим документом № 17 ЭД "Сведения о поступивших от юридических лиц платежах" № 14 ID= 1000224841. 
2024.05.23 03:27:06, Добавление строки. Связывание со входящим документом № 17 ЭД "Сведения о поступивших от юридических лиц платежах" № 14 ID= 1000224841. 
2024.05.23 03:27:22, Добавление строки. Связывание со входящим документом № 17 ЭД "Сведения о поступивших от юридических лиц платежах" № 14 ID= 1000224841. 
2024.05.23 03:27:37, Добавление строки. Связывание со входящим документом № 17 ЭД "Сведения о поступивших от юридических лиц платежах" № 14 ID= 1000224841. 
2024.05.23 03:27:52, Добавление строки. Связывание со входящим документом № 17 ЭД "Сведения о поступивших от юридических лиц платежах" № 14 ID= 1000224841. 
2024.05.23 03:28:07, Добавление строки. Связывание со входящим документом № 17 ЭД "Сведения о поступивших от юридических лиц платежах" № 14 ID= 1000224841. 
2024.05.23 03:28:22, Добавление строки. Связывание со входящим документом № 17 ЭД "Сведения о поступивших от юридических лиц платежах" № 14 ID= 1000224841. 
2024.05.23 03:28:37, Добавление строки. Связывание со входящим документом № 17 ЭД "Сведения о поступивших от юридических лиц платежах" № 14 ID= 1000224841. 
2024.05.23 03:28:52, Добавление строки. Связывание со входящим документом № 17 ЭД "Сведения о поступивших от юридических лиц платежах" № 14 ID= 1000224841. 
2024.05.23 03:29:07, Добавление строки. Связывание со входящим документом № 17 ЭД "Сведения о поступивших от юридических лиц платежах" № 14 ID= 1000224841. 
2024.05.23 03:29:22, Добавление строки. Связывание со входящим документом № 17 ЭД "Сведения о поступивших от юридических лиц платежах" № 14 ID= 1000224841. 
2024.05.23 03:29:37, Добавление строки. Связывание со входящим документом № 17 ЭД "Сведения о поступивших от юридических лиц платежах" № 14 ID= 1000224841. 
2024.05.23 03:29:52, Добавление строки. Связывание со входящим документом № 17 ЭД "Сведения о поступивших от юридических лиц платежах" № 14 ID= 1000224841. 
2024.05.23 03:30:07, Добавление строки. Связывание со входящим документом № 17 ЭД "Сведения о поступивших от юридических лиц платежах" № 14 ID= 1000224841. 
2024.05.23 03:30:22, Добавление строки. Связывание со входящим документом № 17 ЭД "Сведения о поступивших от юридических лиц платежах" № 14 ID= 1000224841. 
2024.05.23 03:30:37, Добавление строки. Связывание со входящим документом № 17 ЭД "Сведения о поступивших от юридических лиц платежах" № 14 ID= 1000224841. 
2024.05.23 03:30:53, Добавление строки. Связывание со входящим документом № 17 ЭД "Сведения о поступивших от юридических лиц платежах" № 14 ID= 1000224841. 
2024.05.23 03:31:08, Добавление строки. Связывание со входящим документом № 17 ЭД "Сведения о поступивших от юридических лиц платежах" № 14 ID= 1000224841. 
2024.05.23 03:31:23, Добавление строки. Связывание со входящим документом № 17 ЭД "Сведения о поступивших от юридических лиц платежах" № 14 ID= 1000224841. 
2024.05.23 03:31:38, Добавление строки. Связывание со входящим документом № 17 ЭД "Сведения о поступивших от юридических лиц платежах" № 14 ID= 1000224841. 
2024.05.23 03:31:53, Добавление строки. Связывание со входящим документом № 17 ЭД "Сведения о поступивших от юридических лиц платежах" № 14 ID= 1000224841. 
2024.05.23 03:32:08, Добавление строки. Связывание со входящим документом № 17 ЭД "Сведения о поступивших от юридических лиц платежах" № 14 ID= 1000224841. 
2024.05.23 03:32:23, Добавление строки. Связывание со входящим документом № 17 ЭД "Сведения о поступивших от юридических лиц платежах" № 14 ID= 1000224841. 
2024.05.23 03:32:39, Добавление строки. Связывание со входящим документом № 17 ЭД "Сведения о поступивших от юридических лиц платежах" № 14 ID= 1000224841. 
2024.05.23 03:32:54, Добавление строки. Связывание со входящим документом № 17 ЭД "Сведения о поступивших от юридических лиц платежах" № 14 ID= 1000224841. 
2024.05.23 03:33:09, Добавление строки. Связывание со входящим документом № 17 ЭД "Сведения о поступивших от юридических лиц платежах" № 14 ID= 1000224841. 
2024.05.23 03:33:24, Добавление строки. Связывание со входящим документом № 17 ЭД "Сведения о поступивших от юридических лиц платежах" № 14 ID= 1000224841. 
2024.05.23 03:33:39, Добавление строки. Связывание со входящим документом № 17 ЭД "Сведения о поступивших от юридических лиц платежах" № 14 ID= 1000224841. 
2024.05.23 03:33:54, Добавление строки. Связывание со входящим документом № 17 ЭД "Сведения о поступивших от юридических лиц платежах" № 14 ID= 1000224841. 
2024.05.23 03:34:09, Добавление строки. Связывание со входящим документом № 17 ЭД "Сведения о поступивших от юридических лиц платежах" № 14 ID= 1000224841. 
2024.05.23 03:34:24, Добавление строки. Связывание со входящим документом № 17 ЭД "Сведения о поступивших от юридических лиц платежах" № 14 ID= 1000224841. 
2024.05.23 03:34:39, Добавление строки. Связывание со входящим документом № 17 ЭД "Сведения о поступивших от юридических лиц платежах" № 14 ID= 1000224841. 
2024.05.23 03:34:55, Добавление строки. Связывание со входящим документом № 17 ЭД "Сведения о поступивших от юридических лиц платежах" № 14 ID= 1000224841. 
2024.05.23 03:35:10, Добавление строки. Связывание со входящим документом № 17 ЭД "Сведения о поступивших от юридических лиц платежах" № 14 ID= 1000224841. 
2024.05.23 03:35:25, Добавление строки. Связывание со входящим документом № 17 ЭД "Сведения о поступивших от юридических лиц платежах" № 14 ID= 1000224841. 
2024.05.23 03:35:40, Добавление строки. Связывание со входящим документом № 17 ЭД "Сведения о поступивших от юридических лиц платежах" № 14 ID= 1000224841. 
2024.05.23 03:35:55, Добавление строки. Связывание со входящим документом № 17 ЭД "Сведения о поступивших от юридических лиц платежах" № 14 ID= 1000224841. 
2024.05.23 03:36:10, Добавление строки. Связывание со входящим документом № 17 ЭД "Сведения о поступивших от юридических лиц платежах" № 14 ID= 1000224841. 
2024.05.23 03:36:26, Добавление строки. Связывание со входящим документом № 17 ЭД "Сведения о поступивших от юридических лиц платежах" № 14 ID= 1000224841. 
2024.05.23 03:36:41, Добавление строки. Связывание со входящим документом № 17 ЭД "Сведения о поступивших от юридических лиц платежах" № 14 ID= 1000224841. 
2024.05.23 03:36:56, Добавление строки. Связывание со входящим документом № 17 ЭД "Сведения о поступивших от юридических лиц платежах" № 14 ID= 1000224841. 
2024.05.23 03:37:11, Добавление строки. Связывание со входящим документом № 17 ЭД "Сведения о поступивших от юридических лиц платежах" № 14 ID= 1000224841. 
2024.05.23 03:37:26, Добавление строки. Связывание со входящим документом № 17 ЭД "Сведения о поступивших от юридических лиц платежах" № 14 ID= 1000224841. 
2024.05.23 03:37:42, Добавление строки. Связывание со входящим документом № 17 ЭД "Сведения о поступивших от юридических лиц платежах" № 14 ID= 1000224841. 
2024.05.23 03:37:57, Добавление строки. Связывание со входящим документом № 17 ЭД "Сведения о поступивших от юридических лиц платежах" № 14 ID= 1000224841. 
2024.05.23 03:38:12, Добавление строки. Связывание со входящим документом № 17 ЭД "Сведения о поступивших от юридических лиц платежах" № 14 ID= 1000224841. 
2024.05.23 03:38:27, Добавление строки. Связывание со входящим документом № 17 ЭД "Сведения о поступивших от юридических лиц платежах" № 14 ID= 1000224841. 
2024.05.23 03:38:42, Добавление строки. Связывание со входящим документом № 17 ЭД "Сведения о поступивших от юридических лиц платежах" № 14 ID= 1000224841. 
2024.05.23 03:38:58, Добавление строки. Связывание со входящим документом № 17 ЭД "Сведения о поступивших от юридических лиц платежах" № 14 ID= 1000224841. 
2024.05.23 03:39:13, Добавление строки. Связывание со входящим документом № 17 ЭД "Сведения о поступивших от юридических лиц платежах" № 14 ID= 1000224841. 
2024.05.23 03:39:28, Добавление строки. Связывание со входящим документом № 17 ЭД "Сведения о поступивших от юридических лиц платежах" № 14 ID= 1000224841. 
2024.05.23 03:39:43, Добавление строки. Связывание со входящим документом № 17 ЭД "Сведения о поступивших от юридических лиц платежах" № 14 ID= 1000224841. 
2024.05.23 03:39:58, Добавление строки. Связывание со входящим документом № 17 ЭД "Сведения о поступивших от юридических лиц платежах" № 14 ID= 1000224841. 
2024.05.23 03:40:14, Добавление строки. Связывание со входящим документом № 17 ЭД "Сведения о поступивших от юридических лиц платежах" № 14 ID= 1000224841. 
2024.05.23 03:40:29, Добавление строки. Связывание со входящим документом № 17 ЭД "Сведения о поступивших от юридических лиц платежах" № 14 ID= 1000224841. 
2024.05.23 03:40:44, Добавление строки. Связывание со входящим документом № 17 ЭД "Сведения о поступивших от юридических лиц платежах" № 14 ID= 1000224841. 
2024.05.23 03:40:59, Добавление строки. Связывание со входящим документом № 17 ЭД "Сведения о поступивших от юридических лиц платежах" № 14 ID= 1000224841. 
2024.05.23 03:41:14, Добавление строки. Связывание со входящим документом № 17 ЭД "Сведения о поступивших от юридических лиц платежах" № 14 ID= 1000224841. 
2024.05.23 03:41:30, Добавление строки. Связывание со входящим документом № 17 ЭД "Сведения о поступивших от юридических лиц платежах" № 14 ID= 1000224841. 
2024.05.23 03:41:45, Добавление строки. Связывание со входящим документом № 17 ЭД "Сведения о поступивших от юридических лиц платежах" № 14 ID= 1000224841. 
2024.05.23 03:42:00, Добавление строки. Связывание со входящим документом № 17 ЭД "Сведения о поступивших от юридических лиц платежах" № 14 ID= 1000224841. 
2024.05.23 03:42:15, Добавление строки. Связывание со входящим документом № 17 ЭД "Сведения о поступивших от юридических лиц платежах" № 14 ID= 1000224841. 
2024.05.23 03:42:30, Добавление строки. Связывание со входящим документом № 17 ЭД "Сведения о поступивших от юридических лиц платежах" № 14 ID= 1000224841. 
2024.05.23 03:42:45, Добавление строки. Связывание со входящим документом № 17 ЭД "Сведения о поступивших от юридических лиц платежах" № 14 ID= 1000224841. 
2024.05.23 03:43:01, Добавление строки. Связывание со входящим документом № 17 ЭД "Сведения о поступивших от юридических лиц платежах" № 14 ID= 1000224841. 
2024.05.23 03:43:16, Добавление строки. Связывание со входящим документом № 17 ЭД "Сведения о поступивших от юридических лиц платежах" № 14 ID= 1000224841. 
2024.05.23 03:43:31, Добавление строки. Связывание со входящим документом № 17 ЭД "Сведения о поступивших от юридических лиц платежах" № 14 ID= 1000224841. 
2024.05.23 03:43:46, Добавление строки. Связывание со входящим документом № 17 ЭД "Сведения о поступивших от юридических лиц платежах" № 14 ID= 1000224841. 
2024.05.23 03:44:02, Добавление строки. Связывание со входящим документом № 17 ЭД "Сведения о поступивших от юридических лиц платежах" № 14 ID= 1000224841. 
2024.05.23 03:44:17, Добавление строки. Связывание со входящим документом № 17 ЭД "Сведения о поступивших от юридических лиц платежах" № 14 ID= 1000224841. 
2024.05.23 03:44:32, Добавление строки. Связывание со входящим документом № 17 ЭД "Сведения о поступивших от юридических лиц платежах" № 14 ID= 1000224841. 
2024.05.23 03:44:47, Добавление строки. Связывание со входящим документом № 17 ЭД "Сведения о поступивших от юридических лиц платежах" № 14 ID= 1000224841. 
2024.05.23 03:45:03, Добавление строки. Связывание со входящим документом № 17 ЭД "Сведения о поступивших от юридических лиц платежах" № 14 ID= 1000224841. 
2024.05.23 03:45:18, Добавление строки. Связывание со входящим документом № 17 ЭД "Сведения о поступивших от юридических лиц платежах" № 14 ID= 1000224841. 
2024.05.23 03:45:33, Добавление строки. Связывание со входящим документом № 17 ЭД "Сведения о поступивших от юридических лиц платежах" № 14 ID= 1000224841. 
2024.05.23 03:45:48, Добавление строки. Связывание со входящим документом № 17 ЭД "Сведения о поступивших от юридических лиц платежах" № 14 ID= 1000224841. 
2024.05.23 03:46:03, Добавление строки. Связывание со входящим документом № 17 ЭД "Сведения о поступивших от юридических лиц платежах" № 14 ID= 1000224841. 
2024.05.23 03:46:19, Добавление строки. Связывание со входящим документом № 17 ЭД "Сведения о поступивших от юридических лиц платежах" № 14 ID= 1000224841. 
2024.05.23 03:46:34, Добавление строки. Связывание со входящим документом № 17 ЭД "Сведения о поступивших от юридических лиц платежах" № 14 ID= 1000224841. 
2024.05.23 03:46:49, Добавление строки. Связывание со входящим документом № 17 ЭД "Сведения о поступивших от юридических лиц платежах" № 14 ID= 1000224841. 
2024.05.23 03:47:04, Добавление строки. Связывание со входящим документом № 17 ЭД "Сведения о поступивших от юридических лиц платежах" № 14 ID= 1000224841. 
2024.05.23 03:47:20, Добавление строки. Связывание со входящим документом № 17 ЭД "Сведения о поступивших от юридических лиц платежах" № 14 ID= 1000224841. 
2024.05.23 03:47:35, Добавление строки. Связывание со входящим документом № 17 ЭД "Сведения о поступивших от юридических лиц платежах" № 14 ID= 1000224841. 
2024.05.23 03:47:50, Добавление строки. Связывание со входящим документом № 17 ЭД "Сведения о поступивших от юридических лиц платежах" № 14 ID= 1000224841. 
2024.05.23 03:48:05, Добавление строки. Связывание со входящим документом № 17 ЭД "Сведения о поступивших от юридических лиц платежах" № 14 ID= 1000224841. 
2024.05.23 03:48:20, Добавление строки. Связывание со входящим документом № 17 ЭД "Сведения о поступивших от юридических лиц платежах" № 14 ID= 1000224841. 
2024.05.23 03:48:36, Добавление строки. Связывание со входящим документом № 17 ЭД "Сведения о поступивших от юридических лиц платежах" № 14 ID= 1000224841. 
2024.05.23 03:48:51, Добавление строки. Связывание со входящим документом № 17 ЭД "Сведения о поступивших от юридических лиц платежах" № 14 ID= 1000224841. 
2024.05.23 03:49:06, Добавление строки. Связывание со входящим документом № 17 ЭД "Сведения о поступивших от юридических лиц платежах" № 14 ID= 1000224841. 
2024.05.23 03:49:21, Добавление строки. Связывание со входящим документом № 17 ЭД "Сведения о поступивших от юридических лиц платежах" № 14 ID= 1000224841. 
2024.05.23 03:49:37, Добавление строки. Связывание со входящим документом № 17 ЭД "Сведения о поступивших от юридических лиц платежах" № 14 ID= 1000224841. 
2024.05.23 03:49:52, Добавление строки. Связывание со входящим документом № 17 ЭД "Сведения о поступивших от юридических лиц платежах" № 14 ID= 1000224841. 
2024.05.23 03:50:07, Добавление строки. Связывание со входящим документом № 17 ЭД "Сведения о поступивших от юридических лиц платежах" № 14 ID= 1000224841. 
2024.05.23 03:50:23, Добавление строки. Связывание со входящим документом № 17 ЭД "Сведения о поступивших от юридических лиц платежах" № 14 ID= 1000224841. 
2024.05.23 03:50:38, Добавление строки. Связывание со входящим документом № 17 ЭД "Сведения о поступивших от юридических лиц платежах" № 14 ID= 1000224841. 
2024.05.23 03:50:53, Добавление строки. Связывание со входящим документом № 17 ЭД "Сведения о поступивших от юридических лиц платежах" № 14 ID= 1000224841. 
2024.05.23 03:51:08, Добавление строки. Связывание со входящим документом № 17 ЭД "Сведения о поступивших от юридических лиц платежах" № 14 ID= 1000224841. 
2024.05.23 03:51:24, Добавление строки. Связывание со входящим документом № 17 ЭД "Сведения о поступивших от юридических лиц платежах" № 14 ID= 1000224841. 
2024.05.23 03:51:39, Добавление строки. Связывание со входящим документом № 17 ЭД "Сведения о поступивших от юридических лиц платежах" № 14 ID= 1000224841. 
2024.05.23 03:51:54, Добавление строки. Связывание со входящим документом № 17 ЭД "Сведения о поступивших от юридических лиц платежах" № 14 ID= 1000224841. 
2024.05.23 03:52:09, Добавление строки. Связывание со входящим документом № 17 ЭД "Сведения о поступивших от юридических лиц платежах" № 14 ID= 1000224841. 
2024.05.23 03:52:25, Добавление строки. Связывание со входящим документом № 17 ЭД "Сведения о поступивших от юридических лиц платежах" № 14 ID= 1000224841. 
2024.05.23 03:52:40, Добавление строки. Связывание со входящим документом № 17 ЭД "Сведения о поступивших от юридических лиц платежах" № 14 ID= 1000224841. 
2024.05.23 03:52:55, Добавление строки. Связывание со входящим документом № 17 ЭД "Сведения о поступивших от юридических лиц платежах" № 14 ID= 1000224841. 
2024.05.23 03:53:11, Добавление строки. Связывание со входящим документом № 17 ЭД "Сведения о поступивших от юридических лиц платежах" № 14 ID= 1000224841. 
2024.05.23 03:53:26, Добавление строки. Связывание со входящим документом № 17 ЭД "Сведения о поступивших от юридических лиц платежах" № 14 ID= 1000224841. 
2024.05.23 03:53:41, Добавление строки. Связывание со входящим документом № 17 ЭД "Сведения о поступивших от юридических лиц платежах" № 14 ID= 1000224841. 
2024.05.23 03:53:56, Добавление строки. Связывание со входящим документом № 17 ЭД "Сведения о поступивших от юридических лиц платежах" № 14 ID= 1000224841. 
2024.05.23 03:54:12, Добавление строки. Связывание со входящим документом № 17 ЭД "Сведения о поступивших от юридических лиц платежах" № 14 ID= 1000224841. 
2024.05.23 03:54:27, Добавление строки. Связывание со входящим документом № 17 ЭД "Сведения о поступивших от юридических лиц платежах" № 14 ID= 1000224841. 
2024.05.23 03:54:42, Добавление строки. Связывание со входящим документом № 17 ЭД "Сведения о поступивших от юридических лиц платежах" № 14 ID= 1000224841. 
2024.05.23 03:54:58, Добавление строки. Связывание со входящим документом № 17 ЭД "Сведения о поступивших от юридических лиц платежах" № 14 ID= 1000224841. 
2024.05.23 03:55:13, Добавление строки. Связывание со входящим документом № 17 ЭД "Сведения о поступивших от юридических лиц платежах" № 14 ID= 1000224841. 
2024.05.23 03:55:28, Добавление строки. Связывание со входящим документом № 17 ЭД "Сведения о поступивших от юридических лиц платежах" № 14 ID= 1000224841. 
2024.05.23 03:55:44, Добавление строки. Связывание со входящим документом № 17 ЭД "Сведения о поступивших от юридических лиц платежах" № 14 ID= 1000224841. 
2024.05.23 03:55:59, Добавление строки. Связывание со входящим документом № 17 ЭД "Сведения о поступивших от юридических лиц платежах" № 14 ID= 1000224841. 
2024.05.23 03:56:14, Добавление строки. Связывание со входящим документом № 17 ЭД "Сведения о поступивших от юридических лиц платежах" № 14 ID= 1000224841. 
2024.05.23 03:56:30, Добавление строки. Связывание со входящим документом № 17 ЭД "Сведения о поступивших от юридических лиц платежах" № 14 ID= 1000224841. 
2024.05.23 03:56:45, Добавление строки. Связывание со входящим документом № 17 ЭД "Сведения о поступивших от юридических лиц платежах" № 14 ID= 1000224841. 
2024.05.23 03:57:00, Добавление строки. Связывание со входящим документом № 17 ЭД "Сведения о поступивших от юридических лиц платежах" № 14 ID= 1000224841. 
2024.05.23 03:57:16, Добавление строки. Связывание со входящим документом № 17 ЭД "Сведения о поступивших от юридических лиц платежах" № 14 ID= 1000224841. 
2024.05.23 03:57:31, Добавление строки. Связывание со входящим документом № 17 ЭД "Сведения о поступивших от юридических лиц платежах" № 14 ID= 1000224841. 
2024.05.23 03:57:46, Добавление строки. Связывание со входящим документом № 17 ЭД "Сведения о поступивших от юридических лиц платежах" № 14 ID= 1000224841. 
2024.05.23 03:58:02, Добавление строки. Связывание со входящим документом № 17 ЭД "Сведения о поступивших от юридических лиц платежах" № 14 ID= 1000224841. 
2024.05.23 03:58:17, Добавление строки. Связывание со входящим документом № 17 ЭД "Сведения о поступивших от юридических лиц платежах" № 14 ID= 1000224841. 
2024.05.23 03:58:32, Добавление строки. Связывание со входящим документом № 17 ЭД "Сведения о поступивших от юридических лиц платежах" № 14 ID= 1000224841. 
2024.05.23 03:58:48, Добавление строки. Связывание со входящим документом № 17 ЭД "Сведения о поступивших от юридических лиц платежах" № 14 ID= 1000224841. 
2024.05.23 03:59:03, Добавление строки. Связывание со входящим документом № 17 ЭД "Сведения о поступивших от юридических лиц платежах" № 14 ID= 1000224841. 
2024.05.23 03:59:18, Добавление строки. Связывание со входящим документом № 17 ЭД "Сведения о поступивших от юридических лиц платежах" № 14 ID= 1000224841. 
2024.05.23 03:59:34, Добавление строки. Связывание со входящим документом № 17 ЭД "Сведения о поступивших от юридических лиц платежах" № 14 ID= 1000224841. 
2024.05.23 03:59:49, Добавление строки. Связывание со входящим документом № 17 ЭД "Сведения о поступивших от юридических лиц платежах" № 14 ID= 1000224841. 
2024.05.23 04:00:05, Добавление строки. Связывание со входящим документом № 17 ЭД "Сведения о поступивших от юридических лиц платежах" № 14 ID= 1000224841. 
2024.05.23 04:00:20, Добавление строки. Связывание со входящим документом № 17 ЭД "Сведения о поступивших от юридических лиц платежах" № 14 ID= 1000224841. 
2024.05.23 04:00:35, Добавление строки. Связывание со входящим документом № 17 ЭД "Сведения о поступивших от юридических лиц платежах" № 14 ID= 1000224841. 
2024.05.23 04:00:51, Добавление строки. Связывание со входящим документом № 17 ЭД "Сведения о поступивших от юридических лиц платежах" № 14 ID= 1000224841. 
2024.05.23 04:01:06, Добавление строки. Связывание со входящим документом № 17 ЭД "Сведения о поступивших от юридических лиц платежах" № 14 ID= 1000224841. 
2024.05.23 04:01:21, Добавление строки. Связывание со входящим документом № 17 ЭД "Сведения о поступивших от юридических лиц платежах" № 14 ID= 1000224841. 
2024.05.23 04:01:37, Добавление строки. Связывание со входящим документом № 17 ЭД "Сведения о поступивших от юридических лиц платежах" № 14 ID= 1000224841. 
2024.05.23 04:01:52, Добавление строки. Связывание со входящим документом № 17 ЭД "Сведения о поступивших от юридических лиц платежах" № 14 ID= 1000224841. 
2024.05.23 04:02:08, Добавление строки. Связывание со входящим документом № 17 ЭД "Сведения о поступивших от юридических лиц платежах" № 14 ID= 1000224841. 
2024.05.23 04:02:23, Добавление строки. Связывание со входящим документом № 17 ЭД "Сведения о поступивших от юридических лиц платежах" № 14 ID= 1000224841. 
2024.05.23 04:02:38, Добавление строки. Связывание со входящим документом № 17 ЭД "Сведения о поступивших от юридических лиц платежах" № 14 ID= 1000224841. 
2024.05.23 04:02:54, Добавление строки. Связывание со входящим документом № 17 ЭД "Сведения о поступивших от юридических лиц платежах" № 14 ID= 1000224841. 
2024.05.23 04:03:09, Добавление строки. Связывание со входящим документом № 17 ЭД "Сведения о поступивших от юридических лиц платежах" № 14 ID= 1000224841. 
2024.05.23 04:03:25, Добавление строки. Связывание со входящим документом № 17 ЭД "Сведения о поступивших от юридических лиц платежах" № 14 ID= 1000224841. 
2024.05.23 04:03:40, Добавление строки. Связывание со входящим документом № 17 ЭД "Сведения о поступивших от юридических лиц платежах" № 14 ID= 1000224841. 
2024.05.23 04:03:55, Добавление строки. Связывание со входящим документом № 17 ЭД "Сведения о поступивших от юридических лиц платежах" № 14 ID= 1000224841. 
2024.05.23 04:04:11, Добавление строки. Связывание со входящим документом № 17 ЭД "Сведения о поступивших от юридических лиц платежах" № 14 ID= 1000224841. 
2024.05.23 04:04:26, Добавление строки. Связывание со входящим документом № 17 ЭД "Сведения о поступивших от юридических лиц платежах" № 14 ID= 1000224841. 
2024.05.23 04:04:42, Добавление строки. Связывание со входящим документом № 17 ЭД "Сведения о поступивших от юридических лиц платежах" № 14 ID= 1000224841. 
2024.05.23 04:04:57, Добавление строки. Связывание со входящим документом № 17 ЭД "Сведения о поступивших от юридических лиц платежах" № 14 ID= 1000224841. 
2024.05.23 04:05:12, Добавление строки. Связывание со входящим документом № 17 ЭД "Сведения о поступивших от юридических лиц платежах" № 14 ID= 1000224841. 
2024.05.23 04:05:28, Добавление строки. Связывание со входящим документом № 17 ЭД "Сведения о поступивших от юридических лиц платежах" № 14 ID= 1000224841. 
2024.05.23 04:05:43, Добавление строки. Связывание со входящим документом № 17 ЭД "Сведения о поступивших от юридических лиц платежах" № 14 ID= 1000224841. 
2024.05.23 04:05:59, Добавление строки. Связывание со входящим документом № 17 ЭД "Сведения о поступивших от юридических лиц платежах" № 14 ID= 1000224841. 
2024.05.23 04:06:14, Добавление строки. Связывание со входящим документом № 17 ЭД "Сведения о поступивших от юридических лиц платежах" № 14 ID= 1000224841. 
2024.05.23 04:06:30, Добавление строки. Связывание со входящим документом № 17 ЭД "Сведения о поступивших от юридических лиц платежах" № 14 ID= 1000224841. 
2024.05.23 04:06:45, Добавление строки. Связывание со входящим документом № 17 ЭД "Сведения о поступивших от юридических лиц платежах" № 14 ID= 1000224841. 
2024.05.23 04:07:01, Добавление строки. Связывание со входящим документом № 17 ЭД "Сведения о поступивших от юридических лиц платежах" № 14 ID= 1000224841. 
2024.05.23 04:07:16, Добавление строки. Связывание со входящим документом № 17 ЭД "Сведения о поступивших от юридических лиц платежах" № 14 ID= 1000224841. 
2024.05.23 04:07:31, Добавление строки. Связывание со входящим документом № 17 ЭД "Сведения о поступивших от юридических лиц платежах" № 14 ID= 1000224841. 
2024.05.23 04:07:47, Добавление строки. Связывание со входящим документом № 17 ЭД "Сведения о поступивших от юридических лиц платежах" № 14 ID= 1000224841. 
2024.05.23 04:08:02, Добавление строки. Связывание со входящим документом № 17 ЭД "Сведения о поступивших от юридических лиц платежах" № 14 ID= 1000224841. 
2024.05.23 04:08:18, Добавление строки. Связывание со входящим документом № 17 ЭД "Сведения о поступивших от юридических лиц платежах" № 14 ID= 1000224841. 
2024.05.23 04:08:33, Добавление строки. Связывание со входящим документом № 17 ЭД "Сведения о поступивших от юридических лиц платежах" № 14 ID= 1000224841. 
2024.05.23 04:08:49, Добавление строки. Связывание со входящим документом № 17 ЭД "Сведения о поступивших от юридических лиц платежах" № 14 ID= 1000224841. 
2024.05.23 04:09:04, Добавление строки. Связывание со входящим документом № 17 ЭД "Сведения о поступивших от юридических лиц платежах" № 14 ID= 1000224841. 
2024.05.23 04:09:19, Добавление строки. Связывание со входящим документом № 17 ЭД "Сведения о поступивших от юридических лиц платежах" № 14 ID= 1000224841. 
2024.05.23 04:09:35, Добавление строки. Связывание со входящим документом № 17 ЭД "Сведения о поступивших от юридических лиц платежах" № 14 ID= 1000224841. 
2024.05.23 04:09:50, Добавление строки. Связывание со входящим документом № 17 ЭД "Сведения о поступивших от юридических лиц платежах" № 14 ID= 1000224841. 
2024.05.23 04:10:06, Добавление строки. Связывание со входящим документом № 17 ЭД "Сведения о поступивших от юридических лиц платежах" № 14 ID= 1000224841. 
2024.05.23 04:10:21, Добавление строки. Связывание со входящим документом № 17 ЭД "Сведения о поступивших от юридических лиц платежах" № 14 ID= 1000224841. 
2024.05.23 04:10:37, Добавление строки. Связывание со входящим документом № 17 ЭД "Сведения о поступивших от юридических лиц платежах" № 14 ID= 1000224841. 
2024.05.23 04:10:52, Добавление строки. Связывание со входящим документом № 17 ЭД "Сведения о поступивших от юридических лиц платежах" № 14 ID= 1000224841. 
2024.05.23 04:11:07, Добавление строки. Связывание со входящим документом № 17 ЭД "Сведения о поступивших от юридических лиц платежах" № 14 ID= 1000224841. 
2024.05.23 04:11:23, Добавление строки. Связывание со входящим документом № 17 ЭД "Сведения о поступивших от юридических лиц платежах" № 14 ID= 1000224841. 
2024.05.23 04:11:38, Добавление строки. Связывание со входящим документом № 17 ЭД "Сведения о поступивших от юридических лиц платежах" № 14 ID= 1000224841. 
2024.05.23 04:11:54, Добавление строки. Связывание со входящим документом № 17 ЭД "Сведения о поступивших от юридических лиц платежах" № 14 ID= 1000224841. 
2024.05.23 04:12:09, Добавление строки. Связывание со входящим документом № 17 ЭД "Сведения о поступивших от юридических лиц платежах" № 14 ID= 1000224841. 
2024.05.23 04:12:25, Добавление строки. Связывание со входящим документом № 17 ЭД "Сведения о поступивших от юридических лиц платежах" № 14 ID= 1000224841. 
2024.05.23 04:12:40, Добавление строки. Связывание со входящим документом № 17 ЭД "Сведения о поступивших от юридических лиц платежах" № 14 ID= 1000224841. 
2024.05.23 04:12:55, Добавление строки. Связывание со входящим документом № 17 ЭД "Сведения о поступивших от юридических лиц платежах" № 14 ID= 1000224841. 
2024.05.23 04:13:11, Добавление строки. Связывание со входящим документом № 17 ЭД "Сведения о поступивших от юридических лиц платежах" № 14 ID= 1000224841. 
2024.05.23 04:13:26, Добавление строки. Связывание со входящим документом № 17 ЭД "Сведения о поступивших от юридических лиц платежах" № 14 ID= 1000224841. 
2024.05.23 04:13:42, Добавление строки. Связывание со входящим документом № 17 ЭД "Сведения о поступивших от юридических лиц платежах" № 14 ID= 1000224841. 
2024.05.23 04:13:57, Добавление строки. Связывание со входящим документом № 17 ЭД "Сведения о поступивших от юридических лиц платежах" № 14 ID= 1000224841. 
2024.05.23 04:14:13, Добавление строки. Связывание со входящим документом № 17 ЭД "Сведения о поступивших от юридических лиц платежах" № 14 ID= 1000224841. 
2024.05.23 04:14:28, Добавление строки. Связывание со входящим документом № 17 ЭД "Сведения о поступивших от юридических лиц платежах" № 14 ID= 1000224841. 
2024.05.23 04:14:44, Добавление строки. Связывание со входящим документом № 17 ЭД "Сведения о поступивших от юридических лиц платежах" № 14 ID= 1000224841. 
2024.05.23 04:14:59, Добавление строки. Связывание со входящим документом № 17 ЭД "Сведения о поступивших от юридических лиц платежах" № 14 ID= 1000224841. 
2024.05.23 04:15:15, Добавление строки. Связывание со входящим документом № 17 ЭД "Сведения о поступивших от юридических лиц платежах" № 14 ID= 1000224841. 
2024.05.23 04:15:30, Добавление строки. Связывание со входящим документом № 17 ЭД "Сведения о поступивших от юридических лиц платежах" № 14 ID= 1000224841. 
2024.05.23 04:15:46, Добавление строки. Связывание со входящим документом № 17 ЭД "Сведения о поступивших от юридических лиц платежах" № 14 ID= 1000224841. 
2024.05.23 04:16:01, Добавление строки. Связывание со входящим документом № 17 ЭД "Сведения о поступивших от юридических лиц платежах" № 14 ID= 1000224841. 
2024.05.23 04:16:17, Добавление строки. Связывание со входящим документом № 17 ЭД "Сведения о поступивших от юридических лиц платежах" № 14 ID= 1000224841. 
2024.05.23 04:16:32, Добавление строки. Связывание со входящим документом № 17 ЭД "Сведения о поступивших от юридических лиц платежах" № 14 ID= 1000224841. 
2024.05.23 04:16:47, Добавление строки. Связывание со входящим документом № 17 ЭД "Сведения о поступивших от юридических лиц платежах" № 14 ID= 1000224841. 
2024.05.23 04:17:03, Добавление строки. Связывание со входящим документом № 17 ЭД "Сведения о поступивших от юридических лиц платежах" № 14 ID= 1000224841. 
2024.05.23 04:17:18, Добавление строки. Связывание со входящим документом № 17 ЭД "Сведения о поступивших от юридических лиц платежах" № 14 ID= 1000224841. 
2024.05.23 04:17:34, Добавление строки. Связывание со входящим документом № 17 ЭД "Сведения о поступивших от юридических лиц платежах" № 14 ID= 1000224841. 
2024.05.23 04:17:49, Добавление строки. Связывание со входящим документом № 17 ЭД "Сведения о поступивших от юридических лиц платежах" № 14 ID= 1000224841. 
2024.05.23 04:18:05, Добавление строки. Связывание со входящим документом № 17 ЭД "Сведения о поступивших от юридических лиц платежах" № 14 ID= 1000224841. 
2024.05.23 04:18:20, Добавление строки. Связывание со входящим документом № 17 ЭД "Сведения о поступивших от юридических лиц платежах" № 14 ID= 1000224841. 
2024.05.23 04:18:36, Добавление строки. Связывание со входящим документом № 17 ЭД "Сведения о поступивших от юридических лиц платежах" № 14 ID= 1000224841. 
2024.05.23 04:18:51, Добавление строки. Связывание со входящим документом № 17 ЭД "Сведения о поступивших от юридических лиц платежах" № 14 ID= 1000224841. 
2024.05.23 04:19:07, Добавление строки. Связывание со входящим документом № 17 ЭД "Сведения о поступивших от юридических лиц платежах" № 14 ID= 1000224841. 
2024.05.23 04:19:22, Добавление строки. Связывание со входящим документом № 17 ЭД "Сведения о поступивших от юридических лиц платежах" № 14 ID= 1000224841. 
2024.05.23 04:19:38, Добавление строки. Связывание со входящим документом № 17 ЭД "Сведения о поступивших от юридических лиц платежах" № 14 ID= 1000224841. 
2024.05.23 04:19:53, Добавление строки. Связывание со входящим документом № 17 ЭД "Сведения о поступивших от юридических лиц платежах" № 14 ID= 1000224841. 
2024.05.23 04:20:09, Добавление строки. Связывание со входящим документом № 17 ЭД "Сведения о поступивших от юридических лиц платежах" № 14 ID= 1000224841. 
2024.05.23 04:20:24, Добавление строки. Связывание со входящим документом № 17 ЭД "Сведения о поступивших от юридических лиц платежах" № 14 ID= 1000224841. 
2024.05.23 04:20:40, Добавление строки. Связывание со входящим документом № 17 ЭД "Сведения о поступивших от юридических лиц платежах" № 14 ID= 1000224841. 
2024.05.23 04:20:55, Добавление строки. Связывание со входящим документом № 17 ЭД "Сведения о поступивших от юридических лиц платежах" № 14 ID= 1000224841. 
2024.05.23 04:21:11, Добавление строки. Связывание со входящим документом № 17 ЭД "Сведения о поступивших от юридических лиц платежах" № 14 ID= 1000224841. 
2024.05.23 04:21:26, Добавление строки. Связывание со входящим документом № 17 ЭД "Сведения о поступивших от юридических лиц платежах" № 14 ID= 1000224841. 
2024.05.23 04:21:42, Добавление строки. Связывание со входящим документом № 17 ЭД "Сведения о поступивших от юридических лиц платежах" № 14 ID= 1000224841. 
2024.05.23 04:21:58, Добавление строки. Связывание со входящим документом № 17 ЭД "Сведения о поступивших от юридических лиц платежах" № 14 ID= 1000224841. 
2024.05.23 04:22:13, Добавление строки. Связывание со входящим документом № 17 ЭД "Сведения о поступивших от юридических лиц платежах" № 14 ID= 1000224841. 
2024.05.23 04:22:29, Добавление строки. Связывание со входящим документом № 17 ЭД "Сведения о поступивших от юридических лиц платежах" № 14 ID= 1000224841. 
2024.05.23 04:22:44, Добавление строки. Связывание со входящим документом № 17 ЭД "Сведения о поступивших от юридических лиц платежах" № 14 ID= 1000224841. 
2024.05.23 04:23:01, Добавление строки. Связывание со входящим документом № 17 ЭД "Сведения о поступивших от юридических лиц платежах" № 14 ID= 1000224841. 
2024.05.23 04:23:16, Добавление строки. Связывание со входящим документом № 17 ЭД "Сведения о поступивших от юридических лиц платежах" № 14 ID= 1000224841. 
2024.05.23 04:23:32, Добавление строки. Связывание со входящим документом № 17 ЭД "Сведения о поступивших от юридических лиц платежах" № 14 ID= 1000224841. 
2024.05.23 04:23:47, Добавление строки. Связывание со входящим документом № 17 ЭД "Сведения о поступивших от юридических лиц платежах" № 14 ID= 1000224841. 
2024.05.23 04:24:03, Добавление строки. Связывание со входящим документом № 17 ЭД "Сведения о поступивших от юридических лиц платежах" № 14 ID= 1000224841. 
2024.05.23 04:24:19, Добавление строки. Связывание со входящим документом № 17 ЭД "Сведения о поступивших от юридических лиц платежах" № 14 ID= 1000224841. 
2024.05.23 04:24:34, Добавление строки. Связывание со входящим документом № 17 ЭД "Сведения о поступивших от юридических лиц платежах" № 14 ID= 1000224841. 
2024.05.23 04:24:50, Добавление строки. Связывание со входящим документом № 17 ЭД "Сведения о поступивших от юридических лиц платежах" № 14 ID= 1000224841. 
2024.05.23 04:25:05, Добавление строки. Связывание со входящим документом № 17 ЭД "Сведения о поступивших от юридических лиц платежах" № 14 ID= 1000224841. 
2024.05.23 04:25:21, Добавление строки. Связывание со входящим документом № 17 ЭД "Сведения о поступивших от юридических лиц платежах" № 14 ID= 1000224841. 
2024.05.23 04:25:37, Добавление строки. Связывание со входящим документом № 17 ЭД "Сведения о поступивших от юридических лиц платежах" № 14 ID= 1000224841. 
2024.05.23 04:25:52, Добавление строки. Связывание со входящим документом № 17 ЭД "Сведения о поступивших от юридических лиц платежах" № 14 ID= 1000224841. 
2024.05.23 04:26:08, Добавление строки. Связывание со входящим документом № 17 ЭД "Сведения о поступивших от юридических лиц платежах" № 14 ID= 1000224841. 
2024.05.23 04:26:23, Добавление строки. Связывание со входящим документом № 17 ЭД "Сведения о поступивших от юридических лиц платежах" № 14 ID= 1000224841. 
2024.05.23 04:26:39, Добавление строки. Связывание со входящим документом № 17 ЭД "Сведения о поступивших от юридических лиц платежах" № 14 ID= 1000224841. 
2024.05.23 04:26:54, Добавление строки. Связывание со входящим документом № 17 ЭД "Сведения о поступивших от юридических лиц платежах" № 14 ID= 1000224841. 
2024.05.23 04:27:10, Добавление строки. Связывание со входящим документом № 17 ЭД "Сведения о поступивших от юридических лиц платежах" № 14 ID= 1000224841. 
2024.05.23 04:27:25, Добавление строки. Связывание со входящим документом № 17 ЭД "Сведения о поступивших от юридических лиц платежах" № 14 ID= 1000224841. 
2024.05.23 04:27:41, Добавление строки. Связывание со входящим документом № 17 ЭД "Сведения о поступивших от юридических лиц платежах" № 14 ID= 1000224841. 
2024.05.23 04:27:57, Добавление строки. Связывание со входящим документом № 17 ЭД "Сведения о поступивших от юридических лиц платежах" № 14 ID= 1000224841. 
2024.05.23 04:28:12, Добавление строки. Связывание со входящим документом № 17 ЭД "Сведения о поступивших от юридических лиц платежах" № 14 ID= 1000224841. 
2024.05.23 04:28:28, Добавление строки. Связывание со входящим документом № 17 ЭД "Сведения о поступивших от юридических лиц платежах" № 14 ID= 1000224841. 
2024.05.23 04:28:44, Добавление строки. Связывание со входящим документом № 17 ЭД "Сведения о поступивших от юридических лиц платежах" № 14 ID= 1000224841. 
2024.05.23 04:28:59, Добавление строки. Связывание со входящим документом № 17 ЭД "Сведения о поступивших от юридических лиц платежах" № 14 ID= 1000224841. 
2024.05.23 04:29:15, Добавление строки. Связывание со входящим документом № 17 ЭД "Сведения о поступивших от юридических лиц платежах" № 14 ID= 1000224841. 
2024.05.23 04:29:30, Добавление строки. Связывание со входящим документом № 17 ЭД "Сведения о поступивших от юридических лиц платежах" № 14 ID= 1000224841. 
2024.05.23 04:29:46, Добавление строки. Связывание со входящим документом № 17 ЭД "Сведения о поступивших от юридических лиц платежах" № 14 ID= 1000224841. 
2024.05.23 04:30:02, Добавление строки. Связывание со входящим документом № 17 ЭД "Сведения о поступивших от юридических лиц платежах" № 14 ID= 1000224841. 
2024.05.23 04:30:17, Добавление строки. Связывание со входящим документом № 17 ЭД "Сведения о поступивших от юридических лиц платежах" № 14 ID= 1000224841. 
2024.05.23 04:30:33, Добавление строки. Связывание со входящим документом № 17 ЭД "Сведения о поступивших от юридических лиц платежах" № 14 ID= 1000224841. 
2024.05.23 04:30:48, Добавление строки. Связывание со входящим документом № 17 ЭД "Сведения о поступивших от юридических лиц платежах" № 14 ID= 1000224841. 
2024.05.23 04:31:04, Добавление строки. Связывание со входящим документом № 17 ЭД "Сведения о поступивших от юридических лиц платежах" № 14 ID= 1000224841. 
2024.05.23 04:31:20, Добавление строки. Связывание со входящим документом № 17 ЭД "Сведения о поступивших от юридических лиц платежах" № 14 ID= 1000224841. 
2024.05.23 04:31:35, Добавление строки. Связывание со входящим документом № 17 ЭД "Сведения о поступивших от юридических лиц платежах" № 14 ID= 1000224841. 
2024.05.23 04:31:51, Добавление строки. Связывание со входящим документом № 17 ЭД "Сведения о поступивших от юридических лиц платежах" № 14 ID= 1000224841. 
2024.05.23 04:32:07, Добавление строки. Связывание со входящим документом № 17 ЭД "Сведения о поступивших от юридических лиц платежах" № 14 ID= 1000224841. 
2024.05.23 04:32:22, Добавление строки. Связывание со входящим документом № 17 ЭД "Сведения о поступивших от юридических лиц платежах" № 14 ID= 1000224841. 
2024.05.23 04:32:38, Добавление строки. Связывание со входящим документом № 17 ЭД "Сведения о поступивших от юридических лиц платежах" № 14 ID= 1000224841. 
2024.05.23 04:32:53, Добавление строки. Связывание со входящим документом № 17 ЭД "Сведения о поступивших от юридических лиц платежах" № 14 ID= 1000224841. 
2024.05.23 04:33:09, Добавление строки. Связывание со входящим документом № 17 ЭД "Сведения о поступивших от юридических лиц платежах" № 14 ID= 1000224841. 
2024.05.23 04:33:25, Добавление строки. Связывание со входящим документом № 17 ЭД "Сведения о поступивших от юридических лиц платежах" № 14 ID= 1000224841. 
2024.05.23 04:33:40, Добавление строки. Связывание со входящим документом № 17 ЭД "Сведения о поступивших от юридических лиц платежах" № 14 ID= 1000224841. 
2024.05.23 04:33:56, Добавление строки. Связывание со входящим документом № 17 ЭД "Сведения о поступивших от юридических лиц платежах" № 14 ID= 1000224841. 
2024.05.23 04:34:12, Добавление строки. Связывание со входящим документом № 17 ЭД "Сведения о поступивших от юридических лиц платежах" № 14 ID= 1000224841. 
2024.05.23 04:34:27, Добавление строки. Связывание со входящим документом № 17 ЭД "Сведения о поступивших от юридических лиц платежах" № 14 ID= 1000224841. 
2024.05.23 04:34:43, Добавление строки. Связывание со входящим документом № 17 ЭД "Сведения о поступивших от юридических лиц платежах" № 14 ID= 1000224841. 
2024.05.23 04:34:59, Добавление строки. Связывание со входящим документом № 17 ЭД "Сведения о поступивших от юридических лиц платежах" № 14 ID= 1000224841. 
2024.05.23 04:35:14, Добавление строки. Связывание со входящим документом № 17 ЭД "Сведения о поступивших от юридических лиц платежах" № 14 ID= 1000224841. 
2024.05.23 04:35:30, Добавление строки. Связывание со входящим документом № 17 ЭД "Сведения о поступивших от юридических лиц платежах" № 14 ID= 1000224841. 
2024.05.23 04:35:45, Добавление строки. Связывание со входящим документом № 17 ЭД "Сведения о поступивших от юридических лиц платежах" № 14 ID= 1000224841. 
2024.05.23 04:36:01, Добавление строки. Связывание со входящим документом № 17 ЭД "Сведения о поступивших от юридических лиц платежах" № 14 ID= 1000224841. 
2024.05.23 04:36:17, Добавление строки. Связывание со входящим документом № 17 ЭД "Сведения о поступивших от юридических лиц платежах" № 14 ID= 1000224841. 
2024.05.23 04:36:32, Добавление строки. Связывание со входящим документом № 17 ЭД "Сведения о поступивших от юридических лиц платежах" № 14 ID= 1000224841. 
2024.05.23 04:36:48, Добавление строки. Связывание со входящим документом № 17 ЭД "Сведения о поступивших от юридических лиц платежах" № 14 ID= 1000224841. 
2024.05.23 04:37:04, Добавление строки. Связывание со входящим документом № 17 ЭД "Сведения о поступивших от юридических лиц платежах" № 14 ID= 1000224841. 
2024.05.23 04:37:19, Добавление строки. Связывание со входящим документом № 17 ЭД "Сведения о поступивших от юридических лиц платежах" № 14 ID= 1000224841. 
2024.05.23 04:37:35, Добавление строки. Связывание со входящим документом № 17 ЭД "Сведения о поступивших от юридических лиц платежах" № 14 ID= 1000224841. 
2024.05.23 04:37:51, Добавление строки. Связывание со входящим документом № 17 ЭД "Сведения о поступивших от юридических лиц платежах" № 14 ID= 1000224841. 
2024.05.23 04:38:07, Добавление строки. Связывание со входящим документом № 17 ЭД "Сведения о поступивших от юридических лиц платежах" № 14 ID= 1000224841. 
2024.05.23 04:38:22, Добавление строки. Связывание со входящим документом № 17 ЭД "Сведения о поступивших от юридических лиц платежах" № 14 ID= 1000224841. 
2024.05.23 04:38:38, Добавление строки. Связывание со входящим документом № 17 ЭД "Сведения о поступивших от юридических лиц платежах" № 14 ID= 1000224841. 
2024.05.23 04:38:54, Добавление строки. Связывание со входящим документом № 17 ЭД "Сведения о поступивших от юридических лиц платежах" № 14 ID= 1000224841. 
2024.05.23 04:39:10, Добавление строки. Связывание со входящим документом № 17 ЭД "Сведения о поступивших от юридических лиц платежах" № 14 ID= 1000224841. 
2024.05.23 04:39:25, Добавление строки. Связывание со входящим документом № 17 ЭД "Сведения о поступивших от юридических лиц платежах" № 14 ID= 1000224841. 
2024.05.23 04:39:41, Добавление строки. Связывание со входящим документом № 17 ЭД "Сведения о поступивших от юридических лиц платежах" № 14 ID= 1000224841. 
2024.05.23 04:39:57, Добавление строки. Связывание со входящим документом № 17 ЭД "Сведения о поступивших от юридических лиц платежах" № 14 ID= 1000224841. 
2024.05.23 04:40:12, Добавление строки. Связывание со входящим документом № 17 ЭД "Сведения о поступивших от юридических лиц платежах" № 14 ID= 1000224841. 
2024.05.23 04:40:28, Добавление строки. Связывание со входящим документом № 17 ЭД "Сведения о поступивших от юридических лиц платежах" № 14 ID= 1000224841. 
2024.05.23 04:40:44, Добавление строки. Связывание со входящим документом № 17 ЭД "Сведения о поступивших от юридических лиц платежах" № 14 ID= 1000224841. 
2024.05.23 04:41:00, Добавление строки. Связывание со входящим документом № 17 ЭД "Сведения о поступивших от юридических лиц платежах" № 14 ID= 1000224841. 
2024.05.23 04:41:15, Добавление строки. Связывание со входящим документом № 17 ЭД "Сведения о поступивших от юридических лиц платежах" № 14 ID= 1000224841. 
2024.05.23 04:41:31, Добавление строки. Связывание со входящим документом № 17 ЭД "Сведения о поступивших от юридических лиц платежах" № 14 ID= 1000224841. 
2024.05.23 04:41:47, Добавление строки. Связывание со входящим документом № 17 ЭД "Сведения о поступивших от юридических лиц платежах" № 14 ID= 1000224841. 
2024.05.23 04:42:02, Добавление строки. Связывание со входящим документом № 17 ЭД "Сведения о поступивших от юридических лиц платежах" № 14 ID= 1000224841. 
2024.05.23 04:42:18, Добавление строки. Связывание со входящим документом № 17 ЭД "Сведения о поступивших от юридических лиц платежах" № 14 ID= 1000224841. 
2024.05.23 04:42:34, Добавление строки. Связывание со входящим документом № 17 ЭД "Сведения о поступивших от юридических лиц платежах" № 14 ID= 1000224841. 
2024.05.23 04:42:49, Добавление строки. Связывание со входящим документом № 17 ЭД "Сведения о поступивших от юридических лиц платежах" № 14 ID= 1000224841. 
2024.05.23 04:43:05, Добавление строки. Связывание со входящим документом № 17 ЭД "Сведения о поступивших от юридических лиц платежах" № 14 ID= 1000224841. 
2024.05.23 04:43:21, Добавление строки. Связывание со входящим документом № 17 ЭД "Сведения о поступивших от юридических лиц платежах" № 14 ID= 1000224841. 
2024.05.23 04:43:37, Добавление строки. Связывание со входящим документом № 17 ЭД "Сведения о поступивших от юридических лиц платежах" № 14 ID= 1000224841. 
2024.05.23 04:43:52, Добавление строки. Связывание со входящим документом № 17 ЭД "Сведения о поступивших от юридических лиц платежах" № 14 ID= 1000224841. 
2024.05.23 04:44:08, Добавление строки. Связывание со входящим документом № 17 ЭД "Сведения о поступивших от юридических лиц платежах" № 14 ID= 1000224841. 
2024.05.23 04:44:24, Добавление строки. Связывание со входящим документом № 17 ЭД "Сведения о поступивших от юридических лиц платежах" № 14 ID= 1000224841. 
2024.05.23 04:44:39, Добавление строки. Связывание со входящим документом № 17 ЭД "Сведения о поступивших от юридических лиц платежах" № 14 ID= 1000224841. 
2024.05.23 04:44:55, Добавление строки. Связывание со входящим документом № 17 ЭД "Сведения о поступивших от юридических лиц платежах" № 14 ID= 1000224841. 
2024.05.23 04:45:11, Добавление строки. Связывание со входящим документом № 17 ЭД "Сведения о поступивших от юридических лиц платежах" № 14 ID= 1000224841. 
2024.05.23 04:45:27, Добавление строки. Связывание со входящим документом № 17 ЭД "Сведения о поступивших от юридических лиц платежах" № 14 ID= 1000224841. 
2024.05.23 04:45:43, Добавление строки. Связывание со входящим документом № 17 ЭД "Сведения о поступивших от юридических лиц платежах" № 14 ID= 1000224841. 
2024.05.23 04:45:58, Добавление строки. Связывание со входящим документом № 17 ЭД "Сведения о поступивших от юридических лиц платежах" № 14 ID= 1000224841. 
2024.05.23 04:46:14, Добавление строки. Связывание со входящим документом № 17 ЭД "Сведения о поступивших от юридических лиц платежах" № 14 ID= 1000224841. 
2024.05.23 04:46:30, Добавление строки. Связывание со входящим документом № 17 ЭД "Сведения о поступивших от юридических лиц платежах" № 14 ID= 1000224841. 
2024.05.23 04:46:45, Добавление строки. Связывание со входящим документом № 17 ЭД "Сведения о поступивших от юридических лиц платежах" № 14 ID= 1000224841. 
2024.05.23 04:47:01, Добавление строки. Связывание со входящим документом № 17 ЭД "Сведения о поступивших от юридических лиц платежах" № 14 ID= 1000224841. 
2024.05.23 04:47:17, Добавление строки. Связывание со входящим документом № 17 ЭД "Сведения о поступивших от юридических лиц платежах" № 14 ID= 1000224841. 
2024.05.23 04:47:33, Добавление строки. Связывание со входящим документом № 17 ЭД "Сведения о поступивших от юридических лиц платежах" № 14 ID= 1000224841. 
2024.05.23 04:47:48, Добавление строки. Связывание со входящим документом № 17 ЭД "Сведения о поступивших от юридических лиц платежах" № 14 ID= 1000224841. 
2024.05.23 04:48:04, Добавление строки. Связывание со входящим документом № 17 ЭД "Сведения о поступивших от юридических лиц платежах" № 14 ID= 1000224841. 
2024.05.23 04:48:20, Добавление строки. Связывание со входящим документом № 17 ЭД "Сведения о поступивших от юридических лиц платежах" № 14 ID= 1000224841. 
2024.05.23 04:48:36, Добавление строки. Связывание со входящим документом № 17 ЭД "Сведения о поступивших от юридических лиц платежах" № 14 ID= 1000224841. 
2024.05.23 04:48:51, Добавление строки. Связывание со входящим документом № 17 ЭД "Сведения о поступивших от юридических лиц платежах" № 14 ID= 1000224841. 
2024.05.23 04:49:07, Добавление строки. Связывание со входящим документом № 17 ЭД "Сведения о поступивших от юридических лиц платежах" № 14 ID= 1000224841. 
2024.05.23 04:49:23, Добавление строки. Связывание со входящим документом № 17 ЭД "Сведения о поступивших от юридических лиц платежах" № 14 ID= 1000224841. 
2024.05.23 04:49:39, Добавление строки. Связывание со входящим документом № 17 ЭД "Сведения о поступивших от юридических лиц платежах" № 14 ID= 1000224841. 
2024.05.23 04:49:55, Добавление строки. Связывание со входящим документом № 17 ЭД "Сведения о поступивших от юридических лиц платежах" № 14 ID= 1000224841. 
2024.05.23 04:50:10, Добавление строки. Связывание со входящим документом № 17 ЭД "Сведения о поступивших от юридических лиц платежах" № 14 ID= 1000224841. 
2024.05.23 04:50:26, Добавление строки. Связывание со входящим документом № 17 ЭД "Сведения о поступивших от юридических лиц платежах" № 14 ID= 1000224841. 
2024.05.23 04:50:42, Добавление строки. Связывание со входящим документом № 17 ЭД "Сведения о поступивших от юридических лиц платежах" № 14 ID= 1000224841. 
2024.05.23 04:50:58, Добавление строки. Связывание со входящим документом № 17 ЭД "Сведения о поступивших от юридических лиц платежах" № 14 ID= 1000224841. 
2024.05.23 04:51:14, Добавление строки. Связывание со входящим документом № 17 ЭД "Сведения о поступивших от юридических лиц платежах" № 14 ID= 1000224841. 
2024.05.23 04:51:29, Добавление строки. Связывание со входящим документом № 17 ЭД "Сведения о поступивших от юридических лиц платежах" № 14 ID= 1000224841. 
2024.05.23 04:51:45, Добавление строки. Связывание со входящим документом № 17 ЭД "Сведения о поступивших от юридических лиц платежах" № 14 ID= 1000224841. 
2024.05.23 04:52:01, Добавление строки. Связывание со входящим документом № 17 ЭД "Сведения о поступивших от юридических лиц платежах" № 14 ID= 1000224841. 
2024.05.23 04:52:17, Добавление строки. Связывание со входящим документом № 17 ЭД "Сведения о поступивших от юридических лиц платежах" № 14 ID= 1000224841. 
2024.05.23 04:52:32, Добавление строки. Связывание со входящим документом № 17 ЭД "Сведения о поступивших от юридических лиц платежах" № 14 ID= 1000224841. 
2024.05.23 04:52:48, Добавление строки. Связывание со входящим документом № 17 ЭД "Сведения о поступивших от юридических лиц платежах" № 14 ID= 1000224841. 
2024.05.23 04:53:04, Добавление строки. Связывание со входящим документом № 17 ЭД "Сведения о поступивших от юридических лиц платежах" № 14 ID= 1000224841. 
2024.05.23 04:53:20, Добавление строки. Связывание со входящим документом № 17 ЭД "Сведения о поступивших от юридических лиц платежах" № 14 ID= 1000224841. 
2024.05.23 04:53:36, Добавление строки. Связывание со входящим документом № 17 ЭД "Сведения о поступивших от юридических лиц платежах" № 14 ID= 1000224841. 
2024.05.23 04:53:51, Добавление строки. Связывание со входящим документом № 17 ЭД "Сведения о поступивших от юридических лиц платежах" № 14 ID= 1000224841. 
2024.05.23 04:54:07, Добавление строки. Связывание со входящим документом № 17 ЭД "Сведения о поступивших от юридических лиц платежах" № 14 ID= 1000224841. 
2024.05.23 04:54:23, Добавление строки. Связывание со входящим документом № 17 ЭД "Сведения о поступивших от юридических лиц платежах" № 14 ID= 1000224841. 
2024.05.23 04:54:39, Добавление строки. Связывание со входящим документом № 17 ЭД "Сведения о поступивших от юридических лиц платежах" № 14 ID= 1000224841. 
2024.05.23 04:54:55, Добавление строки. Связывание со входящим документом № 17 ЭД "Сведения о поступивших от юридических лиц платежах" № 14 ID= 1000224841. 
2024.05.23 04:55:10, Добавление строки. Связывание со входящим документом № 17 ЭД "Сведения о поступивших от юридических лиц платежах" № 14 ID= 1000224841. 
2024.05.23 04:55:26, Добавление строки. Связывание со входящим документом № 17 ЭД "Сведения о поступивших от юридических лиц платежах" № 14 ID= 1000224841. 
2024.05.23 04:55:42, Добавление строки. Связывание со входящим документом № 17 ЭД "Сведения о поступивших от юридических лиц платежах" № 14 ID= 1000224841. 
2024.05.23 04:55:58, Добавление строки. Связывание со входящим документом № 17 ЭД "Сведения о поступивших от юридических лиц платежах" № 14 ID= 1000224841. 
2024.05.23 04:56:14, Добавление строки. Связывание со входящим документом № 17 ЭД "Сведения о поступивших от юридических лиц платежах" № 14 ID= 1000224841. 
2024.05.23 04:56:30, Добавление строки. Связывание со входящим документом № 17 ЭД "Сведения о поступивших от юридических лиц платежах" № 14 ID= 1000224841. 
2024.05.23 04:56:45, Добавление строки. Связывание со входящим документом № 17 ЭД "Сведения о поступивших от юридических лиц платежах" № 14 ID= 1000224841. 
2024.05.23 04:57:01, Добавление строки. Связывание со входящим документом № 17 ЭД "Сведения о поступивших от юридических лиц платежах" № 14 ID= 1000224841. 
2024.05.23 04:57:17, Добавление строки. Связывание со входящим документом № 17 ЭД "Сведения о поступивших от юридических лиц платежах" № 14 ID= 1000224841. 
2024.05.23 04:57:33, Добавление строки. Связывание со входящим документом № 17 ЭД "Сведения о поступивших от юридических лиц платежах" № 14 ID= 1000224841. 
2024.05.23 04:57:49, Добавление строки. Связывание со входящим документом № 17 ЭД "Сведения о поступивших от юридических лиц платежах" № 14 ID= 1000224841. 
2024.05.23 04:58:05, Добавление строки. Связывание со входящим документом № 17 ЭД "Сведения о поступивших от юридических лиц платежах" № 14 ID= 1000224841. 
2024.05.23 04:58:20, Добавление строки. Связывание со входящим документом № 17 ЭД "Сведения о поступивших от юридических лиц платежах" № 14 ID= 1000224841. 
2024.05.23 04:58:36, Добавление строки. Связывание со входящим документом № 17 ЭД "Сведения о поступивших от юридических лиц платежах" № 14 ID= 1000224841. 
2024.05.23 04:58:52, Добавление строки. Связывание со входящим документом № 17 ЭД "Сведения о поступивших от юридических лиц платежах" № 14 ID= 1000224841. 
2024.05.23 04:59:08, Добавление строки. Связывание со входящим документом № 17 ЭД "Сведения о поступивших от юридических лиц платежах" № 14 ID= 1000224841. 
2024.05.23 04:59:24, Добавление строки. Связывание со входящим документом № 17 ЭД "Сведения о поступивших от юридических лиц платежах" № 14 ID= 1000224841. 
2024.05.23 04:59:40, Добавление строки. Связывание со входящим документом № 17 ЭД "Сведения о поступивших от юридических лиц платежах" № 14 ID= 1000224841. 
2024.05.23 04:59:55, Добавление строки. Связывание со входящим документом № 17 ЭД "Сведения о поступивших от юридических лиц платежах" № 14 ID= 1000224841. 
2024.05.23 05:00:11, Добавление строки. Связывание со входящим документом № 17 ЭД "Сведения о поступивших от юридических лиц платежах" № 14 ID= 1000224841. 
2024.05.23 05:00:27, Добавление строки. Связывание со входящим документом № 17 ЭД "Сведения о поступивших от юридических лиц платежах" № 14 ID= 1000224841. 
2024.05.23 05:00:43, Добавление строки. Связывание со входящим документом № 17 ЭД "Сведения о поступивших от юридических лиц платежах" № 14 ID= 1000224841. 
2024.05.23 05:00:59, Добавление строки. Связывание со входящим документом № 17 ЭД "Сведения о поступивших от юридических лиц платежах" № 14 ID= 1000224841. 
2024.05.23 05:01:15, Добавление строки. Связывание со входящим документом № 17 ЭД "Сведения о поступивших от юридических лиц платежах" № 14 ID= 1000224841. 
2024.05.23 05:01:31, Добавление строки. Связывание со входящим документом № 17 ЭД "Сведения о поступивших от юридических лиц платежах" № 14 ID= 1000224841. 
2024.05.23 05:01:46, Добавление строки. Связывание со входящим документом № 17 ЭД "Сведения о поступивших от юридических лиц платежах" № 14 ID= 1000224841. 
2024.05.23 05:02:02, Добавление строки. Связывание со входящим документом № 17 ЭД "Сведения о поступивших от юридических лиц платежах" № 14 ID= 1000224841. 
2024.05.23 05:02:18, Добавление строки. Связывание со входящим документом № 17 ЭД "Сведения о поступивших от юридических лиц платежах" № 14 ID= 1000224841. 
2024.05.23 05:02:34, Добавление строки. Связывание со входящим документом № 17 ЭД "Сведения о поступивших от юридических лиц платежах" № 14 ID= 1000224841. 
2024.05.23 05:02:50, Добавление строки. Связывание со входящим документом № 17 ЭД "Сведения о поступивших от юридических лиц платежах" № 14 ID= 1000224841. 
2024.05.23 05:03:06, Добавление строки. Связывание со входящим документом № 17 ЭД "Сведения о поступивших от юридических лиц платежах" № 14 ID= 1000224841. 
2024.05.23 05:03:22, Добавление строки. Связывание со входящим документом № 17 ЭД "Сведения о поступивших от юридических лиц платежах" № 14 ID= 1000224841. 
2024.05.23 05:03:38, Добавление строки. Связывание со входящим документом № 17 ЭД "Сведения о поступивших от юридических лиц платежах" № 14 ID= 1000224841. 
2024.05.23 05:03:53, Добавление строки. Связывание со входящим документом № 17 ЭД "Сведения о поступивших от юридических лиц платежах" № 14 ID= 1000224841. 
2024.05.23 05:04:09, Добавление строки. Связывание со входящим документом № 17 ЭД "Сведения о поступивших от юридических лиц платежах" № 14 ID= 1000224841. 
2024.05.23 05:04:25, Добавление строки. Связывание со входящим документом № 17 ЭД "Сведения о поступивших от юридических лиц платежах" № 14 ID= 1000224841. 
2024.05.23 05:04:41, Добавление строки. Связывание со входящим документом № 17 ЭД "Сведения о поступивших от юридических лиц платежах" № 14 ID= 1000224841. 
2024.05.23 05:04:57, Добавление строки. Связывание со входящим документом № 17 ЭД "Сведения о поступивших от юридических лиц платежах" № 14 ID= 1000224841. 
2024.05.23 05:05:13, Добавление строки. Связывание со входящим документом № 17 ЭД "Сведения о поступивших от юридических лиц платежах" № 14 ID= 1000224841. 
2024.05.23 05:05:29, Добавление строки. Связывание со входящим документом № 17 ЭД "Сведения о поступивших от юридических лиц платежах" № 14 ID= 1000224841. 
2024.05.23 05:05:45, Добавление строки. Связывание со входящим документом № 17 ЭД "Сведения о поступивших от юридических лиц платежах" № 14 ID= 1000224841. 
2024.05.23 05:06:00, Добавление строки. Связывание со входящим документом № 17 ЭД "Сведения о поступивших от юридических лиц платежах" № 14 ID= 1000224841. 
2024.05.23 05:06:17, Добавление строки. Связывание со входящим документом № 17 ЭД "Сведения о поступивших от юридических лиц платежах" № 14 ID= 1000224841. 
2024.05.23 05:06:32, Добавление строки. Связывание со входящим документом № 17 ЭД "Сведения о поступивших от юридических лиц платежах" № 14 ID= 1000224841. 
2024.05.23 05:06:48, Добавление строки. Связывание со входящим документом № 17 ЭД "Сведения о поступивших от юридических лиц платежах" № 14 ID= 1000224841. 
2024.05.23 05:07:04, Добавление строки. Связывание со входящим документом № 17 ЭД "Сведения о поступивших от юридических лиц платежах" № 14 ID= 1000224841. 
2024.05.23 05:07:20, Добавление строки. Связывание со входящим документом № 17 ЭД "Сведения о поступивших от юридических лиц платежах" № 14 ID= 1000224841. 
2024.05.23 05:07:36, Добавление строки. Связывание со входящим документом № 17 ЭД "Сведения о поступивших от юридических лиц платежах" № 14 ID= 1000224841. 
2024.05.23 05:07:52, Добавление строки. Связывание со входящим документом № 17 ЭД "Сведения о поступивших от юридических лиц платежах" № 14 ID= 1000224841. 
2024.05.23 05:08:08, Добавление строки. Связывание со входящим документом № 17 ЭД "Сведения о поступивших от юридических лиц платежах" № 14 ID= 1000224841. 
2024.05.23 05:08:24, Добавление строки. Связывание со входящим документом № 17 ЭД "Сведения о поступивших от юридических лиц платежах" № 14 ID= 1000224841. 
2024.05.23 05:08:40, Добавление строки. Связывание со входящим документом № 17 ЭД "Сведения о поступивших от юридических лиц платежах" № 14 ID= 1000224841. 
2024.05.23 05:08:56, Добавление строки. Связывание со входящим документом № 17 ЭД "Сведения о поступивших от юридических лиц платежах" № 14 ID= 1000224841. 
2024.05.23 05:09:11, Добавление строки. Связывание со входящим документом № 17 ЭД "Сведения о поступивших от юридических лиц платежах" № 14 ID= 1000224841. 
2024.05.23 05:09:27, Добавление строки. Связывание со входящим документом № 17 ЭД "Сведения о поступивших от юридических лиц платежах" № 14 ID= 1000224841. 
2024.05.23 05:09:43, Добавление строки. Связывание со входящим документом № 17 ЭД "Сведения о поступивших от юридических лиц платежах" № 14 ID= 1000224841. 
2024.05.23 05:09:59, Добавление строки. Связывание со входящим документом № 17 ЭД "Сведения о поступивших от юридических лиц платежах" № 14 ID= 1000224841. 
2024.05.23 05:10:15, Добавление строки. Связывание со входящим документом № 17 ЭД "Сведения о поступивших от юридических лиц платежах" № 14 ID= 1000224841. 
2024.05.23 05:10:31, Добавление строки. Связывание со входящим документом № 17 ЭД "Сведения о поступивших от юридических лиц платежах" № 14 ID= 1000224841. 
2024.05.23 05:10:47, Добавление строки. Связывание со входящим документом № 17 ЭД "Сведения о поступивших от юридических лиц платежах" № 14 ID= 1000224841. 
2024.05.23 05:11:03, Добавление строки. Связывание со входящим документом № 17 ЭД "Сведения о поступивших от юридических лиц платежах" № 14 ID= 1000224841. 
2024.05.23 05:11:19, Добавление строки. Связывание со входящим документом № 17 ЭД "Сведения о поступивших от юридических лиц платежах" № 14 ID= 1000224841. 
2024.05.23 05:11:35, Добавление строки. Связывание со входящим документом № 17 ЭД "Сведения о поступивших от юридических лиц платежах" № 14 ID= 1000224841. 
2024.05.23 05:11:51, Добавление строки. Связывание со входящим документом № 17 ЭД "Сведения о поступивших от юридических лиц платежах" № 14 ID= 1000224841. 
2024.05.23 05:12:07, Добавление строки. Связывание со входящим документом № 17 ЭД "Сведения о поступивших от юридических лиц платежах" № 14 ID= 1000224841. 
2024.05.23 05:12:23, Добавление строки. Связывание со входящим документом № 17 ЭД "Сведения о поступивших от юридических лиц платежах" № 14 ID= 1000224841. 
2024.05.23 05:12:39, Добавление строки. Связывание со входящим документом № 17 ЭД "Сведения о поступивших от юридических лиц платежах" № 14 ID= 1000224841. 
2024.05.23 05:12:55, Добавление строки. Связывание со входящим документом № 17 ЭД "Сведения о поступивших от юридических лиц платежах" № 14 ID= 1000224841. 
2024.05.23 05:13:11, Добавление строки. Связывание со входящим документом № 17 ЭД "Сведения о поступивших от юридических лиц платежах" № 14 ID= 1000224841. 
2024.05.23 05:13:27, Добавление строки. Связывание со входящим документом № 17 ЭД "Сведения о поступивших от юридических лиц платежах" № 14 ID= 1000224841. 
2024.05.23 05:13:43, Добавление строки. Связывание со входящим документом № 17 ЭД "Сведения о поступивших от юридических лиц платежах" № 14 ID= 1000224841. 
2024.05.23 05:13:59, Добавление строки. Связывание со входящим документом № 17 ЭД "Сведения о поступивших от юридических лиц платежах" № 14 ID= 1000224841. 
2024.05.23 05:14:15, Добавление строки. Связывание со входящим документом № 17 ЭД "Сведения о поступивших от юридических лиц платежах" № 14 ID= 1000224841. 
2024.05.23 05:14:31, Добавление строки. Связывание со входящим документом № 17 ЭД "Сведения о поступивших от юридических лиц платежах" № 14 ID= 1000224841. 
2024.05.23 05:14:47, Добавление строки. Связывание со входящим документом № 17 ЭД "Сведения о поступивших от юридических лиц платежах" № 14 ID= 1000224841. 
2024.05.23 05:15:03, Добавление строки. Связывание со входящим документом № 17 ЭД "Сведения о поступивших от юридических лиц платежах" № 14 ID= 1000224841. 
2024.05.23 05:15:19, Добавление строки. Связывание со входящим документом № 17 ЭД "Сведения о поступивших от юридических лиц платежах" № 14 ID= 1000224841. 
2024.05.23 05:15:35, Добавление строки. Связывание со входящим документом № 17 ЭД "Сведения о поступивших от юридических лиц платежах" № 14 ID= 1000224841. 
2024.05.23 05:15:51, Добавление строки. Связывание со входящим документом № 17 ЭД "Сведения о поступивших от юридических лиц платежах" № 14 ID= 1000224841. 
2024.05.23 05:16:07, Добавление строки. Связывание со входящим документом № 17 ЭД "Сведения о поступивших от юридических лиц платежах" № 14 ID= 1000224841. 
2024.05.23 05:16:23, Добавление строки. Связывание со входящим документом № 17 ЭД "Сведения о поступивших от юридических лиц платежах" № 14 ID= 1000224841. 
2024.05.23 05:16:39, Добавление строки. Связывание со входящим документом № 17 ЭД "Сведения о поступивших от юридических лиц платежах" № 14 ID= 1000224841. 
2024.05.23 05:16:55, Добавление строки. Связывание со входящим документом № 17 ЭД "Сведения о поступивших от юридических лиц платежах" № 14 ID= 1000224841. 
2024.05.23 05:17:11, Добавление строки. Связывание со входящим документом № 17 ЭД "Сведения о поступивших от юридических лиц платежах" № 14 ID= 1000224841. 
2024.05.23 05:17:27, Добавление строки. Связывание со входящим документом № 17 ЭД "Сведения о поступивших от юридических лиц платежах" № 14 ID= 1000224841. 
2024.05.23 05:17:43, Добавление строки. Связывание со входящим документом № 17 ЭД "Сведения о поступивших от юридических лиц платежах" № 14 ID= 1000224841. 
2024.05.23 05:17:59, Добавление строки. Связывание со входящим документом № 17 ЭД "Сведения о поступивших от юридических лиц платежах" № 14 ID= 1000224841. 
2024.05.23 05:18:15, Добавление строки. Связывание со входящим документом № 17 ЭД "Сведения о поступивших от юридических лиц платежах" № 14 ID= 1000224841. 
2024.05.23 05:18:31, Добавление строки. Связывание со входящим документом № 17 ЭД "Сведения о поступивших от юридических лиц платежах" № 14 ID= 1000224841. 
2024.05.23 05:18:47, Добавление строки. Связывание со входящим документом № 17 ЭД "Сведения о поступивших от юридических лиц платежах" № 14 ID= 1000224841. 
2024.05.23 05:19:03, Добавление строки. Связывание со входящим документом № 17 ЭД "Сведения о поступивших от юридических лиц платежах" № 14 ID= 1000224841. 
2024.05.23 05:19:19, Добавление строки. Связывание со входящим документом № 17 ЭД "Сведения о поступивших от юридических лиц платежах" № 14 ID= 1000224841. 
2024.05.23 05:19:35, Добавление строки. Связывание со входящим документом № 17 ЭД "Сведения о поступивших от юридических лиц платежах" № 14 ID= 1000224841. 
2024.05.23 05:19:51, Добавление строки. Связывание со входящим документом № 17 ЭД "Сведения о поступивших от юридических лиц платежах" № 14 ID= 1000224841. 
2024.05.23 05:20:07, Добавление строки. Связывание со входящим документом № 17 ЭД "Сведения о поступивших от юридических лиц платежах" № 14 ID= 1000224841. 
2024.05.23 05:20:23, Добавление строки. Связывание со входящим документом № 17 ЭД "Сведения о поступивших от юридических лиц платежах" № 14 ID= 1000224841. 
2024.05.23 05:20:39, Добавление строки. Связывание со входящим документом № 17 ЭД "Сведения о поступивших от юридических лиц платежах" № 14 ID= 1000224841. 
2024.05.23 05:20:55, Добавление строки. Связывание со входящим документом № 17 ЭД "Сведения о поступивших от юридических лиц платежах" № 14 ID= 1000224841. 
2024.05.23 05:21:11, Добавление строки. Связывание со входящим документом № 17 ЭД "Сведения о поступивших от юридических лиц платежах" № 14 ID= 1000224841. 
2024.05.23 05:21:27, Добавление строки. Связывание со входящим документом № 17 ЭД "Сведения о поступивших от юридических лиц платежах" № 14 ID= 1000224841. 
2024.05.23 05:21:43, Добавление строки. Связывание со входящим документом № 17 ЭД "Сведения о поступивших от юридических лиц платежах" № 14 ID= 1000224841. 
2024.05.23 05:21:59, Добавление строки. Связывание со входящим документом № 17 ЭД "Сведения о поступивших от юридических лиц платежах" № 14 ID= 1000224841. 
2024.05.23 05:22:15, Добавление строки. Связывание со входящим документом № 17 ЭД "Сведения о поступивших от юридических лиц платежах" № 14 ID= 1000224841. 
2024.05.23 05:22:31, Добавление строки. Связывание со входящим документом № 17 ЭД "Сведения о поступивших от юридических лиц платежах" № 14 ID= 1000224841. 
2024.05.23 05:22:47, Добавление строки. Связывание со входящим документом № 17 ЭД "Сведения о поступивших от юридических лиц платежах" № 14 ID= 1000224841. 
2024.05.23 05:23:03, Добавление строки. Связывание со входящим документом № 17 ЭД "Сведения о поступивших от юридических лиц платежах" № 14 ID= 1000224841. 
2024.05.23 05:23:19, Добавление строки. Связывание со входящим документом № 17 ЭД "Сведения о поступивших от юридических лиц платежах" № 14 ID= 1000224841. 
2024.05.23 05:23:35, Добавление строки. Связывание со входящим документом № 17 ЭД "Сведения о поступивших от юридических лиц платежах" № 14 ID= 1000224841. 
2024.05.23 05:23:51, Добавление строки. Связывание со входящим документом № 17 ЭД "Сведения о поступивших от юридических лиц платежах" № 14 ID= 1000224841. 
2024.05.23 05:24:08, Добавление строки. Связывание со входящим документом № 17 ЭД "Сведения о поступивших от юридических лиц платежах" № 14 ID= 1000224841. 
2024.05.23 05:24:24, Добавление строки. Связывание со входящим документом № 17 ЭД "Сведения о поступивших от юридических лиц платежах" № 14 ID= 1000224841. 
2024.05.23 05:24:40, Добавление строки. Связывание со входящим документом № 17 ЭД "Сведения о поступивших от юридических лиц платежах" № 14 ID= 1000224841. 
2024.05.23 05:24:56, Добавление строки. Связывание со входящим документом № 17 ЭД "Сведения о поступивших от юридических лиц платежах" № 14 ID= 1000224841. 
2024.05.23 05:25:12, Добавление строки. Связывание со входящим документом № 17 ЭД "Сведения о поступивших от юридических лиц платежах" № 14 ID= 1000224841. 
2024.05.23 05:25:28, Добавление строки. Связывание со входящим документом № 17 ЭД "Сведения о поступивших от юридических лиц платежах" № 14 ID= 1000224841. 
2024.05.23 05:25:44, Добавление строки. Связывание со входящим документом № 17 ЭД "Сведения о поступивших от юридических лиц платежах" № 14 ID= 1000224841. 
2024.05.23 05:26:00, Добавление строки. Связывание со входящим документом № 17 ЭД "Сведения о поступивших от юридических лиц платежах" № 14 ID= 1000224841. 
2024.05.23 05:26:16, Добавление строки. Связывание со входящим документом № 17 ЭД "Сведения о поступивших от юридических лиц платежах" № 14 ID= 1000224841. 
2024.05.23 05:26:32, Добавление строки. Связывание со входящим документом № 17 ЭД "Сведения о поступивших от юридических лиц платежах" № 14 ID= 1000224841. 
2024.05.23 05:26:48, Добавление строки. Связывание со входящим документом № 17 ЭД "Сведения о поступивших от юридических лиц платежах" № 14 ID= 1000224841. 
2024.05.23 05:27:04, Добавление строки. Связывание со входящим документом № 17 ЭД "Сведения о поступивших от юридических лиц платежах" № 14 ID= 1000224841. 
2024.05.23 05:27:20, Добавление строки. Связывание со входящим документом № 17 ЭД "Сведения о поступивших от юридических лиц платежах" № 14 ID= 1000224841. 
2024.05.23 05:27:36, Добавление строки. Связывание со входящим документом № 17 ЭД "Сведения о поступивших от юридических лиц платежах" № 14 ID= 1000224841. 
2024.05.23 05:27:53, Добавление строки. Связывание со входящим документом № 17 ЭД "Сведения о поступивших от юридических лиц платежах" № 14 ID= 1000224841. 
2024.05.23 05:28:09, Добавление строки. Связывание со входящим документом № 17 ЭД "Сведения о поступивших от юридических лиц платежах" № 14 ID= 1000224841. 
2024.05.23 05:28:25, Добавление строки. Связывание со входящим документом № 17 ЭД "Сведения о поступивших от юридических лиц платежах" № 14 ID= 1000224841. 
2024.05.23 05:28:41, Добавление строки. Связывание со входящим документом № 17 ЭД "Сведения о поступивших от юридических лиц платежах" № 14 ID= 1000224841. 
2024.05.23 05:28:57, Добавление строки. Связывание со входящим документом № 17 ЭД "Сведения о поступивших от юридических лиц платежах" № 14 ID= 1000224841. 
2024.05.23 05:29:13, Добавление строки. Связывание со входящим документом № 17 ЭД "Сведения о поступивших от юридических лиц платежах" № 14 ID= 1000224841. 
2024.05.23 05:29:29, Добавление строки. Связывание со входящим документом № 17 ЭД "Сведения о поступивших от юридических лиц платежах" № 14 ID= 1000224841. 
2024.05.23 05:29:45, Добавление строки. Связывание со входящим документом № 17 ЭД "Сведения о поступивших от юридических лиц платежах" № 14 ID= 1000224841. 
2024.05.23 05:30:01, Добавление строки. Связывание со входящим документом № 17 ЭД "Сведения о поступивших от юридических лиц платежах" № 14 ID= 1000224841. 
2024.05.23 05:30:17, Добавление строки. Связывание со входящим документом № 17 ЭД "Сведения о поступивших от юридических лиц платежах" № 14 ID= 1000224841. 
2024.05.23 05:30:34, Добавление строки. Связывание со входящим документом № 17 ЭД "Сведения о поступивших от юридических лиц платежах" № 14 ID= 1000224841. 
2024.05.23 05:30:50, Добавление строки. Связывание со входящим документом № 17 ЭД "Сведения о поступивших от юридических лиц платежах" № 14 ID= 1000224841. 
2024.05.23 05:31:06, Добавление строки. Связывание со входящим документом № 17 ЭД "Сведения о поступивших от юридических лиц платежах" № 14 ID= 1000224841. 
2024.05.23 05:31:22, Добавление строки. Связывание со входящим документом № 17 ЭД "Сведения о поступивших от юридических лиц платежах" № 14 ID= 1000224841. 
2024.05.23 05:31:38, Добавление строки. Связывание со входящим документом № 17 ЭД "Сведения о поступивших от юридических лиц платежах" № 14 ID= 1000224841. 
2024.05.23 05:31:54, Добавление строки. Связывание со входящим документом № 17 ЭД "Сведения о поступивших от юридических лиц платежах" № 14 ID= 1000224841. 
2024.05.23 05:32:10, Добавление строки. Связывание со входящим документом № 17 ЭД "Сведения о поступивших от юридических лиц платежах" № 14 ID= 1000224841. 
2024.05.23 05:32:27, Добавление строки. Связывание со входящим документом № 17 ЭД "Сведения о поступивших от юридических лиц платежах" № 14 ID= 1000224841. 
2024.05.23 05:32:43, Добавление строки. Связывание со входящим документом № 17 ЭД "Сведения о поступивших от юридических лиц платежах" № 14 ID= 1000224841. 
2024.05.23 05:32:59, Добавление строки. Связывание со входящим документом № 17 ЭД "Сведения о поступивших от юридических лиц платежах" № 14 ID= 1000224841. 
2024.05.23 05:33:15, Добавление строки. Связывание со входящим документом № 17 ЭД "Сведения о поступивших от юридических лиц платежах" № 14 ID= 1000224841. 
2024.05.23 05:33:31, Добавление строки. Связывание со входящим документом № 17 ЭД "Сведения о поступивших от юридических лиц платежах" № 14 ID= 1000224841. 
2024.05.23 05:33:47, Добавление строки. Связывание со входящим документом № 17 ЭД "Сведения о поступивших от юридических лиц платежах" № 14 ID= 1000224841. 
2024.05.23 05:34:04, Добавление строки. Связывание со входящим документом № 17 ЭД "Сведения о поступивших от юридических лиц платежах" № 14 ID= 1000224841. 
2024.05.23 05:34:20, Добавление строки. Связывание со входящим документом № 17 ЭД "Сведения о поступивших от юридических лиц платежах" № 14 ID= 1000224841. 
2024.05.23 05:34:36, Добавление строки. Связывание со входящим документом № 17 ЭД "Сведения о поступивших от юридических лиц платежах" № 14 ID= 1000224841. 
2024.05.23 05:34:52, Добавление строки. Связывание со входящим документом № 17 ЭД "Сведения о поступивших от юридических лиц платежах" № 14 ID= 1000224841. 
2024.05.23 05:35:08, Добавление строки. Связывание со входящим документом № 17 ЭД "Сведения о поступивших от юридических лиц платежах" № 14 ID= 1000224841. 
2024.05.23 05:35:24, Добавление строки. Связывание со входящим документом № 17 ЭД "Сведения о поступивших от юридических лиц платежах" № 14 ID= 1000224841. 
2024.05.23 05:35:40, Добавление строки. Связывание со входящим документом № 17 ЭД "Сведения о поступивших от юридических лиц платежах" № 14 ID= 1000224841. 
2024.05.23 05:35:56, Добавление строки. Связывание со входящим документом № 17 ЭД "Сведения о поступивших от юридических лиц платежах" № 14 ID= 1000224841. 
2024.05.23 05:36:13, Добавление строки. Связывание со входящим документом № 17 ЭД "Сведения о поступивших от юридических лиц платежах" № 14 ID= 1000224841. 
2024.05.23 05:36:29, Добавление строки. Связывание со входящим документом № 17 ЭД "Сведения о поступивших от юридических лиц платежах" № 14 ID= 1000224841. 
2024.05.23 05:36:45, Добавление строки. Связывание со входящим документом № 17 ЭД "Сведения о поступивших от юридических лиц платежах" № 14 ID= 1000224841. 
2024.05.23 05:37:01, Добавление строки. Связывание со входящим документом № 17 ЭД "Сведения о поступивших от юридических лиц платежах" № 14 ID= 1000224841. 
2024.05.23 05:37:18, Добавление строки. Связывание со входящим документом № 17 ЭД "Сведения о поступивших от юридических лиц платежах" № 14 ID= 1000224841. 
2024.05.23 05:37:34, Добавление строки. Связывание со входящим документом № 17 ЭД "Сведения о поступивших от юридических лиц платежах" № 14 ID= 1000224841. 
2024.05.23 05:37:50, Добавление строки. Связывание со входящим документом № 17 ЭД "Сведения о поступивших от юридических лиц платежах" № 14 ID= 1000224841. 
2024.05.23 05:38:07, Добавление строки. Связывание со входящим документом № 17 ЭД "Сведения о поступивших от юридических лиц платежах" № 14 ID= 1000224841. 
2024.05.23 05:38:23, Добавление строки. Связывание со входящим документом № 17 ЭД "Сведения о поступивших от юридических лиц платежах" № 14 ID= 1000224841. 
2024.05.23 05:38:39, Добавление строки. Связывание со входящим документом № 17 ЭД "Сведения о поступивших от юридических лиц платежах" № 14 ID= 1000224841. 
2024.05.23 05:38:55, Добавление строки. Связывание со входящим документом № 17 ЭД "Сведения о поступивших от юридических лиц платежах" № 14 ID= 1000224841. 
2024.05.23 05:39:11, Добавление строки. Связывание со входящим документом № 17 ЭД "Сведения о поступивших от юридических лиц платежах" № 14 ID= 1000224841. 
2024.05.23 05:39:28, Добавление строки. Связывание со входящим документом № 17 ЭД "Сведения о поступивших от юридических лиц платежах" № 14 ID= 1000224841. 
2024.05.23 05:39:44, Добавление строки. Связывание со входящим документом № 17 ЭД "Сведения о поступивших от юридических лиц платежах" № 14 ID= 1000224841. 
2024.05.23 05:40:00, Добавление строки. Связывание со входящим документом № 17 ЭД "Сведения о поступивших от юридических лиц платежах" № 14 ID= 1000224841. 
2024.05.23 05:40:16, Добавление строки. Связывание со входящим документом № 17 ЭД "Сведения о поступивших от юридических лиц платежах" № 14 ID= 1000224841. 
2024.05.23 05:40:32, Добавление строки. Связывание со входящим документом № 17 ЭД "Сведения о поступивших от юридических лиц платежах" № 14 ID= 1000224841. 
2024.05.23 05:40:49, Добавление строки. Связывание со входящим документом № 17 ЭД "Сведения о поступивших от юридических лиц платежах" № 14 ID= 1000224841. 
2024.05.23 05:41:05, Добавление строки. Связывание со входящим документом № 17 ЭД "Сведения о поступивших от юридических лиц платежах" № 14 ID= 1000224841. 
2024.05.23 05:41:21, Добавление строки. Связывание со входящим документом № 17 ЭД "Сведения о поступивших от юридических лиц платежах" № 14 ID= 1000224841. 
2024.05.23 05:41:37, Добавление строки. Связывание со входящим документом № 17 ЭД "Сведения о поступивших от юридических лиц платежах" № 14 ID= 1000224841. 
2024.05.23 05:41:53, Добавление строки. Связывание со входящим документом № 17 ЭД "Сведения о поступивших от юридических лиц платежах" № 14 ID= 1000224841. 
2024.05.23 05:42:10, Добавление строки. Связывание со входящим документом № 17 ЭД "Сведения о поступивших от юридических лиц платежах" № 14 ID= 1000224841. 
2024.05.23 05:42:26, Добавление строки. Связывание со входящим документом № 17 ЭД "Сведения о поступивших от юридических лиц платежах" № 14 ID= 1000224841. 
2024.05.23 05:42:42, Добавление строки. Связывание со входящим документом № 17 ЭД "Сведения о поступивших от юридических лиц платежах" № 14 ID= 1000224841. 
2024.05.23 05:42:58, Добавление строки. Связывание со входящим документом № 17 ЭД "Сведения о поступивших от юридических лиц платежах" № 14 ID= 1000224841. 
2024.05.23 05:43:15, Добавление строки. Связывание со входящим документом № 17 ЭД "Сведения о поступивших от юридических лиц платежах" № 14 ID= 1000224841. 
2024.05.23 05:43:31, Добавление строки. Связывание со входящим документом № 17 ЭД "Сведения о поступивших от юридических лиц платежах" № 14 ID= 1000224841. 
2024.05.23 05:43:47, Добавление строки. Связывание со входящим документом № 17 ЭД "Сведения о поступивших от юридических лиц платежах" № 14 ID= 1000224841. 
2024.05.23 05:44:03, Добавление строки. Связывание со входящим документом № 17 ЭД "Сведения о поступивших от юридических лиц платежах" № 14 ID= 1000224841. 
2024.05.23 05:44:19, Добавление строки. Связывание со входящим документом № 17 ЭД "Сведения о поступивших от юридических лиц платежах" № 14 ID= 1000224841. 
2024.05.23 05:44:36, Добавление строки. Связывание со входящим документом № 17 ЭД "Сведения о поступивших от юридических лиц платежах" № 14 ID= 1000224841. 
2024.05.23 05:44:52, Добавление строки. Связывание со входящим документом № 17 ЭД "Сведения о поступивших от юридических лиц платежах" № 14 ID= 1000224841. 
2024.05.23 05:45:08, Добавление строки. Связывание со входящим документом № 17 ЭД "Сведения о поступивших от юридических лиц платежах" № 14 ID= 1000224841. 
2024.05.23 05:45:24, Добавление строки. Связывание со входящим документом № 17 ЭД "Сведения о поступивших от юридических лиц платежах" № 14 ID= 1000224841. 
2024.05.23 05:45:41, Добавление строки. Связывание со входящим документом № 17 ЭД "Сведения о поступивших от юридических лиц платежах" № 14 ID= 1000224841. 
2024.05.23 05:45:57, Добавление строки. Связывание со входящим документом № 17 ЭД "Сведения о поступивших от юридических лиц платежах" № 14 ID= 1000224841. 
2024.05.23 05:46:13, Добавление строки. Связывание со входящим документом № 17 ЭД "Сведения о поступивших от юридических лиц платежах" № 14 ID= 1000224841. 
2024.05.23 05:46:29, Добавление строки. Связывание со входящим документом № 17 ЭД "Сведения о поступивших от юридических лиц платежах" № 14 ID= 1000224841. 
2024.05.23 05:46:46, Добавление строки. Связывание со входящим документом № 17 ЭД "Сведения о поступивших от юридических лиц платежах" № 14 ID= 1000224841. 
2024.05.23 05:47:02, Добавление строки. Связывание со входящим документом № 17 ЭД "Сведения о поступивших от юридических лиц платежах" № 14 ID= 1000224841. 
2024.05.23 05:47:18, Добавление строки. Связывание со входящим документом № 17 ЭД "Сведения о поступивших от юридических лиц платежах" № 14 ID= 1000224841. 
2024.05.23 05:47:34, Добавление строки. Связывание со входящим документом № 17 ЭД "Сведения о поступивших от юридических лиц платежах" № 14 ID= 1000224841. 
2024.05.23 05:47:51, Добавление строки. Связывание со входящим документом № 17 ЭД "Сведения о поступивших от юридических лиц платежах" № 14 ID= 1000224841. 
2024.05.23 05:48:07, Добавление строки. Связывание со входящим документом № 17 ЭД "Сведения о поступивших от юридических лиц платежах" № 14 ID= 1000224841. 
2024.05.23 05:48:23, Добавление строки. Связывание со входящим документом № 17 ЭД "Сведения о поступивших от юридических лиц платежах" № 14 ID= 1000224841. 
2024.05.23 05:48:39, Добавление строки. Связывание со входящим документом № 17 ЭД "Сведения о поступивших от юридических лиц платежах" № 14 ID= 1000224841. 
2024.05.23 05:48:56, Добавление строки. Связывание со входящим документом № 17 ЭД "Сведения о поступивших от юридических лиц платежах" № 14 ID= 1000224841. 
2024.05.23 05:49:12, Добавление строки. Связывание со входящим документом № 17 ЭД "Сведения о поступивших от юридических лиц платежах" № 14 ID= 1000224841. 
2024.05.23 05:49:28, Добавление строки. Связывание со входящим документом № 17 ЭД "Сведения о поступивших от юридических лиц платежах" № 14 ID= 1000224841. 
2024.05.23 05:49:45, Добавление строки. Связывание со входящим документом № 17 ЭД "Сведения о поступивших от юридических лиц платежах" № 14 ID= 1000224841. 
2024.05.23 05:50:01, Добавление строки. Связывание со входящим документом № 17 ЭД "Сведения о поступивших от юридических лиц платежах" № 14 ID= 1000224841. 
2024.05.23 05:50:17, Добавление строки. Связывание со входящим документом № 17 ЭД "Сведения о поступивших от юридических лиц платежах" № 14 ID= 1000224841. 
2024.05.23 05:50:34, Добавление строки. Связывание со входящим документом № 17 ЭД "Сведения о поступивших от юридических лиц платежах" № 14 ID= 1000224841. 
2024.05.23 05:50:50, Добавление строки. Связывание со входящим документом № 17 ЭД "Сведения о поступивших от юридических лиц платежах" № 14 ID= 1000224841. 
2024.05.23 05:51:06, Добавление строки. Связывание со входящим документом № 17 ЭД "Сведения о поступивших от юридических лиц платежах" № 14 ID= 1000224841. 
2024.05.23 05:51:22, Добавление строки. Связывание со входящим документом № 17 ЭД "Сведения о поступивших от юридических лиц платежах" № 14 ID= 1000224841. 
2024.05.23 05:51:39, Добавление строки. Связывание со входящим документом № 17 ЭД "Сведения о поступивших от юридических лиц платежах" № 14 ID= 1000224841. 
2024.05.23 05:51:55, Добавление строки. Связывание со входящим документом № 17 ЭД "Сведения о поступивших от юридических лиц платежах" № 14 ID= 1000224841. 
2024.05.23 05:52:11, Добавление строки. Связывание со входящим документом № 17 ЭД "Сведения о поступивших от юридических лиц платежах" № 14 ID= 1000224841. 
2024.05.23 05:52:27, Добавление строки. Связывание со входящим документом № 17 ЭД "Сведения о поступивших от юридических лиц платежах" № 14 ID= 1000224841. 
2024.05.23 05:52:44, Добавление строки. Связывание со входящим документом № 17 ЭД "Сведения о поступивших от юридических лиц платежах" № 14 ID= 1000224841. 
2024.05.23 05:53:00, Добавление строки. Связывание со входящим документом № 17 ЭД "Сведения о поступивших от юридических лиц платежах" № 14 ID= 1000224841. 
2024.05.23 05:53:17, Добавление строки. Связывание со входящим документом № 17 ЭД "Сведения о поступивших от юридических лиц платежах" № 14 ID= 1000224841. 
2024.05.23 05:53:33, Добавление строки. Связывание со входящим документом № 17 ЭД "Сведения о поступивших от юридических лиц платежах" № 14 ID= 1000224841. 
2024.05.23 05:53:50, Добавление строки. Связывание со входящим документом № 17 ЭД "Сведения о поступивших от юридических лиц платежах" № 14 ID= 1000224841. 
2024.05.23 05:54:06, Добавление строки. Связывание со входящим документом № 17 ЭД "Сведения о поступивших от юридических лиц платежах" № 14 ID= 1000224841. 
2024.05.23 05:54:22, Добавление строки. Связывание со входящим документом № 17 ЭД "Сведения о поступивших от юридических лиц платежах" № 14 ID= 1000224841. 
2024.05.23 05:54:39, Добавление строки. Связывание со входящим документом № 17 ЭД "Сведения о поступивших от юридических лиц платежах" № 14 ID= 1000224841. 
2024.05.23 05:54:55, Добавление строки. Связывание со входящим документом № 17 ЭД "Сведения о поступивших от юридических лиц платежах" № 14 ID= 1000224841. 
2024.05.23 05:55:11, Добавление строки. Связывание со входящим документом № 17 ЭД "Сведения о поступивших от юридических лиц платежах" № 14 ID= 1000224841. 
2024.05.23 05:55:27, Добавление строки. Связывание со входящим документом № 17 ЭД "Сведения о поступивших от юридических лиц платежах" № 14 ID= 1000224841. 
2024.05.23 05:55:44, Добавление строки. Связывание со входящим документом № 17 ЭД "Сведения о поступивших от юридических лиц платежах" № 14 ID= 1000224841. 
2024.05.23 05:56:00, Добавление строки. Связывание со входящим документом № 17 ЭД "Сведения о поступивших от юридических лиц платежах" № 14 ID= 1000224841. 
2024.05.23 05:56:16, Добавление строки. Связывание со входящим документом № 17 ЭД "Сведения о поступивших от юридических лиц платежах" № 14 ID= 1000224841. 
2024.05.23 05:56:33, Добавление строки. Связывание со входящим документом № 17 ЭД "Сведения о поступивших от юридических лиц платежах" № 14 ID= 1000224841. 
2024.05.23 05:56:49, Добавление строки. Связывание со входящим документом № 17 ЭД "Сведения о поступивших от юридических лиц платежах" № 14 ID= 1000224841. 
2024.05.23 05:57:05, Добавление строки. Связывание со входящим документом № 17 ЭД "Сведения о поступивших от юридических лиц платежах" № 14 ID= 1000224841. 
2024.05.23 05:57:22, Добавление строки. Связывание со входящим документом № 17 ЭД "Сведения о поступивших от юридических лиц платежах" № 14 ID= 1000224841. 
2024.05.23 05:57:38, Добавление строки. Связывание со входящим документом № 17 ЭД "Сведения о поступивших от юридических лиц платежах" № 14 ID= 1000224841. 
2024.05.23 05:57:54, Добавление строки. Связывание со входящим документом № 17 ЭД "Сведения о поступивших от юридических лиц платежах" № 14 ID= 1000224841. 
2024.05.23 05:58:11, Добавление строки. Связывание со входящим документом № 17 ЭД "Сведения о поступивших от юридических лиц платежах" № 14 ID= 1000224841. 
2024.05.23 05:58:27, Добавление строки. Связывание со входящим документом № 17 ЭД "Сведения о поступивших от юридических лиц платежах" № 14 ID= 1000224841. 
2024.05.23 05:58:43, Добавление строки. Связывание со входящим документом № 17 ЭД "Сведения о поступивших от юридических лиц платежах" № 14 ID= 1000224841. 
2024.05.23 05:59:00, Добавление строки. Связывание со входящим документом № 17 ЭД "Сведения о поступивших от юридических лиц платежах" № 14 ID= 1000224841. 
2024.05.23 05:59:16, Добавление строки. Связывание со входящим документом № 17 ЭД "Сведения о поступивших от юридических лиц платежах" № 14 ID= 1000224841. 
2024.05.23 05:59:32, Добавление строки. Связывание со входящим документом № 17 ЭД "Сведения о поступивших от юридических лиц платежах" № 14 ID= 1000224841. 
2024.05.23 05:59:49, Добавление строки. Связывание со входящим документом № 17 ЭД "Сведения о поступивших от юридических лиц платежах" № 14 ID= 1000224841. 
2024.05.23 06:00:05, Добавление строки. Связывание со входящим документом № 17 ЭД "Сведения о поступивших от юридических лиц платежах" № 14 ID= 1000224841. 
2024.05.23 06:00:22, Добавление строки. Связывание со входящим документом № 17 ЭД "Сведения о поступивших от юридических лиц платежах" № 14 ID= 1000224841. 
2024.05.23 06:00:38, Добавление строки. Связывание со входящим документом № 17 ЭД "Сведения о поступивших от юридических лиц платежах" № 14 ID= 1000224841. 
2024.05.23 06:00:54, Добавление строки. Связывание со входящим документом № 17 ЭД "Сведения о поступивших от юридических лиц платежах" № 14 ID= 1000224841. 
2024.05.23 06:01:11, Добавление строки. Связывание со входящим документом № 17 ЭД "Сведения о поступивших от юридических лиц платежах" № 14 ID= 1000224841. 
2024.05.23 06:01:27, Добавление строки. Связывание со входящим документом № 17 ЭД "Сведения о поступивших от юридических лиц платежах" № 14 ID= 1000224841. 
2024.05.23 06:01:44, Добавление строки. Связывание со входящим документом № 17 ЭД "Сведения о поступивших от юридических лиц платежах" № 14 ID= 1000224841. 
2024.05.23 06:02:00, Добавление строки. Связывание со входящим документом № 17 ЭД "Сведения о поступивших от юридических лиц платежах" № 14 ID= 1000224841. 
2024.05.23 06:02:16, Добавление строки. Связывание со входящим документом № 17 ЭД "Сведения о поступивших от юридических лиц платежах" № 14 ID= 1000224841. 
2024.05.23 06:02:33, Добавление строки. Связывание со входящим документом № 17 ЭД "Сведения о поступивших от юридических лиц платежах" № 14 ID= 1000224841. 
2024.05.23 06:02:49, Добавление строки. Связывание со входящим документом № 17 ЭД "Сведения о поступивших от юридических лиц платежах" № 14 ID= 1000224841. 
2024.05.23 06:03:05, Добавление строки. Связывание со входящим документом № 17 ЭД "Сведения о поступивших от юридических лиц платежах" № 14 ID= 1000224841. 
2024.05.23 06:03:22, Добавление строки. Связывание со входящим документом № 17 ЭД "Сведения о поступивших от юридических лиц платежах" № 14 ID= 1000224841. 
2024.05.23 06:03:38, Добавление строки. Связывание со входящим документом № 17 ЭД "Сведения о поступивших от юридических лиц платежах" № 14 ID= 1000224841. 
2024.05.23 06:03:55, Добавление строки. Связывание со входящим документом № 17 ЭД "Сведения о поступивших от юридических лиц платежах" № 14 ID= 1000224841. 
2024.05.23 06:04:11, Добавление строки. Связывание со входящим документом № 17 ЭД "Сведения о поступивших от юридических лиц платежах" № 14 ID= 1000224841. 
2024.05.23 06:04:27, Добавление строки. Связывание со входящим документом № 17 ЭД "Сведения о поступивших от юридических лиц платежах" № 14 ID= 1000224841. 
2024.05.23 06:04:44, Добавление строки. Связывание со входящим документом № 17 ЭД "Сведения о поступивших от юридических лиц платежах" № 14 ID= 1000224841. 
2024.05.23 06:05:00, Добавление строки. Связывание со входящим документом № 17 ЭД "Сведения о поступивших от юридических лиц платежах" № 14 ID= 1000224841. 
2024.05.23 06:05:16, Добавление строки. Связывание со входящим документом № 17 ЭД "Сведения о поступивших от юридических лиц платежах" № 14 ID= 1000224841. 
2024.05.23 06:05:33, Добавление строки. Связывание со входящим документом № 17 ЭД "Сведения о поступивших от юридических лиц платежах" № 14 ID= 1000224841. 
2024.05.23 06:05:49, Добавление строки. Связывание со входящим документом № 17 ЭД "Сведения о поступивших от юридических лиц платежах" № 14 ID= 1000224841. 
2024.05.23 06:06:06, Добавление строки. Связывание со входящим документом № 17 ЭД "Сведения о поступивших от юридических лиц платежах" № 14 ID= 1000224841. 
2024.05.23 06:06:22, Добавление строки. Связывание со входящим документом № 17 ЭД "Сведения о поступивших от юридических лиц платежах" № 14 ID= 1000224841. 
2024.05.23 06:06:38, Добавление строки. Связывание со входящим документом № 17 ЭД "Сведения о поступивших от юридических лиц платежах" № 14 ID= 1000224841. 
2024.05.23 06:06:55, Добавление строки. Связывание со входящим документом № 17 ЭД "Сведения о поступивших от юридических лиц платежах" № 14 ID= 1000224841. 
2024.05.23 06:07:11, Добавление строки. Связывание со входящим документом № 17 ЭД "Сведения о поступивших от юридических лиц платежах" № 14 ID= 1000224841. 
2024.05.23 06:07:28, Добавление строки. Связывание со входящим документом № 17 ЭД "Сведения о поступивших от юридических лиц платежах" № 14 ID= 1000224841. 
2024.05.23 06:07:44, Добавление строки. Связывание со входящим документом № 17 ЭД "Сведения о поступивших от юридических лиц платежах" № 14 ID= 1000224841. 
2024.05.23 06:08:00, Добавление строки. Связывание со входящим документом № 17 ЭД "Сведения о поступивших от юридических лиц платежах" № 14 ID= 1000224841. 
2024.05.23 06:08:17, Добавление строки. Связывание со входящим документом № 17 ЭД "Сведения о поступивших от юридических лиц платежах" № 14 ID= 1000224841. 
2024.05.23 06:08:33, Добавление строки. Связывание со входящим документом № 17 ЭД "Сведения о поступивших от юридических лиц платежах" № 14 ID= 1000224841. 
2024.05.23 06:08:50, Добавление строки. Связывание со входящим документом № 17 ЭД "Сведения о поступивших от юридических лиц платежах" № 14 ID= 1000224841. 
2024.05.23 06:09:06, Добавление строки. Связывание со входящим документом № 17 ЭД "Сведения о поступивших от юридических лиц платежах" № 14 ID= 1000224841. 
2024.05.23 06:09:23, Добавление строки. Связывание со входящим документом № 17 ЭД "Сведения о поступивших от юридических лиц платежах" № 14 ID= 1000224841. 
2024.05.23 06:09:39, Добавление строки. Связывание со входящим документом № 17 ЭД "Сведения о поступивших от юридических лиц платежах" № 14 ID= 1000224841. 
2024.05.23 06:09:56, Добавление строки. Связывание со входящим документом № 17 ЭД "Сведения о поступивших от юридических лиц платежах" № 14 ID= 1000224841. 
2024.05.23 06:10:12, Добавление строки. Связывание со входящим документом № 17 ЭД "Сведения о поступивших от юридических лиц платежах" № 14 ID= 1000224841. 
2024.05.23 06:10:28, Добавление строки. Связывание со входящим документом № 17 ЭД "Сведения о поступивших от юридических лиц платежах" № 14 ID= 1000224841. 
2024.05.23 06:10:45, Добавление строки. Связывание со входящим документом № 17 ЭД "Сведения о поступивших от юридических лиц платежах" № 14 ID= 1000224841. 
2024.05.23 06:11:01, Добавление строки. Связывание со входящим документом № 17 ЭД "Сведения о поступивших от юридических лиц платежах" № 14 ID= 1000224841. 
2024.05.23 06:11:18, Добавление строки. Связывание со входящим документом № 17 ЭД "Сведения о поступивших от юридических лиц платежах" № 14 ID= 1000224841. 
2024.05.23 06:11:34, Добавление строки. Связывание со входящим документом № 17 ЭД "Сведения о поступивших от юридических лиц платежах" № 14 ID= 1000224841. 
2024.05.23 06:11:50, Добавление строки. Связывание со входящим документом № 17 ЭД "Сведения о поступивших от юридических лиц платежах" № 14 ID= 1000224841. 
2024.05.23 06:12:07, Добавление строки. Связывание со входящим документом № 17 ЭД "Сведения о поступивших от юридических лиц платежах" № 14 ID= 1000224841. 
2024.05.23 06:12:23, Добавление строки. Связывание со входящим документом № 17 ЭД "Сведения о поступивших от юридических лиц платежах" № 14 ID= 1000224841. 
2024.05.23 06:12:40, Добавление строки. Связывание со входящим документом № 17 ЭД "Сведения о поступивших от юридических лиц платежах" № 14 ID= 1000224841. 
2024.05.23 06:12:56, Добавление строки. Связывание со входящим документом № 17 ЭД "Сведения о поступивших от юридических лиц платежах" № 14 ID= 1000224841. 
2024.05.23 06:13:12, Добавление строки. Связывание со входящим документом № 17 ЭД "Сведения о поступивших от юридических лиц платежах" № 14 ID= 1000224841. 
2024.05.23 06:13:29, Добавление строки. Связывание со входящим документом № 17 ЭД "Сведения о поступивших от юридических лиц платежах" № 14 ID= 1000224841. 
2024.05.23 06:13:45, Добавление строки. Связывание со входящим документом № 17 ЭД "Сведения о поступивших от юридических лиц платежах" № 14 ID= 1000224841. 
2024.05.23 06:14:02, Добавление строки. Связывание со входящим документом № 17 ЭД "Сведения о поступивших от юридических лиц платежах" № 14 ID= 1000224841. 
2024.05.23 06:14:18, Добавление строки. Связывание со входящим документом № 17 ЭД "Сведения о поступивших от юридических лиц платежах" № 14 ID= 1000224841. 
2024.05.23 06:14:35, Добавление строки. Связывание со входящим документом № 17 ЭД "Сведения о поступивших от юридических лиц платежах" № 14 ID= 1000224841. 
2024.05.23 06:14:51, Добавление строки. Связывание со входящим документом № 17 ЭД "Сведения о поступивших от юридических лиц платежах" № 14 ID= 1000224841. 
2024.05.23 06:15:08, Добавление строки. Связывание со входящим документом № 17 ЭД "Сведения о поступивших от юридических лиц платежах" № 14 ID= 1000224841. 
2024.05.23 06:15:24, Добавление строки. Связывание со входящим документом № 17 ЭД "Сведения о поступивших от юридических лиц платежах" № 14 ID= 1000224841. 
2024.05.23 06:15:41, Добавление строки. Связывание со входящим документом № 17 ЭД "Сведения о поступивших от юридических лиц платежах" № 14 ID= 1000224841. 
2024.05.23 06:15:57, Добавление строки. Связывание со входящим документом № 17 ЭД "Сведения о поступивших от юридических лиц платежах" № 14 ID= 1000224841. 
2024.05.23 06:16:14, Добавление строки. Связывание со входящим документом № 17 ЭД "Сведения о поступивших от юридических лиц платежах" № 14 ID= 1000224841. 
2024.05.23 06:16:30, Добавление строки. Связывание со входящим документом № 17 ЭД "Сведения о поступивших от юридических лиц платежах" № 14 ID= 1000224841. 
2024.05.23 06:16:47, Добавление строки. Связывание со входящим документом № 17 ЭД "Сведения о поступивших от юридических лиц платежах" № 14 ID= 1000224841. 
2024.05.23 06:17:03, Добавление строки. Связывание со входящим документом № 17 ЭД "Сведения о поступивших от юридических лиц платежах" № 14 ID= 1000224841. 
2024.05.23 06:17:20, Добавление строки. Связывание со входящим документом № 17 ЭД "Сведения о поступивших от юридических лиц платежах" № 14 ID= 1000224841. 
2024.05.23 06:17:36, Добавление строки. Связывание со входящим документом № 17 ЭД "Сведения о поступивших от юридических лиц платежах" № 14 ID= 1000224841. 
2024.05.23 06:17:53, Добавление строки. Связывание со входящим документом № 17 ЭД "Сведения о поступивших от юридических лиц платежах" № 14 ID= 1000224841. 
2024.05.23 06:18:09, Добавление строки. Связывание со входящим документом № 17 ЭД "Сведения о поступивших от юридических лиц платежах" № 14 ID= 1000224841. 
2024.05.23 06:18:26, Добавление строки. Связывание со входящим документом № 17 ЭД "Сведения о поступивших от юридических лиц платежах" № 14 ID= 1000224841. 
2024.05.23 06:18:42, Добавление строки. Связывание со входящим документом № 17 ЭД "Сведения о поступивших от юридических лиц платежах" № 14 ID= 1000224841. 
2024.05.23 06:18:59, Добавление строки. Связывание со входящим документом № 17 ЭД "Сведения о поступивших от юридических лиц платежах" № 14 ID= 1000224841. 
2024.05.23 06:19:15, Добавление строки. Связывание со входящим документом № 17 ЭД "Сведения о поступивших от юридических лиц платежах" № 14 ID= 1000224841. 
2024.05.23 06:19:32, Добавление строки. Связывание со входящим документом № 17 ЭД "Сведения о поступивших от юридических лиц платежах" № 14 ID= 1000224841. 
2024.05.23 06:19:48, Добавление строки. Связывание со входящим документом № 17 ЭД "Сведения о поступивших от юридических лиц платежах" № 14 ID= 1000224841. 
2024.05.23 06:20:05, Добавление строки. Связывание со входящим документом № 17 ЭД "Сведения о поступивших от юридических лиц платежах" № 14 ID= 1000224841. 
2024.05.23 06:20:21, Добавление строки. Связывание со входящим документом № 17 ЭД "Сведения о поступивших от юридических лиц платежах" № 14 ID= 1000224841. 
2024.05.23 06:20:38, Добавление строки. Связывание со входящим документом № 17 ЭД "Сведения о поступивших от юридических лиц платежах" № 14 ID= 1000224841. 
2024.05.23 06:20:54, Добавление строки. Связывание со входящим документом № 17 ЭД "Сведения о поступивших от юридических лиц платежах" № 14 ID= 1000224841. 
2024.05.23 06:21:11, Добавление строки. Связывание со входящим документом № 17 ЭД "Сведения о поступивших от юридических лиц платежах" № 14 ID= 1000224841. 
2024.05.23 06:21:27, Добавление строки. Связывание со входящим документом № 17 ЭД "Сведения о поступивших от юридических лиц платежах" № 14 ID= 1000224841. 
2024.05.23 06:21:44, Добавление строки. Связывание со входящим документом № 17 ЭД "Сведения о поступивших от юридических лиц платежах" № 14 ID= 1000224841. 
2024.05.23 06:22:00, Добавление строки. Связывание со входящим документом № 17 ЭД "Сведения о поступивших от юридических лиц платежах" № 14 ID= 1000224841. 
2024.05.23 06:22:17, Добавление строки. Связывание со входящим документом № 17 ЭД "Сведения о поступивших от юридических лиц платежах" № 14 ID= 1000224841. 
2024.05.23 06:22:33, Добавление строки. Связывание со входящим документом № 17 ЭД "Сведения о поступивших от юридических лиц платежах" № 14 ID= 1000224841. 
2024.05.23 06:22:50, Добавление строки. Связывание со входящим документом № 17 ЭД "Сведения о поступивших от юридических лиц платежах" № 14 ID= 1000224841. 
2024.05.23 06:23:06, Добавление строки. Связывание со входящим документом № 17 ЭД "Сведения о поступивших от юридических лиц платежах" № 14 ID= 1000224841. 
2024.05.23 06:23:23, Добавление строки. Связывание со входящим документом № 17 ЭД "Сведения о поступивших от юридических лиц платежах" № 14 ID= 1000224841. 
2024.05.23 06:23:39, Добавление строки. Связывание со входящим документом № 17 ЭД "Сведения о поступивших от юридических лиц платежах" № 14 ID= 1000224841. 
2024.05.23 06:23:56, Добавление строки. Связывание со входящим документом № 17 ЭД "Сведения о поступивших от юридических лиц платежах" № 14 ID= 1000224841. 
2024.05.23 06:24:13, Добавление строки. Связывание со входящим документом № 17 ЭД "Сведения о поступивших от юридических лиц платежах" № 14 ID= 1000224841. 
2024.05.23 06:24:29, Добавление строки. Связывание со входящим документом № 17 ЭД "Сведения о поступивших от юридических лиц платежах" № 14 ID= 1000224841. 
2024.05.23 06:24:46, Добавление строки. Связывание со входящим документом № 17 ЭД "Сведения о поступивших от юридических лиц платежах" № 14 ID= 1000224841. 
2024.05.23 06:25:02, Добавление строки. Связывание со входящим документом № 17 ЭД "Сведения о поступивших от юридических лиц платежах" № 14 ID= 1000224841. 
2024.05.23 06:25:19, Добавление строки. Связывание со входящим документом № 17 ЭД "Сведения о поступивших от юридических лиц платежах" № 14 ID= 1000224841. 
2024.05.23 06:25:35, Добавление строки. Связывание со входящим документом № 17 ЭД "Сведения о поступивших от юридических лиц платежах" № 14 ID= 1000224841. 
2024.05.23 06:25:52, Добавление строки. Связывание со входящим документом № 17 ЭД "Сведения о поступивших от юридических лиц платежах" № 14 ID= 1000224841. 
2024.05.23 06:26:08, Добавление строки. Связывание со входящим документом № 17 ЭД "Сведения о поступивших от юридических лиц платежах" № 14 ID= 1000224841. 
2024.05.23 06:26:25, Добавление строки. Связывание со входящим документом № 17 ЭД "Сведения о поступивших от юридических лиц платежах" № 14 ID= 1000224841. 
2024.05.23 06:26:42, Добавление строки. Связывание со входящим документом № 17 ЭД "Сведения о поступивших от юридических лиц платежах" № 14 ID= 1000224841. 
2024.05.23 06:26:58, Добавление строки. Связывание со входящим документом № 17 ЭД "Сведения о поступивших от юридических лиц платежах" № 14 ID= 1000224841. 
2024.05.23 06:27:15, Добавление строки. Связывание со входящим документом № 17 ЭД "Сведения о поступивших от юридических лиц платежах" № 14 ID= 1000224841. 
2024.05.23 06:27:31, Добавление строки. Связывание со входящим документом № 17 ЭД "Сведения о поступивших от юридических лиц платежах" № 14 ID= 1000224841. 
2024.05.23 06:27:48, Добавление строки. Связывание со входящим документом № 17 ЭД "Сведения о поступивших от юридических лиц платежах" № 14 ID= 1000224841. 
2024.05.23 06:28:04, Добавление строки. Связывание со входящим документом № 17 ЭД "Сведения о поступивших от юридических лиц платежах" № 14 ID= 1000224841. 
2024.05.23 06:28:21, Добавление строки. Связывание со входящим документом № 17 ЭД "Сведения о поступивших от юридических лиц платежах" № 14 ID= 1000224841. 
2024.05.23 06:28:38, Добавление строки. Связывание со входящим документом № 17 ЭД "Сведения о поступивших от юридических лиц платежах" № 14 ID= 1000224841. 
2024.05.23 06:28:54, Добавление строки. Связывание со входящим документом № 17 ЭД "Сведения о поступивших от юридических лиц платежах" № 14 ID= 1000224841. 
2024.05.23 06:29:11, Добавление строки. Связывание со входящим документом № 17 ЭД "Сведения о поступивших от юридических лиц платежах" № 14 ID= 1000224841. 
2024.05.23 06:29:27, Добавление строки. Связывание со входящим документом № 17 ЭД "Сведения о поступивших от юридических лиц платежах" № 14 ID= 1000224841. 
2024.05.23 06:29:44, Добавление строки. Связывание со входящим документом № 17 ЭД "Сведения о поступивших от юридических лиц платежах" № 14 ID= 1000224841. 
2024.05.23 06:30:00, Добавление строки. Связывание со входящим документом № 17 ЭД "Сведения о поступивших от юридических лиц платежах" № 14 ID= 1000224841. 
2024.05.23 06:30:17, Добавление строки. Связывание со входящим документом № 17 ЭД "Сведения о поступивших от юридических лиц платежах" № 14 ID= 1000224841. 
2024.05.23 06:30:34, Добавление строки. Связывание со входящим документом № 17 ЭД "Сведения о поступивших от юридических лиц платежах" № 14 ID= 1000224841. 
2024.05.23 06:30:50, Добавление строки. Связывание со входящим документом № 17 ЭД "Сведения о поступивших от юридических лиц платежах" № 14 ID= 1000224841. 
2024.05.23 06:31:07, Добавление строки. Связывание со входящим документом № 17 ЭД "Сведения о поступивших от юридических лиц платежах" № 14 ID= 1000224841. 
2024.05.23 06:31:24, Добавление строки. Связывание со входящим документом № 17 ЭД "Сведения о поступивших от юридических лиц платежах" № 14 ID= 1000224841. 
2024.05.23 06:31:40, Добавление строки. Связывание со входящим документом № 17 ЭД "Сведения о поступивших от юридических лиц платежах" № 14 ID= 1000224841. 
2024.05.23 06:31:57, Добавление строки. Связывание со входящим документом № 17 ЭД "Сведения о поступивших от юридических лиц платежах" № 14 ID= 1000224841. 
2024.05.23 06:32:13, Добавление строки. Связывание со входящим документом № 17 ЭД "Сведения о поступивших от юридических лиц платежах" № 14 ID= 1000224841. 
2024.05.23 06:32:30, Добавление строки. Связывание со входящим документом № 17 ЭД "Сведения о поступивших от юридических лиц платежах" № 14 ID= 1000224841. 
2024.05.23 06:32:47, Добавление строки. Связывание со входящим документом № 17 ЭД "Сведения о поступивших от юридических лиц платежах" № 14 ID= 1000224841. 
2024.05.23 06:33:03, Добавление строки. Связывание со входящим документом № 17 ЭД "Сведения о поступивших от юридических лиц платежах" № 14 ID= 1000224841. 
2024.05.23 06:33:20, Добавление строки. Связывание со входящим документом № 17 ЭД "Сведения о поступивших от юридических лиц платежах" № 14 ID= 1000224841. 
2024.05.23 06:33:36, Добавление строки. Связывание со входящим документом № 17 ЭД "Сведения о поступивших от юридических лиц платежах" № 14 ID= 1000224841. 
2024.05.23 06:33:53, Добавление строки. Связывание со входящим документом № 17 ЭД "Сведения о поступивших от юридических лиц платежах" № 14 ID= 1000224841. 
2024.05.23 06:34:10, Добавление строки. Связывание со входящим документом № 17 ЭД "Сведения о поступивших от юридических лиц платежах" № 14 ID= 1000224841. 
2024.05.23 06:34:26, Добавление строки. Связывание со входящим документом № 17 ЭД "Сведения о поступивших от юридических лиц платежах" № 14 ID= 1000224841. 
2024.05.23 06:34:43, Добавление строки. Связывание со входящим документом № 17 ЭД "Сведения о поступивших от юридических лиц платежах" № 14 ID= 1000224841. 
2024.05.23 06:35:00, Добавление строки. Связывание со входящим документом № 17 ЭД "Сведения о поступивших от юридических лиц платежах" № 14 ID= 1000224841. 
2024.05.23 06:35:17, Добавление строки. Связывание со входящим документом № 17 ЭД "Сведения о поступивших от юридических лиц платежах" № 14 ID= 1000224841. 
2024.05.23 06:35:34, Добавление строки. Связывание со входящим документом № 17 ЭД "Сведения о поступивших от юридических лиц платежах" № 14 ID= 1000224841. 
2024.05.23 06:35:51, Добавление строки. Связывание со входящим документом № 17 ЭД "Сведения о поступивших от юридических лиц платежах" № 14 ID= 1000224841. 
2024.05.23 06:36:08, Добавление строки. Связывание со входящим документом № 17 ЭД "Сведения о поступивших от юридических лиц платежах" № 14 ID= 1000224841. 
2024.05.23 06:36:25, Добавление строки. Связывание со входящим документом № 17 ЭД "Сведения о поступивших от юридических лиц платежах" № 14 ID= 1000224841. 
2024.05.23 06:36:41, Добавление строки. Связывание со входящим документом № 17 ЭД "Сведения о поступивших от юридических лиц платежах" № 14 ID= 1000224841. 
2024.05.23 06:36:58, Добавление строки. Связывание со входящим документом № 17 ЭД "Сведения о поступивших от юридических лиц платежах" № 14 ID= 1000224841. 
2024.05.23 06:37:14, Добавление строки. Связывание со входящим документом № 17 ЭД "Сведения о поступивших от юридических лиц платежах" № 14 ID= 1000224841. 
2024.05.23 06:37:31, Добавление строки. Связывание со входящим документом № 17 ЭД "Сведения о поступивших от юридических лиц платежах" № 14 ID= 1000224841. 
2024.05.23 06:37:48, Добавление строки. Связывание со входящим документом № 17 ЭД "Сведения о поступивших от юридических лиц платежах" № 14 ID= 1000224841. 
2024.05.23 06:38:04, Добавление строки. Связывание со входящим документом № 17 ЭД "Сведения о поступивших от юридических лиц платежах" № 14 ID= 1000224841. 
2024.05.23 06:38:21, Добавление строки. Связывание со входящим документом № 17 ЭД "Сведения о поступивших от юридических лиц платежах" № 14 ID= 1000224841. 
2024.05.23 06:38:38, Добавление строки. Связывание со входящим документом № 17 ЭД "Сведения о поступивших от юридических лиц платежах" № 14 ID= 1000224841. 
2024.05.23 06:38:54, Добавление строки. Связывание со входящим документом № 17 ЭД "Сведения о поступивших от юридических лиц платежах" № 14 ID= 1000224841. 
2024.05.23 06:39:11, Добавление строки. Связывание со входящим документом № 17 ЭД "Сведения о поступивших от юридических лиц платежах" № 14 ID= 1000224841. 
2024.05.23 06:39:28, Добавление строки. Связывание со входящим документом № 17 ЭД "Сведения о поступивших от юридических лиц платежах" № 14 ID= 1000224841. 
2024.05.23 06:39:45, Добавление строки. Связывание со входящим документом № 17 ЭД "Сведения о поступивших от юридических лиц платежах" № 14 ID= 1000224841. 
2024.05.23 06:40:01, Добавление строки. Связывание со входящим документом № 17 ЭД "Сведения о поступивших от юридических лиц платежах" № 14 ID= 1000224841. 
2024.05.23 06:40:18, Добавление строки. Связывание со входящим документом № 17 ЭД "Сведения о поступивших от юридических лиц платежах" № 14 ID= 1000224841. 
2024.05.23 06:40:35, Добавление строки. Связывание со входящим документом № 17 ЭД "Сведения о поступивших от юридических лиц платежах" № 14 ID= 1000224841. 
2024.05.23 06:40:51, Добавление строки. Связывание со входящим документом № 17 ЭД "Сведения о поступивших от юридических лиц платежах" № 14 ID= 1000224841. 
2024.05.23 06:41:08, Добавление строки. Связывание со входящим документом № 17 ЭД "Сведения о поступивших от юридических лиц платежах" № 14 ID= 1000224841. 
2024.05.23 06:41:25, Добавление строки. Связывание со входящим документом № 17 ЭД "Сведения о поступивших от юридических лиц платежах" № 14 ID= 1000224841. 
2024.05.23 06:41:41, Добавление строки. Связывание со входящим документом № 17 ЭД "Сведения о поступивших от юридических лиц платежах" № 14 ID= 1000224841. 
2024.05.23 06:41:58, Добавление строки. Связывание со входящим документом № 17 ЭД "Сведения о поступивших от юридических лиц платежах" № 14 ID= 1000224841. 
2024.05.23 06:42:15, Добавление строки. Связывание со входящим документом № 17 ЭД "Сведения о поступивших от юридических лиц платежах" № 14 ID= 1000224841. 
2024.05.23 06:42:31, Добавление строки. Связывание со входящим документом № 17 ЭД "Сведения о поступивших от юридических лиц платежах" № 14 ID= 1000224841. 
2024.05.23 06:42:48, Добавление строки. Связывание со входящим документом № 17 ЭД "Сведения о поступивших от юридических лиц платежах" № 14 ID= 1000224841. 
2024.05.23 06:43:05, Добавление строки. Связывание со входящим документом № 17 ЭД "Сведения о поступивших от юридических лиц платежах" № 14 ID= 1000224841. 
2024.05.23 06:43:21, Добавление строки. Связывание со входящим документом № 17 ЭД "Сведения о поступивших от юридических лиц платежах" № 14 ID= 1000224841. 
2024.05.23 06:43:38, Добавление строки. Связывание со входящим документом № 17 ЭД "Сведения о поступивших от юридических лиц платежах" № 14 ID= 1000224841. 
2024.05.23 06:43:55, Добавление строки. Связывание со входящим документом № 17 ЭД "Сведения о поступивших от юридических лиц платежах" № 14 ID= 1000224841. 
2024.05.23 06:44:11, Добавление строки. Связывание со входящим документом № 17 ЭД "Сведения о поступивших от юридических лиц платежах" № 14 ID= 1000224841. 
2024.05.23 06:44:28, Добавление строки. Связывание со входящим документом № 17 ЭД "Сведения о поступивших от юридических лиц платежах" № 14 ID= 1000224841. 
2024.05.23 06:44:45, Добавление строки. Связывание со входящим документом № 17 ЭД "Сведения о поступивших от юридических лиц платежах" № 14 ID= 1000224841. 
2024.05.23 06:45:01, Добавление строки. Связывание со входящим документом № 17 ЭД "Сведения о поступивших от юридических лиц платежах" № 14 ID= 1000224841. 
2024.05.23 06:45:18, Добавление строки. Связывание со входящим документом № 17 ЭД "Сведения о поступивших от юридических лиц платежах" № 14 ID= 1000224841. 
2024.05.23 06:45:35, Добавление строки. Связывание со входящим документом № 17 ЭД "Сведения о поступивших от юридических лиц платежах" № 14 ID= 1000224841. 
2024.05.23 06:45:52, Добавление строки. Связывание со входящим документом № 17 ЭД "Сведения о поступивших от юридических лиц платежах" № 14 ID= 1000224841. 
2024.05.23 06:46:08, Добавление строки. Связывание со входящим документом № 17 ЭД "Сведения о поступивших от юридических лиц платежах" № 14 ID= 1000224841. 
2024.05.23 06:46:25, Добавление строки. Связывание со входящим документом № 17 ЭД "Сведения о поступивших от юридических лиц платежах" № 14 ID= 1000224841. 
2024.05.23 06:46:42, Добавление строки. Связывание со входящим документом № 17 ЭД "Сведения о поступивших от юридических лиц платежах" № 14 ID= 1000224841. 
2024.05.23 06:46:58, Добавление строки. Связывание со входящим документом № 17 ЭД "Сведения о поступивших от юридических лиц платежах" № 14 ID= 1000224841. 
2024.05.23 06:47:15, Добавление строки. Связывание со входящим документом № 17 ЭД "Сведения о поступивших от юридических лиц платежах" № 14 ID= 1000224841. 
2024.05.23 06:47:32, Добавление строки. Связывание со входящим документом № 17 ЭД "Сведения о поступивших от юридических лиц платежах" № 14 ID= 1000224841. 
2024.05.23 06:47:48, Добавление строки. Связывание со входящим документом № 17 ЭД "Сведения о поступивших от юридических лиц платежах" № 14 ID= 1000224841. 
2024.05.23 06:48:05, Добавление строки. Связывание со входящим документом № 17 ЭД "Сведения о поступивших от юридических лиц платежах" № 14 ID= 1000224841. 
2024.05.23 06:48:22, Добавление строки. Связывание со входящим документом № 17 ЭД "Сведения о поступивших от юридических лиц платежах" № 14 ID= 1000224841. 
2024.05.23 06:48:39, Добавление строки. Связывание со входящим документом № 17 ЭД "Сведения о поступивших от юридических лиц платежах" № 14 ID= 1000224841. 
2024.05.23 06:48:55, Добавление строки. Связывание со входящим документом № 17 ЭД "Сведения о поступивших от юридических лиц платежах" № 14 ID= 1000224841. 
2024.05.23 06:49:12, Добавление строки. Связывание со входящим документом № 17 ЭД "Сведения о поступивших от юридических лиц платежах" № 14 ID= 1000224841. 
2024.05.23 06:49:29, Добавление строки. Связывание со входящим документом № 17 ЭД "Сведения о поступивших от юридических лиц платежах" № 14 ID= 1000224841. 
2024.05.23 06:49:46, Добавление строки. Связывание со входящим документом № 17 ЭД "Сведения о поступивших от юридических лиц платежах" № 14 ID= 1000224841. 
2024.05.23 06:50:02, Добавление строки. Связывание со входящим документом № 17 ЭД "Сведения о поступивших от юридических лиц платежах" № 14 ID= 1000224841. 
2024.05.23 06:50:19, Добавление строки. Связывание со входящим документом № 17 ЭД "Сведения о поступивших от юридических лиц платежах" № 14 ID= 1000224841. 
2024.05.23 06:50:36, Добавление строки. Связывание со входящим документом № 17 ЭД "Сведения о поступивших от юридических лиц платежах" № 14 ID= 1000224841. 
2024.05.23 06:50:53, Добавление строки. Связывание со входящим документом № 17 ЭД "Сведения о поступивших от юридических лиц платежах" № 14 ID= 1000224841. 
2024.05.23 06:51:09, Добавление строки. Связывание со входящим документом № 17 ЭД "Сведения о поступивших от юридических лиц платежах" № 14 ID= 1000224841. 
2024.05.23 06:51:26, Добавление строки. Связывание со входящим документом № 17 ЭД "Сведения о поступивших от юридических лиц платежах" № 14 ID= 1000224841. 
2024.05.23 06:51:43, Добавление строки. Связывание со входящим документом № 17 ЭД "Сведения о поступивших от юридических лиц платежах" № 14 ID= 1000224841. 
2024.05.23 06:52:00, Добавление строки. Связывание со входящим документом № 17 ЭД "Сведения о поступивших от юридических лиц платежах" № 14 ID= 1000224841. 
2024.05.23 06:52:16, Добавление строки. Связывание со входящим документом № 17 ЭД "Сведения о поступивших от юридических лиц платежах" № 14 ID= 1000224841. 
2024.05.23 06:52:33, Добавление строки. Связывание со входящим документом № 17 ЭД "Сведения о поступивших от юридических лиц платежах" № 14 ID= 1000224841. 
2024.05.23 06:52:50, Добавление строки. Связывание со входящим документом № 17 ЭД "Сведения о поступивших от юридических лиц платежах" № 14 ID= 1000224841. 
2024.05.23 06:53:07, Добавление строки. Связывание со входящим документом № 17 ЭД "Сведения о поступивших от юридических лиц платежах" № 14 ID= 1000224841. 
2024.05.23 06:53:24, Добавление строки. Связывание со входящим документом № 17 ЭД "Сведения о поступивших от юридических лиц платежах" № 14 ID= 1000224841. 
2024.05.23 06:53:41, Добавление строки. Связывание со входящим документом № 17 ЭД "Сведения о поступивших от юридических лиц платежах" № 14 ID= 1000224841. 
2024.05.23 06:53:58, Добавление строки. Связывание со входящим документом № 17 ЭД "Сведения о поступивших от юридических лиц платежах" № 14 ID= 1000224841. 
2024.05.23 06:54:14, Добавление строки. Связывание со входящим документом № 17 ЭД "Сведения о поступивших от юридических лиц платежах" № 14 ID= 1000224841. 
2024.05.23 06:54:31, Добавление строки. Связывание со входящим документом № 17 ЭД "Сведения о поступивших от юридических лиц платежах" № 14 ID= 1000224841. 
2024.05.23 06:54:48, Добавление строки. Связывание со входящим документом № 17 ЭД "Сведения о поступивших от юридических лиц платежах" № 14 ID= 1000224841. 
2024.05.23 06:55:05, Добавление строки. Связывание со входящим документом № 17 ЭД "Сведения о поступивших от юридических лиц платежах" № 14 ID= 1000224841. 
2024.05.23 06:55:22, Добавление строки. Связывание со входящим документом № 17 ЭД "Сведения о поступивших от юридических лиц платежах" № 14 ID= 1000224841. 
2024.05.23 06:55:39, Добавление строки. Связывание со входящим документом № 17 ЭД "Сведения о поступивших от юридических лиц платежах" № 14 ID= 1000224841. 
2024.05.23 06:55:55, Добавление строки. Связывание со входящим документом № 17 ЭД "Сведения о поступивших от юридических лиц платежах" № 14 ID= 1000224841. 
2024.05.23 06:56:12, Добавление строки. Связывание со входящим документом № 17 ЭД "Сведения о поступивших от юридических лиц платежах" № 14 ID= 1000224841. 
2024.05.23 06:56:29, Добавление строки. Связывание со входящим документом № 17 ЭД "Сведения о поступивших от юридических лиц платежах" № 14 ID= 1000224841. 
2024.05.23 06:56:46, Добавление строки. Связывание со входящим документом № 17 ЭД "Сведения о поступивших от юридических лиц платежах" № 14 ID= 1000224841. 
2024.05.23 06:57:03, Добавление строки. Связывание со входящим документом № 17 ЭД "Сведения о поступивших от юридических лиц платежах" № 14 ID= 1000224841. 
2024.05.23 06:57:19, Добавление строки. Связывание со входящим документом № 17 ЭД "Сведения о поступивших от юридических лиц платежах" № 14 ID= 1000224841. 
2024.05.23 06:57:37, Добавление строки. Связывание со входящим документом № 17 ЭД "Сведения о поступивших от юридических лиц платежах" № 14 ID= 1000224841. 
2024.05.23 06:57:54, Добавление строки. Связывание со входящим документом № 17 ЭД "Сведения о поступивших от юридических лиц платежах" № 14 ID= 1000224841. 
2024.05.23 06:58:10, Добавление строки. Связывание со входящим документом № 17 ЭД "Сведения о поступивших от юридических лиц платежах" № 14 ID= 1000224841. 
2024.05.23 06:58:27, Добавление строки. Связывание со входящим документом № 17 ЭД "Сведения о поступивших от юридических лиц платежах" № 14 ID= 1000224841. 
2024.05.23 06:58:44, Добавление строки. Связывание со входящим документом № 17 ЭД "Сведения о поступивших от юридических лиц платежах" № 14 ID= 1000224841. 
2024.05.23 06:59:01, Добавление строки. Связывание со входящим документом № 17 ЭД "Сведения о поступивших от юридических лиц платежах" № 14 ID= 1000224841. 
2024.05.23 06:59:18, Добавление строки. Связывание со входящим документом № 17 ЭД "Сведения о поступивших от юридических лиц платежах" № 14 ID= 1000224841. 
2024.05.23 06:59:34, Добавление строки. Связывание со входящим документом № 17 ЭД "Сведения о поступивших от юридических лиц платежах" № 14 ID= 1000224841. 
2024.05.23 06:59:51, Добавление строки. Связывание со входящим документом № 17 ЭД "Сведения о поступивших от юридических лиц платежах" № 14 ID= 1000224841. 
2024.05.23 07:00:08, Добавление строки. Связывание со входящим документом № 17 ЭД "Сведения о поступивших от юридических лиц платежах" № 14 ID= 1000224841. 
2024.05.23 07:00:25, Добавление строки. Связывание со входящим документом № 17 ЭД "Сведения о поступивших от юридических лиц платежах" № 14 ID= 1000224841. 
2024.05.23 07:00:42, Добавление строки. Связывание со входящим документом № 17 ЭД "Сведения о поступивших от юридических лиц платежах" № 14 ID= 1000224841. 
2024.05.23 07:00:58, Добавление строки. Связывание со входящим документом № 17 ЭД "Сведения о поступивших от юридических лиц платежах" № 14 ID= 1000224841. 
2024.05.23 07:01:15, Добавление строки. Связывание со входящим документом № 17 ЭД "Сведения о поступивших от юридических лиц платежах" № 14 ID= 1000224841. 
2024.05.23 07:01:32, Добавление строки. Связывание со входящим документом № 17 ЭД "Сведения о поступивших от юридических лиц платежах" № 14 ID= 1000224841. 
2024.05.23 07:01:49, Добавление строки. Связывание со входящим документом № 17 ЭД "Сведения о поступивших от юридических лиц платежах" № 14 ID= 1000224841. 
2024.05.23 07:02:06, Добавление строки. Связывание со входящим документом № 17 ЭД "Сведения о поступивших от юридических лиц платежах" № 14 ID= 1000224841. 
2024.05.23 07:02:23, Добавление строки. Связывание со входящим документом № 17 ЭД "Сведения о поступивших от юридических лиц платежах" № 14 ID= 1000224841. 
2024.05.23 07:02:39, Добавление строки. Связывание со входящим документом № 17 ЭД "Сведения о поступивших от юридических лиц платежах" № 14 ID= 1000224841. 
2024.05.23 07:02:56, Добавление строки. Связывание со входящим документом № 17 ЭД "Сведения о поступивших от юридических лиц платежах" № 14 ID= 1000224841. 
2024.05.23 07:03:13, Добавление строки. Связывание со входящим документом № 17 ЭД "Сведения о поступивших от юридических лиц платежах" № 14 ID= 1000224841. 
2024.05.23 07:03:30, Добавление строки. Связывание со входящим документом № 17 ЭД "Сведения о поступивших от юридических лиц платежах" № 14 ID= 1000224841. 
2024.05.23 07:03:47, Добавление строки. Связывание со входящим документом № 17 ЭД "Сведения о поступивших от юридических лиц платежах" № 14 ID= 1000224841. 
2024.05.23 07:04:04, Добавление строки. Связывание со входящим документом № 17 ЭД "Сведения о поступивших от юридических лиц платежах" № 14 ID= 1000224841. 
2024.05.23 07:04:21, Добавление строки. Связывание со входящим документом № 17 ЭД "Сведения о поступивших от юридических лиц платежах" № 14 ID= 1000224841. 
2024.05.23 07:04:37, Добавление строки. Связывание со входящим документом № 17 ЭД "Сведения о поступивших от юридических лиц платежах" № 14 ID= 1000224841. 
2024.05.23 07:04:54, Добавление строки. Связывание со входящим документом № 17 ЭД "Сведения о поступивших от юридических лиц платежах" № 14 ID= 1000224841. 
2024.05.23 07:05:11, Добавление строки. Связывание со входящим документом № 17 ЭД "Сведения о поступивших от юридических лиц платежах" № 14 ID= 1000224841. 
2024.05.23 07:05:28, Добавление строки. Связывание со входящим документом № 17 ЭД "Сведения о поступивших от юридических лиц платежах" № 14 ID= 1000224841. 
2024.05.23 07:05:45, Добавление строки. Связывание со входящим документом № 17 ЭД "Сведения о поступивших от юридических лиц платежах" № 14 ID= 1000224841. 
2024.05.23 07:06:02, Добавление строки. Связывание со входящим документом № 17 ЭД "Сведения о поступивших от юридических лиц платежах" № 14 ID= 1000224841. 
2024.05.23 07:06:19, Добавление строки. Связывание со входящим документом № 17 ЭД "Сведения о поступивших от юридических лиц платежах" № 14 ID= 1000224841. 
2024.05.23 07:06:35, Добавление строки. Связывание со входящим документом № 17 ЭД "Сведения о поступивших от юридических лиц платежах" № 14 ID= 1000224841. 
2024.05.23 07:06:52, Добавление строки. Связывание со входящим документом № 17 ЭД "Сведения о поступивших от юридических лиц платежах" № 14 ID= 1000224841. 
2024.05.23 07:07:09, Добавление строки. Связывание со входящим документом № 17 ЭД "Сведения о поступивших от юридических лиц платежах" № 14 ID= 1000224841. 
2024.05.23 07:07:26, Добавление строки. Связывание со входящим документом № 17 ЭД "Сведения о поступивших от юридических лиц платежах" № 14 ID= 1000224841. 
2024.05.23 07:07:43, Добавление строки. Связывание со входящим документом № 17 ЭД "Сведения о поступивших от юридических лиц платежах" № 14 ID= 1000224841. 
2024.05.23 07:08:00, Добавление строки. Связывание со входящим документом № 17 ЭД "Сведения о поступивших от юридических лиц платежах" № 14 ID= 1000224841. 
2024.05.23 07:08:17, Добавление строки. Связывание со входящим документом № 17 ЭД "Сведения о поступивших от юридических лиц платежах" № 14 ID= 1000224841. 
2024.05.23 07:08:34, Добавление строки. Связывание со входящим документом № 17 ЭД "Сведения о поступивших от юридических лиц платежах" № 14 ID= 1000224841. 
2024.05.23 07:08:50, Добавление строки. Связывание со входящим документом № 17 ЭД "Сведения о поступивших от юридических лиц платежах" № 14 ID= 1000224841. 
2024.05.23 07:09:07, Добавление строки. Связывание со входящим документом № 17 ЭД "Сведения о поступивших от юридических лиц платежах" № 14 ID= 1000224841. 
2024.05.23 07:09:24, Добавление строки. Связывание со входящим документом № 17 ЭД "Сведения о поступивших от юридических лиц платежах" № 14 ID= 1000224841. 
2024.05.23 07:09:41, Добавление строки. Связывание со входящим документом № 17 ЭД "Сведения о поступивших от юридических лиц платежах" № 14 ID= 1000224841. 
2024.05.23 07:09:58, Добавление строки. Связывание со входящим документом № 17 ЭД "Сведения о поступивших от юридических лиц платежах" № 14 ID= 1000224841. 
2024.05.23 07:10:15, Добавление строки. Связывание со входящим документом № 17 ЭД "Сведения о поступивших от юридических лиц платежах" № 14 ID= 1000224841. 
2024.05.23 07:10:32, Добавление строки. Связывание со входящим документом № 17 ЭД "Сведения о поступивших от юридических лиц платежах" № 14 ID= 1000224841. 
2024.05.23 07:10:49, Добавление строки. Связывание со входящим документом № 17 ЭД "Сведения о поступивших от юридических лиц платежах" № 14 ID= 1000224841. 
2024.05.23 07:11:06, Добавление строки. Связывание со входящим документом № 17 ЭД "Сведения о поступивших от юридических лиц платежах" № 14 ID= 1000224841. 
2024.05.23 07:11:23, Добавление строки. Связывание со входящим документом № 17 ЭД "Сведения о поступивших от юридических лиц платежах" № 14 ID= 1000224841. 
2024.05.23 07:11:40, Добавление строки. Связывание со входящим документом № 17 ЭД "Сведения о поступивших от юридических лиц платежах" № 14 ID= 1000224841. 
2024.05.23 07:11:57, Добавление строки. Связывание со входящим документом № 17 ЭД "Сведения о поступивших от юридических лиц платежах" № 14 ID= 1000224841. 
2024.05.23 07:12:14, Добавление строки. Связывание со входящим документом № 17 ЭД "Сведения о поступивших от юридических лиц платежах" № 14 ID= 1000224841. 
2024.05.23 07:12:30, Добавление строки. Связывание со входящим документом № 17 ЭД "Сведения о поступивших от юридических лиц платежах" № 14 ID= 1000224841. 
2024.05.23 07:12:47, Добавление строки. Связывание со входящим документом № 17 ЭД "Сведения о поступивших от юридических лиц платежах" № 14 ID= 1000224841. 
2024.05.23 07:13:04, Добавление строки. Связывание со входящим документом № 17 ЭД "Сведения о поступивших от юридических лиц платежах" № 14 ID= 1000224841. 
2024.05.23 07:13:21, Добавление строки. Связывание со входящим документом № 17 ЭД "Сведения о поступивших от юридических лиц платежах" № 14 ID= 1000224841. 
2024.05.23 07:13:38, Добавление строки. Связывание со входящим документом № 17 ЭД "Сведения о поступивших от юридических лиц платежах" № 14 ID= 1000224841. 
2024.05.23 07:13:55, Добавление строки. Связывание со входящим документом № 17 ЭД "Сведения о поступивших от юридических лиц платежах" № 14 ID= 1000224841. 
2024.05.23 07:14:12, Добавление строки. Связывание со входящим документом № 17 ЭД "Сведения о поступивших от юридических лиц платежах" № 14 ID= 1000224841. 
2024.05.23 07:14:29, Добавление строки. Связывание со входящим документом № 17 ЭД "Сведения о поступивших от юридических лиц платежах" № 14 ID= 1000224841. 
2024.05.23 07:14:46, Добавление строки. Связывание со входящим документом № 17 ЭД "Сведения о поступивших от юридических лиц платежах" № 14 ID= 1000224841. 
2024.05.23 07:15:03, Добавление строки. Связывание со входящим документом № 17 ЭД "Сведения о поступивших от юридических лиц платежах" № 14 ID= 1000224841. 
2024.05.23 07:15:20, Добавление строки. Связывание со входящим документом № 17 ЭД "Сведения о поступивших от юридических лиц платежах" № 14 ID= 1000224841. 
2024.05.23 07:15:37, Добавление строки. Связывание со входящим документом № 17 ЭД "Сведения о поступивших от юридических лиц платежах" № 14 ID= 1000224841. 
2024.05.23 07:15:54, Добавление строки. Связывание со входящим документом № 17 ЭД "Сведения о поступивших от юридических лиц платежах" № 14 ID= 1000224841. 
2024.05.23 07:16:11, Добавление строки. Связывание со входящим документом № 17 ЭД "Сведения о поступивших от юридических лиц платежах" № 14 ID= 1000224841. 
2024.05.23 07:16:28, Добавление строки. Связывание со входящим документом № 17 ЭД "Сведения о поступивших от юридических лиц платежах" № 14 ID= 1000224841. 
2024.05.23 07:16:45, Добавление строки. Связывание со входящим документом № 17 ЭД "Сведения о поступивших от юридических лиц платежах" № 14 ID= 1000224841. 
2024.05.23 07:17:02, Добавление строки. Связывание со входящим документом № 17 ЭД "Сведения о поступивших от юридических лиц платежах" № 14 ID= 1000224841. 
2024.05.23 07:17:19, Добавление строки. Связывание со входящим документом № 17 ЭД "Сведения о поступивших от юридических лиц платежах" № 14 ID= 1000224841. 
2024.05.23 07:17:36, Добавление строки. Связывание со входящим документом № 17 ЭД "Сведения о поступивших от юридических лиц платежах" № 14 ID= 1000224841. 
2024.05.23 07:17:53, Добавление строки. Связывание со входящим документом № 17 ЭД "Сведения о поступивших от юридических лиц платежах" № 14 ID= 1000224841. 
2024.05.23 07:18:10, Добавление строки. Связывание со входящим документом № 17 ЭД "Сведения о поступивших от юридических лиц платежах" № 14 ID= 1000224841. 
2024.05.23 07:18:26, Добавление строки. Связывание со входящим документом № 17 ЭД "Сведения о поступивших от юридических лиц платежах" № 14 ID= 1000224841. 
2024.05.23 07:18:43, Добавление строки. Связывание со входящим документом № 17 ЭД "Сведения о поступивших от юридических лиц платежах" № 14 ID= 1000224841. 
2024.05.23 07:19:00, Добавление строки. Связывание со входящим документом № 17 ЭД "Сведения о поступивших от юридических лиц платежах" № 14 ID= 1000224841. 
2024.05.23 07:19:17, Добавление строки. Связывание со входящим документом № 17 ЭД "Сведения о поступивших от юридических лиц платежах" № 14 ID= 1000224841. 
2024.05.23 07:19:34, Добавление строки. Связывание со входящим документом № 17 ЭД "Сведения о поступивших от юридических лиц платежах" № 14 ID= 1000224841. 
2024.05.23 07:19:51, Добавление строки. Связывание со входящим документом № 17 ЭД "Сведения о поступивших от юридических лиц платежах" № 14 ID= 1000224841. 
2024.05.23 07:20:08, Добавление строки. Связывание со входящим документом № 17 ЭД "Сведения о поступивших от юридических лиц платежах" № 14 ID= 1000224841. 
2024.05.23 07:20:25, Добавление строки. Связывание со входящим документом № 17 ЭД "Сведения о поступивших от юридических лиц платежах" № 14 ID= 1000224841. 
2024.05.23 07:20:42, Добавление строки. Связывание со входящим документом № 17 ЭД "Сведения о поступивших от юридических лиц платежах" № 14 ID= 1000224841. 
2024.05.23 07:20:59, Добавление строки. Связывание со входящим документом № 17 ЭД "Сведения о поступивших от юридических лиц платежах" № 14 ID= 1000224841. 
2024.05.23 07:21:16, Добавление строки. Связывание со входящим документом № 17 ЭД "Сведения о поступивших от юридических лиц платежах" № 14 ID= 1000224841. 
2024.05.23 07:21:33, Добавление строки. Связывание со входящим документом № 17 ЭД "Сведения о поступивших от юридических лиц платежах" № 14 ID= 1000224841. 
2024.05.23 07:21:50, Добавление строки. Связывание со входящим документом № 17 ЭД "Сведения о поступивших от юридических лиц платежах" № 14 ID= 1000224841. 
2024.05.23 07:22:07, Добавление строки. Связывание со входящим документом № 17 ЭД "Сведения о поступивших от юридических лиц платежах" № 14 ID= 1000224841. 
2024.05.23 07:22:24, Добавление строки. Связывание со входящим документом № 17 ЭД "Сведения о поступивших от юридических лиц платежах" № 14 ID= 1000224841. 
2024.05.23 07:22:41, Добавление строки. Связывание со входящим документом № 17 ЭД "Сведения о поступивших от юридических лиц платежах" № 14 ID= 1000224841. 
2024.05.23 07:22:58, Добавление строки. Связывание со входящим документом № 17 ЭД "Сведения о поступивших от юридических лиц платежах" № 14 ID= 1000224841. 
2024.05.23 07:23:15, Добавление строки. Связывание со входящим документом № 17 ЭД "Сведения о поступивших от юридических лиц платежах" № 14 ID= 1000224841. 
2024.05.23 07:23:32, Добавление строки. Связывание со входящим документом № 17 ЭД "Сведения о поступивших от юридических лиц платежах" № 14 ID= 1000224841. 
2024.05.23 07:23:49, Добавление строки. Связывание со входящим документом № 17 ЭД "Сведения о поступивших от юридических лиц платежах" № 14 ID= 1000224841. 
2024.05.23 07:24:06, Добавление строки. Связывание со входящим документом № 17 ЭД "Сведения о поступивших от юридических лиц платежах" № 14 ID= 1000224841. 
2024.05.23 07:24:23, Добавление строки. Связывание со входящим документом № 17 ЭД "Сведения о поступивших от юридических лиц платежах" № 14 ID= 1000224841. 
2024.05.23 07:24:41, Добавление строки. Связывание со входящим документом № 17 ЭД "Сведения о поступивших от юридических лиц платежах" № 14 ID= 1000224841. 
2024.05.23 07:24:58, Добавление строки. Связывание со входящим документом № 17 ЭД "Сведения о поступивших от юридических лиц платежах" № 14 ID= 1000224841. 
2024.05.23 07:25:15, Добавление строки. Связывание со входящим документом № 17 ЭД "Сведения о поступивших от юридических лиц платежах" № 14 ID= 1000224841. 
2024.05.23 07:25:32, Добавление строки. Связывание со входящим документом № 17 ЭД "Сведения о поступивших от юридических лиц платежах" № 14 ID= 1000224841. 
2024.05.23 07:25:49, Добавление строки. Связывание со входящим документом № 17 ЭД "Сведения о поступивших от юридических лиц платежах" № 14 ID= 1000224841. 
2024.05.23 07:26:06, Добавление строки. Связывание со входящим документом № 17 ЭД "Сведения о поступивших от юридических лиц платежах" № 14 ID= 1000224841. 
2024.05.23 07:26:23, Добавление строки. Связывание со входящим документом № 17 ЭД "Сведения о поступивших от юридических лиц платежах" № 14 ID= 1000224841. 
2024.05.23 07:26:40, Добавление строки. Связывание со входящим документом № 17 ЭД "Сведения о поступивших от юридических лиц платежах" № 14 ID= 1000224841. 
2024.05.23 07:26:57, Добавление строки. Связывание со входящим документом № 17 ЭД "Сведения о поступивших от юридических лиц платежах" № 14 ID= 1000224841. 
2024.05.23 07:27:14, Добавление строки. Связывание со входящим документом № 17 ЭД "Сведения о поступивших от юридических лиц платежах" № 14 ID= 1000224841. 
2024.05.23 07:27:31, Добавление строки. Связывание со входящим документом № 17 ЭД "Сведения о поступивших от юридических лиц платежах" № 14 ID= 1000224841. 
2024.05.23 07:27:48, Добавление строки. Связывание со входящим документом № 17 ЭД "Сведения о поступивших от юридических лиц платежах" № 14 ID= 1000224841. 
2024.05.23 07:28:05, Добавление строки. Связывание со входящим документом № 17 ЭД "Сведения о поступивших от юридических лиц платежах" № 14 ID= 1000224841. 
2024.05.23 07:28:22, Добавление строки. Связывание со входящим документом № 17 ЭД "Сведения о поступивших от юридических лиц платежах" № 14 ID= 1000224841. 
2024.05.23 07:28:39, Добавление строки. Связывание со входящим документом № 17 ЭД "Сведения о поступивших от юридических лиц платежах" № 14 ID= 1000224841. 
2024.05.23 07:28:56, Добавление строки. Связывание со входящим документом № 17 ЭД "Сведения о поступивших от юридических лиц платежах" № 14 ID= 1000224841. 
2024.05.23 07:29:13, Добавление строки. Связывание со входящим документом № 17 ЭД "Сведения о поступивших от юридических лиц платежах" № 14 ID= 1000224841. 
2024.05.23 07:29:30, Добавление строки. Связывание со входящим документом № 17 ЭД "Сведения о поступивших от юридических лиц платежах" № 14 ID= 1000224841. 
2024.05.23 07:29:47, Добавление строки. Связывание со входящим документом № 17 ЭД "Сведения о поступивших от юридических лиц платежах" № 14 ID= 1000224841. 
2024.05.23 07:30:04, Добавление строки. Связывание со входящим документом № 17 ЭД "Сведения о поступивших от юридических лиц платежах" № 14 ID= 1000224841. 
2024.05.23 07:30:21, Добавление строки. Связывание со входящим документом № 17 ЭД "Сведения о поступивших от юридических лиц платежах" № 14 ID= 1000224841. 
2024.05.23 07:30:38, Добавление строки. Связывание со входящим документом № 17 ЭД "Сведения о поступивших от юридических лиц платежах" № 14 ID= 1000224841. 
2024.05.23 07:30:56, Добавление строки. Связывание со входящим документом № 17 ЭД "Сведения о поступивших от юридических лиц платежах" № 14 ID= 1000224841. 
2024.05.23 07:31:13, Добавление строки. Связывание со входящим документом № 17 ЭД "Сведения о поступивших от юридических лиц платежах" № 14 ID= 1000224841. 
2024.05.23 07:31:30, Добавление строки. Связывание со входящим документом № 17 ЭД "Сведения о поступивших от юридических лиц платежах" № 14 ID= 1000224841. 
2024.05.23 07:31:47, Добавление строки. Связывание со входящим документом № 17 ЭД "Сведения о поступивших от юридических лиц платежах" № 14 ID= 1000224841. 
2024.05.23 07:32:04, Добавление строки. Связывание со входящим документом № 17 ЭД "Сведения о поступивших от юридических лиц платежах" № 14 ID= 1000224841. 
2024.05.23 07:32:21, Добавление строки. Связывание со входящим документом № 17 ЭД "Сведения о поступивших от юридических лиц платежах" № 14 ID= 1000224841. 
2024.05.23 07:32:38, Добавление строки. Связывание со входящим документом № 17 ЭД "Сведения о поступивших от юридических лиц платежах" № 14 ID= 1000224841. 
2024.05.23 07:32:55, Добавление строки. Связывание со входящим документом № 17 ЭД "Сведения о поступивших от юридических лиц платежах" № 14 ID= 1000224841. 
2024.05.23 07:33:12, Добавление строки. Связывание со входящим документом № 17 ЭД "Сведения о поступивших от юридических лиц платежах" № 14 ID= 1000224841. 
2024.05.23 07:33:30, Добавление строки. Связывание со входящим документом № 17 ЭД "Сведения о поступивших от юридических лиц платежах" № 14 ID= 1000224841. 
2024.05.23 07:33:47, Добавление строки. Связывание со входящим документом № 17 ЭД "Сведения о поступивших от юридических лиц платежах" № 14 ID= 1000224841. 
2024.05.23 07:34:04, Добавление строки. Связывание со входящим документом № 17 ЭД "Сведения о поступивших от юридических лиц платежах" № 14 ID= 1000224841. 
2024.05.23 07:34:21, Добавление строки. Связывание со входящим документом № 17 ЭД "Сведения о поступивших от юридических лиц платежах" № 14 ID= 1000224841. 
2024.05.23 07:34:38, Добавление строки. Связывание со входящим документом № 17 ЭД "Сведения о поступивших от юридических лиц платежах" № 14 ID= 1000224841. 
2024.05.23 07:34:55, Добавление строки. Связывание со входящим документом № 17 ЭД "Сведения о поступивших от юридических лиц платежах" № 14 ID= 1000224841. 
2024.05.23 07:35:12, Добавление строки. Связывание со входящим документом № 17 ЭД "Сведения о поступивших от юридических лиц платежах" № 14 ID= 1000224841. 
2024.05.23 07:35:29, Добавление строки. Связывание со входящим документом № 17 ЭД "Сведения о поступивших от юридических лиц платежах" № 14 ID= 1000224841. 
2024.05.23 07:35:46, Добавление строки. Связывание со входящим документом № 17 ЭД "Сведения о поступивших от юридических лиц платежах" № 14 ID= 1000224841. 
2024.05.23 07:36:04, Добавление строки. Связывание со входящим документом № 17 ЭД "Сведения о поступивших от юридических лиц платежах" № 14 ID= 1000224841. 
2024.05.23 07:36:21, Добавление строки. Связывание со входящим документом № 17 ЭД "Сведения о поступивших от юридических лиц платежах" № 14 ID= 1000224841. 
2024.05.23 07:36:38, Добавление строки. Связывание со входящим документом № 17 ЭД "Сведения о поступивших от юридических лиц платежах" № 14 ID= 1000224841. 
2024.05.23 07:36:55, Добавление строки. Связывание со входящим документом № 17 ЭД "Сведения о поступивших от юридических лиц платежах" № 14 ID= 1000224841. 
2024.05.23 07:37:12, Добавление строки. Связывание со входящим документом № 17 ЭД "Сведения о поступивших от юридических лиц платежах" № 14 ID= 1000224841. 
2024.05.23 07:37:30, Добавление строки. Связывание со входящим документом № 17 ЭД "Сведения о поступивших от юридических лиц платежах" № 14 ID= 1000224841. 
2024.05.23 07:37:47, Добавление строки. Связывание со входящим документом № 17 ЭД "Сведения о поступивших от юридических лиц платежах" № 14 ID= 1000224841. 
2024.05.23 07:38:04, Добавление строки. Связывание со входящим документом № 17 ЭД "Сведения о поступивших от юридических лиц платежах" № 14 ID= 1000224841. 
2024.05.23 07:38:22, Добавление строки. Связывание со входящим документом № 17 ЭД "Сведения о поступивших от юридических лиц платежах" № 14 ID= 1000224841. 
2024.05.23 07:38:39, Добавление строки. Связывание со входящим документом № 17 ЭД "Сведения о поступивших от юридических лиц платежах" № 14 ID= 1000224841. 
2024.05.23 07:38:56, Добавление строки. Связывание со входящим документом № 17 ЭД "Сведения о поступивших от юридических лиц платежах" № 14 ID= 1000224841. 
2024.05.23 07:39:13, Добавление строки. Связывание со входящим документом № 17 ЭД "Сведения о поступивших от юридических лиц платежах" № 14 ID= 1000224841. 
2024.05.23 07:39:30, Добавление строки. Связывание со входящим документом № 17 ЭД "Сведения о поступивших от юридических лиц платежах" № 14 ID= 1000224841. 
2024.05.23 07:39:47, Добавление строки. Связывание со входящим документом № 17 ЭД "Сведения о поступивших от юридических лиц платежах" № 14 ID= 1000224841. 
2024.05.23 07:40:05, Добавление строки. Связывание со входящим документом № 17 ЭД "Сведения о поступивших от юридических лиц платежах" № 14 ID= 1000224841. 
2024.05.23 07:40:22, Добавление строки. Связывание со входящим документом № 17 ЭД "Сведения о поступивших от юридических лиц платежах" № 14 ID= 1000224841. 
2024.05.23 07:40:39, Добавление строки. Связывание со входящим документом № 17 ЭД "Сведения о поступивших от юридических лиц платежах" № 14 ID= 1000224841. 
2024.05.23 07:40:56, Добавление строки. Связывание со входящим документом № 17 ЭД "Сведения о поступивших от юридических лиц платежах" № 14 ID= 1000224841. 
2024.05.23 07:41:13, Добавление строки. Связывание со входящим документом № 17 ЭД "Сведения о поступивших от юридических лиц платежах" № 14 ID= 1000224841. 
2024.05.23 07:41:30, Добавление строки. Связывание со входящим документом № 17 ЭД "Сведения о поступивших от юридических лиц платежах" № 14 ID= 1000224841. 
2024.05.23 07:41:48, Добавление строки. Связывание со входящим документом № 17 ЭД "Сведения о поступивших от юридических лиц платежах" № 14 ID= 1000224841. 
2024.05.23 07:42:05, Добавление строки. Связывание со входящим документом № 17 ЭД "Сведения о поступивших от юридических лиц платежах" № 14 ID= 1000224841. 
2024.05.23 07:42:22, Добавление строки. Связывание со входящим документом № 17 ЭД "Сведения о поступивших от юридических лиц платежах" № 14 ID= 1000224841. 
2024.05.23 07:42:39, Добавление строки. Связывание со входящим документом № 17 ЭД "Сведения о поступивших от юридических лиц платежах" № 14 ID= 1000224841. 
2024.05.23 07:42:56, Добавление строки. Связывание со входящим документом № 17 ЭД "Сведения о поступивших от юридических лиц платежах" № 14 ID= 1000224841. 
2024.05.23 07:43:14, Добавление строки. Связывание со входящим документом № 17 ЭД "Сведения о поступивших от юридических лиц платежах" № 14 ID= 1000224841. 
2024.05.23 07:43:31, Добавление строки. Связывание со входящим документом № 17 ЭД "Сведения о поступивших от юридических лиц платежах" № 14 ID= 1000224841. 
2024.05.23 07:43:48, Добавление строки. Связывание со входящим документом № 17 ЭД "Сведения о поступивших от юридических лиц платежах" № 14 ID= 1000224841. 
2024.05.23 07:44:05, Добавление строки. Связывание со входящим документом № 17 ЭД "Сведения о поступивших от юридических лиц платежах" № 14 ID= 1000224841. 
2024.05.23 07:44:22, Добавление строки. Связывание со входящим документом № 17 ЭД "Сведения о поступивших от юридических лиц платежах" № 14 ID= 1000224841. 
2024.05.23 07:44:39, Добавление строки. Связывание со входящим документом № 17 ЭД "Сведения о поступивших от юридических лиц платежах" № 14 ID= 1000224841. 
2024.05.23 07:44:57, Добавление строки. Связывание со входящим документом № 17 ЭД "Сведения о поступивших от юридических лиц платежах" № 14 ID= 1000224841. 
2024.05.23 07:45:14, Добавление строки. Связывание со входящим документом № 17 ЭД "Сведения о поступивших от юридических лиц платежах" № 14 ID= 1000224841. 
2024.05.23 07:45:31, Добавление строки. Связывание со входящим документом № 17 ЭД "Сведения о поступивших от юридических лиц платежах" № 14 ID= 1000224841. 
2024.05.23 07:45:48, Добавление строки. Связывание со входящим документом № 17 ЭД "Сведения о поступивших от юридических лиц платежах" № 14 ID= 1000224841. 
2024.05.23 07:46:05, Добавление строки. Связывание со входящим документом № 17 ЭД "Сведения о поступивших от юридических лиц платежах" № 14 ID= 1000224841. 
2024.05.23 07:46:23, Добавление строки. Связывание со входящим документом № 17 ЭД "Сведения о поступивших от юридических лиц платежах" № 14 ID= 1000224841. 
2024.05.23 07:46:40, Добавление строки. Связывание со входящим документом № 17 ЭД "Сведения о поступивших от юридических лиц платежах" № 14 ID= 1000224841. 
2024.05.23 07:46:57, Добавление строки. Связывание со входящим документом № 17 ЭД "Сведения о поступивших от юридических лиц платежах" № 14 ID= 1000224841. 
2024.05.23 07:47:14, Добавление строки. Связывание со входящим документом № 17 ЭД "Сведения о поступивших от юридических лиц платежах" № 14 ID= 1000224841. 
2024.05.23 07:47:31, Добавление строки. Связывание со входящим документом № 17 ЭД "Сведения о поступивших от юридических лиц платежах" № 14 ID= 1000224841. 
2024.05.23 07:47:48, Добавление строки. Связывание со входящим документом № 17 ЭД "Сведения о поступивших от юридических лиц платежах" № 14 ID= 1000224841. 
2024.05.23 07:48:06, Добавление строки. Связывание со входящим документом № 17 ЭД "Сведения о поступивших от юридических лиц платежах" № 14 ID= 1000224841. 
2024.05.23 07:48:23, Добавление строки. Связывание со входящим документом № 17 ЭД "Сведения о поступивших от юридических лиц платежах" № 14 ID= 1000224841. 
2024.05.23 07:48:40, Добавление строки. Связывание со входящим документом № 17 ЭД "Сведения о поступивших от юридических лиц платежах" № 14 ID= 1000224841. 
2024.05.23 07:48:57, Добавление строки. Связывание со входящим документом № 17 ЭД "Сведения о поступивших от юридических лиц платежах" № 14 ID= 1000224841. 
2024.05.23 07:49:15, Добавление строки. Связывание со входящим документом № 17 ЭД "Сведения о поступивших от юридических лиц платежах" № 14 ID= 1000224841. 
2024.05.23 07:49:32, Добавление строки. Связывание со входящим документом № 17 ЭД "Сведения о поступивших от юридических лиц платежах" № 14 ID= 1000224841. 
2024.05.23 07:49:49, Добавление строки. Связывание со входящим документом № 17 ЭД "Сведения о поступивших от юридических лиц платежах" № 14 ID= 1000224841. 
2024.05.23 07:50:06, Добавление строки. Связывание со входящим документом № 17 ЭД "Сведения о поступивших от юридических лиц платежах" № 14 ID= 1000224841. 
2024.05.23 07:50:23, Добавление строки. Связывание со входящим документом № 17 ЭД "Сведения о поступивших от юридических лиц платежах" № 14 ID= 1000224841. 
2024.05.23 07:50:41, Добавление строки. Связывание со входящим документом № 17 ЭД "Сведения о поступивших от юридических лиц платежах" № 14 ID= 1000224841. 
2024.05.23 07:50:58, Добавление строки. Связывание со входящим документом № 17 ЭД "Сведения о поступивших от юридических лиц платежах" № 14 ID= 1000224841. 
2024.05.23 07:51:15, Добавление строки. Связывание со входящим документом № 17 ЭД "Сведения о поступивших от юридических лиц платежах" № 14 ID= 1000224841. 
2024.05.23 07:51:32, Добавление строки. Связывание со входящим документом № 17 ЭД "Сведения о поступивших от юридических лиц платежах" № 14 ID= 1000224841. 
2024.05.23 07:51:50, Добавление строки. Связывание со входящим документом № 17 ЭД "Сведения о поступивших от юридических лиц платежах" № 14 ID= 1000224841. 
2024.05.23 07:52:07, Добавление строки. Связывание со входящим документом № 17 ЭД "Сведения о поступивших от юридических лиц платежах" № 14 ID= 1000224841. 
2024.05.23 07:52:24, Добавление строки. Связывание со входящим документом № 17 ЭД "Сведения о поступивших от юридических лиц платежах" № 14 ID= 1000224841. 
2024.05.23 07:52:41, Добавление строки. Связывание со входящим документом № 17 ЭД "Сведения о поступивших от юридических лиц платежах" № 14 ID= 1000224841. 
2024.05.23 07:52:59, Добавление строки. Связывание со входящим документом № 17 ЭД "Сведения о поступивших от юридических лиц платежах" № 14 ID= 1000224841. 
2024.05.23 07:53:16, Добавление строки. Связывание со входящим документом № 17 ЭД "Сведения о поступивших от юридических лиц платежах" № 14 ID= 1000224841. 
2024.05.23 07:53:33, Добавление строки. Связывание со входящим документом № 17 ЭД "Сведения о поступивших от юридических лиц платежах" № 14 ID= 1000224841. 
2024.05.23 07:53:50, Добавление строки. Связывание со входящим документом № 17 ЭД "Сведения о поступивших от юридических лиц платежах" № 14 ID= 1000224841. 
2024.05.23 07:54:08, Добавление строки. Связывание со входящим документом № 17 ЭД "Сведения о поступивших от юридических лиц платежах" № 14 ID= 1000224841. 
2024.05.23 07:54:25, Добавление строки. Связывание со входящим документом № 17 ЭД "Сведения о поступивших от юридических лиц платежах" № 14 ID= 1000224841. 
2024.05.23 07:54:42, Добавление строки. Связывание со входящим документом № 17 ЭД "Сведения о поступивших от юридических лиц платежах" № 14 ID= 1000224841. 
2024.05.23 07:55:00, Добавление строки. Связывание со входящим документом № 17 ЭД "Сведения о поступивших от юридических лиц платежах" № 14 ID= 1000224841. 
2024.05.23 07:55:17, Добавление строки. Связывание со входящим документом № 17 ЭД "Сведения о поступивших от юридических лиц платежах" № 14 ID= 1000224841. 
2024.05.23 07:55:34, Добавление строки. Связывание со входящим документом № 17 ЭД "Сведения о поступивших от юридических лиц платежах" № 14 ID= 1000224841. 
2024.05.23 07:55:51, Добавление строки. Связывание со входящим документом № 17 ЭД "Сведения о поступивших от юридических лиц платежах" № 14 ID= 1000224841. 
2024.05.23 07:56:09, Добавление строки. Связывание со входящим документом № 17 ЭД "Сведения о поступивших от юридических лиц платежах" № 14 ID= 1000224841. 
2024.05.23 07:56:26, Добавление строки. Связывание со входящим документом № 17 ЭД "Сведения о поступивших от юридических лиц платежах" № 14 ID= 1000224841. 
2024.05.23 07:56:43, Добавление строки. Связывание со входящим документом № 17 ЭД "Сведения о поступивших от юридических лиц платежах" № 14 ID= 1000224841. 
2024.05.23 07:57:01, Добавление строки. Связывание со входящим документом № 17 ЭД "Сведения о поступивших от юридических лиц платежах" № 14 ID= 1000224841. 
2024.05.23 07:57:18, Добавление строки. Связывание со входящим документом № 17 ЭД "Сведения о поступивших от юридических лиц платежах" № 14 ID= 1000224841. 
2024.05.23 07:57:36, Добавление строки. Связывание со входящим документом № 17 ЭД "Сведения о поступивших от юридических лиц платежах" № 14 ID= 1000224841. 
2024.05.23 07:57:53, Добавление строки. Связывание со входящим документом № 17 ЭД "Сведения о поступивших от юридических лиц платежах" № 14 ID= 1000224841. 
2024.05.23 07:58:10, Добавление строки. Связывание со входящим документом № 17 ЭД "Сведения о поступивших от юридических лиц платежах" № 14 ID= 1000224841. 
2024.05.23 07:58:28, Добавление строки. Связывание со входящим документом № 17 ЭД "Сведения о поступивших от юридических лиц платежах" № 14 ID= 1000224841. 
2024.05.23 07:58:45, Добавление строки. Связывание со входящим документом № 17 ЭД "Сведения о поступивших от юридических лиц платежах" № 14 ID= 1000224841. 
2024.05.23 07:59:02, Добавление строки. Связывание со входящим документом № 17 ЭД "Сведения о поступивших от юридических лиц платежах" № 14 ID= 1000224841. 
2024.05.23 07:59:22, Добавление строки. Связывание со входящим документом № 17 ЭД "Сведения о поступивших от юридических лиц платежах" № 14 ID= 1000224841. 
2024.05.23 07:59:41, Добавление строки. Связывание со входящим документом № 17 ЭД "Сведения о поступивших от юридических лиц платежах" № 14 ID= 1000224841. 
2024.05.23 08:00:02, Добавление строки. Связывание со входящим документом № 17 ЭД "Сведения о поступивших от юридических лиц платежах" № 14 ID= 1000224841. 
2024.05.23 08:00:20, Добавление строки. Связывание со входящим документом № 17 ЭД "Сведения о поступивших от юридических лиц платежах" № 14 ID= 1000224841. 
2024.05.23 08:00:37, Добавление строки. Связывание со входящим документом № 17 ЭД "Сведения о поступивших от юридических лиц платежах" № 14 ID= 1000224841. 
2024.05.23 08:00:55, Добавление строки. Связывание со входящим документом № 17 ЭД "Сведения о поступивших от юридических лиц платежах" № 14 ID= 1000224841. 
2024.05.23 08:01:13, Добавление строки. Связывание со входящим документом № 17 ЭД "Сведения о поступивших от юридических лиц платежах" № 14 ID= 1000224841. 
2024.05.23 08:01:30, Добавление строки. Связывание со входящим документом № 17 ЭД "Сведения о поступивших от юридических лиц платежах" № 14 ID= 1000224841. 
2024.05.23 08:01:47, Добавление строки. Связывание со входящим документом № 17 ЭД "Сведения о поступивших от юридических лиц платежах" № 14 ID= 1000224841. 
2024.05.23 08:02:05, Добавление строки. Связывание со входящим документом № 17 ЭД "Сведения о поступивших от юридических лиц платежах" № 14 ID= 1000224841. 
2024.05.23 08:02:23, Добавление строки. Связывание со входящим документом № 17 ЭД "Сведения о поступивших от юридических лиц платежах" № 14 ID= 1000224841. 
2024.05.23 08:02:41, Добавление строки. Связывание со входящим документом № 17 ЭД "Сведения о поступивших от юридических лиц платежах" № 14 ID= 1000224841. 
2024.05.23 08:02:58, Добавление строки. Связывание со входящим документом № 17 ЭД "Сведения о поступивших от юридических лиц платежах" № 14 ID= 1000224841. 
2024.05.23 08:03:16, Добавление строки. Связывание со входящим документом № 17 ЭД "Сведения о поступивших от юридических лиц платежах" № 14 ID= 1000224841. 
2024.05.23 08:03:33, Добавление строки. Связывание со входящим документом № 17 ЭД "Сведения о поступивших от юридических лиц платежах" № 14 ID= 1000224841. 
2024.05.23 08:03:51, Добавление строки. Связывание со входящим документом № 17 ЭД "Сведения о поступивших от юридических лиц платежах" № 14 ID= 1000224841. 
2024.05.23 08:04:09, Добавление строки. Связывание со входящим документом № 17 ЭД "Сведения о поступивших от юридических лиц платежах" № 14 ID= 1000224841. 
2024.05.23 08:04:28, Добавление строки. Связывание со входящим документом № 17 ЭД "Сведения о поступивших от юридических лиц платежах" № 14 ID= 1000224841. 
2024.05.23 08:04:46, Добавление строки. Связывание со входящим документом № 17 ЭД "Сведения о поступивших от юридических лиц платежах" № 14 ID= 1000224841. 
2024.05.23 08:05:04, Добавление строки. Связывание со входящим документом № 17 ЭД "Сведения о поступивших от юридических лиц платежах" № 14 ID= 1000224841. 
2024.05.23 08:05:23, Добавление строки. Связывание со входящим документом № 17 ЭД "Сведения о поступивших от юридических лиц платежах" № 14 ID= 1000224841. 
2024.05.23 08:05:41, Добавление строки. Связывание со входящим документом № 17 ЭД "Сведения о поступивших от юридических лиц платежах" № 14 ID= 1000224841. 
2024.05.23 08:05:59, Добавление строки. Связывание со входящим документом № 17 ЭД "Сведения о поступивших от юридических лиц платежах" № 14 ID= 1000224841. 
2024.05.23 08:06:17, Добавление строки. Связывание со входящим документом № 17 ЭД "Сведения о поступивших от юридических лиц платежах" № 14 ID= 1000224841. 
2024.05.23 08:06:34, Добавление строки. Связывание со входящим документом № 17 ЭД "Сведения о поступивших от юридических лиц платежах" № 14 ID= 1000224841. 
2024.05.23 08:06:52, Добавление строки. Связывание со входящим документом № 17 ЭД "Сведения о поступивших от юридических лиц платежах" № 14 ID= 1000224841. 
2024.05.23 08:07:09, Добавление строки. Связывание со входящим документом № 17 ЭД "Сведения о поступивших от юридических лиц платежах" № 14 ID= 1000224841. 
2024.05.23 08:07:27, Добавление строки. Связывание со входящим документом № 17 ЭД "Сведения о поступивших от юридических лиц платежах" № 14 ID= 1000224841. 
2024.05.23 08:07:44, Добавление строки. Связывание со входящим документом № 17 ЭД "Сведения о поступивших от юридических лиц платежах" № 14 ID= 1000224841. 
2024.05.23 08:08:01, Добавление строки. Связывание со входящим документом № 17 ЭД "Сведения о поступивших от юридических лиц платежах" № 14 ID= 1000224841. 
2024.05.23 08:08:19, Добавление строки. Связывание со входящим документом № 17 ЭД "Сведения о поступивших от юридических лиц платежах" № 14 ID= 1000224841. 
2024.05.23 08:08:36, Добавление строки. Связывание со входящим документом № 17 ЭД "Сведения о поступивших от юридических лиц платежах" № 14 ID= 1000224841. 
2024.05.23 08:08:54, Добавление строки. Связывание со входящим документом № 17 ЭД "Сведения о поступивших от юридических лиц платежах" № 14 ID= 1000224841. 
2024.05.23 08:09:11, Добавление строки. Связывание со входящим документом № 17 ЭД "Сведения о поступивших от юридических лиц платежах" № 14 ID= 1000224841. 
2024.05.23 08:09:28, Добавление строки. Связывание со входящим документом № 17 ЭД "Сведения о поступивших от юридических лиц платежах" № 14 ID= 1000224841. 
2024.05.23 08:09:46, Добавление строки. Связывание со входящим документом № 17 ЭД "Сведения о поступивших от юридических лиц платежах" № 14 ID= 1000224841. 
2024.05.23 08:10:03, Добавление строки. Связывание со входящим документом № 17 ЭД "Сведения о поступивших от юридических лиц платежах" № 14 ID= 1000224841. 
2024.05.23 08:10:21, Добавление строки. Связывание со входящим документом № 17 ЭД "Сведения о поступивших от юридических лиц платежах" № 14 ID= 1000224841. 
2024.05.23 08:10:38, Добавление строки. Связывание со входящим документом № 17 ЭД "Сведения о поступивших от юридических лиц платежах" № 14 ID= 1000224841. 
2024.05.23 08:10:55, Добавление строки. Связывание со входящим документом № 17 ЭД "Сведения о поступивших от юридических лиц платежах" № 14 ID= 1000224841. 
2024.05.23 08:11:13, Добавление строки. Связывание со входящим документом № 17 ЭД "Сведения о поступивших от юридических лиц платежах" № 14 ID= 1000224841. 
2024.05.23 08:11:30, Добавление строки. Связывание со входящим документом № 17 ЭД "Сведения о поступивших от юридических лиц платежах" № 14 ID= 1000224841. 
2024.05.23 08:11:48, Добавление строки. Связывание со входящим документом № 17 ЭД "Сведения о поступивших от юридических лиц платежах" № 14 ID= 1000224841. 
2024.05.23 08:12:05, Добавление строки. Связывание со входящим документом № 17 ЭД "Сведения о поступивших от юридических лиц платежах" № 14 ID= 1000224841. 
2024.05.23 08:12:22, Добавление строки. Связывание со входящим документом № 17 ЭД "Сведения о поступивших от юридических лиц платежах" № 14 ID= 1000224841. 
2024.05.23 08:12:40, Добавление строки. Связывание со входящим документом № 17 ЭД "Сведения о поступивших от юридических лиц платежах" № 14 ID= 1000224841. 
2024.05.23 08:12:57, Добавление строки. Связывание со входящим документом № 17 ЭД "Сведения о поступивших от юридических лиц платежах" № 14 ID= 1000224841. 
2024.05.23 08:13:15, Добавление строки. Связывание со входящим документом № 17 ЭД "Сведения о поступивших от юридических лиц платежах" № 14 ID= 1000224841. 
2024.05.23 08:13:32, Добавление строки. Связывание со входящим документом № 17 ЭД "Сведения о поступивших от юридических лиц платежах" № 14 ID= 1000224841. 
2024.05.23 08:13:49, Добавление строки. Связывание со входящим документом № 17 ЭД "Сведения о поступивших от юридических лиц платежах" № 14 ID= 1000224841. 
2024.05.23 08:14:07, Добавление строки. Связывание со входящим документом № 17 ЭД "Сведения о поступивших от юридических лиц платежах" № 14 ID= 1000224841. 
2024.05.23 08:14:24, Добавление строки. Связывание со входящим документом № 17 ЭД "Сведения о поступивших от юридических лиц платежах" № 14 ID= 1000224841. 
2024.05.23 08:14:42, Добавление строки. Связывание со входящим документом № 17 ЭД "Сведения о поступивших от юридических лиц платежах" № 14 ID= 1000224841. 
2024.05.23 08:14:59, Добавление строки. Связывание со входящим документом № 17 ЭД "Сведения о поступивших от юридических лиц платежах" № 14 ID= 1000224841. 
2024.05.23 08:15:17, Добавление строки. Связывание со входящим документом № 17 ЭД "Сведения о поступивших от юридических лиц платежах" № 14 ID= 1000224841. 
2024.05.23 08:15:34, Добавление строки. Связывание со входящим документом № 17 ЭД "Сведения о поступивших от юридических лиц платежах" № 14 ID= 1000224841. 
2024.05.23 08:15:52, Добавление строки. Связывание со входящим документом № 17 ЭД "Сведения о поступивших от юридических лиц платежах" № 14 ID= 1000224841. 
2024.05.23 08:16:09, Добавление строки. Связывание со входящим документом № 17 ЭД "Сведения о поступивших от юридических лиц платежах" № 14 ID= 1000224841. 
2024.05.23 08:16:26, Добавление строки. Связывание со входящим документом № 17 ЭД "Сведения о поступивших от юридических лиц платежах" № 14 ID= 1000224841. 
2024.05.23 08:16:44, Добавление строки. Связывание со входящим документом № 17 ЭД "Сведения о поступивших от юридических лиц платежах" № 14 ID= 1000224841. 
2024.05.23 08:17:01, Добавление строки. Связывание со входящим документом № 17 ЭД "Сведения о поступивших от юридических лиц платежах" № 14 ID= 1000224841. 
2024.05.23 08:17:19, Добавление строки. Связывание со входящим документом № 17 ЭД "Сведения о поступивших от юридических лиц платежах" № 14 ID= 1000224841. 
2024.05.23 08:17:36, Добавление строки. Связывание со входящим документом № 17 ЭД "Сведения о поступивших от юридических лиц платежах" № 14 ID= 1000224841. 
2024.05.23 08:17:54, Добавление строки. Связывание со входящим документом № 17 ЭД "Сведения о поступивших от юридических лиц платежах" № 14 ID= 1000224841. 
2024.05.23 08:18:11, Добавление строки. Связывание со входящим документом № 17 ЭД "Сведения о поступивших от юридических лиц платежах" № 14 ID= 1000224841. 
2024.05.23 08:18:29, Добавление строки. Связывание со входящим документом № 17 ЭД "Сведения о поступивших от юридических лиц платежах" № 14 ID= 1000224841. 
2024.05.23 08:18:46, Добавление строки. Связывание со входящим документом № 17 ЭД "Сведения о поступивших от юридических лиц платежах" № 14 ID= 1000224841. 
2024.05.23 08:19:04, Добавление строки. Связывание со входящим документом № 17 ЭД "Сведения о поступивших от юридических лиц платежах" № 14 ID= 1000224841. 
2024.05.23 08:19:21, Добавление строки. Связывание со входящим документом № 17 ЭД "Сведения о поступивших от юридических лиц платежах" № 14 ID= 1000224841. 
2024.05.23 08:19:38, Добавление строки. Связывание со входящим документом № 17 ЭД "Сведения о поступивших от юридических лиц платежах" № 14 ID= 1000224841. 
2024.05.23 08:19:56, Добавление строки. Связывание со входящим документом № 17 ЭД "Сведения о поступивших от юридических лиц платежах" № 14 ID= 1000224841. 
2024.05.23 08:20:13, Добавление строки. Связывание со входящим документом № 17 ЭД "Сведения о поступивших от юридических лиц платежах" № 14 ID= 1000224841. 
2024.05.23 08:20:31, Добавление строки. Связывание со входящим документом № 17 ЭД "Сведения о поступивших от юридических лиц платежах" № 14 ID= 1000224841. 
2024.05.23 08:20:48, Добавление строки. Связывание со входящим документом № 17 ЭД "Сведения о поступивших от юридических лиц платежах" № 14 ID= 1000224841. 
2024.05.23 08:21:06, Добавление строки. Связывание со входящим документом № 17 ЭД "Сведения о поступивших от юридических лиц платежах" № 14 ID= 1000224841. 
2024.05.23 08:21:23, Добавление строки. Связывание со входящим документом № 17 ЭД "Сведения о поступивших от юридических лиц платежах" № 14 ID= 1000224841. 
2024.05.23 08:21:41, Добавление строки. Связывание со входящим документом № 17 ЭД "Сведения о поступивших от юридических лиц платежах" № 14 ID= 1000224841. 
2024.05.23 08:21:58, Добавление строки. Связывание со входящим документом № 17 ЭД "Сведения о поступивших от юридических лиц платежах" № 14 ID= 1000224841. 
2024.05.23 08:22:18, Добавление строки. Связывание со входящим документом № 17 ЭД "Сведения о поступивших от юридических лиц платежах" № 14 ID= 1000224841. 
2024.05.23 08:22:35, Добавление строки. Связывание со входящим документом № 17 ЭД "Сведения о поступивших от юридических лиц платежах" № 14 ID= 1000224841. 
2024.05.23 08:22:53, Добавление строки. Связывание со входящим документом № 17 ЭД "Сведения о поступивших от юридических лиц платежах" № 14 ID= 1000224841. 
2024.05.23 08:23:10, Добавление строки. Связывание со входящим документом № 17 ЭД "Сведения о поступивших от юридических лиц платежах" № 14 ID= 1000224841. 
2024.05.23 08:23:28, Добавление строки. Связывание со входящим документом № 17 ЭД "Сведения о поступивших от юридических лиц платежах" № 14 ID= 1000224841. 
2024.05.23 08:23:45, Добавление строки. Связывание со входящим документом № 17 ЭД "Сведения о поступивших от юридических лиц платежах" № 14 ID= 1000224841. 
2024.05.23 08:24:03, Добавление строки. Связывание со входящим документом № 17 ЭД "Сведения о поступивших от юридических лиц платежах" № 14 ID= 1000224841. 
2024.05.23 08:24:20, Добавление строки. Связывание со входящим документом № 17 ЭД "Сведения о поступивших от юридических лиц платежах" № 14 ID= 1000224841. 
2024.05.23 08:24:38, Добавление строки. Связывание со входящим документом № 17 ЭД "Сведения о поступивших от юридических лиц платежах" № 14 ID= 1000224841. 
2024.05.23 08:24:55, Добавление строки. Связывание со входящим документом № 17 ЭД "Сведения о поступивших от юридических лиц платежах" № 14 ID= 1000224841. 
2024.05.23 08:25:13, Добавление строки. Связывание со входящим документом № 17 ЭД "Сведения о поступивших от юридических лиц платежах" № 14 ID= 1000224841. 
2024.05.23 08:25:30, Добавление строки. Связывание со входящим документом № 17 ЭД "Сведения о поступивших от юридических лиц платежах" № 14 ID= 1000224841. 
2024.05.23 08:25:48, Добавление строки. Связывание со входящим документом № 17 ЭД "Сведения о поступивших от юридических лиц платежах" № 14 ID= 1000224841. 
2024.05.23 08:26:06, Добавление строки. Связывание со входящим документом № 17 ЭД "Сведения о поступивших от юридических лиц платежах" № 14 ID= 1000224841. 
2024.05.23 08:26:23, Добавление строки. Связывание со входящим документом № 17 ЭД "Сведения о поступивших от юридических лиц платежах" № 14 ID= 1000224841. 
2024.05.23 08:26:41, Добавление строки. Связывание со входящим документом № 17 ЭД "Сведения о поступивших от юридических лиц платежах" № 14 ID= 1000224841. 
2024.05.23 08:26:58, Добавление строки. Связывание со входящим документом № 17 ЭД "Сведения о поступивших от юридических лиц платежах" № 14 ID= 1000224841. 
2024.05.23 08:27:16, Добавление строки. Связывание со входящим документом № 17 ЭД "Сведения о поступивших от юридических лиц платежах" № 14 ID= 1000224841. 
2024.05.23 08:27:33, Добавление строки. Связывание со входящим документом № 17 ЭД "Сведения о поступивших от юридических лиц платежах" № 14 ID= 1000224841. 
2024.05.23 08:27:51, Добавление строки. Связывание со входящим документом № 17 ЭД "Сведения о поступивших от юридических лиц платежах" № 14 ID= 1000224841. 
2024.05.23 08:28:08, Добавление строки. Связывание со входящим документом № 17 ЭД "Сведения о поступивших от юридических лиц платежах" № 14 ID= 1000224841. 
2024.05.23 08:28:26, Добавление строки. Связывание со входящим документом № 17 ЭД "Сведения о поступивших от юридических лиц платежах" № 14 ID= 1000224841. 
2024.05.23 08:28:44, Добавление строки. Связывание со входящим документом № 17 ЭД "Сведения о поступивших от юридических лиц платежах" № 14 ID= 1000224841. 
2024.05.23 08:29:01, Добавление строки. Связывание со входящим документом № 17 ЭД "Сведения о поступивших от юридических лиц платежах" № 14 ID= 1000224841. 
2024.05.23 08:29:19, Добавление строки. Связывание со входящим документом № 17 ЭД "Сведения о поступивших от юридических лиц платежах" № 14 ID= 1000224841. 
2024.05.23 08:29:36, Добавление строки. Связывание со входящим документом № 17 ЭД "Сведения о поступивших от юридических лиц платежах" № 14 ID= 1000224841. 
2024.05.23 08:29:54, Добавление строки. Связывание со входящим документом № 17 ЭД "Сведения о поступивших от юридических лиц платежах" № 14 ID= 1000224841. 
2024.05.23 08:30:11, Добавление строки. Связывание со входящим документом № 17 ЭД "Сведения о поступивших от юридических лиц платежах" № 14 ID= 1000224841. 
2024.05.23 08:30:29, Добавление строки. Связывание со входящим документом № 17 ЭД "Сведения о поступивших от юридических лиц платежах" № 14 ID= 1000224841. 
2024.05.23 08:30:46, Добавление строки. Связывание со входящим документом № 17 ЭД "Сведения о поступивших от юридических лиц платежах" № 14 ID= 1000224841. 
2024.05.23 08:31:04, Добавление строки. Связывание со входящим документом № 17 ЭД "Сведения о поступивших от юридических лиц платежах" № 14 ID= 1000224841. 
2024.05.23 08:31:22, Добавление строки. Связывание со входящим документом № 17 ЭД "Сведения о поступивших от юридических лиц платежах" № 14 ID= 1000224841. 
2024.05.23 08:31:39, Добавление строки. Связывание со входящим документом № 17 ЭД "Сведения о поступивших от юридических лиц платежах" № 14 ID= 1000224841. 
2024.05.23 08:31:57, Добавление строки. Связывание со входящим документом № 17 ЭД "Сведения о поступивших от юридических лиц платежах" № 14 ID= 1000224841. 
2024.05.23 08:32:14, Добавление строки. Связывание со входящим документом № 17 ЭД "Сведения о поступивших от юридических лиц платежах" № 14 ID= 1000224841. 
2024.05.23 08:32:32, Добавление строки. Связывание со входящим документом № 17 ЭД "Сведения о поступивших от юридических лиц платежах" № 14 ID= 1000224841. 
2024.05.23 08:32:50, Добавление строки. Связывание со входящим документом № 17 ЭД "Сведения о поступивших от юридических лиц платежах" № 14 ID= 1000224841. 
2024.05.23 08:33:07, Добавление строки. Связывание со входящим документом № 17 ЭД "Сведения о поступивших от юридических лиц платежах" № 14 ID= 1000224841. 
2024.05.23 08:33:25, Добавление строки. Связывание со входящим документом № 17 ЭД "Сведения о поступивших от юридических лиц платежах" № 14 ID= 1000224841. 
2024.05.23 08:33:42, Добавление строки. Связывание со входящим документом № 17 ЭД "Сведения о поступивших от юридических лиц платежах" № 14 ID= 1000224841. 
2024.05.23 08:34:00, Добавление строки. Связывание со входящим документом № 17 ЭД "Сведения о поступивших от юридических лиц платежах" № 14 ID= 1000224841. 
2024.05.23 08:34:18, Добавление строки. Связывание со входящим документом № 17 ЭД "Сведения о поступивших от юридических лиц платежах" № 14 ID= 1000224841. 
2024.05.23 08:34:35, Добавление строки. Связывание со входящим документом № 17 ЭД "Сведения о поступивших от юридических лиц платежах" № 14 ID= 1000224841. 
2024.05.23 08:34:53, Добавление строки. Связывание со входящим документом № 17 ЭД "Сведения о поступивших от юридических лиц платежах" № 14 ID= 1000224841. 
2024.05.23 08:35:10, Добавление строки. Связывание со входящим документом № 17 ЭД "Сведения о поступивших от юридических лиц платежах" № 14 ID= 1000224841. 
2024.05.23 08:35:28, Добавление строки. Связывание со входящим документом № 17 ЭД "Сведения о поступивших от юридических лиц платежах" № 14 ID= 1000224841. 
2024.05.23 08:35:46, Добавление строки. Связывание со входящим документом № 17 ЭД "Сведения о поступивших от юридических лиц платежах" № 14 ID= 1000224841. 
2024.05.23 08:36:03, Добавление строки. Связывание со входящим документом № 17 ЭД "Сведения о поступивших от юридических лиц платежах" № 14 ID= 1000224841. 
2024.05.23 08:36:21, Добавление строки. Связывание со входящим документом № 17 ЭД "Сведения о поступивших от юридических лиц платежах" № 14 ID= 1000224841. 
2024.05.23 08:36:38, Добавление строки. Связывание со входящим документом № 17 ЭД "Сведения о поступивших от юридических лиц платежах" № 14 ID= 1000224841. 
2024.05.23 08:36:56, Добавление строки. Связывание со входящим документом № 17 ЭД "Сведения о поступивших от юридических лиц платежах" № 14 ID= 1000224841. 
2024.05.23 08:37:14, Добавление строки. Связывание со входящим документом № 17 ЭД "Сведения о поступивших от юридических лиц платежах" № 14 ID= 1000224841. 
2024.05.23 08:37:32, Добавление строки. Связывание со входящим документом № 17 ЭД "Сведения о поступивших от юридических лиц платежах" № 14 ID= 1000224841. 
2024.05.23 08:37:50, Добавление строки. Связывание со входящим документом № 17 ЭД "Сведения о поступивших от юридических лиц платежах" № 14 ID= 1000224841. 
2024.05.23 08:38:07, Добавление строки. Связывание со входящим документом № 17 ЭД "Сведения о поступивших от юридических лиц платежах" № 14 ID= 1000224841. 
2024.05.23 08:38:25, Добавление строки. Связывание со входящим документом № 17 ЭД "Сведения о поступивших от юридических лиц платежах" № 14 ID= 1000224841. 
2024.05.23 08:38:43, Добавление строки. Связывание со входящим документом № 17 ЭД "Сведения о поступивших от юридических лиц платежах" № 14 ID= 1000224841. 
2024.05.23 08:39:00, Добавление строки. Связывание со входящим документом № 17 ЭД "Сведения о поступивших от юридических лиц платежах" № 14 ID= 1000224841. 
2024.05.23 08:39:18, Добавление строки. Связывание со входящим документом № 17 ЭД "Сведения о поступивших от юридических лиц платежах" № 14 ID= 1000224841. 
2024.05.23 08:39:36, Добавление строки. Связывание со входящим документом № 17 ЭД "Сведения о поступивших от юридических лиц платежах" № 14 ID= 1000224841. 
2024.05.23 08:39:53, Добавление строки. Связывание со входящим документом № 17 ЭД "Сведения о поступивших от юридических лиц платежах" № 14 ID= 1000224841. 
2024.05.23 08:40:12, Добавление строки. Связывание со входящим документом № 17 ЭД "Сведения о поступивших от юридических лиц платежах" № 14 ID= 1000224841. 
2024.05.23 08:40:30, Добавление строки. Связывание со входящим документом № 17 ЭД "Сведения о поступивших от юридических лиц платежах" № 14 ID= 1000224841. 
2024.05.23 08:40:48, Добавление строки. Связывание со входящим документом № 17 ЭД "Сведения о поступивших от юридических лиц платежах" № 14 ID= 1000224841. 
2024.05.23 08:41:06, Добавление строки. Связывание со входящим документом № 17 ЭД "Сведения о поступивших от юридических лиц платежах" № 14 ID= 1000224841. 
2024.05.23 08:41:24, Добавление строки. Связывание со входящим документом № 17 ЭД "Сведения о поступивших от юридических лиц платежах" № 14 ID= 1000224841. 
2024.05.23 08:41:42, Добавление строки. Связывание со входящим документом № 17 ЭД "Сведения о поступивших от юридических лиц платежах" № 14 ID= 1000224841. 
2024.05.23 08:42:00, Добавление строки. Связывание со входящим документом № 17 ЭД "Сведения о поступивших от юридических лиц платежах" № 14 ID= 1000224841. 
2024.05.23 08:42:18, Добавление строки. Связывание со входящим документом № 17 ЭД "Сведения о поступивших от юридических лиц платежах" № 14 ID= 1000224841. 
2024.05.23 08:42:36, Добавление строки. Связывание со входящим документом № 17 ЭД "Сведения о поступивших от юридических лиц платежах" № 14 ID= 1000224841. 
2024.05.23 08:42:54, Добавление строки. Связывание со входящим документом № 17 ЭД "Сведения о поступивших от юридических лиц платежах" № 14 ID= 1000224841. 
2024.05.23 08:43:12, Добавление строки. Связывание со входящим документом № 17 ЭД "Сведения о поступивших от юридических лиц платежах" № 14 ID= 1000224841. 
2024.05.23 08:43:30, Добавление строки. Связывание со входящим документом № 17 ЭД "Сведения о поступивших от юридических лиц платежах" № 14 ID= 1000224841. 
2024.05.23 08:43:47, Добавление строки. Связывание со входящим документом № 17 ЭД "Сведения о поступивших от юридических лиц платежах" № 14 ID= 1000224841. 
2024.05.23 08:44:05, Добавление строки. Связывание со входящим документом № 17 ЭД "Сведения о поступивших от юридических лиц платежах" № 14 ID= 1000224841. 
2024.05.23 08:44:27, Добавление строки. Связывание со входящим документом № 17 ЭД "Сведения о поступивших от юридических лиц платежах" № 14 ID= 1000224841. 
2024.05.23 08:44:45, Добавление строки. Связывание со входящим документом № 17 ЭД "Сведения о поступивших от юридических лиц платежах" № 14 ID= 1000224841. 
2024.05.23 08:45:02, Добавление строки. Связывание со входящим документом № 17 ЭД "Сведения о поступивших от юридических лиц платежах" № 14 ID= 1000224841. 
2024.05.23 08:45:20, Добавление строки. Связывание со входящим документом № 17 ЭД "Сведения о поступивших от юридических лиц платежах" № 14 ID= 1000224841. 
2024.05.23 08:45:39, Добавление строки. Связывание со входящим документом № 17 ЭД "Сведения о поступивших от юридических лиц платежах" № 14 ID= 1000224841. 
2024.05.23 08:46:01, Добавление строки. Связывание со входящим документом № 17 ЭД "Сведения о поступивших от юридических лиц платежах" № 14 ID= 1000224841. 
2024.05.23 08:46:19, Добавление строки. Связывание со входящим документом № 17 ЭД "Сведения о поступивших от юридических лиц платежах" № 14 ID= 1000224841. 
2024.05.23 08:46:36, Добавление строки. Связывание со входящим документом № 17 ЭД "Сведения о поступивших от юридических лиц платежах" № 14 ID= 1000224841. 
2024.05.23 08:46:54, Добавление строки. Связывание со входящим документом № 17 ЭД "Сведения о поступивших от юридических лиц платежах" № 14 ID= 1000224841. 
2024.05.23 08:47:11, Добавление строки. Связывание со входящим документом № 17 ЭД "Сведения о поступивших от юридических лиц платежах" № 14 ID= 1000224841. 
2024.05.23 08:47:29, Добавление строки. Связывание со входящим документом № 17 ЭД "Сведения о поступивших от юридических лиц платежах" № 14 ID= 1000224841. 
2024.05.23 08:47:47, Добавление строки. Связывание со входящим документом № 17 ЭД "Сведения о поступивших от юридических лиц платежах" № 14 ID= 1000224841. 
2024.05.23 08:48:05, Добавление строки. Связывание со входящим документом № 17 ЭД "Сведения о поступивших от юридических лиц платежах" № 14 ID= 1000224841. 
2024.05.23 08:48:24, Добавление строки. Связывание со входящим документом № 17 ЭД "Сведения о поступивших от юридических лиц платежах" № 14 ID= 1000224841. 
2024.05.23 08:48:42, Добавление строки. Связывание со входящим документом № 17 ЭД "Сведения о поступивших от юридических лиц платежах" № 14 ID= 1000224841. 
2024.05.23 08:49:00, Добавление строки. Связывание со входящим документом № 17 ЭД "Сведения о поступивших от юридических лиц платежах" № 14 ID= 1000224841. 
2024.05.23 08:49:19, Добавление строки. Связывание со входящим документом № 17 ЭД "Сведения о поступивших от юридических лиц платежах" № 14 ID= 1000224841. 
2024.05.23 08:49:37, Добавление строки. Связывание со входящим документом № 17 ЭД "Сведения о поступивших от юридических лиц платежах" № 14 ID= 1000224841. 
2024.05.23 08:49:56, Добавление строки. Связывание со входящим документом № 17 ЭД "Сведения о поступивших от юридических лиц платежах" № 14 ID= 1000224841. 
2024.05.23 08:50:18, Добавление строки. Связывание со входящим документом № 17 ЭД "Сведения о поступивших от юридических лиц платежах" № 14 ID= 1000224841. 
2024.05.23 08:50:38, Добавление строки. Связывание со входящим документом № 17 ЭД "Сведения о поступивших от юридических лиц платежах" № 14 ID= 1000224841. 
2024.05.23 08:50:56, Добавление строки. Связывание со входящим документом № 17 ЭД "Сведения о поступивших от юридических лиц платежах" № 14 ID= 1000224841. 
2024.05.23 08:51:15, Добавление строки. Связывание со входящим документом № 17 ЭД "Сведения о поступивших от юридических лиц платежах" № 14 ID= 1000224841. 
2024.05.23 08:51:33, Добавление строки. Связывание со входящим документом № 17 ЭД "Сведения о поступивших от юридических лиц платежах" № 14 ID= 1000224841. 
2024.05.23 08:51:51, Добавление строки. Связывание со входящим документом № 17 ЭД "Сведения о поступивших от юридических лиц платежах" № 14 ID= 1000224841. 
2024.05.23 08:52:09, Добавление строки. Связывание со входящим документом № 17 ЭД "Сведения о поступивших от юридических лиц платежах" № 14 ID= 1000224841. 
2024.05.23 08:52:27, Добавление строки. Связывание со входящим документом № 17 ЭД "Сведения о поступивших от юридических лиц платежах" № 14 ID= 1000224841. 
2024.05.23 08:52:45, Добавление строки. Связывание со входящим документом № 17 ЭД "Сведения о поступивших от юридических лиц платежах" № 14 ID= 1000224841. 
2024.05.23 08:53:03, Добавление строки. Связывание со входящим документом № 17 ЭД "Сведения о поступивших от юридических лиц платежах" № 14 ID= 1000224841. 
2024.05.23 08:53:21, Добавление строки. Связывание со входящим документом № 17 ЭД "Сведения о поступивших от юридических лиц платежах" № 14 ID= 1000224841. 
2024.05.23 08:53:39, Добавление строки. Связывание со входящим документом № 17 ЭД "Сведения о поступивших от юридических лиц платежах" № 14 ID= 1000224841. 
2024.05.23 08:53:57, Добавление строки. Связывание со входящим документом № 17 ЭД "Сведения о поступивших от юридических лиц платежах" № 14 ID= 1000224841. 
2024.05.23 08:54:16, Добавление строки. Связывание со входящим документом № 17 ЭД "Сведения о поступивших от юридических лиц платежах" № 14 ID= 1000224841. 
2024.05.23 08:54:33, Добавление строки. Связывание со входящим документом № 17 ЭД "Сведения о поступивших от юридических лиц платежах" № 14 ID= 1000224841. 
2024.05.23 08:54:51, Добавление строки. Связывание со входящим документом № 17 ЭД "Сведения о поступивших от юридических лиц платежах" № 14 ID= 1000224841. 
2024.05.23 08:55:09, Добавление строки. Связывание со входящим документом № 17 ЭД "Сведения о поступивших от юридических лиц платежах" № 14 ID= 1000224841. 
2024.05.23 08:55:27, Добавление строки. Связывание со входящим документом № 17 ЭД "Сведения о поступивших от юридических лиц платежах" № 14 ID= 1000224841. 
2024.05.23 08:55:46, Добавление строки. Связывание со входящим документом № 17 ЭД "Сведения о поступивших от юридических лиц платежах" № 14 ID= 1000224841. 
2024.05.23 08:56:04, Добавление строки. Связывание со входящим документом № 17 ЭД "Сведения о поступивших от юридических лиц платежах" № 14 ID= 1000224841. 
2024.05.23 08:56:22, Добавление строки. Связывание со входящим документом № 17 ЭД "Сведения о поступивших от юридических лиц платежах" № 14 ID= 1000224841. 
2024.05.23 08:56:41, Добавление строки. Связывание со входящим документом № 17 ЭД "Сведения о поступивших от юридических лиц платежах" № 14 ID= 1000224841. 
2024.05.23 08:56:59, Добавление строки. Связывание со входящим документом № 17 ЭД "Сведения о поступивших от юридических лиц платежах" № 14 ID= 1000224841. 
2024.05.23 08:57:18, Добавление строки. Связывание со входящим документом № 17 ЭД "Сведения о поступивших от юридических лиц платежах" № 14 ID= 1000224841. 
2024.05.23 08:57:39, Добавление строки. Связывание со входящим документом № 17 ЭД "Сведения о поступивших от юридических лиц платежах" № 14 ID= 1000224841. 
2024.05.23 08:57:57, Добавление строки. Связывание со входящим документом № 17 ЭД "Сведения о поступивших от юридических лиц платежах" № 14 ID= 1000224841. 
2024.05.23 08:58:15, Добавление строки. Связывание со входящим документом № 17 ЭД "Сведения о поступивших от юридических лиц платежах" № 14 ID= 1000224841. 
2024.05.23 08:58:33, Добавление строки. Связывание со входящим документом № 17 ЭД "Сведения о поступивших от юридических лиц платежах" № 14 ID= 1000224841. 
2024.05.23 08:58:51, Добавление строки. Связывание со входящим документом № 17 ЭД "Сведения о поступивших от юридических лиц платежах" № 14 ID= 1000224841. 
2024.05.23 08:59:12, Добавление строки. Связывание со входящим документом № 17 ЭД "Сведения о поступивших от юридических лиц платежах" № 14 ID= 1000224841. 
2024.05.23 08:59:30, Добавление строки. Связывание со входящим документом № 17 ЭД "Сведения о поступивших от юридических лиц платежах" № 14 ID= 1000224841. 
2024.05.23 08:59:50, Добавление строки. Связывание со входящим документом № 17 ЭД "Сведения о поступивших от юридических лиц платежах" № 14 ID= 1000224841. 
2024.05.23 09:00:08, Добавление строки. Связывание со входящим документом № 17 ЭД "Сведения о поступивших от юридических лиц платежах" № 14 ID= 1000224841. 
2024.05.23 09:00:27, Добавление строки. Связывание со входящим документом № 17 ЭД "Сведения о поступивших от юридических лиц платежах" № 14 ID= 1000224841. 
2024.05.23 09:00:45, Добавление строки. Связывание со входящим документом № 17 ЭД "Сведения о поступивших от юридических лиц платежах" № 14 ID= 1000224841. 
2024.05.23 09:01:04, Добавление строки. Связывание со входящим документом № 17 ЭД "Сведения о поступивших от юридических лиц платежах" № 14 ID= 1000224841. 
2024.05.23 09:01:23, Добавление строки. Связывание со входящим документом № 17 ЭД "Сведения о поступивших от юридических лиц платежах" № 14 ID= 1000224841. 
2024.05.23 09:01:41, Добавление строки. Связывание со входящим документом № 17 ЭД "Сведения о поступивших от юридических лиц платежах" № 14 ID= 1000224841. 
2024.05.23 09:02:02, Добавление строки. Связывание со входящим документом № 17 ЭД "Сведения о поступивших от юридических лиц платежах" № 14 ID= 1000224841. 
2024.05.23 09:02:20, Добавление строки. Связывание со входящим документом № 17 ЭД "Сведения о поступивших от юридических лиц платежах" № 14 ID= 1000224841. 
2024.05.23 09:02:51, Добавление строки. Связывание со входящим документом № 17 ЭД "Сведения о поступивших от юридических лиц платежах" № 14 ID= 1000224841. 
2024.05.23 09:03:13, Добавление строки. Связывание со входящим документом № 17 ЭД "Сведения о поступивших от юридических лиц платежах" № 14 ID= 1000224841. 
2024.05.23 09:03:32, Добавление строки. Связывание со входящим документом № 17 ЭД "Сведения о поступивших от юридических лиц платежах" № 14 ID= 1000224841. 
2024.05.23 09:03:50, Добавление строки. Связывание со входящим документом № 17 ЭД "Сведения о поступивших от юридических лиц платежах" № 14 ID= 1000224841. 
2024.05.23 09:04:08, Добавление строки. Связывание со входящим документом № 17 ЭД "Сведения о поступивших от юридических лиц платежах" № 14 ID= 1000224841. 
2024.05.23 09:04:31, Добавление строки. Связывание со входящим документом № 17 ЭД "Сведения о поступивших от юридических лиц платежах" № 14 ID= 1000224841. 
2024.05.23 09:04:49, Добавление строки. Связывание со входящим документом № 17 ЭД "Сведения о поступивших от юридических лиц платежах" № 14 ID= 1000224841. 
2024.05.23 09:05:08, Добавление строки. Связывание со входящим документом № 17 ЭД "Сведения о поступивших от юридических лиц платежах" № 14 ID= 1000224841. 
2024.05.23 09:05:26, Добавление строки. Связывание со входящим документом № 17 ЭД "Сведения о поступивших от юридических лиц платежах" № 14 ID= 1000224841. 
2024.05.23 09:05:45, Добавление строки. Связывание со входящим документом № 17 ЭД "Сведения о поступивших от юридических лиц платежах" № 14 ID= 1000224841. 
2024.05.23 09:06:04, Добавление строки. Связывание со входящим документом № 17 ЭД "Сведения о поступивших от юридических лиц платежах" № 14 ID= 1000224841. 
2024.05.23 09:06:22, Добавление строки. Связывание со входящим документом № 17 ЭД "Сведения о поступивших от юридических лиц платежах" № 14 ID= 1000224841. 
2024.05.23 09:06:41, Добавление строки. Связывание со входящим документом № 17 ЭД "Сведения о поступивших от юридических лиц платежах" № 14 ID= 1000224841. 
2024.05.23 09:06:59, Добавление строки. Связывание со входящим документом № 17 ЭД "Сведения о поступивших от юридических лиц платежах" № 14 ID= 1000224841. 
2024.05.23 09:07:18, Добавление строки. Связывание со входящим документом № 17 ЭД "Сведения о поступивших от юридических лиц платежах" № 14 ID= 1000224841. 
2024.05.23 09:07:38, Добавление строки. Связывание со входящим документом № 17 ЭД "Сведения о поступивших от юридических лиц платежах" № 14 ID= 1000224841. 
2024.05.23 09:07:57, Добавление строки. Связывание со входящим документом № 17 ЭД "Сведения о поступивших от юридических лиц платежах" № 14 ID= 1000224841. 
2024.05.23 09:08:17, Добавление строки. Связывание со входящим документом № 17 ЭД "Сведения о поступивших от юридических лиц платежах" № 14 ID= 1000224841. 
2024.05.23 09:08:36, Добавление строки. Связывание со входящим документом № 17 ЭД "Сведения о поступивших от юридических лиц платежах" № 14 ID= 1000224841. 
2024.05.23 09:08:55, Добавление строки. Связывание со входящим документом № 17 ЭД "Сведения о поступивших от юридических лиц платежах" № 14 ID= 1000224841. 
2024.05.23 09:09:14, Добавление строки. Связывание со входящим документом № 17 ЭД "Сведения о поступивших от юридических лиц платежах" № 14 ID= 1000224841. 
2024.05.23 09:09:33, Добавление строки. Связывание со входящим документом № 17 ЭД "Сведения о поступивших от юридических лиц платежах" № 14 ID= 1000224841. 
2024.05.23 09:09:52, Добавление строки. Связывание со входящим документом № 17 ЭД "Сведения о поступивших от юридических лиц платежах" № 14 ID= 1000224841. 
2024.05.23 09:10:12, Добавление строки. Связывание со входящим документом № 17 ЭД "Сведения о поступивших от юридических лиц платежах" № 14 ID= 1000224841. 
2024.05.23 09:10:32, Добавление строки. Связывание со входящим документом № 17 ЭД "Сведения о поступивших от юридических лиц платежах" № 14 ID= 1000224841. 
2024.05.23 09:10:51, Добавление строки. Связывание со входящим документом № 17 ЭД "Сведения о поступивших от юридических лиц платежах" № 14 ID= 1000224841. 
2024.05.23 09:11:10, Добавление строки. Связывание со входящим документом № 17 ЭД "Сведения о поступивших от юридических лиц платежах" № 14 ID= 1000224841. 
2024.05.23 09:11:31, Добавление строки. Связывание со входящим документом № 17 ЭД "Сведения о поступивших от юридических лиц платежах" № 14 ID= 1000224841. 
2024.05.23 09:12:01, Добавление строки. Связывание со входящим документом № 17 ЭД "Сведения о поступивших от юридических лиц платежах" № 14 ID= 1000224841. 
2024.05.23 09:12:22, Добавление строки. Связывание со входящим документом № 17 ЭД "Сведения о поступивших от юридических лиц платежах" № 14 ID= 1000224841. 
2024.05.23 09:12:44, Добавление строки. Связывание со входящим документом № 17 ЭД "Сведения о поступивших от юридических лиц платежах" № 14 ID= 1000224841. 
2024.05.23 09:13:06, Добавление строки. Связывание со входящим документом № 17 ЭД "Сведения о поступивших от юридических лиц платежах" № 14 ID= 1000224841. 
2024.05.23 09:13:27, Добавление строки. Связывание со входящим документом № 17 ЭД "Сведения о поступивших от юридических лиц платежах" № 14 ID= 1000224841. 
2024.05.23 09:13:48, Добавление строки. Связывание со входящим документом № 17 ЭД "Сведения о поступивших от юридических лиц платежах" № 14 ID= 1000224841. 
2024.05.23 09:14:10, Добавление строки. Связывание со входящим документом № 17 ЭД "Сведения о поступивших от юридических лиц платежах" № 14 ID= 1000224841. 
2024.05.23 09:14:31, Добавление строки. Связывание со входящим документом № 17 ЭД "Сведения о поступивших от юридических лиц платежах" № 14 ID= 1000224841. 
2024.05.23 09:14:53, Добавление строки. Связывание со входящим документом № 17 ЭД "Сведения о поступивших от юридических лиц платежах" № 14 ID= 1000224841. 
2024.05.23 09:15:13, Добавление строки. Связывание со входящим документом № 17 ЭД "Сведения о поступивших от юридических лиц платежах" № 14 ID= 1000224841. 
2024.05.23 09:15:32, Добавление строки. Связывание со входящим документом № 17 ЭД "Сведения о поступивших от юридических лиц платежах" № 14 ID= 1000224841. 
2024.05.23 09:15:51, Добавление строки. Связывание со входящим документом № 17 ЭД "Сведения о поступивших от юридических лиц платежах" № 14 ID= 1000224841. 
2024.05.23 09:16:09, Добавление строки. Связывание со входящим документом № 17 ЭД "Сведения о поступивших от юридических лиц платежах" № 14 ID= 1000224841. 
2024.05.23 09:16:28, Добавление строки. Связывание со входящим документом № 17 ЭД "Сведения о поступивших от юридических лиц платежах" № 14 ID= 1000224841. 
2024.05.23 09:16:47, Добавление строки. Связывание со входящим документом № 17 ЭД "Сведения о поступивших от юридических лиц платежах" № 14 ID= 1000224841. 
2024.05.23 09:17:05, Добавление строки. Связывание со входящим документом № 17 ЭД "Сведения о поступивших от юридических лиц платежах" № 14 ID= 1000224841. 
2024.05.23 09:17:24, Добавление строки. Связывание со входящим документом № 17 ЭД "Сведения о поступивших от юридических лиц платежах" № 14 ID= 1000224841. 
2024.05.23 09:17:42, Добавление строки. Связывание со входящим документом № 17 ЭД "Сведения о поступивших от юридических лиц платежах" № 14 ID= 1000224841. 
2024.05.23 09:18:01, Добавление строки. Связывание со входящим документом № 17 ЭД "Сведения о поступивших от юридических лиц платежах" № 14 ID= 1000224841. 
2024.05.23 09:18:19, Добавление строки. Связывание со входящим документом № 17 ЭД "Сведения о поступивших от юридических лиц платежах" № 14 ID= 1000224841. 
2024.05.23 09:18:39, Добавление строки. Связывание со входящим документом № 17 ЭД "Сведения о поступивших от юридических лиц платежах" № 14 ID= 1000224841. 
2024.05.23 09:18:58, Добавление строки. Связывание со входящим документом № 17 ЭД "Сведения о поступивших от юридических лиц платежах" № 14 ID= 1000224841. 
2024.05.23 09:19:16, Добавление строки. Связывание со входящим документом № 17 ЭД "Сведения о поступивших от юридических лиц платежах" № 14 ID= 1000224841. 
2024.05.23 09:19:36, Добавление строки. Связывание со входящим документом № 17 ЭД "Сведения о поступивших от юридических лиц платежах" № 14 ID= 1000224841. 
2024.05.23 09:19:55, Добавление строки. Связывание со входящим документом № 17 ЭД "Сведения о поступивших от юридических лиц платежах" № 14 ID= 1000224841. 
2024.05.23 09:20:14, Добавление строки. Связывание со входящим документом № 17 ЭД "Сведения о поступивших от юридических лиц платежах" № 14 ID= 1000224841. 
2024.05.23 09:20:46, Добавление строки. Связывание со входящим документом № 17 ЭД "Сведения о поступивших от юридических лиц платежах" № 14 ID= 1000224841. 
2024.05.23 09:21:03, Добавление строки. Связывание со входящим документом № 17 ЭД "Сведения о поступивших от юридических лиц платежах" № 14 ID= 1000224841. 
2024.05.23 09:21:22, Добавление строки. Связывание со входящим документом № 17 ЭД "Сведения о поступивших от юридических лиц платежах" № 14 ID= 1000224841. 
2024.05.23 09:21:41, Добавление строки. Связывание со входящим документом № 17 ЭД "Сведения о поступивших от юридических лиц платежах" № 14 ID= 1000224841. 
2024.05.23 09:21:59, Добавление строки. Связывание со входящим документом № 17 ЭД "Сведения о поступивших от юридических лиц платежах" № 14 ID= 1000224841. 
2024.05.23 09:22:17, Добавление строки. Связывание со входящим документом № 17 ЭД "Сведения о поступивших от юридических лиц платежах" № 14 ID= 1000224841. 
2024.05.23 09:22:37, Добавление строки. Связывание со входящим документом № 17 ЭД "Сведения о поступивших от юридических лиц платежах" № 14 ID= 1000224841. 
2024.05.23 09:22:56, Добавление строки. Связывание со входящим документом № 17 ЭД "Сведения о поступивших от юридических лиц платежах" № 14 ID= 1000224841. 
2024.05.23 09:23:14, Добавление строки. Связывание со входящим документом № 17 ЭД "Сведения о поступивших от юридических лиц платежах" № 14 ID= 1000224841. 
2024.05.23 09:23:33, Добавление строки. Связывание со входящим документом № 17 ЭД "Сведения о поступивших от юридических лиц платежах" № 14 ID= 1000224841. 
2024.05.23 09:23:52, Добавление строки. Связывание со входящим документом № 17 ЭД "Сведения о поступивших от юридических лиц платежах" № 14 ID= 1000224841. 
2024.05.23 09:24:10, Добавление строки. Связывание со входящим документом № 17 ЭД "Сведения о поступивших от юридических лиц платежах" № 14 ID= 1000224841. 
2024.05.23 09:24:29, Добавление строки. Связывание со входящим документом № 17 ЭД "Сведения о поступивших от юридических лиц платежах" № 14 ID= 1000224841. 
2024.05.23 09:24:48, Добавление строки. Связывание со входящим документом № 17 ЭД "Сведения о поступивших от юридических лиц платежах" № 14 ID= 1000224841. 
2024.05.23 09:25:07, Добавление строки. Связывание со входящим документом № 17 ЭД "Сведения о поступивших от юридических лиц платежах" № 14 ID= 1000224841. 
2024.05.23 09:25:25, Добавление строки. Связывание со входящим документом № 17 ЭД "Сведения о поступивших от юридических лиц платежах" № 14 ID= 1000224841. 
2024.05.23 09:25:43, Добавление строки. Связывание со входящим документом № 17 ЭД "Сведения о поступивших от юридических лиц платежах" № 14 ID= 1000224841. 
2024.05.23 09:26:01, Добавление строки. Связывание со входящим документом № 17 ЭД "Сведения о поступивших от юридических лиц платежах" № 14 ID= 1000224841. 
2024.05.23 09:26:20, Добавление строки. Связывание со входящим документом № 17 ЭД "Сведения о поступивших от юридических лиц платежах" № 14 ID= 1000224841. 
2024.05.23 09:26:39, Добавление строки. Связывание со входящим документом № 17 ЭД "Сведения о поступивших от юридических лиц платежах" № 14 ID= 1000224841. 
2024.05.23 09:26:59, Добавление строки. Связывание со входящим документом № 17 ЭД "Сведения о поступивших от юридических лиц платежах" № 14 ID= 1000224841. 
2024.05.23 09:27:18, Добавление строки. Связывание со входящим документом № 17 ЭД "Сведения о поступивших от юридических лиц платежах" № 14 ID= 1000224841. 
2024.05.23 09:27:38, Добавление строки. Связывание со входящим документом № 17 ЭД "Сведения о поступивших от юридических лиц платежах" № 14 ID= 1000224841. 
2024.05.23 09:27:56, Добавление строки. Связывание со входящим документом № 17 ЭД "Сведения о поступивших от юридических лиц платежах" № 14 ID= 1000224841. 
2024.05.23 09:28:16, Добавление строки. Связывание со входящим документом № 17 ЭД "Сведения о поступивших от юридических лиц платежах" № 14 ID= 1000224841. 
2024.05.23 09:28:35, Добавление строки. Связывание со входящим документом № 17 ЭД "Сведения о поступивших от юридических лиц платежах" № 14 ID= 1000224841. 
2024.05.23 09:28:54, Добавление строки. Связывание со входящим документом № 17 ЭД "Сведения о поступивших от юридических лиц платежах" № 14 ID= 1000224841. 
2024.05.23 09:29:13, Добавление строки. Связывание со входящим документом № 17 ЭД "Сведения о поступивших от юридических лиц платежах" № 14 ID= 1000224841. 
2024.05.23 09:29:32, Добавление строки. Связывание со входящим документом № 17 ЭД "Сведения о поступивших от юридических лиц платежах" № 14 ID= 1000224841. 
2024.05.23 09:29:50, Добавление строки. Связывание со входящим документом № 17 ЭД "Сведения о поступивших от юридических лиц платежах" № 14 ID= 1000224841. 
2024.05.23 09:30:09, Добавление строки. Связывание со входящим документом № 17 ЭД "Сведения о поступивших от юридических лиц платежах" № 14 ID= 1000224841. 
2024.05.23 09:30:27, Добавление строки. Связывание со входящим документом № 17 ЭД "Сведения о поступивших от юридических лиц платежах" № 14 ID= 1000224841. 
2024.05.23 09:30:45, Добавление строки. Связывание со входящим документом № 17 ЭД "Сведения о поступивших от юридических лиц платежах" № 14 ID= 1000224841. 
2024.05.23 09:31:04, Добавление строки. Связывание со входящим документом № 17 ЭД "Сведения о поступивших от юридических лиц платежах" № 14 ID= 1000224841. 
2024.05.23 09:31:22, Добавление строки. Связывание со входящим документом № 17 ЭД "Сведения о поступивших от юридических лиц платежах" № 14 ID= 1000224841. 
2024.05.23 09:31:41, Добавление строки. Связывание со входящим документом № 17 ЭД "Сведения о поступивших от юридических лиц платежах" № 14 ID= 1000224841. 
2024.05.23 09:32:00, Добавление строки. Связывание со входящим документом № 17 ЭД "Сведения о поступивших от юридических лиц платежах" № 14 ID= 1000224841. 
2024.05.23 09:32:19, Добавление строки. Связывание со входящим документом № 17 ЭД "Сведения о поступивших от юридических лиц платежах" № 14 ID= 1000224841. 
2024.05.23 09:32:37, Добавление строки. Связывание со входящим документом № 17 ЭД "Сведения о поступивших от юридических лиц платежах" № 14 ID= 1000224841. 
2024.05.23 09:32:58, Добавление строки. Связывание со входящим документом № 17 ЭД "Сведения о поступивших от юридических лиц платежах" № 14 ID= 1000224841. 
2024.05.23 09:33:18, Добавление строки. Связывание со входящим документом № 17 ЭД "Сведения о поступивших от юридических лиц платежах" № 14 ID= 1000224841. 
2024.05.23 09:33:36, Добавление строки. Связывание со входящим документом № 17 ЭД "Сведения о поступивших от юридических лиц платежах" № 14 ID= 1000224841. 
2024.05.23 09:33:55, Добавление строки. Связывание со входящим документом № 17 ЭД "Сведения о поступивших от юридических лиц платежах" № 14 ID= 1000224841. 
2024.05.23 09:34:14, Добавление строки. Связывание со входящим документом № 17 ЭД "Сведения о поступивших от юридических лиц платежах" № 14 ID= 1000224841. 
2024.05.23 09:34:32, Добавление строки. Связывание со входящим документом № 17 ЭД "Сведения о поступивших от юридических лиц платежах" № 14 ID= 1000224841. 
2024.05.23 09:34:50, Добавление строки. Связывание со входящим документом № 17 ЭД "Сведения о поступивших от юридических лиц платежах" № 14 ID= 1000224841. 
2024.05.23 09:35:08, Добавление строки. Связывание со входящим документом № 17 ЭД "Сведения о поступивших от юридических лиц платежах" № 14 ID= 1000224841. 
2024.05.23 09:35:27, Добавление строки. Связывание со входящим документом № 17 ЭД "Сведения о поступивших от юридических лиц платежах" № 14 ID= 1000224841. 
2024.05.23 09:35:45, Добавление строки. Связывание со входящим документом № 17 ЭД "Сведения о поступивших от юридических лиц платежах" № 14 ID= 1000224841. 
2024.05.23 09:36:04, Добавление строки. Связывание со входящим документом № 17 ЭД "Сведения о поступивших от юридических лиц платежах" № 14 ID= 1000224841. 
2024.05.23 09:36:22, Добавление строки. Связывание со входящим документом № 17 ЭД "Сведения о поступивших от юридических лиц платежах" № 14 ID= 1000224841. 
2024.05.23 09:36:40, Добавление строки. Связывание со входящим документом № 17 ЭД "Сведения о поступивших от юридических лиц платежах" № 14 ID= 1000224841. 
2024.05.23 09:36:58, Добавление строки. Связывание со входящим документом № 17 ЭД "Сведения о поступивших от юридических лиц платежах" № 14 ID= 1000224841. 
2024.05.23 09:37:16, Добавление строки. Связывание со входящим документом № 17 ЭД "Сведения о поступивших от юридических лиц платежах" № 14 ID= 1000224841. 
2024.05.23 09:37:34, Добавление строки. Связывание со входящим документом № 17 ЭД "Сведения о поступивших от юридических лиц платежах" № 14 ID= 1000224841. 
2024.05.23 09:37:52, Добавление строки. Связывание со входящим документом № 17 ЭД "Сведения о поступивших от юридических лиц платежах" № 14 ID= 1000224841. 
2024.05.23 09:38:10, Добавление строки. Связывание со входящим документом № 17 ЭД "Сведения о поступивших от юридических лиц платежах" № 14 ID= 1000224841. 
2024.05.23 09:38:29, Добавление строки. Связывание со входящим документом № 17 ЭД "Сведения о поступивших от юридических лиц платежах" № 14 ID= 1000224841. 
2024.05.23 09:38:47, Добавление строки. Связывание со входящим документом № 17 ЭД "Сведения о поступивших от юридических лиц платежах" № 14 ID= 1000224841. 
2024.05.23 09:39:05, Добавление строки. Связывание со входящим документом № 17 ЭД "Сведения о поступивших от юридических лиц платежах" № 14 ID= 1000224841. 
2024.05.23 09:39:24, Добавление строки. Связывание со входящим документом № 17 ЭД "Сведения о поступивших от юридических лиц платежах" № 14 ID= 1000224841. 
2024.05.23 09:39:42, Добавление строки. Связывание со входящим документом № 17 ЭД "Сведения о поступивших от юридических лиц платежах" № 14 ID= 1000224841. 
2024.05.23 09:40:00, Добавление строки. Связывание со входящим документом № 17 ЭД "Сведения о поступивших от юридических лиц платежах" № 14 ID= 1000224841. 
2024.05.23 09:40:18, Добавление строки. Связывание со входящим документом № 17 ЭД "Сведения о поступивших от юридических лиц платежах" № 14 ID= 1000224841. 
2024.05.23 09:40:37, Добавление строки. Связывание со входящим документом № 17 ЭД "Сведения о поступивших от юридических лиц платежах" № 14 ID= 1000224841. 
2024.05.23 09:40:57, Добавление строки. Связывание со входящим документом № 17 ЭД "Сведения о поступивших от юридических лиц платежах" № 14 ID= 1000224841. 
2024.05.23 09:41:17, Добавление строки. Связывание со входящим документом № 17 ЭД "Сведения о поступивших от юридических лиц платежах" № 14 ID= 1000224841. 
2024.05.23 09:41:37, Добавление строки. Связывание со входящим документом № 17 ЭД "Сведения о поступивших от юридических лиц платежах" № 14 ID= 1000224841. 
2024.05.23 09:41:56, Добавление строки. Связывание со входящим документом № 17 ЭД "Сведения о поступивших от юридических лиц платежах" № 14 ID= 1000224841. 
2024.05.23 09:42:16, Добавление строки. Связывание со входящим документом № 17 ЭД "Сведения о поступивших от юридических лиц платежах" № 14 ID= 1000224841. 
2024.05.23 09:42:34, Добавление строки. Связывание со входящим документом № 17 ЭД "Сведения о поступивших от юридических лиц платежах" № 14 ID= 1000224841. 
2024.05.23 09:42:54, Добавление строки. Связывание со входящим документом № 17 ЭД "Сведения о поступивших от юридических лиц платежах" № 14 ID= 1000224841. 
2024.05.23 09:43:12, Добавление строки. Связывание со входящим документом № 17 ЭД "Сведения о поступивших от юридических лиц платежах" № 14 ID= 1000224841. 
2024.05.23 09:43:31, Добавление строки. Связывание со входящим документом № 17 ЭД "Сведения о поступивших от юридических лиц платежах" № 14 ID= 1000224841. 
2024.05.23 09:43:49, Добавление строки. Связывание со входящим документом № 17 ЭД "Сведения о поступивших от юридических лиц платежах" № 14 ID= 1000224841. 
2024.05.23 09:44:08, Добавление строки. Связывание со входящим документом № 17 ЭД "Сведения о поступивших от юридических лиц платежах" № 14 ID= 1000224841. 
2024.05.23 09:44:27, Добавление строки. Связывание со входящим документом № 17 ЭД "Сведения о поступивших от юридических лиц платежах" № 14 ID= 1000224841. 
2024.05.23 09:44:46, Добавление строки. Связывание со входящим документом № 17 ЭД "Сведения о поступивших от юридических лиц платежах" № 14 ID= 1000224841. 
2024.05.23 09:45:05, Добавление строки. Связывание со входящим документом № 17 ЭД "Сведения о поступивших от юридических лиц платежах" № 14 ID= 1000224841. 
2024.05.23 09:45:24, Добавление строки. Связывание со входящим документом № 17 ЭД "Сведения о поступивших от юридических лиц платежах" № 14 ID= 1000224841. 
2024.05.23 09:45:43, Добавление строки. Связывание со входящим документом № 17 ЭД "Сведения о поступивших от юридических лиц платежах" № 14 ID= 1000224841. 
2024.05.23 09:46:02, Добавление строки. Связывание со входящим документом № 17 ЭД "Сведения о поступивших от юридических лиц платежах" № 14 ID= 1000224841. 
2024.05.23 09:46:22, Добавление строки. Связывание со входящим документом № 17 ЭД "Сведения о поступивших от юридических лиц платежах" № 14 ID= 1000224841. 
2024.05.23 09:46:41, Добавление строки. Связывание со входящим документом № 17 ЭД "Сведения о поступивших от юридических лиц платежах" № 14 ID= 1000224841. 
2024.05.23 09:47:00, Добавление строки. Связывание со входящим документом № 17 ЭД "Сведения о поступивших от юридических лиц платежах" № 14 ID= 1000224841. 
2024.05.23 09:47:19, Добавление строки. Связывание со входящим документом № 17 ЭД "Сведения о поступивших от юридических лиц платежах" № 14 ID= 1000224841. 
2024.05.23 09:47:38, Добавление строки. Связывание со входящим документом № 17 ЭД "Сведения о поступивших от юридических лиц платежах" № 14 ID= 1000224841. 
2024.05.23 09:47:57, Добавление строки. Связывание со входящим документом № 17 ЭД "Сведения о поступивших от юридических лиц платежах" № 14 ID= 1000224841. 
2024.05.23 09:48:15, Добавление строки. Связывание со входящим документом № 17 ЭД "Сведения о поступивших от юридических лиц платежах" № 14 ID= 1000224841. 
2024.05.23 09:48:34, Добавление строки. Связывание со входящим документом № 17 ЭД "Сведения о поступивших от юридических лиц платежах" № 14 ID= 1000224841. 
2024.05.23 09:48:53, Добавление строки. Связывание со входящим документом № 17 ЭД "Сведения о поступивших от юридических лиц платежах" № 14 ID= 1000224841. 
2024.05.23 09:49:12, Добавление строки. Связывание со входящим документом № 17 ЭД "Сведения о поступивших от юридических лиц платежах" № 14 ID= 1000224841. 
2024.05.23 09:49:30, Добавление строки. Связывание со входящим документом № 17 ЭД "Сведения о поступивших от юридических лиц платежах" № 14 ID= 1000224841. 
2024.05.23 09:49:49, Добавление строки. Связывание со входящим документом № 17 ЭД "Сведения о поступивших от юридических лиц платежах" № 14 ID= 1000224841. 
2024.05.23 09:50:08, Добавление строки. Связывание со входящим документом № 17 ЭД "Сведения о поступивших от юридических лиц платежах" № 14 ID= 1000224841. 
2024.05.23 09:50:26, Добавление строки. Связывание со входящим документом № 17 ЭД "Сведения о поступивших от юридических лиц платежах" № 14 ID= 1000224841. 
2024.05.23 09:50:44, Добавление строки. Связывание со входящим документом № 17 ЭД "Сведения о поступивших от юридических лиц платежах" № 14 ID= 1000224841. 
2024.05.23 09:51:03, Добавление строки. Связывание со входящим документом № 17 ЭД "Сведения о поступивших от юридических лиц платежах" № 14 ID= 1000224841. 
2024.05.23 09:51:22, Добавление строки. Связывание со входящим документом № 17 ЭД "Сведения о поступивших от юридических лиц платежах" № 14 ID= 1000224841. 
2024.05.23 09:51:41, Добавление строки. Связывание со входящим документом № 17 ЭД "Сведения о поступивших от юридических лиц платежах" № 14 ID= 1000224841. 
2024.05.23 09:52:00, Добавление строки. Связывание со входящим документом № 17 ЭД "Сведения о поступивших от юридических лиц платежах" № 14 ID= 1000224841. 
2024.05.23 09:52:20, Добавление строки. Связывание со входящим документом № 17 ЭД "Сведения о поступивших от юридических лиц платежах" № 14 ID= 1000224841. 
2024.05.23 09:52:40, Добавление строки. Связывание со входящим документом № 17 ЭД "Сведения о поступивших от юридических лиц платежах" № 14 ID= 1000224841. 
2024.05.23 09:52:59, Добавление строки. Связывание со входящим документом № 17 ЭД "Сведения о поступивших от юридических лиц платежах" № 14 ID= 1000224841. 
2024.05.23 09:53:18, Добавление строки. Связывание со входящим документом № 17 ЭД "Сведения о поступивших от юридических лиц платежах" № 14 ID= 1000224841. 
2024.05.23 09:53:38, Добавление строки. Связывание со входящим документом № 17 ЭД "Сведения о поступивших от юридических лиц платежах" № 14 ID= 1000224841. 
2024.05.23 09:53:57, Добавление строки. Связывание со входящим документом № 17 ЭД "Сведения о поступивших от юридических лиц платежах" № 14 ID= 1000224841. 
2024.05.23 09:54:16, Добавление строки. Связывание со входящим документом № 17 ЭД "Сведения о поступивших от юридических лиц платежах" № 14 ID= 1000224841. 
2024.05.23 09:54:36, Добавление строки. Связывание со входящим документом № 17 ЭД "Сведения о поступивших от юридических лиц платежах" № 14 ID= 1000224841. 
2024.05.23 09:54:56, Добавление строки. Связывание со входящим документом № 17 ЭД "Сведения о поступивших от юридических лиц платежах" № 14 ID= 1000224841. 
2024.05.23 09:55:15, Добавление строки. Связывание со входящим документом № 17 ЭД "Сведения о поступивших от юридических лиц платежах" № 14 ID= 1000224841. 
2024.05.23 09:55:34, Добавление строки. Связывание со входящим документом № 17 ЭД "Сведения о поступивших от юридических лиц платежах" № 14 ID= 1000224841. 
2024.05.23 09:55:54, Добавление строки. Связывание со входящим документом № 17 ЭД "Сведения о поступивших от юридических лиц платежах" № 14 ID= 1000224841. 
2024.05.23 09:56:12, Добавление строки. Связывание со входящим документом № 17 ЭД "Сведения о поступивших от юридических лиц платежах" № 14 ID= 1000224841. 
2024.05.23 09:56:32, Добавление строки. Связывание со входящим документом № 17 ЭД "Сведения о поступивших от юридических лиц платежах" № 14 ID= 1000224841. 
2024.05.23 09:56:51, Добавление строки. Связывание со входящим документом № 17 ЭД "Сведения о поступивших от юридических лиц платежах" № 14 ID= 1000224841. 
2024.05.23 09:57:11, Добавление строки. Связывание со входящим документом № 17 ЭД "Сведения о поступивших от юридических лиц платежах" № 14 ID= 1000224841. 
2024.05.23 09:57:31, Добавление строки. Связывание со входящим документом № 17 ЭД "Сведения о поступивших от юридических лиц платежах" № 14 ID= 1000224841. 
2024.05.23 09:57:52, Добавление строки. Связывание со входящим документом № 17 ЭД "Сведения о поступивших от юридических лиц платежах" № 14 ID= 1000224841. 
2024.05.23 09:58:11, Добавление строки. Связывание со входящим документом № 17 ЭД "Сведения о поступивших от юридических лиц платежах" № 14 ID= 1000224841. 
2024.05.23 09:58:30, Добавление строки. Связывание со входящим документом № 17 ЭД "Сведения о поступивших от юридических лиц платежах" № 14 ID= 1000224841. 
2024.05.23 09:58:49, Добавление строки. Связывание со входящим документом № 17 ЭД "Сведения о поступивших от юридических лиц платежах" № 14 ID= 1000224841. 
2024.05.23 09:59:13, Добавление строки. Связывание со входящим документом № 17 ЭД "Сведения о поступивших от юридических лиц платежах" № 14 ID= 1000224841. 
2024.05.23 09:59:32, Добавление строки. Связывание со входящим документом № 17 ЭД "Сведения о поступивших от юридических лиц платежах" № 14 ID= 1000224841. 
2024.05.23 09:59:51, Добавление строки. Связывание со входящим документом № 17 ЭД "Сведения о поступивших от юридических лиц платежах" № 14 ID= 1000224841. 
2024.05.23 10:00:11, Добавление строки. Связывание со входящим документом № 17 ЭД "Сведения о поступивших от юридических лиц платежах" № 14 ID= 1000224841. 
2024.05.23 10:00:30, Добавление строки. Связывание со входящим документом № 17 ЭД "Сведения о поступивших от юридических лиц платежах" № 14 ID= 1000224841. 
2024.05.23 10:00:50, Добавление строки. Связывание со входящим документом № 17 ЭД "Сведения о поступивших от юридических лиц платежах" № 14 ID= 1000224841. 
2024.05.23 10:01:08, Добавление строки. Связывание со входящим документом № 17 ЭД "Сведения о поступивших от юридических лиц платежах" № 14 ID= 1000224841. 
2024.05.23 10:01:28, Добавление строки. Связывание со входящим документом № 17 ЭД "Сведения о поступивших от юридических лиц платежах" № 14 ID= 1000224841. 
2024.05.23 10:01:48, Добавление строки. Связывание со входящим документом № 17 ЭД "Сведения о поступивших от юридических лиц платежах" № 14 ID= 1000224841. 
2024.05.23 10:02:07, Добавление строки. Связывание со входящим документом № 17 ЭД "Сведения о поступивших от юридических лиц платежах" № 14 ID= 1000224841. 
2024.05.23 10:02:25, Добавление строки. Связывание со входящим документом № 17 ЭД "Сведения о поступивших от юридических лиц платежах" № 14 ID= 1000224841. 
2024.05.23 10:02:45, Добавление строки. Связывание со входящим документом № 17 ЭД "Сведения о поступивших от юридических лиц платежах" № 14 ID= 1000224841. 
2024.05.23 10:03:04, Добавление строки. Связывание со входящим документом № 17 ЭД "Сведения о поступивших от юридических лиц платежах" № 14 ID= 1000224841. 
2024.05.23 10:03:25, Добавление строки. Связывание со входящим документом № 17 ЭД "Сведения о поступивших от юридических лиц платежах" № 14 ID= 1000224841. 
2024.05.23 10:03:44, Добавление строки. Связывание со входящим документом № 17 ЭД "Сведения о поступивших от юридических лиц платежах" № 14 ID= 1000224841. 
2024.05.23 10:04:04, Добавление строки. Связывание со входящим документом № 17 ЭД "Сведения о поступивших от юридических лиц платежах" № 14 ID= 1000224841. 
2024.05.23 10:04:24, Добавление строки. Связывание со входящим документом № 17 ЭД "Сведения о поступивших от юридических лиц платежах" № 14 ID= 1000224841. 
2024.05.23 10:04:43, Добавление строки. Связывание со входящим документом № 17 ЭД "Сведения о поступивших от юридических лиц платежах" № 14 ID= 1000224841. 
2024.05.23 10:05:03, Добавление строки. Связывание со входящим документом № 17 ЭД "Сведения о поступивших от юридических лиц платежах" № 14 ID= 1000224841. 
2024.05.23 10:05:22, Добавление строки. Связывание со входящим документом № 17 ЭД "Сведения о поступивших от юридических лиц платежах" № 14 ID= 1000224841. 
2024.05.23 10:05:41, Добавление строки. Связывание со входящим документом № 17 ЭД "Сведения о поступивших от юридических лиц платежах" № 14 ID= 1000224841. 
2024.05.23 10:06:01, Добавление строки. Связывание со входящим документом № 17 ЭД "Сведения о поступивших от юридических лиц платежах" № 14 ID= 1000224841. 
2024.05.23 10:06:21, Добавление строки. Связывание со входящим документом № 17 ЭД "Сведения о поступивших от юридических лиц платежах" № 14 ID= 1000224841. 
2024.05.23 10:06:40, Добавление строки. Связывание со входящим документом № 17 ЭД "Сведения о поступивших от юридических лиц платежах" № 14 ID= 1000224841. 
2024.05.23 10:07:00, Добавление строки. Связывание со входящим документом № 17 ЭД "Сведения о поступивших от юридических лиц платежах" № 14 ID= 1000224841. 
2024.05.23 10:07:20, Добавление строки. Связывание со входящим документом № 17 ЭД "Сведения о поступивших от юридических лиц платежах" № 14 ID= 1000224841. 
2024.05.23 10:07:39, Добавление строки. Связывание со входящим документом № 17 ЭД "Сведения о поступивших от юридических лиц платежах" № 14 ID= 1000224841. 
2024.05.23 10:07:59, Добавление строки. Связывание со входящим документом № 17 ЭД "Сведения о поступивших от юридических лиц платежах" № 14 ID= 1000224841. 
2024.05.23 10:08:19, Добавление строки. Связывание со входящим документом № 17 ЭД "Сведения о поступивших от юридических лиц платежах" № 14 ID= 1000224841. 
2024.05.23 10:08:38, Добавление строки. Связывание со входящим документом № 17 ЭД "Сведения о поступивших от юридических лиц платежах" № 14 ID= 1000224841. 
2024.05.23 10:08:58, Добавление строки. Связывание со входящим документом № 17 ЭД "Сведения о поступивших от юридических лиц платежах" № 14 ID= 1000224841. 
2024.05.23 10:09:17, Добавление строки. Связывание со входящим документом № 17 ЭД "Сведения о поступивших от юридических лиц платежах" № 14 ID= 1000224841. 
2024.05.23 10:09:37, Добавление строки. Связывание со входящим документом № 17 ЭД "Сведения о поступивших от юридических лиц платежах" № 14 ID= 1000224841. 
2024.05.23 10:09:56, Добавление строки. Связывание со входящим документом № 17 ЭД "Сведения о поступивших от юридических лиц платежах" № 14 ID= 1000224841. 
2024.05.23 10:10:16, Добавление строки. Связывание со входящим документом № 17 ЭД "Сведения о поступивших от юридических лиц платежах" № 14 ID= 1000224841. 
2024.05.23 10:10:36, Добавление строки. Связывание со входящим документом № 17 ЭД "Сведения о поступивших от юридических лиц платежах" № 14 ID= 1000224841. 
2024.05.23 10:10:55, Добавление строки. Связывание со входящим документом № 17 ЭД "Сведения о поступивших от юридических лиц платежах" № 14 ID= 1000224841. 
2024.05.23 10:11:15, Добавление строки. Связывание со входящим документом № 17 ЭД "Сведения о поступивших от юридических лиц платежах" № 14 ID= 1000224841. 
2024.05.23 10:11:34, Добавление строки. Связывание со входящим документом № 17 ЭД "Сведения о поступивших от юридических лиц платежах" № 14 ID= 1000224841. 
2024.05.23 10:11:54, Добавление строки. Связывание со входящим документом № 17 ЭД "Сведения о поступивших от юридических лиц платежах" № 14 ID= 1000224841. 
2024.05.23 10:12:15, Добавление строки. Связывание со входящим документом № 17 ЭД "Сведения о поступивших от юридических лиц платежах" № 14 ID= 1000224841. 
2024.05.23 10:12:35, Добавление строки. Связывание со входящим документом № 17 ЭД "Сведения о поступивших от юридических лиц платежах" № 14 ID= 1000224841. 
2024.05.23 10:12:53, Добавление строки. Связывание со входящим документом № 17 ЭД "Сведения о поступивших от юридических лиц платежах" № 14 ID= 1000224841. 
2024.05.23 10:13:13, Добавление строки. Связывание со входящим документом № 17 ЭД "Сведения о поступивших от юридических лиц платежах" № 14 ID= 1000224841. 
2024.05.23 10:13:32, Добавление строки. Связывание со входящим документом № 17 ЭД "Сведения о поступивших от юридических лиц платежах" № 14 ID= 1000224841. 
2024.05.23 10:13:52, Добавление строки. Связывание со входящим документом № 17 ЭД "Сведения о поступивших от юридических лиц платежах" № 14 ID= 1000224841. 
2024.05.23 10:14:11, Добавление строки. Связывание со входящим документом № 17 ЭД "Сведения о поступивших от юридических лиц платежах" № 14 ID= 1000224841. 
2024.05.23 10:14:31, Добавление строки. Связывание со входящим документом № 17 ЭД "Сведения о поступивших от юридических лиц платежах" № 14 ID= 1000224841. 
2024.05.23 10:14:51, Добавление строки. Связывание со входящим документом № 17 ЭД "Сведения о поступивших от юридических лиц платежах" № 14 ID= 1000224841. 
2024.05.23 10:15:11, Добавление строки. Связывание со входящим документом № 17 ЭД "Сведения о поступивших от юридических лиц платежах" № 14 ID= 1000224841. 
2024.05.23 10:15:31, Добавление строки. Связывание со входящим документом № 17 ЭД "Сведения о поступивших от юридических лиц платежах" № 14 ID= 1000224841. 
2024.05.23 10:15:51, Добавление строки. Связывание со входящим документом № 17 ЭД "Сведения о поступивших от юридических лиц платежах" № 14 ID= 1000224841. 
2024.05.23 10:16:11, Добавление строки. Связывание со входящим документом № 17 ЭД "Сведения о поступивших от юридических лиц платежах" № 14 ID= 1000224841. 
2024.05.23 10:16:31, Добавление строки. Связывание со входящим документом № 17 ЭД "Сведения о поступивших от юридических лиц платежах" № 14 ID= 1000224841. 
2024.05.23 10:16:54, Добавление строки. Связывание со входящим документом № 17 ЭД "Сведения о поступивших от юридических лиц платежах" № 14 ID= 1000224841. 
2024.05.23 10:17:15, Добавление строки. Связывание со входящим документом № 17 ЭД "Сведения о поступивших от юридических лиц платежах" № 14 ID= 1000224841. 
2024.05.23 10:17:37, Добавление строки. Связывание со входящим документом № 17 ЭД "Сведения о поступивших от юридических лиц платежах" № 14 ID= 1000224841. 
2024.05.23 10:17:58, Добавление строки. Связывание со входящим документом № 17 ЭД "Сведения о поступивших от юридических лиц платежах" № 14 ID= 1000224841. 
2024.05.23 10:18:18, Добавление строки. Связывание со входящим документом № 17 ЭД "Сведения о поступивших от юридических лиц платежах" № 14 ID= 1000224841. 
2024.05.23 10:18:37, Добавление строки. Связывание со входящим документом № 17 ЭД "Сведения о поступивших от юридических лиц платежах" № 14 ID= 1000224841. 
2024.05.23 10:18:55, Добавление строки. Связывание со входящим документом № 17 ЭД "Сведения о поступивших от юридических лиц платежах" № 14 ID= 1000224841. 
2024.05.23 10:19:14, Добавление строки. Связывание со входящим документом № 17 ЭД "Сведения о поступивших от юридических лиц платежах" № 14 ID= 1000224841. 
2024.05.23 10:19:33, Добавление строки. Связывание со входящим документом № 17 ЭД "Сведения о поступивших от юридических лиц платежах" № 14 ID= 1000224841. 
2024.05.23 10:19:53, Добавление строки. Связывание со входящим документом № 17 ЭД "Сведения о поступивших от юридических лиц платежах" № 14 ID= 1000224841. 
2024.05.23 10:20:13, Добавление строки. Связывание со входящим документом № 17 ЭД "Сведения о поступивших от юридических лиц платежах" № 14 ID= 1000224841. 
2024.05.23 10:20:32, Добавление строки. Связывание со входящим документом № 17 ЭД "Сведения о поступивших от юридических лиц платежах" № 14 ID= 1000224841. 
2024.05.23 10:20:51, Добавление строки. Связывание со входящим документом № 17 ЭД "Сведения о поступивших от юридических лиц платежах" № 14 ID= 1000224841. 
2024.05.23 10:21:10, Добавление строки. Связывание со входящим документом № 17 ЭД "Сведения о поступивших от юридических лиц платежах" № 14 ID= 1000224841. 
2024.05.23 10:21:28, Добавление строки. Связывание со входящим документом № 17 ЭД "Сведения о поступивших от юридических лиц платежах" № 14 ID= 1000224841. 
2024.05.23 10:21:48, Добавление строки. Связывание со входящим документом № 17 ЭД "Сведения о поступивших от юридических лиц платежах" № 14 ID= 1000224841. 
2024.05.23 10:22:07, Добавление строки. Связывание со входящим документом № 17 ЭД "Сведения о поступивших от юридических лиц платежах" № 14 ID= 1000224841. 
2024.05.23 10:22:26, Добавление строки. Связывание со входящим документом № 17 ЭД "Сведения о поступивших от юридических лиц платежах" № 14 ID= 1000224841. 
2024.05.23 10:22:46, Добавление строки. Связывание со входящим документом № 17 ЭД "Сведения о поступивших от юридических лиц платежах" № 14 ID= 1000224841. 
2024.05.23 10:23:05, Добавление строки. Связывание со входящим документом № 17 ЭД "Сведения о поступивших от юридических лиц платежах" № 14 ID= 1000224841. 
2024.05.23 10:23:24, Добавление строки. Связывание со входящим документом № 17 ЭД "Сведения о поступивших от юридических лиц платежах" № 14 ID= 1000224841. 
2024.05.23 10:23:43, Добавление строки. Связывание со входящим документом № 17 ЭД "Сведения о поступивших от юридических лиц платежах" № 14 ID= 1000224841. 
2024.05.23 10:24:03, Добавление строки. Связывание со входящим документом № 17 ЭД "Сведения о поступивших от юридических лиц платежах" № 14 ID= 1000224841. 
2024.05.23 10:24:22, Добавление строки. Связывание со входящим документом № 17 ЭД "Сведения о поступивших от юридических лиц платежах" № 14 ID= 1000224841. 
2024.05.23 10:24:42, Добавление строки. Связывание со входящим документом № 17 ЭД "Сведения о поступивших от юридических лиц платежах" № 14 ID= 1000224841. 
2024.05.23 10:25:02, Добавление строки. Связывание со входящим документом № 17 ЭД "Сведения о поступивших от юридических лиц платежах" № 14 ID= 1000224841. 
2024.05.23 10:25:23, Добавление строки. Связывание со входящим документом № 17 ЭД "Сведения о поступивших от юридических лиц платежах" № 14 ID= 1000224841. 
2024.05.23 10:25:45, Добавление строки. Связывание со входящим документом № 17 ЭД "Сведения о поступивших от юридических лиц платежах" № 14 ID= 1000224841. 
2024.05.23 10:26:09, Добавление строки. Связывание со входящим документом № 17 ЭД "Сведения о поступивших от юридических лиц платежах" № 14 ID= 1000224841. 
2024.05.23 10:26:30, Добавление строки. Связывание со входящим документом № 17 ЭД "Сведения о поступивших от юридических лиц платежах" № 14 ID= 1000224841. 
2024.05.23 10:26:50, Добавление строки. Связывание со входящим документом № 17 ЭД "Сведения о поступивших от юридических лиц платежах" № 14 ID= 1000224841. 
2024.05.23 10:27:10, Добавление строки. Связывание со входящим документом № 17 ЭД "Сведения о поступивших от юридических лиц платежах" № 14 ID= 1000224841. 
2024.05.23 10:27:28, Добавление строки. Связывание со входящим документом № 17 ЭД "Сведения о поступивших от юридических лиц платежах" № 14 ID= 1000224841. 
2024.05.23 10:27:49, Добавление строки. Связывание со входящим документом № 17 ЭД "Сведения о поступивших от юридических лиц платежах" № 14 ID= 1000224841. 
2024.05.23 10:28:21, Добавление строки. Связывание со входящим документом № 17 ЭД "Сведения о поступивших от юридических лиц платежах" № 14 ID= 1000224841. 
2024.05.23 10:28:43, Добавление строки. Связывание со входящим документом № 17 ЭД "Сведения о поступивших от юридических лиц платежах" № 14 ID= 1000224841. 
2024.05.23 10:29:05, Добавление строки. Связывание со входящим документом № 17 ЭД "Сведения о поступивших от юридических лиц платежах" № 14 ID= 1000224841. 
2024.05.23 10:29:28, Добавление строки. Связывание со входящим документом № 17 ЭД "Сведения о поступивших от юридических лиц платежах" № 14 ID= 1000224841. 
2024.05.23 10:29:52, Добавление строки. Связывание со входящим документом № 17 ЭД "Сведения о поступивших от юридических лиц платежах" № 14 ID= 1000224841. 
2024.05.23 10:30:18, Добавление строки. Связывание со входящим документом № 17 ЭД "Сведения о поступивших от юридических лиц платежах" № 14 ID= 1000224841. 
2024.05.23 10:30:47, Добавление строки. Связывание со входящим документом № 17 ЭД "Сведения о поступивших от юридических лиц платежах" № 14 ID= 1000224841. 
2024.05.23 10:31:18, Добавление строки. Связывание со входящим документом № 17 ЭД "Сведения о поступивших от юридических лиц платежах" № 14 ID= 1000224841. 
2024.05.23 10:31:50, Добавление строки. Связывание со входящим документом № 17 ЭД "Сведения о поступивших от юридических лиц платежах" № 14 ID= 1000224841. 
2024.05.23 10:32:21, Добавление строки. Связывание со входящим документом № 17 ЭД "Сведения о поступивших от юридических лиц платежах" № 14 ID= 1000224841. 
2024.05.23 10:32:53, Добавление строки. Связывание со входящим документом № 17 ЭД "Сведения о поступивших от юридических лиц платежах" № 14 ID= 1000224841. 
2024.05.23 10:33:23, Добавление строки. Связывание со входящим документом № 17 ЭД "Сведения о поступивших от юридических лиц платежах" № 14 ID= 1000224841. 
2024.05.23 10:33:54, Добавление строки. Связывание со входящим документом № 17 ЭД "Сведения о поступивших от юридических лиц платежах" № 14 ID= 1000224841. 
2024.05.23 10:34:26, Добавление строки. Связывание со входящим документом № 17 ЭД "Сведения о поступивших от юридических лиц платежах" № 14 ID= 1000224841. 
2024.05.23 10:34:58, Добавление строки. Связывание со входящим документом № 17 ЭД "Сведения о поступивших от юридических лиц платежах" № 14 ID= 1000224841. 
2024.05.23 10:35:29, Добавление строки. Связывание со входящим документом № 17 ЭД "Сведения о поступивших от юридических лиц платежах" № 14 ID= 1000224841. 
2024.05.23 10:36:01, Добавление строки. Связывание со входящим документом № 17 ЭД "Сведения о поступивших от юридических лиц платежах" № 14 ID= 1000224841. 
2024.05.23 10:36:34, Добавление строки. Связывание со входящим документом № 17 ЭД "Сведения о поступивших от юридических лиц платежах" № 14 ID= 1000224841. 
2024.05.23 10:37:08, Добавление строки. Связывание со входящим документом № 17 ЭД "Сведения о поступивших от юридических лиц платежах" № 14 ID= 1000224841. 
2024.05.23 10:37:42, Добавление строки. Связывание со входящим документом № 17 ЭД "Сведения о поступивших от юридических лиц платежах" № 14 ID= 1000224841. 
2024.05.23 10:38:15, Добавление строки. Связывание со входящим документом № 17 ЭД "Сведения о поступивших от юридических лиц платежах" № 14 ID= 1000224841. 
2024.05.23 10:38:52, Добавление строки. Связывание со входящим документом № 17 ЭД "Сведения о поступивших от юридических лиц платежах" № 14 ID= 1000224841. 
2024.05.23 10:39:26, Добавление строки. Связывание со входящим документом № 17 ЭД "Сведения о поступивших от юридических лиц платежах" № 14 ID= 1000224841. 
2024.05.23 10:39:57, Добавление строки. Связывание со входящим документом № 17 ЭД "Сведения о поступивших от юридических лиц платежах" № 14 ID= 1000224841. 
2024.05.23 10:40:28, Добавление строки. Связывание со входящим документом № 17 ЭД "Сведения о поступивших от юридических лиц платежах" № 14 ID= 1000224841. 
2024.05.23 10:40:59, Добавление строки. Связывание со входящим документом № 17 ЭД "Сведения о поступивших от юридических лиц платежах" № 14 ID= 1000224841. 
2024.05.23 10:41:31, Добавление строки. Связывание со входящим документом № 17 ЭД "Сведения о поступивших от юридических лиц платежах" № 14 ID= 1000224841. 
2024.05.23 10:42:02, Добавление строки. Связывание со входящим документом № 17 ЭД "Сведения о поступивших от юридических лиц платежах" № 14 ID= 1000224841. 
2024.05.23 10:42:33, Добавление строки. Связывание со входящим документом № 17 ЭД "Сведения о поступивших от юридических лиц платежах" № 14 ID= 1000224841. 
2024.05.23 10:43:04, Добавление строки. Связывание со входящим документом № 17 ЭД "Сведения о поступивших от юридических лиц платежах" № 14 ID= 1000224841. 
2024.05.23 10:43:35, Добавление строки. Связывание со входящим документом № 17 ЭД "Сведения о поступивших от юридических лиц платежах" № 14 ID= 1000224841. 
2024.05.23 10:44:05, Добавление строки. Связывание со входящим документом № 17 ЭД "Сведения о поступивших от юридических лиц платежах" № 14 ID= 1000224841. 
2024.05.23 10:44:34, Добавление строки. Связывание со входящим документом № 17 ЭД "Сведения о поступивших от юридических лиц платежах" № 14 ID= 1000224841. 
2024.05.23 10:45:02, Добавление строки. Связывание со входящим документом № 17 ЭД "Сведения о поступивших от юридических лиц платежах" № 14 ID= 1000224841. 
2024.05.23 10:45:32, Добавление строки. Связывание со входящим документом № 17 ЭД "Сведения о поступивших от юридических лиц платежах" № 14 ID= 1000224841. 
2024.05.23 10:46:04, Добавление строки. Связывание со входящим документом № 17 ЭД "Сведения о поступивших от юридических лиц платежах" № 14 ID= 1000224841. 
2024.05.23 10:46:25, Добавление строки. Связывание со входящим документом № 17 ЭД "Сведения о поступивших от юридических лиц платежах" № 14 ID= 1000224841. 
2024.05.23 10:46:46, Добавление строки. Связывание со входящим документом № 17 ЭД "Сведения о поступивших от юридических лиц платежах" № 14 ID= 1000224841. 
2024.05.23 10:47:06, Добавление строки. Связывание со входящим документом № 17 ЭД "Сведения о поступивших от юридических лиц платежах" № 14 ID= 1000224841. 
2024.05.23 10:47:43, Добавление строки. Связывание со входящим документом № 17 ЭД "Сведения о поступивших от юридических лиц платежах" № 14 ID= 1000224841. 
2024.05.23 10:48:02, Добавление строки. Связывание со входящим документом № 17 ЭД "Сведения о поступивших от юридических лиц платежах" № 14 ID= 1000224841. 
2024.05.23 10:48:21, Добавление строки. Связывание со входящим документом № 17 ЭД "Сведения о поступивших от юридических лиц платежах" № 14 ID= 1000224841. 
2024.05.23 10:48:40, Добавление строки. Связывание со входящим документом № 17 ЭД "Сведения о поступивших от юридических лиц платежах" № 14 ID= 1000224841. 
2024.05.23 10:48:59, Добавление строки. Связывание со входящим документом № 17 ЭД "Сведения о поступивших от юридических лиц платежах" № 14 ID= 1000224841. 
2024.05.23 10:49:18, Добавление строки. Связывание со входящим документом № 17 ЭД "Сведения о поступивших от юридических лиц платежах" № 14 ID= 1000224841. 
2024.05.23 10:49:37, Добавление строки. Связывание со входящим документом № 17 ЭД "Сведения о поступивших от юридических лиц платежах" № 14 ID= 1000224841. 
2024.05.23 10:49:56, Добавление строки. Связывание со входящим документом № 17 ЭД "Сведения о поступивших от юридических лиц платежах" № 14 ID= 1000224841. 
2024.05.23 10:50:15, Добавление строки. Связывание со входящим документом № 17 ЭД "Сведения о поступивших от юридических лиц платежах" № 14 ID= 1000224841. 
2024.05.23 10:50:34, Добавление строки. Связывание со входящим документом № 17 ЭД "Сведения о поступивших от юридических лиц платежах" № 14 ID= 1000224841. 
2024.05.23 10:50:53, Добавление строки. Связывание со входящим документом № 17 ЭД "Сведения о поступивших от юридических лиц платежах" № 14 ID= 1000224841. 
2024.05.23 10:51:12, Добавление строки. Связывание со входящим документом № 17 ЭД "Сведения о поступивших от юридических лиц платежах" № 14 ID= 1000224841. 
2024.05.23 10:51:32, Добавление строки. Связывание со входящим документом № 17 ЭД "Сведения о поступивших от юридических лиц платежах" № 14 ID= 1000224841. 
2024.05.23 10:51:50, Добавление строки. Связывание со входящим документом № 17 ЭД "Сведения о поступивших от юридических лиц платежах" № 14 ID= 1000224841. 
2024.05.23 10:52:10, Добавление строки. Связывание со входящим документом № 17 ЭД "Сведения о поступивших от юридических лиц платежах" № 14 ID= 1000224841. 
2024.05.23 10:52:30, Добавление строки. Связывание со входящим документом № 17 ЭД "Сведения о поступивших от юридических лиц платежах" № 14 ID= 1000224841. 
2024.05.23 10:52:49, Добавление строки. Связывание со входящим документом № 17 ЭД "Сведения о поступивших от юридических лиц платежах" № 14 ID= 1000224841. 
2024.05.23 10:53:09, Добавление строки. Связывание со входящим документом № 17 ЭД "Сведения о поступивших от юридических лиц платежах" № 14 ID= 1000224841. 
2024.05.23 10:53:28, Добавление строки. Связывание со входящим документом № 17 ЭД "Сведения о поступивших от юридических лиц платежах" № 14 ID= 1000224841. 
2024.05.23 10:53:48, Добавление строки. Связывание со входящим документом № 17 ЭД "Сведения о поступивших от юридических лиц платежах" № 14 ID= 1000224841. 
2024.05.23 10:54:07, Добавление строки. Связывание со входящим документом № 17 ЭД "Сведения о поступивших от юридических лиц платежах" № 14 ID= 1000224841. 
2024.05.23 10:54:27, Добавление строки. Связывание со входящим документом № 17 ЭД "Сведения о поступивших от юридических лиц платежах" № 14 ID= 1000224841. 
2024.05.23 10:54:46, Добавление строки. Связывание со входящим документом № 17 ЭД "Сведения о поступивших от юридических лиц платежах" № 14 ID= 1000224841. 
2024.05.23 10:55:09, Добавление строки. Связывание со входящим документом № 17 ЭД "Сведения о поступивших от юридических лиц платежах" № 14 ID= 1000224841. 
2024.05.23 10:55:33, Добавление строки. Связывание со входящим документом № 17 ЭД "Сведения о поступивших от юридических лиц платежах" № 14 ID= 1000224841. 
2024.05.23 10:55:53, Добавление строки. Связывание со входящим документом № 17 ЭД "Сведения о поступивших от юридических лиц платежах" № 14 ID= 1000224841. 
2024.05.23 10:56:12, Добавление строки. Связывание со входящим документом № 17 ЭД "Сведения о поступивших от юридических лиц платежах" № 14 ID= 1000224841. 
2024.05.23 10:56:32, Добавление строки. Связывание со входящим документом № 17 ЭД "Сведения о поступивших от юридических лиц платежах" № 14 ID= 1000224841. 
2024.05.23 10:56:51, Добавление строки. Связывание со входящим документом № 17 ЭД "Сведения о поступивших от юридических лиц платежах" № 14 ID= 1000224841. 
2024.05.23 10:57:12, Добавление строки. Связывание со входящим документом № 17 ЭД "Сведения о поступивших от юридических лиц платежах" № 14 ID= 1000224841. 
2024.05.23 10:57:32, Добавление строки. Связывание со входящим документом № 17 ЭД "Сведения о поступивших от юридических лиц платежах" № 14 ID= 1000224841. 
2024.05.23 10:57:56, Добавление строки. Связывание со входящим документом № 17 ЭД "Сведения о поступивших от юридических лиц платежах" № 14 ID= 1000224841. 
2024.05.23 10:58:16, Добавление строки. Связывание со входящим документом № 17 ЭД "Сведения о поступивших от юридических лиц платежах" № 14 ID= 1000224841. 
2024.05.23 10:58:36, Добавление строки. Связывание со входящим документом № 17 ЭД "Сведения о поступивших от юридических лиц платежах" № 14 ID= 1000224841. 
2024.05.23 10:58:57, Добавление строки. Связывание со входящим документом № 17 ЭД "Сведения о поступивших от юридических лиц платежах" № 14 ID= 1000224841. 
2024.05.23 10:59:16, Добавление строки. Связывание со входящим документом № 17 ЭД "Сведения о поступивших от юридических лиц платежах" № 14 ID= 1000224841. 
2024.05.23 10:59:35, Добавление строки. Связывание со входящим документом № 17 ЭД "Сведения о поступивших от юридических лиц платежах" № 14 ID= 1000224841. 
2024.05.23 10:59:54, Добавление строки. Связывание со входящим документом № 17 ЭД "Сведения о поступивших от юридических лиц платежах" № 14 ID= 1000224841. 
2024.05.23 11:00:14, Добавление строки. Связывание со входящим документом № 17 ЭД "Сведения о поступивших от юридических лиц платежах" № 14 ID= 1000224841. 
2024.05.23 11:00:34, Добавление строки. Связывание со входящим документом № 17 ЭД "Сведения о поступивших от юридических лиц платежах" № 14 ID= 1000224841. 
2024.05.23 11:00:53, Добавление строки. Связывание со входящим документом № 17 ЭД "Сведения о поступивших от юридических лиц платежах" № 14 ID= 1000224841. 
2024.05.23 11:01:12, Добавление строки. Связывание со входящим документом № 17 ЭД "Сведения о поступивших от юридических лиц платежах" № 14 ID= 1000224841. 
2024.05.23 11:01:32, Добавление строки. Связывание со входящим документом № 17 ЭД "Сведения о поступивших от юридических лиц платежах" № 14 ID= 1000224841. 
2024.05.23 11:01:52, Добавление строки. Связывание со входящим документом № 17 ЭД "Сведения о поступивших от юридических лиц платежах" № 14 ID= 1000224841. 
2024.05.23 11:02:11, Добавление строки. Связывание со входящим документом № 17 ЭД "Сведения о поступивших от юридических лиц платежах" № 14 ID= 1000224841. 
2024.05.23 11:02:31, Добавление строки. Связывание со входящим документом № 17 ЭД "Сведения о поступивших от юридических лиц платежах" № 14 ID= 1000224841. 
2024.05.23 11:02:50, Добавление строки. Связывание со входящим документом № 17 ЭД "Сведения о поступивших от юридических лиц платежах" № 14 ID= 1000224841. 
2024.05.23 11:03:09, Добавление строки. Связывание со входящим документом № 17 ЭД "Сведения о поступивших от юридических лиц платежах" № 14 ID= 1000224841. 
2024.05.23 11:03:28, Добавление строки. Связывание со входящим документом № 17 ЭД "Сведения о поступивших от юридических лиц платежах" № 14 ID= 1000224841. 
2024.05.23 11:03:47, Добавление строки. Связывание со входящим документом № 17 ЭД "Сведения о поступивших от юридических лиц платежах" № 14 ID= 1000224841. 
2024.05.23 11:04:06, Добавление строки. Связывание со входящим документом № 17 ЭД "Сведения о поступивших от юридических лиц платежах" № 14 ID= 1000224841. 
2024.05.23 11:04:25, Добавление строки. Связывание со входящим документом № 17 ЭД "Сведения о поступивших от юридических лиц платежах" № 14 ID= 1000224841. 
2024.05.23 11:04:44, Добавление строки. Связывание со входящим документом № 17 ЭД "Сведения о поступивших от юридических лиц платежах" № 14 ID= 1000224841. 
2024.05.23 11:05:09, Добавление строки. Связывание со входящим документом № 17 ЭД "Сведения о поступивших от юридических лиц платежах" № 14 ID= 1000224841. 
2024.05.23 11:05:40, Добавление строки. Связывание со входящим документом № 17 ЭД "Сведения о поступивших от юридических лиц платежах" № 14 ID= 1000224841. 
2024.05.23 11:06:00, Добавление строки. Связывание со входящим документом № 17 ЭД "Сведения о поступивших от юридических лиц платежах" № 14 ID= 1000224841. 
2024.05.23 11:06:34, Добавление строки. Связывание со входящим документом № 17 ЭД "Сведения о поступивших от юридических лиц платежах" № 14 ID= 1000224841. 
2024.05.23 11:07:04, Добавление строки. Связывание со входящим документом № 17 ЭД "Сведения о поступивших от юридических лиц платежах" № 14 ID= 1000224841. 
2024.05.23 11:07:40, Добавление строки. Связывание со входящим документом № 17 ЭД "Сведения о поступивших от юридических лиц платежах" № 14 ID= 1000224841. 
2024.05.23 11:08:05, Добавление строки. Связывание со входящим документом № 17 ЭД "Сведения о поступивших от юридических лиц платежах" № 14 ID= 1000224841. 
2024.05.23 11:08:39, Добавление строки. Связывание со входящим документом № 17 ЭД "Сведения о поступивших от юридических лиц платежах" № 14 ID= 1000224841. 
2024.05.23 11:09:08, Добавление строки. Связывание со входящим документом № 17 ЭД "Сведения о поступивших от юридических лиц платежах" № 14 ID= 1000224841. 
2024.05.23 11:09:27, Добавление строки. Связывание со входящим документом № 17 ЭД "Сведения о поступивших от юридических лиц платежах" № 14 ID= 1000224841. 
2024.05.23 11:09:49, Добавление строки. Связывание со входящим документом № 17 ЭД "Сведения о поступивших от юридических лиц платежах" № 14 ID= 1000224841. 
2024.05.23 11:10:14, Добавление строки. Связывание со входящим документом № 17 ЭД "Сведения о поступивших от юридических лиц платежах" № 14 ID= 1000224841. 
2024.05.23 11:10:41, Добавление строки. Связывание со входящим документом № 17 ЭД "Сведения о поступивших от юридических лиц платежах" № 14 ID= 1000224841. 
2024.05.23 11:11:01, Добавление строки. Связывание со входящим документом № 17 ЭД "Сведения о поступивших от юридических лиц платежах" № 14 ID= 1000224841. 
2024.05.23 11:11:36, Добавление строки. Связывание со входящим документом № 17 ЭД "Сведения о поступивших от юридических лиц платежах" № 14 ID= 1000224841. 
2024.05.23 11:11:56, Добавление строки. Связывание со входящим документом № 17 ЭД "Сведения о поступивших от юридических лиц платежах" № 14 ID= 1000224841. 
2024.05.23 11:12:15, Добавление строки. Связывание со входящим документом № 17 ЭД "Сведения о поступивших от юридических лиц платежах" № 14 ID= 1000224841. 
2024.05.23 11:12:35, Добавление строки. Связывание со входящим документом № 17 ЭД "Сведения о поступивших от юридических лиц платежах" № 14 ID= 1000224841. 
2024.05.23 11:12:56, Добавление строки. Связывание со входящим документом № 17 ЭД "Сведения о поступивших от юридических лиц платежах" № 14 ID= 1000224841. 
2024.05.23 11:13:17, Добавление строки. Связывание со входящим документом № 17 ЭД "Сведения о поступивших от юридических лиц платежах" № 14 ID= 1000224841. 
2024.05.23 11:13:36, Добавление строки. Связывание со входящим документом № 17 ЭД "Сведения о поступивших от юридических лиц платежах" № 14 ID= 1000224841. 
2024.05.23 11:13:56, Добавление строки. Связывание со входящим документом № 17 ЭД "Сведения о поступивших от юридических лиц платежах" № 14 ID= 1000224841. 
2024.05.23 11:14:16, Добавление строки. Связывание со входящим документом № 17 ЭД "Сведения о поступивших от юридических лиц платежах" № 14 ID= 1000224841. 
2024.05.23 11:14:37, Добавление строки. Связывание со входящим документом № 17 ЭД "Сведения о поступивших от юридических лиц платежах" № 14 ID= 1000224841. 
2024.05.23 11:14:58, Добавление строки. Связывание со входящим документом № 17 ЭД "Сведения о поступивших от юридических лиц платежах" № 14 ID= 1000224841. 
2024.05.23 11:15:17, Добавление строки. Связывание со входящим документом № 17 ЭД "Сведения о поступивших от юридических лиц платежах" № 14 ID= 1000224841. 
2024.05.23 11:15:37, Добавление строки. Связывание со входящим документом № 17 ЭД "Сведения о поступивших от юридических лиц платежах" № 14 ID= 1000224841. 
2024.05.23 11:15:57, Добавление строки. Связывание со входящим документом № 17 ЭД "Сведения о поступивших от юридических лиц платежах" № 14 ID= 1000224841. 
2024.05.23 11:16:17, Добавление строки. Связывание со входящим документом № 17 ЭД "Сведения о поступивших от юридических лиц платежах" № 14 ID= 1000224841. 
2024.05.23 11:16:37, Добавление строки. Связывание со входящим документом № 17 ЭД "Сведения о поступивших от юридических лиц платежах" № 14 ID= 1000224841. 
2024.05.23 11:16:57, Добавление строки. Связывание со входящим документом № 17 ЭД "Сведения о поступивших от юридических лиц платежах" № 14 ID= 1000224841. 
2024.05.23 11:17:17, Добавление строки. Связывание со входящим документом № 17 ЭД "Сведения о поступивших от юридических лиц платежах" № 14 ID= 1000224841. 
2024.05.23 11:17:41, Добавление строки. Связывание со входящим документом № 17 ЭД "Сведения о поступивших от юридических лиц платежах" № 14 ID= 1000224841. 
2024.05.23 11:18:00, Добавление строки. Связывание со входящим документом № 17 ЭД "Сведения о поступивших от юридических лиц платежах" № 14 ID= 1000224841. 
2024.05.23 11:18:20, Добавление строки. Связывание со входящим документом № 17 ЭД "Сведения о поступивших от юридических лиц платежах" № 14 ID= 1000224841. 
2024.05.23 11:18:40, Добавление строки. Связывание со входящим документом № 17 ЭД "Сведения о поступивших от юридических лиц платежах" № 14 ID= 1000224841. 
2024.05.23 11:19:03, Добавление строки. Связывание со входящим документом № 17 ЭД "Сведения о поступивших от юридических лиц платежах" № 14 ID= 1000224841. 
2024.05.23 11:19:25, Добавление строки. Связывание со входящим документом № 17 ЭД "Сведения о поступивших от юридических лиц платежах" № 14 ID= 1000224841. 
2024.05.23 11:19:51, Добавление строки. Связывание со входящим документом № 17 ЭД "Сведения о поступивших от юридических лиц платежах" № 14 ID= 1000224841. 
2024.05.23 11:20:10, Добавление строки. Связывание со входящим документом № 17 ЭД "Сведения о поступивших от юридических лиц платежах" № 14 ID= 1000224841. 
2024.05.23 11:20:30, Добавление строки. Связывание со входящим документом № 17 ЭД "Сведения о поступивших от юридических лиц платежах" № 14 ID= 1000224841. 
2024.05.23 11:20:49, Добавление строки. Связывание со входящим документом № 17 ЭД "Сведения о поступивших от юридических лиц платежах" № 14 ID= 1000224841. 
2024.05.23 11:21:08, Добавление строки. Связывание со входящим документом № 17 ЭД "Сведения о поступивших от юридических лиц платежах" № 14 ID= 1000224841. 
2024.05.23 11:21:28, Добавление строки. Связывание со входящим документом № 17 ЭД "Сведения о поступивших от юридических лиц платежах" № 14 ID= 1000224841. 
2024.05.23 11:21:47, Добавление строки. Связывание со входящим документом № 17 ЭД "Сведения о поступивших от юридических лиц платежах" № 14 ID= 1000224841. 
2024.05.23 11:22:08, Добавление строки. Связывание со входящим документом № 17 ЭД "Сведения о поступивших от юридических лиц платежах" № 14 ID= 1000224841. 
2024.05.23 11:22:28, Добавление строки. Связывание со входящим документом № 17 ЭД "Сведения о поступивших от юридических лиц платежах" № 14 ID= 1000224841. 
2024.05.23 11:22:46, Добавление строки. Связывание со входящим документом № 17 ЭД "Сведения о поступивших от юридических лиц платежах" № 14 ID= 1000224841. 
2024.05.23 11:23:06, Добавление строки. Связывание со входящим документом № 17 ЭД "Сведения о поступивших от юридических лиц платежах" № 14 ID= 1000224841. 
2024.05.23 11:23:27, Добавление строки. Связывание со входящим документом № 17 ЭД "Сведения о поступивших от юридических лиц платежах" № 14 ID= 1000224841. 
2024.05.23 11:23:46, Добавление строки. Связывание со входящим документом № 17 ЭД "Сведения о поступивших от юридических лиц платежах" № 14 ID= 1000224841. 
2024.05.23 11:24:08, Добавление строки. Связывание со входящим документом № 17 ЭД "Сведения о поступивших от юридических лиц платежах" № 14 ID= 1000224841. 
2024.05.23 11:24:28, Добавление строки. Связывание со входящим документом № 17 ЭД "Сведения о поступивших от юридических лиц платежах" № 14 ID= 1000224841. 
2024.05.23 11:24:47, Добавление строки. Связывание со входящим документом № 17 ЭД "Сведения о поступивших от юридических лиц платежах" № 14 ID= 1000224841. 
2024.05.23 11:25:08, Добавление строки. Связывание со входящим документом № 17 ЭД "Сведения о поступивших от юридических лиц платежах" № 14 ID= 1000224841. 
2024.05.23 11:25:28, Добавление строки. Связывание со входящим документом № 17 ЭД "Сведения о поступивших от юридических лиц платежах" № 14 ID= 1000224841. 
2024.05.23 11:25:47, Добавление строки. Связывание со входящим документом № 17 ЭД "Сведения о поступивших от юридических лиц платежах" № 14 ID= 1000224841. 
2024.05.23 11:26:09, Добавление строки. Связывание со входящим документом № 17 ЭД "Сведения о поступивших от юридических лиц платежах" № 14 ID= 1000224841. 
2024.05.23 11:26:30, Добавление строки. Связывание со входящим документом № 17 ЭД "Сведения о поступивших от юридических лиц платежах" № 14 ID= 1000224841. 
2024.05.23 11:26:50, Добавление строки. Связывание со входящим документом № 17 ЭД "Сведения о поступивших от юридических лиц платежах" № 14 ID= 1000224841. 
2024.05.23 11:27:09, Добавление строки. Связывание со входящим документом № 17 ЭД "Сведения о поступивших от юридических лиц платежах" № 14 ID= 1000224841. 
2024.05.23 11:27:29, Добавление строки. Связывание со входящим документом № 17 ЭД "Сведения о поступивших от юридических лиц платежах" № 14 ID= 1000224841. 
2024.05.23 11:27:49, Добавление строки. Связывание со входящим документом № 17 ЭД "Сведения о поступивших от юридических лиц платежах" № 14 ID= 1000224841. 
2024.05.23 11:28:09, Добавление строки. Связывание со входящим документом № 17 ЭД "Сведения о поступивших от юридических лиц платежах" № 14 ID= 1000224841. 
2024.05.23 11:28:29, Добавление строки. Связывание со входящим документом № 17 ЭД "Сведения о поступивших от юридических лиц платежах" № 14 ID= 1000224841. 
2024.05.23 11:28:48, Добавление строки. Связывание со входящим документом № 17 ЭД "Сведения о поступивших от юридических лиц платежах" № 14 ID= 1000224841. 
2024.05.23 11:29:11, Добавление строки. Связывание со входящим документом № 17 ЭД "Сведения о поступивших от юридических лиц платежах" № 14 ID= 1000224841. 
2024.05.23 11:29:31, Добавление строки. Связывание со входящим документом № 17 ЭД "Сведения о поступивших от юридических лиц платежах" № 14 ID= 1000224841. 
2024.05.23 11:29:50, Добавление строки. Связывание со входящим документом № 17 ЭД "Сведения о поступивших от юридических лиц платежах" № 14 ID= 1000224841. 
2024.05.23 11:30:10, Добавление строки. Связывание со входящим документом № 17 ЭД "Сведения о поступивших от юридических лиц платежах" № 14 ID= 1000224841. 
2024.05.23 11:30:30, Добавление строки. Связывание со входящим документом № 17 ЭД "Сведения о поступивших от юридических лиц платежах" № 14 ID= 1000224841. 
2024.05.23 11:30:50, Добавление строки. Связывание со входящим документом № 17 ЭД "Сведения о поступивших от юридических лиц платежах" № 14 ID= 1000224841. 
2024.05.23 11:31:09, Добавление строки. Связывание со входящим документом № 17 ЭД "Сведения о поступивших от юридических лиц платежах" № 14 ID= 1000224841. 
2024.05.23 11:31:28, Добавление строки. Связывание со входящим документом № 17 ЭД "Сведения о поступивших от юридических лиц платежах" № 14 ID= 1000224841. 
2024.05.23 11:31:48, Добавление строки. Связывание со входящим документом № 17 ЭД "Сведения о поступивших от юридических лиц платежах" № 14 ID= 1000224841. 
2024.05.23 11:32:08, Добавление строки. Связывание со входящим документом № 17 ЭД "Сведения о поступивших от юридических лиц платежах" № 14 ID= 1000224841. 
2024.05.23 11:32:28, Добавление строки. Связывание со входящим документом № 17 ЭД "Сведения о поступивших от юридических лиц платежах" № 14 ID= 1000224841. 
2024.05.23 11:32:48, Добавление строки. Связывание со входящим документом № 17 ЭД "Сведения о поступивших от юридических лиц платежах" № 14 ID= 1000224841. 
2024.05.23 11:33:11, Добавление строки. Связывание со входящим документом № 17 ЭД "Сведения о поступивших от юридических лиц платежах" № 14 ID= 1000224841. 
2024.05.23 11:33:31, Добавление строки. Связывание со входящим документом № 17 ЭД "Сведения о поступивших от юридических лиц платежах" № 14 ID= 1000224841. 
2024.05.23 11:33:53, Добавление строки. Связывание со входящим документом № 17 ЭД "Сведения о поступивших от юридических лиц платежах" № 14 ID= 1000224841. 
2024.05.23 11:34:17, Добавление строки. Связывание со входящим документом № 17 ЭД "Сведения о поступивших от юридических лиц платежах" № 14 ID= 1000224841. 
2024.05.23 11:34:38, Добавление строки. Связывание со входящим документом № 17 ЭД "Сведения о поступивших от юридических лиц платежах" № 14 ID= 1000224841. 
2024.05.23 11:34:58, Добавление строки. Связывание со входящим документом № 17 ЭД "Сведения о поступивших от юридических лиц платежах" № 14 ID= 1000224841. 
2024.05.23 11:35:18, Добавление строки. Связывание со входящим документом № 17 ЭД "Сведения о поступивших от юридических лиц платежах" № 14 ID= 1000224841. 
2024.05.23 11:35:38, Добавление строки. Связывание со входящим документом № 17 ЭД "Сведения о поступивших от юридических лиц платежах" № 14 ID= 1000224841. 
2024.05.23 11:35:58, Добавление строки. Связывание со входящим документом № 17 ЭД "Сведения о поступивших от юридических лиц платежах" № 14 ID= 1000224841. 
2024.05.23 11:36:17, Добавление строки. Связывание со входящим документом № 17 ЭД "Сведения о поступивших от юридических лиц платежах" № 14 ID= 1000224841. 
2024.05.23 11:36:37, Добавление строки. Связывание со входящим документом № 17 ЭД "Сведения о поступивших от юридических лиц платежах" № 14 ID= 1000224841. 
2024.05.23 11:36:57, Добавление строки. Связывание со входящим документом № 17 ЭД "Сведения о поступивших от юридических лиц платежах" № 14 ID= 1000224841. 
2024.05.23 11:37:18, Добавление строки. Связывание со входящим документом № 17 ЭД "Сведения о поступивших от юридических лиц платежах" № 14 ID= 1000224841. 
2024.05.23 11:37:39, Добавление строки. Связывание со входящим документом № 17 ЭД "Сведения о поступивших от юридических лиц платежах" № 14 ID= 1000224841. 
2024.05.23 11:37:59, Добавление строки. Связывание со входящим документом № 17 ЭД "Сведения о поступивших от юридических лиц платежах" № 14 ID= 1000224841. 
2024.05.23 11:38:19, Добавление строки. Связывание со входящим документом № 17 ЭД "Сведения о поступивших от юридических лиц платежах" № 14 ID= 1000224841. 
2024.05.23 11:38:42, Добавление строки. Связывание со входящим документом № 17 ЭД "Сведения о поступивших от юридических лиц платежах" № 14 ID= 1000224841. 
2024.05.23 11:39:04, Добавление строки. Связывание со входящим документом № 17 ЭД "Сведения о поступивших от юридических лиц платежах" № 14 ID= 1000224841. 
2024.05.23 11:39:24, Добавление строки. Связывание со входящим документом № 17 ЭД "Сведения о поступивших от юридических лиц платежах" № 14 ID= 1000224841. 
2024.05.23 11:39:46, Добавление строки. Связывание со входящим документом № 17 ЭД "Сведения о поступивших от юридических лиц платежах" № 14 ID= 1000224841. 
2024.05.23 11:40:07, Добавление строки. Связывание со входящим документом № 17 ЭД "Сведения о поступивших от юридических лиц платежах" № 14 ID= 1000224841. 
2024.05.23 11:40:27, Добавление строки. Связывание со входящим документом № 17 ЭД "Сведения о поступивших от юридических лиц платежах" № 14 ID= 1000224841. 
2024.05.23 11:40:48, Добавление строки. Связывание со входящим документом № 17 ЭД "Сведения о поступивших от юридических лиц платежах" № 14 ID= 1000224841. 
2024.05.23 11:41:08, Добавление строки. Связывание со входящим документом № 17 ЭД "Сведения о поступивших от юридических лиц платежах" № 14 ID= 1000224841. 
2024.05.23 11:41:28, Добавление строки. Связывание со входящим документом № 17 ЭД "Сведения о поступивших от юридических лиц платежах" № 14 ID= 1000224841. 
2024.05.23 11:41:49, Добавление строки. Связывание со входящим документом № 17 ЭД "Сведения о поступивших от юридических лиц платежах" № 14 ID= 1000224841. 
2024.05.23 11:42:08, Добавление строки. Связывание со входящим документом № 17 ЭД "Сведения о поступивших от юридических лиц платежах" № 14 ID= 1000224841. 
2024.05.23 11:42:27, Добавление строки. Связывание со входящим документом № 17 ЭД "Сведения о поступивших от юридических лиц платежах" № 14 ID= 1000224841. 
2024.05.23 11:42:47, Добавление строки. Связывание со входящим документом № 17 ЭД "Сведения о поступивших от юридических лиц платежах" № 14 ID= 1000224841. 
2024.05.23 11:43:07, Добавление строки. Связывание со входящим документом № 17 ЭД "Сведения о поступивших от юридических лиц платежах" № 14 ID= 1000224841. 
2024.05.23 11:43:28, Добавление строки. Связывание со входящим документом № 17 ЭД "Сведения о поступивших от юридических лиц платежах" № 14 ID= 1000224841. 
2024.05.23 11:43:48, Добавление строки. Связывание со входящим документом № 17 ЭД "Сведения о поступивших от юридических лиц платежах" № 14 ID= 1000224841. 
2024.05.23 11:44:08, Добавление строки. Связывание со входящим документом № 17 ЭД "Сведения о поступивших от юридических лиц платежах" № 14 ID= 1000224841. 
2024.05.23 11:44:28, Добавление строки. Связывание со входящим документом № 17 ЭД "Сведения о поступивших от юридических лиц платежах" № 14 ID= 1000224841. 
2024.05.23 11:44:48, Добавление строки. Связывание со входящим документом № 17 ЭД "Сведения о поступивших от юридических лиц платежах" № 14 ID= 1000224841. 
2024.05.23 11:45:11, Добавление строки. Связывание со входящим документом № 17 ЭД "Сведения о поступивших от юридических лиц платежах" № 14 ID= 1000224841. 
2024.05.23 11:45:34, Добавление строки. Связывание со входящим документом № 17 ЭД "Сведения о поступивших от юридических лиц платежах" № 14 ID= 1000224841. 
2024.05.23 11:45:57, Добавление строки. Связывание со входящим документом № 17 ЭД "Сведения о поступивших от юридических лиц платежах" № 14 ID= 1000224841. 
2024.05.23 11:46:18, Добавление строки. Связывание со входящим документом № 17 ЭД "Сведения о поступивших от юридических лиц платежах" № 14 ID= 1000224841. 
2024.05.23 11:46:37, Добавление строки. Связывание со входящим документом № 17 ЭД "Сведения о поступивших от юридических лиц платежах" № 14 ID= 1000224841. 
2024.05.23 11:46:57, Добавление строки. Связывание со входящим документом № 17 ЭД "Сведения о поступивших от юридических лиц платежах" № 14 ID= 1000224841. 
2024.05.23 11:47:20, Добавление строки. Связывание со входящим документом № 17 ЭД "Сведения о поступивших от юридических лиц платежах" № 14 ID= 1000224841. 
2024.05.23 11:47:40, Добавление строки. Связывание со входящим документом № 17 ЭД "Сведения о поступивших от юридических лиц платежах" № 14 ID= 1000224841. 
2024.05.23 11:47:59, Добавление строки. Связывание со входящим документом № 17 ЭД "Сведения о поступивших от юридических лиц платежах" № 14 ID= 1000224841. 
2024.05.23 11:48:20, Добавление строки. Связывание со входящим документом № 17 ЭД "Сведения о поступивших от юридических лиц платежах" № 14 ID= 1000224841. 
2024.05.23 11:48:40, Добавление строки. Связывание со входящим документом № 17 ЭД "Сведения о поступивших от юридических лиц платежах" № 14 ID= 1000224841. 
2024.05.23 11:49:00, Добавление строки. Связывание со входящим документом № 17 ЭД "Сведения о поступивших от юридических лиц платежах" № 14 ID= 1000224841. 
2024.05.23 11:49:19, Добавление строки. Связывание со входящим документом № 17 ЭД "Сведения о поступивших от юридических лиц платежах" № 14 ID= 1000224841. 
2024.05.23 11:49:39, Добавление строки. Связывание со входящим документом № 17 ЭД "Сведения о поступивших от юридических лиц платежах" № 14 ID= 1000224841. 
2024.05.23 11:49:58, Добавление строки. Связывание со входящим документом № 17 ЭД "Сведения о поступивших от юридических лиц платежах" № 14 ID= 1000224841. 
2024.05.23 11:50:17, Добавление строки. Связывание со входящим документом № 17 ЭД "Сведения о поступивших от юридических лиц платежах" № 14 ID= 1000224841. 
2024.05.23 11:50:37, Добавление строки. Связывание со входящим документом № 17 ЭД "Сведения о поступивших от юридических лиц платежах" № 14 ID= 1000224841. 
2024.05.23 11:50:57, Добавление строки. Связывание со входящим документом № 17 ЭД "Сведения о поступивших от юридических лиц платежах" № 14 ID= 1000224841. 
2024.05.23 11:51:16, Добавление строки. Связывание со входящим документом № 17 ЭД "Сведения о поступивших от юридических лиц платежах" № 14 ID= 1000224841. 
2024.05.23 11:51:36, Добавление строки. Связывание со входящим документом № 17 ЭД "Сведения о поступивших от юридических лиц платежах" № 14 ID= 1000224841. 
2024.05.23 11:51:58, Добавление строки. Связывание со входящим документом № 17 ЭД "Сведения о поступивших от юридических лиц платежах" № 14 ID= 1000224841. 
2024.05.23 11:52:18, Добавление строки. Связывание со входящим документом № 17 ЭД "Сведения о поступивших от юридических лиц платежах" № 14 ID= 1000224841. 
2024.05.23 11:52:36, Добавление строки. Связывание со входящим документом № 17 ЭД "Сведения о поступивших от юридических лиц платежах" № 14 ID= 1000224841. 
2024.05.23 11:52:54, Добавление строки. Связывание со входящим документом № 17 ЭД "Сведения о поступивших от юридических лиц платежах" № 14 ID= 1000224841. 
2024.05.23 11:53:12, Добавление строки. Связывание со входящим документом № 17 ЭД "Сведения о поступивших от юридических лиц платежах" № 14 ID= 1000224841. 
2024.05.23 11:53:31, Добавление строки. Связывание со входящим документом № 17 ЭД "Сведения о поступивших от юридических лиц платежах" № 14 ID= 1000224841. 
2024.05.23 11:53:52, Добавление строки. Связывание со входящим документом № 17 ЭД "Сведения о поступивших от юридических лиц платежах" № 14 ID= 1000224841. 
2024.05.23 11:54:12, Добавление строки. Связывание со входящим документом № 17 ЭД "Сведения о поступивших от юридических лиц платежах" № 14 ID= 1000224841. 
2024.05.23 11:54:31, Добавление строки. Связывание со входящим документом № 17 ЭД "Сведения о поступивших от юридических лиц платежах" № 14 ID= 1000224841. 
2024.05.23 11:54:51, Добавление строки. Связывание со входящим документом № 17 ЭД "Сведения о поступивших от юридических лиц платежах" № 14 ID= 1000224841. 
2024.05.23 11:55:11, Добавление строки. Связывание со входящим документом № 17 ЭД "Сведения о поступивших от юридических лиц платежах" № 14 ID= 1000224841. 
2024.05.23 11:55:30, Добавление строки. Связывание со входящим документом № 17 ЭД "Сведения о поступивших от юридических лиц платежах" № 14 ID= 1000224841. 
2024.05.23 11:55:50, Добавление строки. Связывание со входящим документом № 17 ЭД "Сведения о поступивших от юридических лиц платежах" № 14 ID= 1000224841. 
2024.05.23 11:56:10, Добавление строки. Связывание со входящим документом № 17 ЭД "Сведения о поступивших от юридических лиц платежах" № 14 ID= 1000224841. 
2024.05.23 11:56:31, Добавление строки. Связывание со входящим документом № 17 ЭД "Сведения о поступивших от юридических лиц платежах" № 14 ID= 1000224841. 
2024.05.23 11:56:52, Добавление строки. Связывание со входящим документом № 17 ЭД "Сведения о поступивших от юридических лиц платежах" № 14 ID= 1000224841. 
2024.05.23 11:57:12, Добавление строки. Связывание со входящим документом № 17 ЭД "Сведения о поступивших от юридических лиц платежах" № 14 ID= 1000224841. 
2024.05.23 11:57:32, Добавление строки. Связывание со входящим документом № 17 ЭД "Сведения о поступивших от юридических лиц платежах" № 14 ID= 1000224841. 
2024.05.23 11:57:53, Добавление строки. Связывание со входящим документом № 17 ЭД "Сведения о поступивших от юридических лиц платежах" № 14 ID= 1000224841. 
2024.05.23 11:58:16, Добавление строки. Связывание со входящим документом № 17 ЭД "Сведения о поступивших от юридических лиц платежах" № 14 ID= 1000224841. 
2024.05.23 11:58:35, Добавление строки. Связывание со входящим документом № 17 ЭД "Сведения о поступивших от юридических лиц платежах" № 14 ID= 1000224841. 
2024.05.23 11:58:54, Добавление строки. Связывание со входящим документом № 17 ЭД "Сведения о поступивших от юридических лиц платежах" № 14 ID= 1000224841. 
2024.05.23 11:59:13, Добавление строки. Связывание со входящим документом № 17 ЭД "Сведения о поступивших от юридических лиц платежах" № 14 ID= 1000224841. 
2024.05.23 11:59:32, Добавление строки. Связывание со входящим документом № 17 ЭД "Сведения о поступивших от юридических лиц платежах" № 14 ID= 1000224841. 
2024.05.23 11:59:52, Добавление строки. Связывание со входящим документом № 17 ЭД "Сведения о поступивших от юридических лиц платежах" № 14 ID= 1000224841. 
2024.05.23 12:00:12, Добавление строки. Связывание со входящим документом № 17 ЭД "Сведения о поступивших от юридических лиц платежах" № 14 ID= 1000224841. 
2024.05.23 12:00:31, Добавление строки. Связывание со входящим документом № 17 ЭД "Сведения о поступивших от юридических лиц платежах" № 14 ID= 1000224841. 
2024.05.23 12:00:52, Добавление строки. Связывание со входящим документом № 17 ЭД "Сведения о поступивших от юридических лиц платежах" № 14 ID= 1000224841. 
2024.05.23 12:01:14, Добавление строки. Связывание со входящим документом № 17 ЭД "Сведения о поступивших от юридических лиц платежах" № 14 ID= 1000224841. 
2024.05.23 12:01:34, Добавление строки. Связывание со входящим документом № 17 ЭД "Сведения о поступивших от юридических лиц платежах" № 14 ID= 1000224841. 
2024.05.23 12:01:55, Добавление строки. Связывание со входящим документом № 17 ЭД "Сведения о поступивших от юридических лиц платежах" № 14 ID= 1000224841. 
2024.05.23 12:02:17, Добавление строки. Связывание со входящим документом № 17 ЭД "Сведения о поступивших от юридических лиц платежах" № 14 ID= 1000224841. 
2024.05.23 12:02:36, Добавление строки. Связывание со входящим документом № 17 ЭД "Сведения о поступивших от юридических лиц платежах" № 14 ID= 1000224841. 
2024.05.23 12:02:56, Добавление строки. Связывание со входящим документом № 17 ЭД "Сведения о поступивших от юридических лиц платежах" № 14 ID= 1000224841. 
2024.05.23 12:03:15, Добавление строки. Связывание со входящим документом № 17 ЭД "Сведения о поступивших от юридических лиц платежах" № 14 ID= 1000224841. 
2024.05.23 12:03:35, Добавление строки. Связывание со входящим документом № 17 ЭД "Сведения о поступивших от юридических лиц платежах" № 14 ID= 1000224841. 
2024.05.23 12:03:55, Добавление строки. Связывание со входящим документом № 17 ЭД "Сведения о поступивших от юридических лиц платежах" № 14 ID= 1000224841. 
2024.05.23 12:04:13, Добавление строки. Связывание со входящим документом № 17 ЭД "Сведения о поступивших от юридических лиц платежах" № 14 ID= 1000224841. 
2024.05.23 12:04:31, Добавление строки. Связывание со входящим документом № 17 ЭД "Сведения о поступивших от юридических лиц платежах" № 14 ID= 1000224841. 
2024.05.23 12:04:49, Добавление строки. Связывание со входящим документом № 17 ЭД "Сведения о поступивших от юридических лиц платежах" № 14 ID= 1000224841. 
2024.05.23 12:05:07, Добавление строки. Связывание со входящим документом № 17 ЭД "Сведения о поступивших от юридических лиц платежах" № 14 ID= 1000224841. 
2024.05.23 12:05:26, Добавление строки. Связывание со входящим документом № 17 ЭД "Сведения о поступивших от юридических лиц платежах" № 14 ID= 1000224841. 
2024.05.23 12:05:46, Добавление строки. Связывание со входящим документом № 17 ЭД "Сведения о поступивших от юридических лиц платежах" № 14 ID= 1000224841. 
2024.05.23 12:06:10, Добавление строки. Связывание со входящим документом № 17 ЭД "Сведения о поступивших от юридических лиц платежах" № 14 ID= 1000224841. 
2024.05.23 12:06:33, Добавление строки. Связывание со входящим документом № 17 ЭД "Сведения о поступивших от юридических лиц платежах" № 14 ID= 1000224841. 
2024.05.23 12:06:55, Добавление строки. Связывание со входящим документом № 17 ЭД "Сведения о поступивших от юридических лиц платежах" № 14 ID= 1000224841. 
2024.05.23 12:07:20, Добавление строки. Связывание со входящим документом № 17 ЭД "Сведения о поступивших от юридических лиц платежах" № 14 ID= 1000224841. 
2024.05.23 12:07:44, Добавление строки. Связывание со входящим документом № 17 ЭД "Сведения о поступивших от юридических лиц платежах" № 14 ID= 1000224841. 
2024.05.23 12:08:03, Добавление строки. Связывание со входящим документом № 17 ЭД "Сведения о поступивших от юридических лиц платежах" № 14 ID= 1000224841. 
2024.05.23 12:08:22, Добавление строки. Связывание со входящим документом № 17 ЭД "Сведения о поступивших от юридических лиц платежах" № 14 ID= 1000224841. 
2024.05.23 12:08:41, Добавление строки. Связывание со входящим документом № 17 ЭД "Сведения о поступивших от юридических лиц платежах" № 14 ID= 1000224841. 
2024.05.23 12:09:00, Добавление строки. Связывание со входящим документом № 17 ЭД "Сведения о поступивших от юридических лиц платежах" № 14 ID= 1000224841. 
2024.05.23 12:09:19, Добавление строки. Связывание со входящим документом № 17 ЭД "Сведения о поступивших от юридических лиц платежах" № 14 ID= 1000224841. 
2024.05.23 12:09:38, Добавление строки. Связывание со входящим документом № 17 ЭД "Сведения о поступивших от юридических лиц платежах" № 14 ID= 1000224841. 
2024.05.23 12:09:59, Добавление строки. Связывание со входящим документом № 17 ЭД "Сведения о поступивших от юридических лиц платежах" № 14 ID= 1000224841. 
2024.05.23 12:10:19, Добавление строки. Связывание со входящим документом № 17 ЭД "Сведения о поступивших от юридических лиц платежах" № 14 ID= 1000224841. 
2024.05.23 12:10:38, Добавление строки. Связывание со входящим документом № 17 ЭД "Сведения о поступивших от юридических лиц платежах" № 14 ID= 1000224841. 
2024.05.23 12:11:02, Добавление строки. Связывание со входящим документом № 17 ЭД "Сведения о поступивших от юридических лиц платежах" № 14 ID= 1000224841. 
2024.05.23 12:11:22, Добавление строки. Связывание со входящим документом № 17 ЭД "Сведения о поступивших от юридических лиц платежах" № 14 ID= 1000224841. 
2024.05.23 12:11:41, Добавление строки. Связывание со входящим документом № 17 ЭД "Сведения о поступивших от юридических лиц платежах" № 14 ID= 1000224841. 
2024.05.23 12:12:01, Добавление строки. Связывание со входящим документом № 17 ЭД "Сведения о поступивших от юридических лиц платежах" № 14 ID= 1000224841. 
2024.05.23 12:12:20, Добавление строки. Связывание со входящим документом № 17 ЭД "Сведения о поступивших от юридических лиц платежах" № 14 ID= 1000224841. 
2024.05.23 12:12:40, Добавление строки. Связывание со входящим документом № 17 ЭД "Сведения о поступивших от юридических лиц платежах" № 14 ID= 1000224841. 
2024.05.23 12:13:00, Добавление строки. Связывание со входящим документом № 17 ЭД "Сведения о поступивших от юридических лиц платежах" № 14 ID= 1000224841. 
2024.05.23 12:13:23, Добавление строки. Связывание со входящим документом № 17 ЭД "Сведения о поступивших от юридических лиц платежах" № 14 ID= 1000224841. 
2024.05.23 12:13:43, Добавление строки. Связывание со входящим документом № 17 ЭД "Сведения о поступивших от юридических лиц платежах" № 14 ID= 1000224841. 
2024.05.23 12:14:02, Добавление строки. Связывание со входящим документом № 17 ЭД "Сведения о поступивших от юридических лиц платежах" № 14 ID= 1000224841. 
2024.05.23 12:14:23, Добавление строки. Связывание со входящим документом № 17 ЭД "Сведения о поступивших от юридических лиц платежах" № 14 ID= 1000224841. 
2024.05.23 12:14:43, Добавление строки. Связывание со входящим документом № 17 ЭД "Сведения о поступивших от юридических лиц платежах" № 14 ID= 1000224841. 
2024.05.23 12:15:03, Добавление строки. Связывание со входящим документом № 17 ЭД "Сведения о поступивших от юридических лиц платежах" № 14 ID= 1000224841. 
2024.05.23 12:15:25, Добавление строки. Связывание со входящим документом № 17 ЭД "Сведения о поступивших от юридических лиц платежах" № 14 ID= 1000224841. 
2024.05.23 12:15:46, Добавление строки. Связывание со входящим документом № 17 ЭД "Сведения о поступивших от юридических лиц платежах" № 14 ID= 1000224841. 
2024.05.23 12:16:06, Добавление строки. Связывание со входящим документом № 17 ЭД "Сведения о поступивших от юридических лиц платежах" № 14 ID= 1000224841. 
2024.05.23 12:16:32, Добавление строки. Связывание со входящим документом № 17 ЭД "Сведения о поступивших от юридических лиц платежах" № 14 ID= 1000224841. 
2024.05.23 12:16:52, Добавление строки. Связывание со входящим документом № 17 ЭД "Сведения о поступивших от юридических лиц платежах" № 14 ID= 1000224841. 
2024.05.23 12:17:21, Добавление строки. Связывание со входящим документом № 17 ЭД "Сведения о поступивших от юридических лиц платежах" № 14 ID= 1000224841. 
2024.05.23 12:17:42, Добавление строки. Связывание со входящим документом № 17 ЭД "Сведения о поступивших от юридических лиц платежах" № 14 ID= 1000224841. 
2024.05.23 12:18:02, Добавление строки. Связывание со входящим документом № 17 ЭД "Сведения о поступивших от юридических лиц платежах" № 14 ID= 1000224841. 
2024.05.23 12:18:22, Добавление строки. Связывание со входящим документом № 17 ЭД "Сведения о поступивших от юридических лиц платежах" № 14 ID= 1000224841. 
2024.05.23 12:18:44, Добавление строки. Связывание со входящим документом № 17 ЭД "Сведения о поступивших от юридических лиц платежах" № 14 ID= 1000224841. 
2024.05.23 12:19:04, Добавление строки. Связывание со входящим документом № 17 ЭД "Сведения о поступивших от юридических лиц платежах" № 14 ID= 1000224841. 
2024.05.23 12:19:24, Добавление строки. Связывание со входящим документом № 17 ЭД "Сведения о поступивших от юридических лиц платежах" № 14 ID= 1000224841. 
2024.05.23 12:19:43, Добавление строки. Связывание со входящим документом № 17 ЭД "Сведения о поступивших от юридических лиц платежах" № 14 ID= 1000224841. 
2024.05.23 12:20:02, Добавление строки. Связывание со входящим документом № 17 ЭД "Сведения о поступивших от юридических лиц платежах" № 14 ID= 1000224841. 
2024.05.23 12:20:21, Добавление строки. Связывание со входящим документом № 17 ЭД "Сведения о поступивших от юридических лиц платежах" № 14 ID= 1000224841. 
2024.05.23 12:20:40, Добавление строки. Связывание со входящим документом № 17 ЭД "Сведения о поступивших от юридических лиц платежах" № 14 ID= 1000224841. 
2024.05.23 12:20:59, Добавление строки. Связывание со входящим документом № 17 ЭД "Сведения о поступивших от юридических лиц платежах" № 14 ID= 1000224841. 
2024.05.23 12:21:19, Добавление строки. Связывание со входящим документом № 17 ЭД "Сведения о поступивших от юридических лиц платежах" № 14 ID= 1000224841. 
2024.05.23 12:21:38, Добавление строки. Связывание со входящим документом № 17 ЭД "Сведения о поступивших от юридических лиц платежах" № 14 ID= 1000224841. 
2024.05.23 12:21:57, Добавление строки. Связывание со входящим документом № 17 ЭД "Сведения о поступивших от юридических лиц платежах" № 14 ID= 1000224841. 
2024.05.23 12:22:18, Добавление строки. Связывание со входящим документом № 17 ЭД "Сведения о поступивших от юридических лиц платежах" № 14 ID= 1000224841. 
2024.05.23 12:22:37, Добавление строки. Связывание со входящим документом № 17 ЭД "Сведения о поступивших от юридических лиц платежах" № 14 ID= 1000224841. 
2024.05.23 12:22:57, Добавление строки. Связывание со входящим документом № 17 ЭД "Сведения о поступивших от юридических лиц платежах" № 14 ID= 1000224841. 
2024.05.23 12:23:17, Добавление строки. Связывание со входящим документом № 17 ЭД "Сведения о поступивших от юридических лиц платежах" № 14 ID= 1000224841. 
2024.05.23 12:23:37, Добавление строки. Связывание со входящим документом № 17 ЭД "Сведения о поступивших от юридических лиц платежах" № 14 ID= 1000224841. 
2024.05.23 12:23:57, Добавление строки. Связывание со входящим документом № 17 ЭД "Сведения о поступивших от юридических лиц платежах" № 14 ID= 1000224841. 
2024.05.23 12:24:16, Добавление строки. Связывание со входящим документом № 17 ЭД "Сведения о поступивших от юридических лиц платежах" № 14 ID= 1000224841. 
2024.05.23 12:24:35, Добавление строки. Связывание со входящим документом № 17 ЭД "Сведения о поступивших от юридических лиц платежах" № 14 ID= 1000224841. 
2024.05.23 12:24:55, Добавление строки. Связывание со входящим документом № 17 ЭД "Сведения о поступивших от юридических лиц платежах" № 14 ID= 1000224841. 
2024.05.23 12:25:14, Добавление строки. Связывание со входящим документом № 17 ЭД "Сведения о поступивших от юридических лиц платежах" № 14 ID= 1000224841. 
2024.05.23 12:25:33, Добавление строки. Связывание со входящим документом № 17 ЭД "Сведения о поступивших от юридических лиц платежах" № 14 ID= 1000224841. 
2024.05.23 12:25:53, Добавление строки. Связывание со входящим документом № 17 ЭД "Сведения о поступивших от юридических лиц платежах" № 14 ID= 1000224841. 
2024.05.23 12:26:12, Добавление строки. Связывание со входящим документом № 17 ЭД "Сведения о поступивших от юридических лиц платежах" № 14 ID= 1000224841. 
2024.05.23 12:26:31, Добавление строки. Связывание со входящим документом № 17 ЭД "Сведения о поступивших от юридических лиц платежах" № 14 ID= 1000224841. 
2024.05.23 12:26:51, Добавление строки. Связывание со входящим документом № 17 ЭД "Сведения о поступивших от юридических лиц платежах" № 14 ID= 1000224841. 
2024.05.23 12:27:10, Добавление строки. Связывание со входящим документом № 17 ЭД "Сведения о поступивших от юридических лиц платежах" № 14 ID= 1000224841. 
2024.05.23 12:27:29, Добавление строки. Связывание со входящим документом № 17 ЭД "Сведения о поступивших от юридических лиц платежах" № 14 ID= 1000224841. 
2024.05.23 12:27:49, Добавление строки. Связывание со входящим документом № 17 ЭД "Сведения о поступивших от юридических лиц платежах" № 14 ID= 1000224841. 
2024.05.23 12:28:08, Добавление строки. Связывание со входящим документом № 17 ЭД "Сведения о поступивших от юридических лиц платежах" № 14 ID= 1000224841. 
2024.05.23 12:28:28, Добавление строки. Связывание со входящим документом № 17 ЭД "Сведения о поступивших от юридических лиц платежах" № 14 ID= 1000224841. 
2024.05.23 12:28:48, Добавление строки. Связывание со входящим документом № 17 ЭД "Сведения о поступивших от юридических лиц платежах" № 14 ID= 1000224841. 
2024.05.23 12:29:09, Добавление строки. Связывание со входящим документом № 17 ЭД "Сведения о поступивших от юридических лиц платежах" № 14 ID= 1000224841. 
2024.05.23 12:29:28, Добавление строки. Связывание со входящим документом № 17 ЭД "Сведения о поступивших от юридических лиц платежах" № 14 ID= 1000224841. 
2024.05.23 12:29:47, Добавление строки. Связывание со входящим документом № 17 ЭД "Сведения о поступивших от юридических лиц платежах" № 14 ID= 1000224841. 
2024.05.23 12:30:06, Добавление строки. Связывание со входящим документом № 17 ЭД "Сведения о поступивших от юридических лиц платежах" № 14 ID= 1000224841. 
2024.05.23 12:30:25, Добавление строки. Связывание со входящим документом № 17 ЭД "Сведения о поступивших от юридических лиц платежах" № 14 ID= 1000224841. 
2024.05.23 12:30:45, Добавление строки. Связывание со входящим документом № 17 ЭД "Сведения о поступивших от юридических лиц платежах" № 14 ID= 1000224841. 
2024.05.23 12:31:04, Добавление строки. Связывание со входящим документом № 17 ЭД "Сведения о поступивших от юридических лиц платежах" № 14 ID= 1000224841. 
2024.05.23 12:31:23, Добавление строки. Связывание со входящим документом № 17 ЭД "Сведения о поступивших от юридических лиц платежах" № 14 ID= 1000224841. 
2024.05.23 12:31:43, Добавление строки. Связывание со входящим документом № 17 ЭД "Сведения о поступивших от юридических лиц платежах" № 14 ID= 1000224841. 
2024.05.23 12:32:02, Добавление строки. Связывание со входящим документом № 17 ЭД "Сведения о поступивших от юридических лиц платежах" № 14 ID= 1000224841. 
2024.05.23 12:32:21, Добавление строки. Связывание со входящим документом № 17 ЭД "Сведения о поступивших от юридических лиц платежах" № 14 ID= 1000224841. 
2024.05.23 12:32:41, Добавление строки. Связывание со входящим документом № 17 ЭД "Сведения о поступивших от юридических лиц платежах" № 14 ID= 1000224841. 
2024.05.23 12:33:00, Добавление строки. Связывание со входящим документом № 17 ЭД "Сведения о поступивших от юридических лиц платежах" № 14 ID= 1000224841. 
2024.05.23 12:33:19, Добавление строки. Связывание со входящим документом № 17 ЭД "Сведения о поступивших от юридических лиц платежах" № 14 ID= 1000224841. 
2024.05.23 12:33:38, Добавление строки. Связывание со входящим документом № 17 ЭД "Сведения о поступивших от юридических лиц платежах" № 14 ID= 1000224841. 
2024.05.23 12:33:57, Добавление строки. Связывание со входящим документом № 17 ЭД "Сведения о поступивших от юридических лиц платежах" № 14 ID= 1000224841. 
2024.05.23 12:34:17, Добавление строки. Связывание со входящим документом № 17 ЭД "Сведения о поступивших от юридических лиц платежах" № 14 ID= 1000224841. 
2024.05.23 12:34:36, Добавление строки. Связывание со входящим документом № 17 ЭД "Сведения о поступивших от юридических лиц платежах" № 14 ID= 1000224841. 
2024.05.23 12:34:55, Добавление строки. Связывание со входящим документом № 17 ЭД "Сведения о поступивших от юридических лиц платежах" № 14 ID= 1000224841. 
2024.05.23 12:35:14, Добавление строки. Связывание со входящим документом № 17 ЭД "Сведения о поступивших от юридических лиц платежах" № 14 ID= 1000224841. 
2024.05.23 12:35:33, Добавление строки. Связывание со входящим документом № 17 ЭД "Сведения о поступивших от юридических лиц платежах" № 14 ID= 1000224841. 
2024.05.23 12:35:53, Добавление строки. Связывание со входящим документом № 17 ЭД "Сведения о поступивших от юридических лиц платежах" № 14 ID= 1000224841. 
2024.05.23 12:36:12, Добавление строки. Связывание со входящим документом № 17 ЭД "Сведения о поступивших от юридических лиц платежах" № 14 ID= 1000224841. 
2024.05.23 12:36:31, Добавление строки. Связывание со входящим документом № 17 ЭД "Сведения о поступивших от юридических лиц платежах" № 14 ID= 1000224841. 
2024.05.23 12:36:50, Добавление строки. Связывание со входящим документом № 17 ЭД "Сведения о поступивших от юридических лиц платежах" № 14 ID= 1000224841. 
2024.05.23 12:37:10, Добавление строки. Связывание со входящим документом № 17 ЭД "Сведения о поступивших от юридических лиц платежах" № 14 ID= 1000224841. 
2024.05.23 12:37:29, Добавление строки. Связывание со входящим документом № 17 ЭД "Сведения о поступивших от юридических лиц платежах" № 14 ID= 1000224841. 
2024.05.23 12:37:48, Добавление строки. Связывание со входящим документом № 17 ЭД "Сведения о поступивших от юридических лиц платежах" № 14 ID= 1000224841. 
2024.05.23 12:38:07, Добавление строки. Связывание со входящим документом № 17 ЭД "Сведения о поступивших от юридических лиц платежах" № 14 ID= 1000224841. 
2024.05.23 12:38:26, Добавление строки. Связывание со входящим документом № 17 ЭД "Сведения о поступивших от юридических лиц платежах" № 14 ID= 1000224841. 
2024.05.23 12:38:45, Добавление строки. Связывание со входящим документом № 17 ЭД "Сведения о поступивших от юридических лиц платежах" № 14 ID= 1000224841. 
2024.05.23 12:39:04, Добавление строки. Связывание со входящим документом № 17 ЭД "Сведения о поступивших от юридических лиц платежах" № 14 ID= 1000224841. 
2024.05.23 12:39:24, Добавление строки. Связывание со входящим документом № 17 ЭД "Сведения о поступивших от юридических лиц платежах" № 14 ID= 1000224841. 
2024.05.23 12:39:43, Добавление строки. Связывание со входящим документом № 17 ЭД "Сведения о поступивших от юридических лиц платежах" № 14 ID= 1000224841. 
2024.05.23 12:40:02, Добавление строки. Связывание со входящим документом № 17 ЭД "Сведения о поступивших от юридических лиц платежах" № 14 ID= 1000224841. 
2024.05.23 12:40:22, Добавление строки. Связывание со входящим документом № 17 ЭД "Сведения о поступивших от юридических лиц платежах" № 14 ID= 1000224841. 
2024.05.23 12:40:41, Добавление строки. Связывание со входящим документом № 17 ЭД "Сведения о поступивших от юридических лиц платежах" № 14 ID= 1000224841. 
2024.05.23 12:41:00, Добавление строки. Связывание со входящим документом № 17 ЭД "Сведения о поступивших от юридических лиц платежах" № 14 ID= 1000224841. 
2024.05.23 12:41:19, Добавление строки. Связывание со входящим документом № 17 ЭД "Сведения о поступивших от юридических лиц платежах" № 14 ID= 1000224841. 
2024.05.23 12:41:38, Добавление строки. Связывание со входящим документом № 17 ЭД "Сведения о поступивших от юридических лиц платежах" № 14 ID= 1000224841. 
2024.05.23 12:42:03, Добавление строки. Связывание со входящим документом № 17 ЭД "Сведения о поступивших от юридических лиц платежах" № 14 ID= 1000224841. 
2024.05.23 12:42:22, Добавление строки. Связывание со входящим документом № 17 ЭД "Сведения о поступивших от юридических лиц платежах" № 14 ID= 1000224841. 
2024.05.23 12:42:42, Добавление строки. Связывание со входящим документом № 17 ЭД "Сведения о поступивших от юридических лиц платежах" № 14 ID= 1000224841. 
2024.05.23 12:43:01, Добавление строки. Связывание со входящим документом № 17 ЭД "Сведения о поступивших от юридических лиц платежах" № 14 ID= 1000224841. 
2024.05.23 12:43:20, Добавление строки. Связывание со входящим документом № 17 ЭД "Сведения о поступивших от юридических лиц платежах" № 14 ID= 1000224841. 
2024.05.23 12:43:39, Добавление строки. Связывание со входящим документом № 17 ЭД "Сведения о поступивших от юридических лиц платежах" № 14 ID= 1000224841. 
2024.05.23 12:43:59, Добавление строки. Связывание со входящим документом № 17 ЭД "Сведения о поступивших от юридических лиц платежах" № 14 ID= 1000224841. 
2024.05.23 12:44:18, Добавление строки. Связывание со входящим документом № 17 ЭД "Сведения о поступивших от юридических лиц платежах" № 14 ID= 1000224841. 
2024.05.23 12:44:37, Добавление строки. Связывание со входящим документом № 17 ЭД "Сведения о поступивших от юридических лиц платежах" № 14 ID= 1000224841. 
2024.05.23 12:44:56, Добавление строки. Связывание со входящим документом № 17 ЭД "Сведения о поступивших от юридических лиц платежах" № 14 ID= 1000224841. 
2024.05.23 12:45:16, Добавление строки. Связывание со входящим документом № 17 ЭД "Сведения о поступивших от юридических лиц платежах" № 14 ID= 1000224841. 
2024.05.23 12:45:36, Добавление строки. Связывание со входящим документом № 17 ЭД "Сведения о поступивших от юридических лиц платежах" № 14 ID= 1000224841. 
2024.05.23 12:45:57, Добавление строки. Связывание со входящим документом № 17 ЭД "Сведения о поступивших от юридических лиц платежах" № 14 ID= 1000224841. 
2024.05.23 12:46:16, Добавление строки. Связывание со входящим документом № 17 ЭД "Сведения о поступивших от юридических лиц платежах" № 14 ID= 1000224841. 
2024.05.23 12:46:36, Добавление строки. Связывание со входящим документом № 17 ЭД "Сведения о поступивших от юридических лиц платежах" № 14 ID= 1000224841. 
2024.05.23 12:46:55, Добавление строки. Связывание со входящим документом № 17 ЭД "Сведения о поступивших от юридических лиц платежах" № 14 ID= 1000224841. 
2024.05.23 12:47:14, Добавление строки. Связывание со входящим документом № 17 ЭД "Сведения о поступивших от юридических лиц платежах" № 14 ID= 1000224841. 
2024.05.23 12:47:33, Добавление строки. Связывание со входящим документом № 17 ЭД "Сведения о поступивших от юридических лиц платежах" № 14 ID= 1000224841. 
2024.05.23 12:47:52, Добавление строки. Связывание со входящим документом № 17 ЭД "Сведения о поступивших от юридических лиц платежах" № 14 ID= 1000224841. 
2024.05.23 12:48:12, Добавление строки. Связывание со входящим документом № 17 ЭД "Сведения о поступивших от юридических лиц платежах" № 14 ID= 1000224841. 
2024.05.23 12:48:37, Добавление строки. Связывание со входящим документом № 17 ЭД "Сведения о поступивших от юридических лиц платежах" № 14 ID= 1000224841. 
2024.05.23 12:48:56, Добавление строки. Связывание со входящим документом № 17 ЭД "Сведения о поступивших от юридических лиц платежах" № 14 ID= 1000224841. 
2024.05.23 12:49:15, Добавление строки. Связывание со входящим документом № 17 ЭД "Сведения о поступивших от юридических лиц платежах" № 14 ID= 1000224841. 
2024.05.23 12:49:34, Добавление строки. Связывание со входящим документом № 17 ЭД "Сведения о поступивших от юридических лиц платежах" № 14 ID= 1000224841. 
2024.05.23 12:49:54, Добавление строки. Связывание со входящим документом № 17 ЭД "Сведения о поступивших от юридических лиц платежах" № 14 ID= 1000224841. 
2024.05.23 12:50:13, Добавление строки. Связывание со входящим документом № 17 ЭД "Сведения о поступивших от юридических лиц платежах" № 14 ID= 1000224841. 
2024.05.23 12:50:31, Добавление строки. Связывание со входящим документом № 17 ЭД "Сведения о поступивших от юридических лиц платежах" № 14 ID= 1000224841. 
2024.05.23 12:50:50, Добавление строки. Связывание со входящим документом № 17 ЭД "Сведения о поступивших от юридических лиц платежах" № 14 ID= 1000224841. 
2024.05.23 12:51:10, Добавление строки. Связывание со входящим документом № 17 ЭД "Сведения о поступивших от юридических лиц платежах" № 14 ID= 1000224841. 
2024.05.23 12:51:29, Добавление строки. Связывание со входящим документом № 17 ЭД "Сведения о поступивших от юридических лиц платежах" № 14 ID= 1000224841. 
2024.05.23 12:51:48, Добавление строки. Связывание со входящим документом № 17 ЭД "Сведения о поступивших от юридических лиц платежах" № 14 ID= 1000224841. 
2024.05.23 12:52:08, Добавление строки. Связывание со входящим документом № 17 ЭД "Сведения о поступивших от юридических лиц платежах" № 14 ID= 1000224841. 
2024.05.23 12:52:27, Добавление строки. Связывание со входящим документом № 17 ЭД "Сведения о поступивших от юридических лиц платежах" № 14 ID= 1000224841. 
2024.05.23 12:52:46, Добавление строки. Связывание со входящим документом № 17 ЭД "Сведения о поступивших от юридических лиц платежах" № 14 ID= 1000224841. 
2024.05.23 12:53:05, Добавление строки. Связывание со входящим документом № 17 ЭД "Сведения о поступивших от юридических лиц платежах" № 14 ID= 1000224841. 
2024.05.23 12:53:25, Добавление строки. Связывание со входящим документом № 17 ЭД "Сведения о поступивших от юридических лиц платежах" № 14 ID= 1000224841. 
2024.05.23 12:53:44, Добавление строки. Связывание со входящим документом № 17 ЭД "Сведения о поступивших от юридических лиц платежах" № 14 ID= 1000224841. 
2024.05.23 12:54:03, Добавление строки. Связывание со входящим документом № 17 ЭД "Сведения о поступивших от юридических лиц платежах" № 14 ID= 1000224841. 
2024.05.23 12:54:22, Добавление строки. Связывание со входящим документом № 17 ЭД "Сведения о поступивших от юридических лиц платежах" № 14 ID= 1000224841. 
2024.05.23 12:54:42, Добавление строки. Связывание со входящим документом № 17 ЭД "Сведения о поступивших от юридических лиц платежах" № 14 ID= 1000224841. 
2024.05.23 12:55:01, Добавление строки. Связывание со входящим документом № 17 ЭД "Сведения о поступивших от юридических лиц платежах" № 14 ID= 1000224841. 
2024.05.23 12:55:21, Добавление строки. Связывание со входящим документом № 17 ЭД "Сведения о поступивших от юридических лиц платежах" № 14 ID= 1000224841. 
2024.05.23 12:55:41, Добавление строки. Связывание со входящим документом № 17 ЭД "Сведения о поступивших от юридических лиц платежах" № 14 ID= 1000224841. 
2024.05.23 12:56:01, Добавление строки. Связывание со входящим документом № 17 ЭД "Сведения о поступивших от юридических лиц платежах" № 14 ID= 1000224841. 
2024.05.23 12:56:22, Добавление строки. Связывание со входящим документом № 17 ЭД "Сведения о поступивших от юридических лиц платежах" № 14 ID= 1000224841. 
2024.05.23 12:56:41, Добавление строки. Связывание со входящим документом № 17 ЭД "Сведения о поступивших от юридических лиц платежах" № 14 ID= 1000224841. 
2024.05.23 12:57:01, Добавление строки. Связывание со входящим документом № 17 ЭД "Сведения о поступивших от юридических лиц платежах" № 14 ID= 1000224841. 
2024.05.23 12:57:20, Добавление строки. Связывание со входящим документом № 17 ЭД "Сведения о поступивших от юридических лиц платежах" № 14 ID= 1000224841. 
2024.05.23 12:57:40, Добавление строки. Связывание со входящим документом № 17 ЭД "Сведения о поступивших от юридических лиц платежах" № 14 ID= 1000224841. 
2024.05.23 12:58:00, Добавление строки. Связывание со входящим документом № 17 ЭД "Сведения о поступивших от юридических лиц платежах" № 14 ID= 1000224841. 
2024.05.23 12:58:20, Добавление строки. Связывание со входящим документом № 17 ЭД "Сведения о поступивших от юридических лиц платежах" № 14 ID= 1000224841. 
2024.05.23 12:58:39, Добавление строки. Связывание со входящим документом № 17 ЭД "Сведения о поступивших от юридических лиц платежах" № 14 ID= 1000224841. 
2024.05.23 12:58:58, Добавление строки. Связывание со входящим документом № 17 ЭД "Сведения о поступивших от юридических лиц платежах" № 14 ID= 1000224841. 
2024.05.23 12:59:17, Добавление строки. Связывание со входящим документом № 17 ЭД "Сведения о поступивших от юридических лиц платежах" № 14 ID= 1000224841. 
2024.05.23 12:59:37, Добавление строки. Связывание со входящим документом № 17 ЭД "Сведения о поступивших от юридических лиц платежах" № 14 ID= 1000224841. 
2024.05.23 12:59:56, Добавление строки. Связывание со входящим документом № 17 ЭД "Сведения о поступивших от юридических лиц платежах" № 14 ID= 1000224841. 
2024.05.23 13:00:15, Добавление строки. Связывание со входящим документом № 17 ЭД "Сведения о поступивших от юридических лиц платежах" № 14 ID= 1000224841. 
2024.05.23 13:00:35, Добавление строки. Связывание со входящим документом № 17 ЭД "Сведения о поступивших от юридических лиц платежах" № 14 ID= 1000224841. 
2024.05.23 13:00:54, Добавление строки. Связывание со входящим документом № 17 ЭД "Сведения о поступивших от юридических лиц платежах" № 14 ID= 1000224841. 
2024.05.23 13:01:14, Добавление строки. Связывание со входящим документом № 17 ЭД "Сведения о поступивших от юридических лиц платежах" № 14 ID= 1000224841. 
2024.05.23 13:01:33, Добавление строки. Связывание со входящим документом № 17 ЭД "Сведения о поступивших от юридических лиц платежах" № 14 ID= 1000224841. 
2024.05.23 13:01:53, Добавление строки. Связывание со входящим документом № 17 ЭД "Сведения о поступивших от юридических лиц платежах" № 14 ID= 1000224841. 
2024.05.23 13:02:13, Добавление строки. Связывание со входящим документом № 17 ЭД "Сведения о поступивших от юридических лиц платежах" № 14 ID= 1000224841. 
2024.05.23 13:02:33, Добавление строки. Связывание со входящим документом № 17 ЭД "Сведения о поступивших от юридических лиц платежах" № 14 ID= 1000224841. 
2024.05.23 13:02:53, Добавление строки. Связывание со входящим документом № 17 ЭД "Сведения о поступивших от юридических лиц платежах" № 14 ID= 1000224841. 
2024.05.23 13:03:13, Добавление строки. Связывание со входящим документом № 17 ЭД "Сведения о поступивших от юридических лиц платежах" № 14 ID= 1000224841. 
2024.05.23 13:03:32, Добавление строки. Связывание со входящим документом № 17 ЭД "Сведения о поступивших от юридических лиц платежах" № 14 ID= 1000224841. 
2024.05.23 13:03:52, Добавление строки. Связывание со входящим документом № 17 ЭД "Сведения о поступивших от юридических лиц платежах" № 14 ID= 1000224841. 
2024.05.23 13:04:11, Добавление строки. Связывание со входящим документом № 17 ЭД "Сведения о поступивших от юридических лиц платежах" № 14 ID= 1000224841. 
2024.05.23 13:04:30, Добавление строки. Связывание со входящим документом № 17 ЭД "Сведения о поступивших от юридических лиц платежах" № 14 ID= 1000224841. 
2024.05.23 13:04:50, Добавление строки. Связывание со входящим документом № 17 ЭД "Сведения о поступивших от юридических лиц платежах" № 14 ID= 1000224841. 
2024.05.23 13:05:09, Добавление строки. Связывание со входящим документом № 17 ЭД "Сведения о поступивших от юридических лиц платежах" № 14 ID= 1000224841. 
2024.05.23 13:05:28, Добавление строки. Связывание со входящим документом № 17 ЭД "Сведения о поступивших от юридических лиц платежах" № 14 ID= 1000224841. 
2024.05.23 13:05:48, Добавление строки. Связывание со входящим документом № 17 ЭД "Сведения о поступивших от юридических лиц платежах" № 14 ID= 1000224841. 
2024.05.23 13:06:07, Добавление строки. Связывание со входящим документом № 17 ЭД "Сведения о поступивших от юридических лиц платежах" № 14 ID= 1000224841. 
2024.05.23 13:06:27, Добавление строки. Связывание со входящим документом № 17 ЭД "Сведения о поступивших от юридических лиц платежах" № 14 ID= 1000224841. 
2024.05.23 13:06:49, Добавление строки. Связывание со входящим документом № 17 ЭД "Сведения о поступивших от юридических лиц платежах" № 14 ID= 1000224841. 
2024.05.23 13:07:09, Добавление строки. Связывание со входящим документом № 17 ЭД "Сведения о поступивших от юридических лиц платежах" № 14 ID= 1000224841. 
2024.05.23 13:07:28, Добавление строки. Связывание со входящим документом № 17 ЭД "Сведения о поступивших от юридических лиц платежах" № 14 ID= 1000224841. 
2024.05.23 13:07:47, Добавление строки. Связывание со входящим документом № 17 ЭД "Сведения о поступивших от юридических лиц платежах" № 14 ID= 1000224841. 
2024.05.23 13:08:07, Добавление строки. Связывание со входящим документом № 17 ЭД "Сведения о поступивших от юридических лиц платежах" № 14 ID= 1000224841. 
2024.05.23 13:08:26, Добавление строки. Связывание со входящим документом № 17 ЭД "Сведения о поступивших от юридических лиц платежах" № 14 ID= 1000224841. 
2024.05.23 13:08:45, Добавление строки. Связывание со входящим документом № 17 ЭД "Сведения о поступивших от юридических лиц платежах" № 14 ID= 1000224841. 
2024.05.23 13:09:04, Добавление строки. Связывание со входящим документом № 17 ЭД "Сведения о поступивших от юридических лиц платежах" № 14 ID= 1000224841. 
2024.05.23 13:09:24, Добавление строки. Связывание со входящим документом № 17 ЭД "Сведения о поступивших от юридических лиц платежах" № 14 ID= 1000224841. 
2024.05.23 13:09:43, Добавление строки. Связывание со входящим документом № 17 ЭД "Сведения о поступивших от юридических лиц платежах" № 14 ID= 1000224841. 
2024.05.23 13:10:03, Добавление строки. Связывание со входящим документом № 17 ЭД "Сведения о поступивших от юридических лиц платежах" № 14 ID= 1000224841. 
2024.05.23 13:10:22, Добавление строки. Связывание со входящим документом № 17 ЭД "Сведения о поступивших от юридических лиц платежах" № 14 ID= 1000224841. 
2024.05.23 13:10:42, Добавление строки. Связывание со входящим документом № 17 ЭД "Сведения о поступивших от юридических лиц платежах" № 14 ID= 1000224841. 
2024.05.23 13:11:01, Добавление строки. Связывание со входящим документом № 17 ЭД "Сведения о поступивших от юридических лиц платежах" № 14 ID= 1000224841. 
2024.05.23 13:11:21, Добавление строки. Связывание со входящим документом № 17 ЭД "Сведения о поступивших от юридических лиц платежах" № 14 ID= 1000224841. 
2024.05.23 13:11:40, Добавление строки. Связывание со входящим документом № 17 ЭД "Сведения о поступивших от юридических лиц платежах" № 14 ID= 1000224841. 
2024.05.23 13:11:59, Добавление строки. Связывание со входящим документом № 17 ЭД "Сведения о поступивших от юридических лиц платежах" № 14 ID= 1000224841. 
2024.05.23 13:12:19, Добавление строки. Связывание со входящим документом № 17 ЭД "Сведения о поступивших от юридических лиц платежах" № 14 ID= 1000224841. 
2024.05.23 13:12:38, Добавление строки. Связывание со входящим документом № 17 ЭД "Сведения о поступивших от юридических лиц платежах" № 14 ID= 1000224841. 
2024.05.23 13:12:58, Добавление строки. Связывание со входящим документом № 17 ЭД "Сведения о поступивших от юридических лиц платежах" № 14 ID= 1000224841. 
2024.05.23 13:13:17, Добавление строки. Связывание со входящим документом № 17 ЭД "Сведения о поступивших от юридических лиц платежах" № 14 ID= 1000224841. 
2024.05.23 13:13:36, Добавление строки. Связывание со входящим документом № 17 ЭД "Сведения о поступивших от юридических лиц платежах" № 14 ID= 1000224841. 
2024.05.23 13:13:56, Добавление строки. Связывание со входящим документом № 17 ЭД "Сведения о поступивших от юридических лиц платежах" № 14 ID= 1000224841. 
2024.05.23 13:14:15, Добавление строки. Связывание со входящим документом № 17 ЭД "Сведения о поступивших от юридических лиц платежах" № 14 ID= 1000224841. 
2024.05.23 13:14:35, Добавление строки. Связывание со входящим документом № 17 ЭД "Сведения о поступивших от юридических лиц платежах" № 14 ID= 1000224841. 
2024.05.23 13:14:54, Добавление строки. Связывание со входящим документом № 17 ЭД "Сведения о поступивших от юридических лиц платежах" № 14 ID= 1000224841. 
2024.05.23 13:15:14, Добавление строки. Связывание со входящим документом № 17 ЭД "Сведения о поступивших от юридических лиц платежах" № 14 ID= 1000224841. 
2024.05.23 13:15:33, Добавление строки. Связывание со входящим документом № 17 ЭД "Сведения о поступивших от юридических лиц платежах" № 14 ID= 1000224841. 
2024.05.23 13:15:52, Добавление строки. Связывание со входящим документом № 17 ЭД "Сведения о поступивших от юридических лиц платежах" № 14 ID= 1000224841. 
2024.05.23 13:16:12, Добавление строки. Связывание со входящим документом № 17 ЭД "Сведения о поступивших от юридических лиц платежах" № 14 ID= 1000224841. 
2024.05.23 13:16:31, Добавление строки. Связывание со входящим документом № 17 ЭД "Сведения о поступивших от юридических лиц платежах" № 14 ID= 1000224841. 
2024.05.23 13:16:51, Добавление строки. Связывание со входящим документом № 17 ЭД "Сведения о поступивших от юридических лиц платежах" № 14 ID= 1000224841. 
2024.05.23 13:17:18, Добавление строки. Связывание со входящим документом № 17 ЭД "Сведения о поступивших от юридических лиц платежах" № 14 ID= 1000224841. 
2024.05.23 13:17:37, Добавление строки. Связывание со входящим документом № 17 ЭД "Сведения о поступивших от юридических лиц платежах" № 14 ID= 1000224841. 
2024.05.23 13:17:57, Добавление строки. Связывание со входящим документом № 17 ЭД "Сведения о поступивших от юридических лиц платежах" № 14 ID= 1000224841. 
2024.05.23 13:18:16, Добавление строки. Связывание со входящим документом № 17 ЭД "Сведения о поступивших от юридических лиц платежах" № 14 ID= 1000224841. 
2024.05.23 13:18:36, Добавление строки. Связывание со входящим документом № 17 ЭД "Сведения о поступивших от юридических лиц платежах" № 14 ID= 1000224841. 
2024.05.23 13:18:56, Добавление строки. Связывание со входящим документом № 17 ЭД "Сведения о поступивших от юридических лиц платежах" № 14 ID= 1000224841. 
2024.05.23 13:19:15, Добавление строки. Связывание со входящим документом № 17 ЭД "Сведения о поступивших от юридических лиц платежах" № 14 ID= 1000224841. 
2024.05.23 13:19:34, Добавление строки. Связывание со входящим документом № 17 ЭД "Сведения о поступивших от юридических лиц платежах" № 14 ID= 1000224841. 
2024.05.23 13:19:54, Добавление строки. Связывание со входящим документом № 17 ЭД "Сведения о поступивших от юридических лиц платежах" № 14 ID= 1000224841. 
2024.05.23 13:20:14, Добавление строки. Связывание со входящим документом № 17 ЭД "Сведения о поступивших от юридических лиц платежах" № 14 ID= 1000224841. 
2024.05.23 13:20:34, Добавление строки. Связывание со входящим документом № 17 ЭД "Сведения о поступивших от юридических лиц платежах" № 14 ID= 1000224841. 
2024.05.23 13:20:53, Добавление строки. Связывание со входящим документом № 17 ЭД "Сведения о поступивших от юридических лиц платежах" № 14 ID= 1000224841. 
2024.05.23 13:21:13, Добавление строки. Связывание со входящим документом № 17 ЭД "Сведения о поступивших от юридических лиц платежах" № 14 ID= 1000224841. 
2024.05.23 13:21:32, Добавление строки. Связывание со входящим документом № 17 ЭД "Сведения о поступивших от юридических лиц платежах" № 14 ID= 1000224841. 
2024.05.23 13:21:52, Добавление строки. Связывание со входящим документом № 17 ЭД "Сведения о поступивших от юридических лиц платежах" № 14 ID= 1000224841. 
2024.05.23 13:22:12, Добавление строки. Связывание со входящим документом № 17 ЭД "Сведения о поступивших от юридических лиц платежах" № 14 ID= 1000224841. 
2024.05.23 13:22:31, Добавление строки. Связывание со входящим документом № 17 ЭД "Сведения о поступивших от юридических лиц платежах" № 14 ID= 1000224841. 
2024.05.23 13:22:51, Добавление строки. Связывание со входящим документом № 17 ЭД "Сведения о поступивших от юридических лиц платежах" № 14 ID= 1000224841. 
2024.05.23 13:23:11, Добавление строки. Связывание со входящим документом № 17 ЭД "Сведения о поступивших от юридических лиц платежах" № 14 ID= 1000224841. 
2024.05.23 13:23:30, Добавление строки. Связывание со входящим документом № 17 ЭД "Сведения о поступивших от юридических лиц платежах" № 14 ID= 1000224841. 
2024.05.23 13:23:50, Добавление строки. Связывание со входящим документом № 17 ЭД "Сведения о поступивших от юридических лиц платежах" № 14 ID= 1000224841. 
2024.05.23 13:24:10, Добавление строки. Связывание со входящим документом № 17 ЭД "Сведения о поступивших от юридических лиц платежах" № 14 ID= 1000224841. 
2024.05.23 13:24:30, Добавление строки. Связывание со входящим документом № 17 ЭД "Сведения о поступивших от юридических лиц платежах" № 14 ID= 1000224841. 
2024.05.23 13:24:49, Добавление строки. Связывание со входящим документом № 17 ЭД "Сведения о поступивших от юридических лиц платежах" № 14 ID= 1000224841. 
2024.05.23 13:25:09, Добавление строки. Связывание со входящим документом № 17 ЭД "Сведения о поступивших от юридических лиц платежах" № 14 ID= 1000224841. 
2024.05.23 13:25:28, Добавление строки. Связывание со входящим документом № 17 ЭД "Сведения о поступивших от юридических лиц платежах" № 14 ID= 1000224841. 
2024.05.23 13:25:48, Добавление строки. Связывание со входящим документом № 17 ЭД "Сведения о поступивших от юридических лиц платежах" № 14 ID= 1000224841. 
2024.05.23 13:26:07, Добавление строки. Связывание со входящим документом № 17 ЭД "Сведения о поступивших от юридических лиц платежах" № 14 ID= 1000224841. 
2024.05.23 13:26:27, Добавление строки. Связывание со входящим документом № 17 ЭД "Сведения о поступивших от юридических лиц платежах" № 14 ID= 1000224841. 
2024.05.23 13:26:47, Добавление строки. Связывание со входящим документом № 17 ЭД "Сведения о поступивших от юридических лиц платежах" № 14 ID= 1000224841. 
2024.05.23 13:27:06, Добавление строки. Связывание со входящим документом № 17 ЭД "Сведения о поступивших от юридических лиц платежах" № 14 ID= 1000224841. 
2024.05.23 13:27:31, Добавление строки. Связывание со входящим документом № 17 ЭД "Сведения о поступивших от юридических лиц платежах" № 14 ID= 1000224841. 
2024.05.23 13:27:50, Добавление строки. Связывание со входящим документом № 17 ЭД "Сведения о поступивших от юридических лиц платежах" № 14 ID= 1000224841. 
2024.05.23 13:28:10, Добавление строки. Связывание со входящим документом № 17 ЭД "Сведения о поступивших от юридических лиц платежах" № 14 ID= 1000224841. 
2024.05.23 13:28:30, Добавление строки. Связывание со входящим документом № 17 ЭД "Сведения о поступивших от юридических лиц платежах" № 14 ID= 1000224841. 
2024.05.23 13:28:49, Добавление строки. Связывание со входящим документом № 17 ЭД "Сведения о поступивших от юридических лиц платежах" № 14 ID= 1000224841. 
2024.05.23 13:29:10, Добавление строки. Связывание со входящим документом № 17 ЭД "Сведения о поступивших от юридических лиц платежах" № 14 ID= 1000224841. 
2024.05.23 13:29:30, Добавление строки. Связывание со входящим документом № 17 ЭД "Сведения о поступивших от юридических лиц платежах" № 14 ID= 1000224841. 
2024.05.23 13:29:51, Добавление строки. Связывание со входящим документом № 17 ЭД "Сведения о поступивших от юридических лиц платежах" № 14 ID= 1000224841. 
2024.05.23 13:30:11, Добавление строки. Связывание со входящим документом № 17 ЭД "Сведения о поступивших от юридических лиц платежах" № 14 ID= 1000224841. 
2024.05.23 13:30:32, Добавление строки. Связывание со входящим документом № 17 ЭД "Сведения о поступивших от юридических лиц платежах" № 14 ID= 1000224841. 
2024.05.23 13:30:52, Добавление строки. Связывание со входящим документом № 17 ЭД "Сведения о поступивших от юридических лиц платежах" № 14 ID= 1000224841. 
2024.05.23 13:31:12, Добавление строки. Связывание со входящим документом № 17 ЭД "Сведения о поступивших от юридических лиц платежах" № 14 ID= 1000224841. 
2024.05.23 13:31:31, Добавление строки. Связывание со входящим документом № 17 ЭД "Сведения о поступивших от юридических лиц платежах" № 14 ID= 1000224841. 
2024.05.23 13:31:52, Добавление строки. Связывание со входящим документом № 17 ЭД "Сведения о поступивших от юридических лиц платежах" № 14 ID= 1000224841. 
2024.05.23 13:32:14, Добавление строки. Связывание со входящим документом № 17 ЭД "Сведения о поступивших от юридических лиц платежах" № 14 ID= 1000224841. 
2024.05.23 13:32:34, Добавление строки. Связывание со входящим документом № 17 ЭД "Сведения о поступивших от юридических лиц платежах" № 14 ID= 1000224841. 
2024.05.23 13:32:54, Добавление строки. Связывание со входящим документом № 17 ЭД "Сведения о поступивших от юридических лиц платежах" № 14 ID= 1000224841. 
2024.05.23 13:33:14, Добавление строки. Связывание со входящим документом № 17 ЭД "Сведения о поступивших от юридических лиц платежах" № 14 ID= 1000224841. 
2024.05.23 13:33:34, Добавление строки. Связывание со входящим документом № 17 ЭД "Сведения о поступивших от юридических лиц платежах" № 14 ID= 1000224841. 
2024.05.23 13:33:54, Добавление строки. Связывание со входящим документом № 17 ЭД "Сведения о поступивших от юридических лиц платежах" № 14 ID= 1000224841. 
2024.05.23 13:34:13, Добавление строки. Связывание со входящим документом № 17 ЭД "Сведения о поступивших от юридических лиц платежах" № 14 ID= 1000224841. 
2024.05.23 13:34:33, Добавление строки. Связывание со входящим документом № 17 ЭД "Сведения о поступивших от юридических лиц платежах" № 14 ID= 1000224841. 
2024.05.23 13:34:53, Добавление строки. Связывание со входящим документом № 17 ЭД "Сведения о поступивших от юридических лиц платежах" № 14 ID= 1000224841. 
2024.05.23 13:35:13, Добавление строки. Связывание со входящим документом № 17 ЭД "Сведения о поступивших от юридических лиц платежах" № 14 ID= 1000224841. 
2024.05.23 13:35:33, Добавление строки. Связывание со входящим документом № 17 ЭД "Сведения о поступивших от юридических лиц платежах" № 14 ID= 1000224841. 
2024.05.23 13:35:52, Добавление строки. Связывание со входящим документом № 17 ЭД "Сведения о поступивших от юридических лиц платежах" № 14 ID= 1000224841. 
2024.05.23 13:36:12, Добавление строки. Связывание со входящим документом № 17 ЭД "Сведения о поступивших от юридических лиц платежах" № 14 ID= 1000224841. 
2024.05.23 13:36:33, Добавление строки. Связывание со входящим документом № 17 ЭД "Сведения о поступивших от юридических лиц платежах" № 14 ID= 1000224841. 
2024.05.23 13:36:52, Добавление строки. Связывание со входящим документом № 17 ЭД "Сведения о поступивших от юридических лиц платежах" № 14 ID= 1000224841. 
2024.05.23 13:37:12, Добавление строки. Связывание со входящим документом № 17 ЭД "Сведения о поступивших от юридических лиц платежах" № 14 ID= 1000224841. 
2024.05.23 13:37:31, Добавление строки. Связывание со входящим документом № 17 ЭД "Сведения о поступивших от юридических лиц платежах" № 14 ID= 1000224841. 
2024.05.23 13:37:52, Добавление строки. Связывание со входящим документом № 17 ЭД "Сведения о поступивших от юридических лиц платежах" № 14 ID= 1000224841. 
2024.05.23 13:38:11, Добавление строки. Связывание со входящим документом № 17 ЭД "Сведения о поступивших от юридических лиц платежах" № 14 ID= 1000224841. 
2024.05.23 13:38:31, Добавление строки. Связывание со входящим документом № 17 ЭД "Сведения о поступивших от юридических лиц платежах" № 14 ID= 1000224841. 
2024.05.23 13:38:52, Добавление строки. Связывание со входящим документом № 17 ЭД "Сведения о поступивших от юридических лиц платежах" № 14 ID= 1000224841. 
2024.05.23 13:39:12, Добавление строки. Связывание со входящим документом № 17 ЭД "Сведения о поступивших от юридических лиц платежах" № 14 ID= 1000224841. 
2024.05.23 13:39:31, Добавление строки. Связывание со входящим документом № 17 ЭД "Сведения о поступивших от юридических лиц платежах" № 14 ID= 1000224841. 
2024.05.23 13:39:51, Добавление строки. Связывание со входящим документом № 17 ЭД "Сведения о поступивших от юридических лиц платежах" № 14 ID= 1000224841. 
2024.05.23 13:40:11, Добавление строки. Связывание со входящим документом № 17 ЭД "Сведения о поступивших от юридических лиц платежах" № 14 ID= 1000224841. 
2024.05.23 13:40:31, Добавление строки. Связывание со входящим документом № 17 ЭД "Сведения о поступивших от юридических лиц платежах" № 14 ID= 1000224841. 
2024.05.23 13:40:51, Добавление строки. Связывание со входящим документом № 17 ЭД "Сведения о поступивших от юридических лиц платежах" № 14 ID= 1000224841. 
2024.05.23 13:41:11, Добавление строки. Связывание со входящим документом № 17 ЭД "Сведения о поступивших от юридических лиц платежах" № 14 ID= 1000224841. 
2024.05.23 13:41:31, Добавление строки. Связывание со входящим документом № 17 ЭД "Сведения о поступивших от юридических лиц платежах" № 14 ID= 1000224841. 
2024.05.23 13:41:51, Добавление строки. Связывание со входящим документом № 17 ЭД "Сведения о поступивших от юридических лиц платежах" № 14 ID= 1000224841. 
2024.05.23 13:42:18, Добавление строки. Связывание со входящим документом № 17 ЭД "Сведения о поступивших от юридических лиц платежах" № 14 ID= 1000224841. 
2024.05.23 13:42:39, Добавление строки. Связывание со входящим документом № 17 ЭД "Сведения о поступивших от юридических лиц платежах" № 14 ID= 1000224841. 
2024.05.23 13:42:59, Добавление строки. Связывание со входящим документом № 17 ЭД "Сведения о поступивших от юридических лиц платежах" № 14 ID= 1000224841. 
2024.05.23 13:43:20, Добавление строки. Связывание со входящим документом № 17 ЭД "Сведения о поступивших от юридических лиц платежах" № 14 ID= 1000224841. 
2024.05.23 13:43:40, Добавление строки. Связывание со входящим документом № 17 ЭД "Сведения о поступивших от юридических лиц платежах" № 14 ID= 1000224841. 
2024.05.23 13:43:59, Добавление строки. Связывание со входящим документом № 17 ЭД "Сведения о поступивших от юридических лиц платежах" № 14 ID= 1000224841. 
2024.05.23 13:44:19, Добавление строки. Связывание со входящим документом № 17 ЭД "Сведения о поступивших от юридических лиц платежах" № 14 ID= 1000224841. 
2024.05.23 13:44:39, Добавление строки. Связывание со входящим документом № 17 ЭД "Сведения о поступивших от юридических лиц платежах" № 14 ID= 1000224841. 
2024.05.23 13:45:00, Добавление строки. Связывание со входящим документом № 17 ЭД "Сведения о поступивших от юридических лиц платежах" № 14 ID= 1000224841. 
2024.05.23 13:45:20, Добавление строки. Связывание со входящим документом № 17 ЭД "Сведения о поступивших от юридических лиц платежах" № 14 ID= 1000224841. 
2024.05.23 13:45:41, Добавление строки. Связывание со входящим документом № 17 ЭД "Сведения о поступивших от юридических лиц платежах" № 14 ID= 1000224841. 
2024.05.23 13:46:01, Добавление строки. Связывание со входящим документом № 17 ЭД "Сведения о поступивших от юридических лиц платежах" № 14 ID= 1000224841. 
2024.05.23 13:46:21, Добавление строки. Связывание со входящим документом № 17 ЭД "Сведения о поступивших от юридических лиц платежах" № 14 ID= 1000224841. 
2024.05.23 13:46:41, Добавление строки. Связывание со входящим документом № 17 ЭД "Сведения о поступивших от юридических лиц платежах" № 14 ID= 1000224841. 
2024.05.23 13:47:05, Добавление строки. Связывание со входящим документом № 17 ЭД "Сведения о поступивших от юридических лиц платежах" № 14 ID= 1000224841. 
2024.05.23 13:47:26, Добавление строки. Связывание со входящим документом № 17 ЭД "Сведения о поступивших от юридических лиц платежах" № 14 ID= 1000224841. 
2024.05.23 13:47:46, Добавление строки. Связывание со входящим документом № 17 ЭД "Сведения о поступивших от юридических лиц платежах" № 14 ID= 1000224841. 
2024.05.23 13:48:07, Добавление строки. Связывание со входящим документом № 17 ЭД "Сведения о поступивших от юридических лиц платежах" № 14 ID= 1000224841. 
2024.05.23 13:48:27, Добавление строки. Связывание со входящим документом № 17 ЭД "Сведения о поступивших от юридических лиц платежах" № 14 ID= 1000224841. 
2024.05.23 13:48:48, Добавление строки. Связывание со входящим документом № 17 ЭД "Сведения о поступивших от юридических лиц платежах" № 14 ID= 1000224841. 
2024.05.23 13:49:08, Добавление строки. Связывание со входящим документом № 17 ЭД "Сведения о поступивших от юридических лиц платежах" № 14 ID= 1000224841. 
2024.05.23 13:49:28, Добавление строки. Связывание со входящим документом № 17 ЭД "Сведения о поступивших от юридических лиц платежах" № 14 ID= 1000224841. 
2024.05.23 13:49:47, Добавление строки. Связывание со входящим документом № 17 ЭД "Сведения о поступивших от юридических лиц платежах" № 14 ID= 1000224841. 
2024.05.23 13:50:07, Добавление строки. Связывание со входящим документом № 17 ЭД "Сведения о поступивших от юридических лиц платежах" № 14 ID= 1000224841. 
2024.05.23 13:50:27, Добавление строки. Связывание со входящим документом № 17 ЭД "Сведения о поступивших от юридических лиц платежах" № 14 ID= 1000224841. 
2024.05.23 13:50:47, Добавление строки. Связывание со входящим документом № 17 ЭД "Сведения о поступивших от юридических лиц платежах" № 14 ID= 1000224841. 
2024.05.23 13:51:07, Добавление строки. Связывание со входящим документом № 17 ЭД "Сведения о поступивших от юридических лиц платежах" № 14 ID= 1000224841. 
2024.05.23 13:51:27, Добавление строки. Связывание со входящим документом № 17 ЭД "Сведения о поступивших от юридических лиц платежах" № 14 ID= 1000224841. 
2024.05.23 13:51:47, Добавление строки. Связывание со входящим документом № 17 ЭД "Сведения о поступивших от юридических лиц платежах" № 14 ID= 1000224841. 
2024.05.23 13:52:08, Добавление строки. Связывание со входящим документом № 17 ЭД "Сведения о поступивших от юридических лиц платежах" № 14 ID= 1000224841. 
2024.05.23 13:52:29, Добавление строки. Связывание со входящим документом № 17 ЭД "Сведения о поступивших от юридических лиц платежах" № 14 ID= 1000224841. 
2024.05.23 13:52:49, Добавление строки. Связывание со входящим документом № 17 ЭД "Сведения о поступивших от юридических лиц платежах" № 14 ID= 1000224841. 
2024.05.23 13:53:09, Добавление строки. Связывание со входящим документом № 17 ЭД "Сведения о поступивших от юридических лиц платежах" № 14 ID= 1000224841. 
2024.05.23 13:53:28, Добавление строки. Связывание со входящим документом № 17 ЭД "Сведения о поступивших от юридических лиц платежах" № 14 ID= 1000224841. 
2024.05.23 13:53:48, Добавление строки. Связывание со входящим документом № 17 ЭД "Сведения о поступивших от юридических лиц платежах" № 14 ID= 1000224841. 
2024.05.23 13:54:08, Добавление строки. Связывание со входящим документом № 17 ЭД "Сведения о поступивших от юридических лиц платежах" № 14 ID= 1000224841. 
2024.05.23 13:54:28, Добавление строки. Связывание со входящим документом № 17 ЭД "Сведения о поступивших от юридических лиц платежах" № 14 ID= 1000224841. 
2024.05.23 13:54:48, Добавление строки. Связывание со входящим документом № 17 ЭД "Сведения о поступивших от юридических лиц платежах" № 14 ID= 1000224841. 
2024.05.23 13:55:07, Добавление строки. Связывание со входящим документом № 17 ЭД "Сведения о поступивших от юридических лиц платежах" № 14 ID= 1000224841. 
2024.05.23 13:55:27, Добавление строки. Связывание со входящим документом № 17 ЭД "Сведения о поступивших от юридических лиц платежах" № 14 ID= 1000224841. 
2024.05.23 13:55:47, Добавление строки. Связывание со входящим документом № 17 ЭД "Сведения о поступивших от юридических лиц платежах" № 14 ID= 1000224841. 
2024.05.23 13:56:07, Добавление строки. Связывание со входящим документом № 17 ЭД "Сведения о поступивших от юридических лиц платежах" № 14 ID= 1000224841. 
2024.05.23 13:56:26, Добавление строки. Связывание со входящим документом № 17 ЭД "Сведения о поступивших от юридических лиц платежах" № 14 ID= 1000224841. 
2024.05.23 13:56:47, Добавление строки. Связывание со входящим документом № 17 ЭД "Сведения о поступивших от юридических лиц платежах" № 14 ID= 1000224841. 
2024.05.23 13:57:07, Добавление строки. Связывание со входящим документом № 17 ЭД "Сведения о поступивших от юридических лиц платежах" № 14 ID= 1000224841. 
2024.05.23 13:57:29, Добавление строки. Связывание со входящим документом № 17 ЭД "Сведения о поступивших от юридических лиц платежах" № 14 ID= 1000224841. 
2024.05.23 13:57:50, Добавление строки. Связывание со входящим документом № 17 ЭД "Сведения о поступивших от юридических лиц платежах" № 14 ID= 1000224841. 
2024.05.23 13:58:11, Добавление строки. Связывание со входящим документом № 17 ЭД "Сведения о поступивших от юридических лиц платежах" № 14 ID= 1000224841. 
2024.05.23 13:58:33, Добавление строки. Связывание со входящим документом № 17 ЭД "Сведения о поступивших от юридических лиц платежах" № 14 ID= 1000224841. 
2024.05.23 13:58:55, Добавление строки. Связывание со входящим документом № 17 ЭД "Сведения о поступивших от юридических лиц платежах" № 14 ID= 1000224841. 
2024.05.23 13:59:18, Добавление строки. Связывание со входящим документом № 17 ЭД "Сведения о поступивших от юридических лиц платежах" № 14 ID= 1000224841. 
2024.05.23 13:59:39, Добавление строки. Связывание со входящим документом № 17 ЭД "Сведения о поступивших от юридических лиц платежах" № 14 ID= 1000224841. 
2024.05.23 14:00:00, Добавление строки. Связывание со входящим документом № 17 ЭД "Сведения о поступивших от юридических лиц платежах" № 14 ID= 1000224841. 
2024.05.23 14:00:22, Добавление строки. Связывание со входящим документом № 17 ЭД "Сведения о поступивших от юридических лиц платежах" № 14 ID= 1000224841. 
2024.05.23 14:00:45, Добавление строки. Связывание со входящим документом № 17 ЭД "Сведения о поступивших от юридических лиц платежах" № 14 ID= 1000224841. 
2024.05.23 14:01:09, Добавление строки. Связывание со входящим документом № 17 ЭД "Сведения о поступивших от юридических лиц платежах" № 14 ID= 1000224841. 
2024.05.23 14:01:32, Добавление строки. Связывание со входящим документом № 17 ЭД "Сведения о поступивших от юридических лиц платежах" № 14 ID= 1000224841. 
2024.05.23 14:01:54, Добавление строки. Связывание со входящим документом № 17 ЭД "Сведения о поступивших от юридических лиц платежах" № 14 ID= 1000224841. 
2024.05.23 14:02:17, Добавление строки. Связывание со входящим документом № 17 ЭД "Сведения о поступивших от юридических лиц платежах" № 14 ID= 1000224841. 
2024.05.23 14:02:36, Добавление строки. Связывание со входящим документом № 17 ЭД "Сведения о поступивших от юридических лиц платежах" № 14 ID= 1000224841. 
2024.05.23 14:02:54, Добавление строки. Связывание со входящим документом № 17 ЭД "Сведения о поступивших от юридических лиц платежах" № 14 ID= 1000224841. 
2024.05.23 14:03:12, Добавление строки. Связывание со входящим документом № 17 ЭД "Сведения о поступивших от юридических лиц платежах" № 14 ID= 1000224841. 
2024.05.23 14:03:30, Добавление строки. Связывание со входящим документом № 17 ЭД "Сведения о поступивших от юридических лиц платежах" № 14 ID= 1000224841. 
2024.05.23 14:03:48, Добавление строки. Связывание со входящим документом № 17 ЭД "Сведения о поступивших от юридических лиц платежах" № 14 ID= 1000224841. 
2024.05.23 14:04:07, Добавление строки. Связывание со входящим документом № 17 ЭД "Сведения о поступивших от юридических лиц платежах" № 14 ID= 1000224841. 
2024.05.23 14:04:25, Добавление строки. Связывание со входящим документом № 17 ЭД "Сведения о поступивших от юридических лиц платежах" № 14 ID= 1000224841. 
2024.05.23 14:04:43, Добавление строки. Связывание со входящим документом № 17 ЭД "Сведения о поступивших от юридических лиц платежах" № 14 ID= 1000224841. 
2024.05.23 14:05:03, Добавление строки. Связывание со входящим документом № 17 ЭД "Сведения о поступивших от юридических лиц платежах" № 14 ID= 1000224841. 
2024.05.23 14:05:22, Добавление строки. Связывание со входящим документом № 17 ЭД "Сведения о поступивших от юридических лиц платежах" № 14 ID= 1000224841. 
2024.05.23 14:05:40, Добавление строки. Связывание со входящим документом № 17 ЭД "Сведения о поступивших от юридических лиц платежах" № 14 ID= 1000224841. 
2024.05.23 14:06:02, Добавление строки. Связывание со входящим документом № 17 ЭД "Сведения о поступивших от юридических лиц платежах" № 14 ID= 1000224841. 
2024.05.23 14:06:20, Добавление строки. Связывание со входящим документом № 17 ЭД "Сведения о поступивших от юридических лиц платежах" № 14 ID= 1000224841. 
2024.05.23 14:06:39, Добавление строки. Связывание со входящим документом № 17 ЭД "Сведения о поступивших от юридических лиц платежах" № 14 ID= 1000224841. 
2024.05.23 14:06:58, Добавление строки. Связывание со входящим документом № 17 ЭД "Сведения о поступивших от юридических лиц платежах" № 14 ID= 1000224841. 
2024.05.23 14:07:16, Добавление строки. Связывание со входящим документом № 17 ЭД "Сведения о поступивших от юридических лиц платежах" № 14 ID= 1000224841. 
2024.05.23 14:07:35, Добавление строки. Связывание со входящим документом № 17 ЭД "Сведения о поступивших от юридических лиц платежах" № 14 ID= 1000224841. 
2024.05.23 14:07:57, Добавление строки. Связывание со входящим документом № 17 ЭД "Сведения о поступивших от юридических лиц платежах" № 14 ID= 1000224841. 
2024.05.23 14:08:29, Добавление строки. Связывание со входящим документом № 17 ЭД "Сведения о поступивших от юридических лиц платежах" № 14 ID= 1000224841. 
2024.05.23 14:09:10, Добавление строки. Связывание со входящим документом № 17 ЭД "Сведения о поступивших от юридических лиц платежах" № 14 ID= 1000224841. 
2024.05.23 14:10:06, Добавление строки. Связывание со входящим документом № 17 ЭД "Сведения о поступивших от юридических лиц платежах" № 14 ID= 1000224841. 
2024.05.23 14:10:49, Добавление строки. Связывание со входящим документом № 17 ЭД "Сведения о поступивших от юридических лиц платежах" № 14 ID= 1000224841. 
2024.05.23 14:11:42, Добавление строки. Связывание со входящим документом № 17 ЭД "Сведения о поступивших от юридических лиц платежах" № 14 ID= 1000224841. 
2024.05.23 14:12:39, Добавление строки. Связывание со входящим документом № 17 ЭД "Сведения о поступивших от юридических лиц платежах" № 14 ID= 1000224841. 
2024.05.23 14:13:26, Добавление строки. Связывание со входящим документом № 17 ЭД "Сведения о поступивших от юридических лиц платежах" № 14 ID= 1000224841. 
2024.05.23 14:14:16, Добавление строки. Связывание со входящим документом № 17 ЭД "Сведения о поступивших от юридических лиц платежах" № 14 ID= 1000224841. 
2024.05.23 14:15:09, Добавление строки. Связывание со входящим документом № 17 ЭД "Сведения о поступивших от юридических лиц платежах" № 14 ID= 1000224841. 
2024.05.23 14:15:39, Добавление строки. Связывание со входящим документом № 17 ЭД "Сведения о поступивших от юридических лиц платежах" № 14 ID= 1000224841. 
2024.05.23 14:16:14, Добавление строки. Связывание со входящим документом № 17 ЭД "Сведения о поступивших от юридических лиц платежах" № 14 ID= 1000224841. 
2024.05.23 14:16:54, Добавление строки. Связывание со входящим документом № 17 ЭД "Сведения о поступивших от юридических лиц платежах" № 14 ID= 1000224841. 
2024.05.23 14:17:46, Добавление строки. Связывание со входящим документом № 17 ЭД "Сведения о поступивших от юридических лиц платежах" № 14 ID= 1000224841. 
2024.05.23 14:18:27, Добавление строки. Связывание со входящим документом № 17 ЭД "Сведения о поступивших от юридических лиц платежах" № 14 ID= 1000224841. 
2024.05.23 14:19:21, Добавление строки. Связывание со входящим документом № 17 ЭД "Сведения о поступивших от юридических лиц платежах" № 14 ID= 1000224841. 
2024.05.23 14:20:01, Добавление строки. Связывание со входящим документом № 17 ЭД "Сведения о поступивших от юридических лиц платежах" № 14 ID= 1000224841. 
2024.05.23 14:20:36, Добавление строки. Связывание со входящим документом № 17 ЭД "Сведения о поступивших от юридических лиц платежах" № 14 ID= 1000224841. 
2024.05.23 14:21:23, Добавление строки. Связывание со входящим документом № 17 ЭД "Сведения о поступивших от юридических лиц платежах" № 14 ID= 1000224841. 
2024.05.23 14:22:03, Добавление строки. Связывание со входящим документом № 17 ЭД "Сведения о поступивших от юридических лиц платежах" № 14 ID= 1000224841. 
2024.05.23 14:22:50, Добавление строки. Связывание со входящим документом № 17 ЭД "Сведения о поступивших от юридических лиц платежах" № 14 ID= 1000224841. 
2024.05.23 14:23:46, Добавление строки. Связывание со входящим документом № 17 ЭД "Сведения о поступивших от юридических лиц платежах" № 14 ID= 1000224841. 
2024.05.23 14:24:34, Добавление строки. Связывание со входящим документом № 17 ЭД "Сведения о поступивших от юридических лиц платежах" № 14 ID= 1000224841. 
2024.05.23 14:25:19, Добавление строки. Связывание со входящим документом № 17 ЭД "Сведения о поступивших от юридических лиц платежах" № 14 ID= 1000224841. 
2024.05.23 14:25:56, Добавление строки. Связывание со входящим документом № 17 ЭД "Сведения о поступивших от юридических лиц платежах" № 14 ID= 1000224841. 
2024.05.23 14:26:15, Добавление строки. Связывание со входящим документом № 17 ЭД "Сведения о поступивших от юридических лиц платежах" № 14 ID= 1000224841. 
2024.05.23 14:26:33, Добавление строки. Связывание со входящим документом № 17 ЭД "Сведения о поступивших от юридических лиц платежах" № 14 ID= 1000224841. 
2024.05.23 14:26:51, Добавление строки. Связывание со входящим документом № 17 ЭД "Сведения о поступивших от юридических лиц платежах" № 14 ID= 1000224841. 
2024.05.23 14:27:10, Добавление строки. Связывание со входящим документом № 17 ЭД "Сведения о поступивших от юридических лиц платежах" № 14 ID= 1000224841. 
2024.05.23 14:27:29, Добавление строки. Связывание со входящим документом № 17 ЭД "Сведения о поступивших от юридических лиц платежах" № 14 ID= 1000224841. 
2024.05.23 14:27:47, Добавление строки. Связывание со входящим документом № 17 ЭД "Сведения о поступивших от юридических лиц платежах" № 14 ID= 1000224841. 
2024.05.23 14:28:05, Добавление строки. Связывание со входящим документом № 17 ЭД "Сведения о поступивших от юридических лиц платежах" № 14 ID= 1000224841. 
2024.05.23 14:28:23, Добавление строки. Связывание со входящим документом № 17 ЭД "Сведения о поступивших от юридических лиц платежах" № 14 ID= 1000224841. 
2024.05.23 14:28:41, Добавление строки. Связывание со входящим документом № 17 ЭД "Сведения о поступивших от юридических лиц платежах" № 14 ID= 1000224841. 
2024.05.23 14:28:59, Добавление строки. Связывание со входящим документом № 17 ЭД "Сведения о поступивших от юридических лиц платежах" № 14 ID= 1000224841. 
2024.05.23 14:29:17, Добавление строки. Связывание со входящим документом № 17 ЭД "Сведения о поступивших от юридических лиц платежах" № 14 ID= 1000224841. 
2024.05.23 14:29:36, Добавление строки. Связывание со входящим документом № 17 ЭД "Сведения о поступивших от юридических лиц платежах" № 14 ID= 1000224841. 
2024.05.23 14:29:54, Добавление строки. Связывание со входящим документом № 17 ЭД "Сведения о поступивших от юридических лиц платежах" № 14 ID= 1000224841. 
2024.05.23 14:30:12, Добавление строки. Связывание со входящим документом № 17 ЭД "Сведения о поступивших от юридических лиц платежах" № 14 ID= 1000224841. 
2024.05.23 14:30:35, Добавление строки. Связывание со входящим документом № 17 ЭД "Сведения о поступивших от юридических лиц платежах" № 14 ID= 1000224841. 
2024.05.23 14:30:54, Добавление строки. Связывание со входящим документом № 17 ЭД "Сведения о поступивших от юридических лиц платежах" № 14 ID= 1000224841. 
2024.05.23 14:31:14, Добавление строки. Связывание со входящим документом № 17 ЭД "Сведения о поступивших от юридических лиц платежах" № 14 ID= 1000224841. 
2024.05.23 14:31:35, Добавление строки. Связывание со входящим документом № 17 ЭД "Сведения о поступивших от юридических лиц платежах" № 14 ID= 1000224841. 
2024.05.23 14:31:53, Добавление строки. Связывание со входящим документом № 17 ЭД "Сведения о поступивших от юридических лиц платежах" № 14 ID= 1000224841. 
2024.05.23 14:32:12, Добавление строки. Связывание со входящим документом № 17 ЭД "Сведения о поступивших от юридических лиц платежах" № 14 ID= 1000224841. 
2024.05.23 14:32:33, Добавление строки. Связывание со входящим документом № 17 ЭД "Сведения о поступивших от юридических лиц платежах" № 14 ID= 1000224841. 
2024.05.23 14:32:53, Добавление строки. Связывание со входящим документом № 17 ЭД "Сведения о поступивших от юридических лиц платежах" № 14 ID= 1000224841. 
2024.05.23 14:33:10, Добавление строки. Связывание со входящим документом № 17 ЭД "Сведения о поступивших от юридических лиц платежах" № 14 ID= 1000224841. 
2024.05.23 14:33:29, Добавление строки. Связывание со входящим документом № 17 ЭД "Сведения о поступивших от юридических лиц платежах" № 14 ID= 1000224841. 
2024.05.23 14:33:48, Добавление строки. Связывание со входящим документом № 17 ЭД "Сведения о поступивших от юридических лиц платежах" № 14 ID= 1000224841. 
2024.05.23 14:34:07, Добавление строки. Связывание со входящим документом № 17 ЭД "Сведения о поступивших от юридических лиц платежах" № 14 ID= 1000224841. 
2024.05.23 14:34:25, Добавление строки. Связывание со входящим документом № 17 ЭД "Сведения о поступивших от юридических лиц платежах" № 14 ID= 1000224841. 
2024.05.23 14:34:43, Добавление строки. Связывание со входящим документом № 17 ЭД "Сведения о поступивших от юридических лиц платежах" № 14 ID= 1000224841. 
2024.05.23 14:35:04, Добавление строки. Связывание со входящим документом № 17 ЭД "Сведения о поступивших от юридических лиц платежах" № 14 ID= 1000224841. 
2024.05.23 14:35:24, Добавление строки. Связывание со входящим документом № 17 ЭД "Сведения о поступивших от юридических лиц платежах" № 14 ID= 1000224841. 
2024.05.23 14:35:44, Добавление строки. Связывание со входящим документом № 17 ЭД "Сведения о поступивших от юридических лиц платежах" № 14 ID= 1000224841. 
2024.05.23 14:36:03, Добавление строки. Связывание со входящим документом № 17 ЭД "Сведения о поступивших от юридических лиц платежах" № 14 ID= 1000224841. 
2024.05.23 14:36:21, Добавление строки. Связывание со входящим документом № 17 ЭД "Сведения о поступивших от юридических лиц платежах" № 14 ID= 1000224841. 
2024.05.23 14:36:39, Добавление строки. Связывание со входящим документом № 17 ЭД "Сведения о поступивших от юридических лиц платежах" № 14 ID= 1000224841. 
2024.05.23 14:36:57, Добавление строки. Связывание со входящим документом № 17 ЭД "Сведения о поступивших от юридических лиц платежах" № 14 ID= 1000224841. 
2024.05.23 14:37:15, Добавление строки. Связывание со входящим документом № 17 ЭД "Сведения о поступивших от юридических лиц платежах" № 14 ID= 1000224841. 
2024.05.23 14:37:33, Добавление строки. Связывание со входящим документом № 17 ЭД "Сведения о поступивших от юридических лиц платежах" № 14 ID= 1000224841. 
2024.05.23 14:37:50, Добавление строки. Связывание со входящим документом № 17 ЭД "Сведения о поступивших от юридических лиц платежах" № 14 ID= 1000224841. 
2024.05.23 14:38:08, Добавление строки. Связывание со входящим документом № 17 ЭД "Сведения о поступивших от юридических лиц платежах" № 14 ID= 1000224841. 
2024.05.23 14:38:26, Добавление строки. Связывание со входящим документом № 17 ЭД "Сведения о поступивших от юридических лиц платежах" № 14 ID= 1000224841. 
2024.05.23 14:38:44, Добавление строки. Связывание со входящим документом № 17 ЭД "Сведения о поступивших от юридических лиц платежах" № 14 ID= 1000224841. 
2024.05.23 14:39:02, Добавление строки. Связывание со входящим документом № 17 ЭД "Сведения о поступивших от юридических лиц платежах" № 14 ID= 1000224841. 
2024.05.23 14:39:20, Добавление строки. Связывание со входящим документом № 17 ЭД "Сведения о поступивших от юридических лиц платежах" № 14 ID= 1000224841. 
2024.05.23 14:39:39, Добавление строки. Связывание со входящим документом № 17 ЭД "Сведения о поступивших от юридических лиц платежах" № 14 ID= 1000224841. 
2024.05.23 14:39:57, Добавление строки. Связывание со входящим документом № 17 ЭД "Сведения о поступивших от юридических лиц платежах" № 14 ID= 1000224841. 
2024.05.23 14:40:15, Добавление строки. Связывание со входящим документом № 17 ЭД "Сведения о поступивших от юридических лиц платежах" № 14 ID= 1000224841. 
2024.05.23 14:40:33, Добавление строки. Связывание со входящим документом № 17 ЭД "Сведения о поступивших от юридических лиц платежах" № 14 ID= 1000224841. 
2024.05.23 14:40:51, Добавление строки. Связывание со входящим документом № 17 ЭД "Сведения о поступивших от юридических лиц платежах" № 14 ID= 1000224841. 
2024.05.23 14:41:09, Добавление строки. Связывание со входящим документом № 17 ЭД "Сведения о поступивших от юридических лиц платежах" № 14 ID= 1000224841. 
2024.05.23 14:41:27, Добавление строки. Связывание со входящим документом № 17 ЭД "Сведения о поступивших от юридических лиц платежах" № 14 ID= 1000224841. 
2024.05.23 14:41:45, Добавление строки. Связывание со входящим документом № 17 ЭД "Сведения о поступивших от юридических лиц платежах" № 14 ID= 1000224841. 
2024.05.23 14:42:03, Добавление строки. Связывание со входящим документом № 17 ЭД "Сведения о поступивших от юридических лиц платежах" № 14 ID= 1000224841. 
2024.05.23 14:42:21, Добавление строки. Связывание со входящим документом № 17 ЭД "Сведения о поступивших от юридических лиц платежах" № 14 ID= 1000224841. 
2024.05.23 14:42:40, Добавление строки. Связывание со входящим документом № 17 ЭД "Сведения о поступивших от юридических лиц платежах" № 14 ID= 1000224841. 
2024.05.23 14:42:58, Добавление строки. Связывание со входящим документом № 17 ЭД "Сведения о поступивших от юридических лиц платежах" № 14 ID= 1000224841. 
2024.05.23 14:43:16, Добавление строки. Связывание со входящим документом № 17 ЭД "Сведения о поступивших от юридических лиц платежах" № 14 ID= 1000224841. 
2024.05.23 14:43:35, Добавление строки. Связывание со входящим документом № 17 ЭД "Сведения о поступивших от юридических лиц платежах" № 14 ID= 1000224841. 
2024.05.23 14:43:54, Добавление строки. Связывание со входящим документом № 17 ЭД "Сведения о поступивших от юридических лиц платежах" № 14 ID= 1000224841. 
2024.05.23 14:44:12, Добавление строки. Связывание со входящим документом № 17 ЭД "Сведения о поступивших от юридических лиц платежах" № 14 ID= 1000224841. 
2024.05.23 14:44:30, Добавление строки. Связывание со входящим документом № 17 ЭД "Сведения о поступивших от юридических лиц платежах" № 14 ID= 1000224841. 
2024.05.23 14:44:48, Добавление строки. Связывание со входящим документом № 17 ЭД "Сведения о поступивших от юридических лиц платежах" № 14 ID= 1000224841. 
2024.05.23 14:45:05, Добавление строки. Связывание со входящим документом № 17 ЭД "Сведения о поступивших от юридических лиц платежах" № 14 ID= 1000224841. 
2024.05.23 14:45:23, Добавление строки. Связывание со входящим документом № 17 ЭД "Сведения о поступивших от юридических лиц платежах" № 14 ID= 1000224841. 
2024.05.23 14:45:41, Добавление строки. Связывание со входящим документом № 17 ЭД "Сведения о поступивших от юридических лиц платежах" № 14 ID= 1000224841. 
2024.05.23 14:45:58, Добавление строки. Связывание со входящим документом № 17 ЭД "Сведения о поступивших от юридических лиц платежах" № 14 ID= 1000224841. 
2024.05.23 14:46:16, Добавление строки. Связывание со входящим документом № 17 ЭД "Сведения о поступивших от юридических лиц платежах" № 14 ID= 1000224841. 
2024.05.23 14:46:34, Добавление строки. Связывание со входящим документом № 17 ЭД "Сведения о поступивших от юридических лиц платежах" № 14 ID= 1000224841. 
2024.05.23 14:46:52, Добавление строки. Связывание со входящим документом № 17 ЭД "Сведения о поступивших от юридических лиц платежах" № 14 ID= 1000224841. 
2024.05.23 14:47:10, Добавление строки. Связывание со входящим документом № 17 ЭД "Сведения о поступивших от юридических лиц платежах" № 14 ID= 1000224841. 
2024.05.23 14:47:28, Добавление строки. Связывание со входящим документом № 17 ЭД "Сведения о поступивших от юридических лиц платежах" № 14 ID= 1000224841. 
2024.05.23 14:47:47, Добавление строки. Связывание со входящим документом № 17 ЭД "Сведения о поступивших от юридических лиц платежах" № 14 ID= 1000224841. 
2024.05.23 14:48:05, Добавление строки. Связывание со входящим документом № 17 ЭД "Сведения о поступивших от юридических лиц платежах" № 14 ID= 1000224841. 
2024.05.23 14:48:23, Добавление строки. Связывание со входящим документом № 17 ЭД "Сведения о поступивших от юридических лиц платежах" № 14 ID= 1000224841. 
2024.05.23 14:48:53, Добавление строки. Связывание со входящим документом № 17 ЭД "Сведения о поступивших от юридических лиц платежах" № 14 ID= 1000224841. 
2024.05.23 14:49:12, Добавление строки. Связывание со входящим документом № 17 ЭД "Сведения о поступивших от юридических лиц платежах" № 14 ID= 1000224841. 
2024.05.23 14:49:30, Добавление строки. Связывание со входящим документом № 17 ЭД "Сведения о поступивших от юридических лиц платежах" № 14 ID= 1000224841. 
2024.05.23 14:49:48, Добавление строки. Связывание со входящим документом № 17 ЭД "Сведения о поступивших от юридических лиц платежах" № 14 ID= 1000224841. 
2024.05.23 14:50:07, Добавление строки. Связывание со входящим документом № 17 ЭД "Сведения о поступивших от юридических лиц платежах" № 14 ID= 1000224841. 
2024.05.23 14:50:27, Добавление строки. Связывание со входящим документом № 17 ЭД "Сведения о поступивших от юридических лиц платежах" № 14 ID= 1000224841. 
2024.05.23 14:50:50, Добавление строки. Связывание со входящим документом № 17 ЭД "Сведения о поступивших от юридических лиц платежах" № 14 ID= 1000224841. 
2024.05.23 14:51:12, Добавление строки. Связывание со входящим документом № 17 ЭД "Сведения о поступивших от юридических лиц платежах" № 14 ID= 1000224841. 
2024.05.23 14:51:33, Добавление строки. Связывание со входящим документом № 17 ЭД "Сведения о поступивших от юридических лиц платежах" № 14 ID= 1000224841. 
2024.05.23 14:51:52, Добавление строки. Связывание со входящим документом № 17 ЭД "Сведения о поступивших от юридических лиц платежах" № 14 ID= 1000224841. 
2024.05.23 14:52:12, Добавление строки. Связывание со входящим документом № 17 ЭД "Сведения о поступивших от юридических лиц платежах" № 14 ID= 1000224841. 
2024.05.23 14:52:31, Добавление строки. Связывание со входящим документом № 17 ЭД "Сведения о поступивших от юридических лиц платежах" № 14 ID= 1000224841. 
2024.05.23 14:52:50, Добавление строки. Связывание со входящим документом № 17 ЭД "Сведения о поступивших от юридических лиц платежах" № 14 ID= 1000224841. 
2024.05.23 14:53:08, Добавление строки. Связывание со входящим документом № 17 ЭД "Сведения о поступивших от юридических лиц платежах" № 14 ID= 1000224841. 
2024.05.23 14:53:26, Добавление строки. Связывание со входящим документом № 17 ЭД "Сведения о поступивших от юридических лиц платежах" № 14 ID= 1000224841. 
2024.05.23 14:53:45, Добавление строки. Связывание со входящим документом № 17 ЭД "Сведения о поступивших от юридических лиц платежах" № 14 ID= 1000224841. 
2024.05.23 14:54:03, Добавление строки. Связывание со входящим документом № 17 ЭД "Сведения о поступивших от юридических лиц платежах" № 14 ID= 1000224841. 
2024.05.23 14:54:22, Добавление строки. Связывание со входящим документом № 17 ЭД "Сведения о поступивших от юридических лиц платежах" № 14 ID= 1000224841. 
2024.05.23 14:54:43, Добавление строки. Связывание со входящим документом № 17 ЭД "Сведения о поступивших от юридических лиц платежах" № 14 ID= 1000224841. 
2024.05.23 14:55:01, Добавление строки. Связывание со входящим документом № 17 ЭД "Сведения о поступивших от юридических лиц платежах" № 14 ID= 1000224841. 
2024.05.23 14:55:19, Добавление строки. Связывание со входящим документом № 17 ЭД "Сведения о поступивших от юридических лиц платежах" № 14 ID= 1000224841. 
2024.05.23 14:55:37, Добавление строки. Связывание со входящим документом № 17 ЭД "Сведения о поступивших от юридических лиц платежах" № 14 ID= 1000224841. 
2024.05.23 14:55:56, Добавление строки. Связывание со входящим документом № 17 ЭД "Сведения о поступивших от юридических лиц платежах" № 14 ID= 1000224841. 
2024.05.23 14:56:14, Добавление строки. Связывание со входящим документом № 17 ЭД "Сведения о поступивших от юридических лиц платежах" № 14 ID= 1000224841. 
2024.05.23 14:56:32, Добавление строки. Связывание со входящим документом № 17 ЭД "Сведения о поступивших от юридических лиц платежах" № 14 ID= 1000224841. 
2024.05.23 14:56:50, Добавление строки. Связывание со входящим документом № 17 ЭД "Сведения о поступивших от юридических лиц платежах" № 14 ID= 1000224841. 
2024.05.23 14:57:08, Добавление строки. Связывание со входящим документом № 17 ЭД "Сведения о поступивших от юридических лиц платежах" № 14 ID= 1000224841. 
2024.05.23 14:57:26, Добавление строки. Связывание со входящим документом № 17 ЭД "Сведения о поступивших от юридических лиц платежах" № 14 ID= 1000224841. 
2024.05.23 14:57:44, Добавление строки. Связывание со входящим документом № 17 ЭД "Сведения о поступивших от юридических лиц платежах" № 14 ID= 1000224841. 
2024.05.23 14:58:03, Добавление строки. Связывание со входящим документом № 17 ЭД "Сведения о поступивших от юридических лиц платежах" № 14 ID= 1000224841. 
2024.05.23 14:58:21, Добавление строки. Связывание со входящим документом № 17 ЭД "Сведения о поступивших от юридических лиц платежах" № 14 ID= 1000224841. 
2024.05.23 14:58:39, Добавление строки. Связывание со входящим документом № 17 ЭД "Сведения о поступивших от юридических лиц платежах" № 14 ID= 1000224841. 
2024.05.23 14:58:57, Добавление строки. Связывание со входящим документом № 17 ЭД "Сведения о поступивших от юридических лиц платежах" № 14 ID= 1000224841. 
2024.05.23 14:59:15, Добавление строки. Связывание со входящим документом № 17 ЭД "Сведения о поступивших от юридических лиц платежах" № 14 ID= 1000224841. 
2024.05.23 14:59:34, Добавление строки. Связывание со входящим документом № 17 ЭД "Сведения о поступивших от юридических лиц платежах" № 14 ID= 1000224841. 
2024.05.23 14:59:52, Добавление строки. Связывание со входящим документом № 17 ЭД "Сведения о поступивших от юридических лиц платежах" № 14 ID= 1000224841. 
2024.05.23 15:00:10, Добавление строки. Связывание со входящим документом № 17 ЭД "Сведения о поступивших от юридических лиц платежах" № 14 ID= 1000224841. 
2024.05.23 15:00:28, Добавление строки. Связывание со входящим документом № 17 ЭД "Сведения о поступивших от юридических лиц платежах" № 14 ID= 1000224841. 
2024.05.23 15:00:47, Добавление строки. Связывание со входящим документом № 17 ЭД "Сведения о поступивших от юридических лиц платежах" № 14 ID= 1000224841. 
2024.05.23 15:01:05, Добавление строки. Связывание со входящим документом № 17 ЭД "Сведения о поступивших от юридических лиц платежах" № 14 ID= 1000224841. 
2024.05.23 15:01:24, Добавление строки. Связывание со входящим документом № 17 ЭД "Сведения о поступивших от юридических лиц платежах" № 14 ID= 1000224841. 
2024.05.23 15:01:42, Добавление строки. Связывание со входящим документом № 17 ЭД "Сведения о поступивших от юридических лиц платежах" № 14 ID= 1000224841. 
2024.05.23 15:02:01, Добавление строки. Связывание со входящим документом № 17 ЭД "Сведения о поступивших от юридических лиц платежах" № 14 ID= 1000224841. 
2024.05.23 15:02:19, Добавление строки. Связывание со входящим документом № 17 ЭД "Сведения о поступивших от юридических лиц платежах" № 14 ID= 1000224841. 
2024.05.23 15:02:37, Добавление строки. Связывание со входящим документом № 17 ЭД "Сведения о поступивших от юридических лиц платежах" № 14 ID= 1000224841. 
2024.05.23 15:02:56, Добавление строки. Связывание со входящим документом № 17 ЭД "Сведения о поступивших от юридических лиц платежах" № 14 ID= 1000224841. 
2024.05.23 15:03:14, Добавление строки. Связывание со входящим документом № 17 ЭД "Сведения о поступивших от юридических лиц платежах" № 14 ID= 1000224841. 
2024.05.23 15:03:32, Добавление строки. Связывание со входящим документом № 17 ЭД "Сведения о поступивших от юридических лиц платежах" № 14 ID= 1000224841. 
2024.05.23 15:03:51, Добавление строки. Связывание со входящим документом № 17 ЭД "Сведения о поступивших от юридических лиц платежах" № 14 ID= 1000224841. 
2024.05.23 15:04:09, Добавление строки. Связывание со входящим документом № 17 ЭД "Сведения о поступивших от юридических лиц платежах" № 14 ID= 1000224841. 
2024.05.23 15:04:27, Добавление строки. Связывание со входящим документом № 17 ЭД "Сведения о поступивших от юридических лиц платежах" № 14 ID= 1000224841. 
2024.05.23 15:04:45, Добавление строки. Связывание со входящим документом № 17 ЭД "Сведения о поступивших от юридических лиц платежах" № 14 ID= 1000224841. 
2024.05.23 15:05:04, Добавление строки. Связывание со входящим документом № 17 ЭД "Сведения о поступивших от юридических лиц платежах" № 14 ID= 1000224841. 
2024.05.23 15:05:22, Добавление строки. Связывание со входящим документом № 17 ЭД "Сведения о поступивших от юридических лиц платежах" № 14 ID= 1000224841. 
2024.05.23 15:05:40, Добавление строки. Связывание со входящим документом № 17 ЭД "Сведения о поступивших от юридических лиц платежах" № 14 ID= 1000224841. 
2024.05.23 15:05:58, Добавление строки. Связывание со входящим документом № 17 ЭД "Сведения о поступивших от юридических лиц платежах" № 14 ID= 1000224841. 
2024.05.23 15:06:16, Добавление строки. Связывание со входящим документом № 17 ЭД "Сведения о поступивших от юридических лиц платежах" № 14 ID= 1000224841. 
2024.05.23 15:06:34, Добавление строки. Связывание со входящим документом № 17 ЭД "Сведения о поступивших от юридических лиц платежах" № 14 ID= 1000224841. 
2024.05.23 15:06:52, Добавление строки. Связывание со входящим документом № 17 ЭД "Сведения о поступивших от юридических лиц платежах" № 14 ID= 1000224841. 
2024.05.23 15:07:10, Добавление строки. Связывание со входящим документом № 17 ЭД "Сведения о поступивших от юридических лиц платежах" № 14 ID= 1000224841. 
2024.05.23 15:07:28, Добавление строки. Связывание со входящим документом № 17 ЭД "Сведения о поступивших от юридических лиц платежах" № 14 ID= 1000224841. 
2024.05.23 15:07:46, Добавление строки. Связывание со входящим документом № 17 ЭД "Сведения о поступивших от юридических лиц платежах" № 14 ID= 1000224841. 
2024.05.23 15:08:05, Добавление строки. Связывание со входящим документом № 17 ЭД "Сведения о поступивших от юридических лиц платежах" № 14 ID= 1000224841. 
2024.05.23 15:08:23, Добавление строки. Связывание со входящим документом № 17 ЭД "Сведения о поступивших от юридических лиц платежах" № 14 ID= 1000224841. 
2024.05.23 15:08:41, Добавление строки. Связывание со входящим документом № 17 ЭД "Сведения о поступивших от юридических лиц платежах" № 14 ID= 1000224841. 
2024.05.23 15:08:59, Добавление строки. Связывание со входящим документом № 17 ЭД "Сведения о поступивших от юридических лиц платежах" № 14 ID= 1000224841. 
2024.05.23 15:09:18, Добавление строки. Связывание со входящим документом № 17 ЭД "Сведения о поступивших от юридических лиц платежах" № 14 ID= 1000224841. 
2024.05.23 15:09:36, Добавление строки. Связывание со входящим документом № 17 ЭД "Сведения о поступивших от юридических лиц платежах" № 14 ID= 1000224841. 
2024.05.23 15:09:54, Добавление строки. Связывание со входящим документом № 17 ЭД "Сведения о поступивших от юридических лиц платежах" № 14 ID= 1000224841. 
2024.05.23 15:10:12, Добавление строки. Связывание со входящим документом № 17 ЭД "Сведения о поступивших от юридических лиц платежах" № 14 ID= 1000224841. 
2024.05.23 15:10:30, Добавление строки. Связывание со входящим документом № 17 ЭД "Сведения о поступивших от юридических лиц платежах" № 14 ID= 1000224841. 
2024.05.23 15:10:48, Добавление строки. Связывание со входящим документом № 17 ЭД "Сведения о поступивших от юридических лиц платежах" № 14 ID= 1000224841. 
2024.05.23 15:11:07, Добавление строки. Связывание со входящим документом № 17 ЭД "Сведения о поступивших от юридических лиц платежах" № 14 ID= 1000224841. 
2024.05.23 15:11:25, Добавление строки. Связывание со входящим документом № 17 ЭД "Сведения о поступивших от юридических лиц платежах" № 14 ID= 1000224841. 
2024.05.23 15:11:46, Добавление строки. Связывание со входящим документом № 17 ЭД "Сведения о поступивших от юридических лиц платежах" № 14 ID= 1000224841. 
2024.05.23 15:12:04, Добавление строки. Связывание со входящим документом № 17 ЭД "Сведения о поступивших от юридических лиц платежах" № 14 ID= 1000224841. 
2024.05.23 15:12:22, Добавление строки. Связывание со входящим документом № 17 ЭД "Сведения о поступивших от юридических лиц платежах" № 14 ID= 1000224841. 
2024.05.23 15:12:41, Добавление строки. Связывание со входящим документом № 17 ЭД "Сведения о поступивших от юридических лиц платежах" № 14 ID= 1000224841. 
2024.05.23 15:12:59, Добавление строки. Связывание со входящим документом № 17 ЭД "Сведения о поступивших от юридических лиц платежах" № 14 ID= 1000224841. 
2024.05.23 15:13:18, Добавление строки. Связывание со входящим документом № 17 ЭД "Сведения о поступивших от юридических лиц платежах" № 14 ID= 1000224841. 
2024.05.23 15:13:37, Добавление строки. Связывание со входящим документом № 17 ЭД "Сведения о поступивших от юридических лиц платежах" № 14 ID= 1000224841. 
2024.05.23 15:13:56, Добавление строки. Связывание со входящим документом № 17 ЭД "Сведения о поступивших от юридических лиц платежах" № 14 ID= 1000224841. 
2024.05.23 15:14:14, Добавление строки. Связывание со входящим документом № 17 ЭД "Сведения о поступивших от юридических лиц платежах" № 14 ID= 1000224841. 
2024.05.23 15:14:32, Добавление строки. Связывание со входящим документом № 17 ЭД "Сведения о поступивших от юридических лиц платежах" № 14 ID= 1000224841. 
2024.05.23 15:14:51, Добавление строки. Связывание со входящим документом № 17 ЭД "Сведения о поступивших от юридических лиц платежах" № 14 ID= 1000224841. 
2024.05.23 15:15:11, Добавление строки. Связывание со входящим документом № 17 ЭД "Сведения о поступивших от юридических лиц платежах" № 14 ID= 1000224841. 
2024.05.23 15:15:34, Добавление строки. Связывание со входящим документом № 17 ЭД "Сведения о поступивших от юридических лиц платежах" № 14 ID= 1000224841. 
2024.05.23 15:15:55, Добавление строки. Связывание со входящим документом № 17 ЭД "Сведения о поступивших от юридических лиц платежах" № 14 ID= 1000224841. 
2024.05.23 15:16:17, Добавление строки. Связывание со входящим документом № 17 ЭД "Сведения о поступивших от юридических лиц платежах" № 14 ID= 1000224841. 
2024.05.23 15:16:36, Добавление строки. Связывание со входящим документом № 17 ЭД "Сведения о поступивших от юридических лиц платежах" № 14 ID= 1000224841. 
2024.05.23 15:16:55, Добавление строки. Связывание со входящим документом № 17 ЭД "Сведения о поступивших от юридических лиц платежах" № 14 ID= 1000224841. 
2024.05.23 15:17:13, Добавление строки. Связывание со входящим документом № 17 ЭД "Сведения о поступивших от юридических лиц платежах" № 14 ID= 1000224841. 
2024.05.23 15:17:31, Добавление строки. Связывание со входящим документом № 17 ЭД "Сведения о поступивших от юридических лиц платежах" № 14 ID= 1000224841. 
2024.05.23 15:17:49, Добавление строки. Связывание со входящим документом № 17 ЭД "Сведения о поступивших от юридических лиц платежах" № 14 ID= 1000224841. 
2024.05.23 15:18:07, Добавление строки. Связывание со входящим документом № 17 ЭД "Сведения о поступивших от юридических лиц платежах" № 14 ID= 1000224841. 
2024.05.23 15:18:25, Добавление строки. Связывание со входящим документом № 17 ЭД "Сведения о поступивших от юридических лиц платежах" № 14 ID= 1000224841. 
2024.05.23 15:18:44, Добавление строки. Связывание со входящим документом № 17 ЭД "Сведения о поступивших от юридических лиц платежах" № 14 ID= 1000224841. 
2024.05.23 15:19:02, Добавление строки. Связывание со входящим документом № 17 ЭД "Сведения о поступивших от юридических лиц платежах" № 14 ID= 1000224841. 
2024.05.23 15:19:20, Добавление строки. Связывание со входящим документом № 17 ЭД "Сведения о поступивших от юридических лиц платежах" № 14 ID= 1000224841. 
2024.05.23 15:19:39, Добавление строки. Связывание со входящим документом № 17 ЭД "Сведения о поступивших от юридических лиц платежах" № 14 ID= 1000224841. 
2024.05.23 15:19:59, Добавление строки. Связывание со входящим документом № 17 ЭД "Сведения о поступивших от юридических лиц платежах" № 14 ID= 1000224841. 
2024.05.23 15:20:21, Добавление строки. Связывание со входящим документом № 17 ЭД "Сведения о поступивших от юридических лиц платежах" № 14 ID= 1000224841. 
2024.05.23 15:20:40, Добавление строки. Связывание со входящим документом № 17 ЭД "Сведения о поступивших от юридических лиц платежах" № 14 ID= 1000224841. 
2024.05.23 15:21:00, Добавление строки. Связывание со входящим документом № 17 ЭД "Сведения о поступивших от юридических лиц платежах" № 14 ID= 1000224841. 
2024.05.23 15:21:20, Добавление строки. Связывание со входящим документом № 17 ЭД "Сведения о поступивших от юридических лиц платежах" № 14 ID= 1000224841. 
2024.05.23 15:21:40, Добавление строки. Связывание со входящим документом № 17 ЭД "Сведения о поступивших от юридических лиц платежах" № 14 ID= 1000224841. 
2024.05.23 15:22:00, Добавление строки. Связывание со входящим документом № 17 ЭД "Сведения о поступивших от юридических лиц платежах" № 14 ID= 1000224841. 
2024.05.23 15:22:20, Добавление строки. Связывание со входящим документом № 17 ЭД "Сведения о поступивших от юридических лиц платежах" № 14 ID= 1000224841. 
2024.05.23 15:22:40, Добавление строки. Связывание со входящим документом № 17 ЭД "Сведения о поступивших от юридических лиц платежах" № 14 ID= 1000224841. 
2024.05.23 15:23:00, Добавление строки. Связывание со входящим документом № 17 ЭД "Сведения о поступивших от юридических лиц платежах" № 14 ID= 1000224841. 
2024.05.23 15:23:22, Добавление строки. Связывание со входящим документом № 17 ЭД "Сведения о поступивших от юридических лиц платежах" № 14 ID= 1000224841. 
2024.05.23 15:23:42, Добавление строки. Связывание со входящим документом № 17 ЭД "Сведения о поступивших от юридических лиц платежах" № 14 ID= 1000224841. 
2024.05.23 15:24:01, Добавление строки. Связывание со входящим документом № 17 ЭД "Сведения о поступивших от юридических лиц платежах" № 14 ID= 1000224841. 
2024.05.23 15:24:19, Добавление строки. Связывание со входящим документом № 17 ЭД "Сведения о поступивших от юридических лиц платежах" № 14 ID= 1000224841. 
2024.05.23 15:24:39, Добавление строки. Связывание со входящим документом № 17 ЭД "Сведения о поступивших от юридических лиц платежах" № 14 ID= 1000224841. 
2024.05.23 15:24:59, Добавление строки. Связывание со входящим документом № 17 ЭД "Сведения о поступивших от юридических лиц платежах" № 14 ID= 1000224841. 
2024.05.23 15:25:22, Добавление строки. Связывание со входящим документом № 17 ЭД "Сведения о поступивших от юридических лиц платежах" № 14 ID= 1000224841. 
2024.05.23 15:25:42, Добавление строки. Связывание со входящим документом № 17 ЭД "Сведения о поступивших от юридических лиц платежах" № 14 ID= 1000224841. 
2024.05.23 15:26:01, Добавление строки. Связывание со входящим документом № 17 ЭД "Сведения о поступивших от юридических лиц платежах" № 14 ID= 1000224841. 
2024.05.23 15:26:20, Добавление строки. Связывание со входящим документом № 17 ЭД "Сведения о поступивших от юридических лиц платежах" № 14 ID= 1000224841. 
2024.05.23 15:26:38, Добавление строки. Связывание со входящим документом № 17 ЭД "Сведения о поступивших от юридических лиц платежах" № 14 ID= 1000224841. 
2024.05.23 15:26:56, Добавление строки. Связывание со входящим документом № 17 ЭД "Сведения о поступивших от юридических лиц платежах" № 14 ID= 1000224841. 
2024.05.23 15:27:15, Добавление строки. Связывание со входящим документом № 17 ЭД "Сведения о поступивших от юридических лиц платежах" № 14 ID= 1000224841. 
2024.05.23 15:27:35, Добавление строки. Связывание со входящим документом № 17 ЭД "Сведения о поступивших от юридических лиц платежах" № 14 ID= 1000224841. 
2024.05.23 15:27:54, Добавление строки. Связывание со входящим документом № 17 ЭД "Сведения о поступивших от юридических лиц платежах" № 14 ID= 1000224841. 
2024.05.23 15:28:15, Добавление строки. Связывание со входящим документом № 17 ЭД "Сведения о поступивших от юридических лиц платежах" № 14 ID= 1000224841. 
2024.05.23 15:28:35, Добавление строки. Связывание со входящим документом № 17 ЭД "Сведения о поступивших от юридических лиц платежах" № 14 ID= 1000224841. 
2024.05.23 15:28:55, Добавление строки. Связывание со входящим документом № 17 ЭД "Сведения о поступивших от юридических лиц платежах" № 14 ID= 1000224841. 
2024.05.23 15:29:15, Добавление строки. Связывание со входящим документом № 17 ЭД "Сведения о поступивших от юридических лиц платежах" № 14 ID= 1000224841. 
2024.05.23 15:29:36, Добавление строки. Связывание со входящим документом № 17 ЭД "Сведения о поступивших от юридических лиц платежах" № 14 ID= 1000224841. 
2024.05.23 15:29:55, Добавление строки. Связывание со входящим документом № 17 ЭД "Сведения о поступивших от юридических лиц платежах" № 14 ID= 1000224841. 
2024.05.23 15:30:14, Добавление строки. Связывание со входящим документом № 17 ЭД "Сведения о поступивших от юридических лиц платежах" № 14 ID= 1000224841. 
2024.05.23 15:30:33, Добавление строки. Связывание со входящим документом № 17 ЭД "Сведения о поступивших от юридических лиц платежах" № 14 ID= 1000224841. 
2024.05.23 15:30:53, Добавление строки. Связывание со входящим документом № 17 ЭД "Сведения о поступивших от юридических лиц платежах" № 14 ID= 1000224841. 
2024.05.23 15:31:12, Добавление строки. Связывание со входящим документом № 17 ЭД "Сведения о поступивших от юридических лиц платежах" № 14 ID= 1000224841. 
2024.05.23 15:31:33, Добавление строки. Связывание со входящим документом № 17 ЭД "Сведения о поступивших от юридических лиц платежах" № 14 ID= 1000224841. 
2024.05.23 15:31:52, Добавление строки. Связывание со входящим документом № 17 ЭД "Сведения о поступивших от юридических лиц платежах" № 14 ID= 1000224841. 
2024.05.23 15:32:12, Добавление строки. Связывание со входящим документом № 17 ЭД "Сведения о поступивших от юридических лиц платежах" № 14 ID= 1000224841. 
2024.05.23 15:32:32, Добавление строки. Связывание со входящим документом № 17 ЭД "Сведения о поступивших от юридических лиц платежах" № 14 ID= 1000224841. 
2024.05.23 15:32:52, Добавление строки. Связывание со входящим документом № 17 ЭД "Сведения о поступивших от юридических лиц платежах" № 14 ID= 1000224841. 
2024.05.23 15:33:12, Добавление строки. Связывание со входящим документом № 17 ЭД "Сведения о поступивших от юридических лиц платежах" № 14 ID= 1000224841. 
2024.05.23 15:33:31, Добавление строки. Связывание со входящим документом № 17 ЭД "Сведения о поступивших от юридических лиц платежах" № 14 ID= 1000224841. 
2024.05.23 15:33:51, Добавление строки. Связывание со входящим документом № 17 ЭД "Сведения о поступивших от юридических лиц платежах" № 14 ID= 1000224841. 
2024.05.23 15:34:11, Добавление строки. Связывание со входящим документом № 17 ЭД "Сведения о поступивших от юридических лиц платежах" № 14 ID= 1000224841. 
2024.05.23 15:34:31, Добавление строки. Связывание со входящим документом № 17 ЭД "Сведения о поступивших от юридических лиц платежах" № 14 ID= 1000224841. 
2024.05.23 15:34:50, Добавление строки. Связывание со входящим документом № 17 ЭД "Сведения о поступивших от юридических лиц платежах" № 14 ID= 1000224841. 
2024.05.23 15:35:10, Добавление строки. Связывание со входящим документом № 17 ЭД "Сведения о поступивших от юридических лиц платежах" № 14 ID= 1000224841. 
2024.05.23 15:35:30, Добавление строки. Связывание со входящим документом № 17 ЭД "Сведения о поступивших от юридических лиц платежах" № 14 ID= 1000224841. 
2024.05.23 15:35:50, Добавление строки. Связывание со входящим документом № 17 ЭД "Сведения о поступивших от юридических лиц платежах" № 14 ID= 1000224841. 
2024.05.23 15:36:09, Добавление строки. Связывание со входящим документом № 17 ЭД "Сведения о поступивших от юридических лиц платежах" № 14 ID= 1000224841. 
2024.05.23 15:36:28, Добавление строки. Связывание со входящим документом № 17 ЭД "Сведения о поступивших от юридических лиц платежах" № 14 ID= 1000224841. 
2024.05.23 15:36:48, Добавление строки. Связывание со входящим документом № 17 ЭД "Сведения о поступивших от юридических лиц платежах" № 14 ID= 1000224841. 
2024.05.23 15:37:15, Добавление строки. Связывание со входящим документом № 17 ЭД "Сведения о поступивших от юридических лиц платежах" № 14 ID= 1000224841. 
2024.05.23 15:37:37, Добавление строки. Связывание со входящим документом № 17 ЭД "Сведения о поступивших от юридических лиц платежах" № 14 ID= 1000224841. 
2024.05.23 15:37:57, Добавление строки. Связывание со входящим документом № 17 ЭД "Сведения о поступивших от юридических лиц платежах" № 14 ID= 1000224841. 
2024.05.23 15:38:20, Добавление строки. Связывание со входящим документом № 17 ЭД "Сведения о поступивших от юридических лиц платежах" № 14 ID= 1000224841. 
2024.05.23 15:38:42, Добавление строки. Связывание со входящим документом № 17 ЭД "Сведения о поступивших от юридических лиц платежах" № 14 ID= 1000224841. 
2024.05.23 15:39:04, Добавление строки. Связывание со входящим документом № 17 ЭД "Сведения о поступивших от юридических лиц платежах" № 14 ID= 1000224841. 
2024.05.23 15:39:22, Добавление строки. Связывание со входящим документом № 17 ЭД "Сведения о поступивших от юридических лиц платежах" № 14 ID= 1000224841. 
2024.05.23 15:39:40, Добавление строки. Связывание со входящим документом № 17 ЭД "Сведения о поступивших от юридических лиц платежах" № 14 ID= 1000224841. 
2024.05.23 15:39:58, Добавление строки. Связывание со входящим документом № 17 ЭД "Сведения о поступивших от юридических лиц платежах" № 14 ID= 1000224841. 
2024.05.23 15:40:16, Добавление строки. Связывание со входящим документом № 17 ЭД "Сведения о поступивших от юридических лиц платежах" № 14 ID= 1000224841. 
2024.05.23 15:40:34, Добавление строки. Связывание со входящим документом № 17 ЭД "Сведения о поступивших от юридических лиц платежах" № 14 ID= 1000224841. 
2024.05.23 15:40:54, Добавление строки. Связывание со входящим документом № 17 ЭД "Сведения о поступивших от юридических лиц платежах" № 14 ID= 1000224841. 
2024.05.23 15:41:13, Добавление строки. Связывание со входящим документом № 17 ЭД "Сведения о поступивших от юридических лиц платежах" № 14 ID= 1000224841. 
2024.05.23 15:41:33, Добавление строки. Связывание со входящим документом № 17 ЭД "Сведения о поступивших от юридических лиц платежах" № 14 ID= 1000224841. 
2024.05.23 15:41:52, Добавление строки. Связывание со входящим документом № 17 ЭД "Сведения о поступивших от юридических лиц платежах" № 14 ID= 1000224841. 
2024.05.23 15:42:12, Добавление строки. Связывание со входящим документом № 17 ЭД "Сведения о поступивших от юридических лиц платежах" № 14 ID= 1000224841. 
2024.05.23 15:42:31, Добавление строки. Связывание со входящим документом № 17 ЭД "Сведения о поступивших от юридических лиц платежах" № 14 ID= 1000224841. 
2024.05.23 15:42:49, Добавление строки. Связывание со входящим документом № 17 ЭД "Сведения о поступивших от юридических лиц платежах" № 14 ID= 1000224841. 
2024.05.23 15:43:09, Добавление строки. Связывание со входящим документом № 17 ЭД "Сведения о поступивших от юридических лиц платежах" № 14 ID= 1000224841. 
2024.05.23 15:43:28, Добавление строки. Связывание со входящим документом № 17 ЭД "Сведения о поступивших от юридических лиц платежах" № 14 ID= 1000224841. 
2024.05.23 15:43:46, Добавление строки. Связывание со входящим документом № 17 ЭД "Сведения о поступивших от юридических лиц платежах" № 14 ID= 1000224841. 
2024.05.23 15:44:05, Добавление строки. Связывание со входящим документом № 17 ЭД "Сведения о поступивших от юридических лиц платежах" № 14 ID= 1000224841. 
2024.05.23 15:44:24, Добавление строки. Связывание со входящим документом № 17 ЭД "Сведения о поступивших от юридических лиц платежах" № 14 ID= 1000224841. 
2024.05.23 15:44:42, Добавление строки. Связывание со входящим документом № 17 ЭД "Сведения о поступивших от юридических лиц платежах" № 14 ID= 1000224841. 
2024.05.23 15:45:01, Добавление строки. Связывание со входящим документом № 17 ЭД "Сведения о поступивших от юридических лиц платежах" № 14 ID= 1000224841. 
2024.05.23 15:45:20, Добавление строки. Связывание со входящим документом № 17 ЭД "Сведения о поступивших от юридических лиц платежах" № 14 ID= 1000224841. 
2024.05.23 15:45:39, Добавление строки. Связывание со входящим документом № 17 ЭД "Сведения о поступивших от юридических лиц платежах" № 14 ID= 1000224841. 
2024.05.23 15:45:58, Добавление строки. Связывание со входящим документом № 17 ЭД "Сведения о поступивших от юридических лиц платежах" № 14 ID= 1000224841. 
2024.05.23 15:46:17, Добавление строки. Связывание со входящим документом № 17 ЭД "Сведения о поступивших от юридических лиц платежах" № 14 ID= 1000224841. 
2024.05.23 15:46:36, Добавление строки. Связывание со входящим документом № 17 ЭД "Сведения о поступивших от юридических лиц платежах" № 14 ID= 1000224841. 
2024.05.23 15:46:55, Добавление строки. Связывание со входящим документом № 17 ЭД "Сведения о поступивших от юридических лиц платежах" № 14 ID= 1000224841. 
2024.05.23 15:47:14, Добавление строки. Связывание со входящим документом № 17 ЭД "Сведения о поступивших от юридических лиц платежах" № 14 ID= 1000224841. 
2024.05.23 15:47:33, Добавление строки. Связывание со входящим документом № 17 ЭД "Сведения о поступивших от юридических лиц платежах" № 14 ID= 1000224841. 
2024.05.23 15:47:52, Добавление строки. Связывание со входящим документом № 17 ЭД "Сведения о поступивших от юридических лиц платежах" № 14 ID= 1000224841. 
2024.05.23 15:48:10, Добавление строки. Связывание со входящим документом № 17 ЭД "Сведения о поступивших от юридических лиц платежах" № 14 ID= 1000224841. 
2024.05.23 15:48:29, Добавление строки. Связывание со входящим документом № 17 ЭД "Сведения о поступивших от юридических лиц платежах" № 14 ID= 1000224841. 
2024.05.23 15:48:48, Добавление строки. Связывание со входящим документом № 17 ЭД "Сведения о поступивших от юридических лиц платежах" № 14 ID= 1000224841. 
2024.05.23 15:49:07, Добавление строки. Связывание со входящим документом № 17 ЭД "Сведения о поступивших от юридических лиц платежах" № 14 ID= 1000224841. 
2024.05.23 15:49:25, Добавление строки. Связывание со входящим документом № 17 ЭД "Сведения о поступивших от юридических лиц платежах" № 14 ID= 1000224841. 
2024.05.23 15:49:44, Добавление строки. Связывание со входящим документом № 17 ЭД "Сведения о поступивших от юридических лиц платежах" № 14 ID= 1000224841. 
2024.05.23 15:50:02, Добавление строки. Связывание со входящим документом № 17 ЭД "Сведения о поступивших от юридических лиц платежах" № 14 ID= 1000224841. 
2024.05.23 15:50:21, Добавление строки. Связывание со входящим документом № 17 ЭД "Сведения о поступивших от юридических лиц платежах" № 14 ID= 1000224841. 
2024.05.23 15:50:39, Добавление строки. Связывание со входящим документом № 17 ЭД "Сведения о поступивших от юридических лиц платежах" № 14 ID= 1000224841. 
2024.05.23 15:50:58, Добавление строки. Связывание со входящим документом № 17 ЭД "Сведения о поступивших от юридических лиц платежах" № 14 ID= 1000224841. 
2024.05.23 15:51:17, Добавление строки. Связывание со входящим документом № 17 ЭД "Сведения о поступивших от юридических лиц платежах" № 14 ID= 1000224841. 
2024.05.23 15:51:36, Добавление строки. Связывание со входящим документом № 17 ЭД "Сведения о поступивших от юридических лиц платежах" № 14 ID= 1000224841. 
2024.05.23 15:51:55, Добавление строки. Связывание со входящим документом № 17 ЭД "Сведения о поступивших от юридических лиц платежах" № 14 ID= 1000224841. 
2024.05.23 15:52:14, Добавление строки. Связывание со входящим документом № 17 ЭД "Сведения о поступивших от юридических лиц платежах" № 14 ID= 1000224841. 
2024.05.23 15:52:33, Добавление строки. Связывание со входящим документом № 17 ЭД "Сведения о поступивших от юридических лиц платежах" № 14 ID= 1000224841. 
2024.05.23 15:52:53, Добавление строки. Связывание со входящим документом № 17 ЭД "Сведения о поступивших от юридических лиц платежах" № 14 ID= 1000224841. 
2024.05.23 15:53:12, Добавление строки. Связывание со входящим документом № 17 ЭД "Сведения о поступивших от юридических лиц платежах" № 14 ID= 1000224841. 
2024.05.23 15:53:30, Добавление строки. Связывание со входящим документом № 17 ЭД "Сведения о поступивших от юридических лиц платежах" № 14 ID= 1000224841. 
2024.05.23 15:53:49, Добавление строки. Связывание со входящим документом № 17 ЭД "Сведения о поступивших от юридических лиц платежах" № 14 ID= 1000224841. 
2024.05.23 15:54:07, Добавление строки. Связывание со входящим документом № 17 ЭД "Сведения о поступивших от юридических лиц платежах" № 14 ID= 1000224841. 
2024.05.23 15:54:25, Добавление строки. Связывание со входящим документом № 17 ЭД "Сведения о поступивших от юридических лиц платежах" № 14 ID= 1000224841. 
2024.05.23 15:54:44, Добавление строки. Связывание со входящим документом № 17 ЭД "Сведения о поступивших от юридических лиц платежах" № 14 ID= 1000224841. 
2024.05.23 15:55:02, Добавление строки. Связывание со входящим документом № 17 ЭД "Сведения о поступивших от юридических лиц платежах" № 14 ID= 1000224841. 
2024.05.23 15:55:21, Добавление строки. Связывание со входящим документом № 17 ЭД "Сведения о поступивших от юридических лиц платежах" № 14 ID= 1000224841. 
2024.05.23 15:55:41, Добавление строки. Связывание со входящим документом № 17 ЭД "Сведения о поступивших от юридических лиц платежах" № 14 ID= 1000224841. 
2024.05.23 15:56:00, Добавление строки. Связывание со входящим документом № 17 ЭД "Сведения о поступивших от юридических лиц платежах" № 14 ID= 1000224841. 
2024.05.23 15:56:22, Добавление строки. Связывание со входящим документом № 17 ЭД "Сведения о поступивших от юридических лиц платежах" № 14 ID= 1000224841. 
2024.05.23 15:56:42, Добавление строки. Связывание со входящим документом № 17 ЭД "Сведения о поступивших от юридических лиц платежах" № 14 ID= 1000224841. 
2024.05.23 15:57:00, Добавление строки. Связывание со входящим документом № 17 ЭД "Сведения о поступивших от юридических лиц платежах" № 14 ID= 1000224841. 
2024.05.23 15:57:19, Добавление строки. Связывание со входящим документом № 17 ЭД "Сведения о поступивших от юридических лиц платежах" № 14 ID= 1000224841. 
2024.05.23 15:57:38, Добавление строки. Связывание со входящим документом № 17 ЭД "Сведения о поступивших от юридических лиц платежах" № 14 ID= 1000224841. 
2024.05.23 15:57:56, Добавление строки. Связывание со входящим документом № 17 ЭД "Сведения о поступивших от юридических лиц платежах" № 14 ID= 1000224841. 
2024.05.23 15:58:15, Добавление строки. Связывание со входящим документом № 17 ЭД "Сведения о поступивших от юридических лиц платежах" № 14 ID= 1000224841. 
2024.05.23 15:58:34, Добавление строки. Связывание со входящим документом № 17 ЭД "Сведения о поступивших от юридических лиц платежах" № 14 ID= 1000224841. 
2024.05.23 15:58:58, Добавление строки. Связывание со входящим документом № 17 ЭД "Сведения о поступивших от юридических лиц платежах" № 14 ID= 1000224841. 
2024.05.23 15:59:22, Добавление строки. Связывание со входящим документом № 17 ЭД "Сведения о поступивших от юридических лиц платежах" № 14 ID= 1000224841. 
2024.05.23 15:59:42, Добавление строки. Связывание со входящим документом № 17 ЭД "Сведения о поступивших от юридических лиц платежах" № 14 ID= 1000224841. 
2024.05.23 16:00:01, Добавление строки. Связывание со входящим документом № 17 ЭД "Сведения о поступивших от юридических лиц платежах" № 14 ID= 1000224841. 
2024.05.23 16:00:21, Добавление строки. Связывание со входящим документом № 17 ЭД "Сведения о поступивших от юридических лиц платежах" № 14 ID= 1000224841. 
2024.05.23 16:00:42, Добавление строки. Связывание со входящим документом № 17 ЭД "Сведения о поступивших от юридических лиц платежах" № 14 ID= 1000224841. 
2024.05.23 16:01:00, Добавление строки. Связывание со входящим документом № 17 ЭД "Сведения о поступивших от юридических лиц платежах" № 14 ID= 1000224841. 
2024.05.23 16:01:19, Добавление строки. Связывание со входящим документом № 17 ЭД "Сведения о поступивших от юридических лиц платежах" № 14 ID= 1000224841. 
2024.05.23 16:01:38, Добавление строки. Связывание со входящим документом № 17 ЭД "Сведения о поступивших от юридических лиц платежах" № 14 ID= 1000224841. 
2024.05.23 16:01:58, Добавление строки. Связывание со входящим документом № 17 ЭД "Сведения о поступивших от юридических лиц платежах" № 14 ID= 1000224841. 
2024.05.23 16:02:18, Добавление строки. Связывание со входящим документом № 17 ЭД "Сведения о поступивших от юридических лиц платежах" № 14 ID= 1000224841. 
2024.05.23 16:02:37, Добавление строки. Связывание со входящим документом № 17 ЭД "Сведения о поступивших от юридических лиц платежах" № 14 ID= 1000224841. 
2024.05.23 16:02:56, Добавление строки. Связывание со входящим документом № 17 ЭД "Сведения о поступивших от юридических лиц платежах" № 14 ID= 1000224841. 
2024.05.23 16:03:15, Добавление строки. Связывание со входящим документом № 17 ЭД "Сведения о поступивших от юридических лиц платежах" № 14 ID= 1000224841. 
2024.05.23 16:03:34, Добавление строки. Связывание со входящим документом № 17 ЭД "Сведения о поступивших от юридических лиц платежах" № 14 ID= 1000224841. 
2024.05.23 16:03:53, Добавление строки. Связывание со входящим документом № 17 ЭД "Сведения о поступивших от юридических лиц платежах" № 14 ID= 1000224841. 
2024.05.23 16:04:11, Добавление строки. Связывание со входящим документом № 17 ЭД "Сведения о поступивших от юридических лиц платежах" № 14 ID= 1000224841. 
2024.05.23 16:04:33, Добавление строки. Связывание со входящим документом № 17 ЭД "Сведения о поступивших от юридических лиц платежах" № 14 ID= 1000224841. 
2024.05.23 16:04:53, Добавление строки. Связывание со входящим документом № 17 ЭД "Сведения о поступивших от юридических лиц платежах" № 14 ID= 1000224841. 
2024.05.23 16:05:14, Добавление строки. Связывание со входящим документом № 17 ЭД "Сведения о поступивших от юридических лиц платежах" № 14 ID= 1000224841. 
2024.05.23 16:05:33, Добавление строки. Связывание со входящим документом № 17 ЭД "Сведения о поступивших от юридических лиц платежах" № 14 ID= 1000224841. 
2024.05.23 16:05:51, Добавление строки. Связывание со входящим документом № 17 ЭД "Сведения о поступивших от юридических лиц платежах" № 14 ID= 1000224841. 
2024.05.23 16:06:10, Добавление строки. Связывание со входящим документом № 17 ЭД "Сведения о поступивших от юридических лиц платежах" № 14 ID= 1000224841. 
2024.05.23 16:06:28, Добавление строки. Связывание со входящим документом № 17 ЭД "Сведения о поступивших от юридических лиц платежах" № 14 ID= 1000224841. 
2024.05.23 16:06:47, Добавление строки. Связывание со входящим документом № 17 ЭД "Сведения о поступивших от юридических лиц платежах" № 14 ID= 1000224841. 
2024.05.23 16:07:05, Добавление строки. Связывание со входящим документом № 17 ЭД "Сведения о поступивших от юридических лиц платежах" № 14 ID= 1000224841. 
2024.05.23 16:07:24, Добавление строки. Связывание со входящим документом № 17 ЭД "Сведения о поступивших от юридических лиц платежах" № 14 ID= 1000224841. 
2024.05.23 16:07:43, Добавление строки. Связывание со входящим документом № 17 ЭД "Сведения о поступивших от юридических лиц платежах" № 14 ID= 1000224841. 
2024.05.23 16:08:01, Добавление строки. Связывание со входящим документом № 17 ЭД "Сведения о поступивших от юридических лиц платежах" № 14 ID= 1000224841. 
2024.05.23 16:08:20, Добавление строки. Связывание со входящим документом № 17 ЭД "Сведения о поступивших от юридических лиц платежах" № 14 ID= 1000224841. 
2024.05.23 16:08:39, Добавление строки. Связывание со входящим документом № 17 ЭД "Сведения о поступивших от юридических лиц платежах" № 14 ID= 1000224841. 
2024.05.23 16:08:58, Добавление строки. Связывание со входящим документом № 17 ЭД "Сведения о поступивших от юридических лиц платежах" № 14 ID= 1000224841. 
2024.05.23 16:09:16, Добавление строки. Связывание со входящим документом № 17 ЭД "Сведения о поступивших от юридических лиц платежах" № 14 ID= 1000224841. 
2024.05.23 16:09:35, Добавление строки. Связывание со входящим документом № 17 ЭД "Сведения о поступивших от юридических лиц платежах" № 14 ID= 1000224841. 
2024.05.23 16:09:56, Добавление строки. Связывание со входящим документом № 17 ЭД "Сведения о поступивших от юридических лиц платежах" № 14 ID= 1000224841. 
2024.05.23 16:10:15, Добавление строки. Связывание со входящим документом № 17 ЭД "Сведения о поступивших от юридических лиц платежах" № 14 ID= 1000224841. 
2024.05.23 16:10:34, Добавление строки. Связывание со входящим документом № 17 ЭД "Сведения о поступивших от юридических лиц платежах" № 14 ID= 1000224841. 
2024.05.23 16:10:54, Добавление строки. Связывание со входящим документом № 17 ЭД "Сведения о поступивших от юридических лиц платежах" № 14 ID= 1000224841. 
2024.05.23 16:11:15, Добавление строки. Связывание со входящим документом № 17 ЭД "Сведения о поступивших от юридических лиц платежах" № 14 ID= 1000224841. 
2024.05.23 16:11:35, Добавление строки. Связывание со входящим документом № 17 ЭД "Сведения о поступивших от юридических лиц платежах" № 14 ID= 1000224841. 
2024.05.23 16:11:55, Добавление строки. Связывание со входящим документом № 17 ЭД "Сведения о поступивших от юридических лиц платежах" № 14 ID= 1000224841. 
2024.05.23 16:12:15, Добавление строки. Связывание со входящим документом № 17 ЭД "Сведения о поступивших от юридических лиц платежах" № 14 ID= 1000224841. 
2024.05.23 16:12:34, Добавление строки. Связывание со входящим документом № 17 ЭД "Сведения о поступивших от юридических лиц платежах" № 14 ID= 1000224841. 
2024.05.23 16:12:54, Добавление строки. Связывание со входящим документом № 17 ЭД "Сведения о поступивших от юридических лиц платежах" № 14 ID= 1000224841. 
2024.05.23 16:13:14, Добавление строки. Связывание со входящим документом № 17 ЭД "Сведения о поступивших от юридических лиц платежах" № 14 ID= 1000224841. 
2024.05.23 16:13:33, Добавление строки. Связывание со входящим документом № 17 ЭД "Сведения о поступивших от юридических лиц платежах" № 14 ID= 1000224841. 
2024.05.23 16:13:55, Добавление строки. Связывание со входящим документом № 17 ЭД "Сведения о поступивших от юридических лиц платежах" № 14 ID= 1000224841. 
2024.05.23 16:14:18, Добавление строки. Связывание со входящим документом № 17 ЭД "Сведения о поступивших от юридических лиц платежах" № 14 ID= 1000224841. 
2024.05.23 16:14:41, Добавление строки. Связывание со входящим документом № 17 ЭД "Сведения о поступивших от юридических лиц платежах" № 14 ID= 1000224841. 
2024.05.23 16:15:02, Добавление строки. Связывание со входящим документом № 17 ЭД "Сведения о поступивших от юридических лиц платежах" № 14 ID= 1000224841. 
2024.05.23 16:15:21, Добавление строки. Связывание со входящим документом № 17 ЭД "Сведения о поступивших от юридических лиц платежах" № 14 ID= 1000224841. 
2024.05.23 16:15:41, Добавление строки. Связывание со входящим документом № 17 ЭД "Сведения о поступивших от юридических лиц платежах" № 14 ID= 1000224841. 
2024.05.23 16:16:01, Добавление строки. Связывание со входящим документом № 17 ЭД "Сведения о поступивших от юридических лиц платежах" № 14 ID= 1000224841. 
2024.05.23 16:16:20, Добавление строки. Связывание со входящим документом № 17 ЭД "Сведения о поступивших от юридических лиц платежах" № 14 ID= 1000224841. 
2024.05.23 16:16:39, Добавление строки. Связывание со входящим документом № 17 ЭД "Сведения о поступивших от юридических лиц платежах" № 14 ID= 1000224841. 
2024.05.23 16:16:59, Добавление строки. Связывание со входящим документом № 17 ЭД "Сведения о поступивших от юридических лиц платежах" № 14 ID= 1000224841. 
2024.05.23 16:17:18, Добавление строки. Связывание со входящим документом № 17 ЭД "Сведения о поступивших от юридических лиц платежах" № 14 ID= 1000224841. 
2024.05.23 16:17:39, Добавление строки. Связывание со входящим документом № 17 ЭД "Сведения о поступивших от юридических лиц платежах" № 14 ID= 1000224841. 
2024.05.23 16:17:58, Добавление строки. Связывание со входящим документом № 17 ЭД "Сведения о поступивших от юридических лиц платежах" № 14 ID= 1000224841. 
2024.05.23 16:18:17, Добавление строки. Связывание со входящим документом № 17 ЭД "Сведения о поступивших от юридических лиц платежах" № 14 ID= 1000224841. 
2024.05.23 16:18:36, Добавление строки. Связывание со входящим документом № 17 ЭД "Сведения о поступивших от юридических лиц платежах" № 14 ID= 1000224841. 
2024.05.23 16:18:55, Добавление строки. Связывание со входящим документом № 17 ЭД "Сведения о поступивших от юридических лиц платежах" № 14 ID= 1000224841. 
2024.05.23 16:19:14, Добавление строки. Связывание со входящим документом № 17 ЭД "Сведения о поступивших от юридических лиц платежах" № 14 ID= 1000224841. 
2024.05.23 16:19:32, Добавление строки. Связывание со входящим документом № 17 ЭД "Сведения о поступивших от юридических лиц платежах" № 14 ID= 1000224841. 
2024.05.23 16:19:50, Добавление строки. Связывание со входящим документом № 17 ЭД "Сведения о поступивших от юридических лиц платежах" № 14 ID= 1000224841. 
2024.05.23 16:20:10, Добавление строки. Связывание со входящим документом № 17 ЭД "Сведения о поступивших от юридических лиц платежах" № 14 ID= 1000224841. 
2024.05.23 16:20:29, Добавление строки. Связывание со входящим документом № 17 ЭД "Сведения о поступивших от юридических лиц платежах" № 14 ID= 1000224841. 
2024.05.23 16:20:47, Добавление строки. Связывание со входящим документом № 17 ЭД "Сведения о поступивших от юридических лиц платежах" № 14 ID= 1000224841. 
2024.05.23 16:21:06, Добавление строки. Связывание со входящим документом № 17 ЭД "Сведения о поступивших от юридических лиц платежах" № 14 ID= 1000224841. 
2024.05.23 16:21:25, Добавление строки. Связывание со входящим документом № 17 ЭД "Сведения о поступивших от юридических лиц платежах" № 14 ID= 1000224841. 
2024.05.23 16:21:44, Добавление строки. Связывание со входящим документом № 17 ЭД "Сведения о поступивших от юридических лиц платежах" № 14 ID= 1000224841. 
2024.05.23 16:22:02, Добавление строки. Связывание со входящим документом № 17 ЭД "Сведения о поступивших от юридических лиц платежах" № 14 ID= 1000224841. 
2024.05.23 16:22:21, Добавление строки. Связывание со входящим документом № 17 ЭД "Сведения о поступивших от юридических лиц платежах" № 14 ID= 1000224841. 
2024.05.23 16:22:41, Добавление строки. Связывание со входящим документом № 17 ЭД "Сведения о поступивших от юридических лиц платежах" № 14 ID= 1000224841. 
2024.05.23 16:23:00, Добавление строки. Связывание со входящим документом № 17 ЭД "Сведения о поступивших от юридических лиц платежах" № 14 ID= 1000224841. 
2024.05.23 16:23:19, Добавление строки. Связывание со входящим документом № 17 ЭД "Сведения о поступивших от юридических лиц платежах" № 14 ID= 1000224841. 
2024.05.23 16:23:38, Добавление строки. Связывание со входящим документом № 17 ЭД "Сведения о поступивших от юридических лиц платежах" № 14 ID= 1000224841. 
2024.05.23 16:23:56, Добавление строки. Связывание со входящим документом № 17 ЭД "Сведения о поступивших от юридических лиц платежах" № 14 ID= 1000224841. 
2024.05.23 16:24:15, Добавление строки. Связывание со входящим документом № 17 ЭД "Сведения о поступивших от юридических лиц платежах" № 14 ID= 1000224841. 
2024.05.23 16:24:34, Добавление строки. Связывание со входящим документом № 17 ЭД "Сведения о поступивших от юридических лиц платежах" № 14 ID= 1000224841. 
2024.05.23 16:24:52, Добавление строки. Связывание со входящим документом № 17 ЭД "Сведения о поступивших от юридических лиц платежах" № 14 ID= 1000224841. 
2024.05.23 16:25:11, Добавление строки. Связывание со входящим документом № 17 ЭД "Сведения о поступивших от юридических лиц платежах" № 14 ID= 1000224841. 
2024.05.23 16:25:30, Добавление строки. Связывание со входящим документом № 17 ЭД "Сведения о поступивших от юридических лиц платежах" № 14 ID= 1000224841. 
2024.05.23 16:25:48, Добавление строки. Связывание со входящим документом № 17 ЭД "Сведения о поступивших от юридических лиц платежах" № 14 ID= 1000224841. 
2024.05.23 16:26:07, Добавление строки. Связывание со входящим документом № 17 ЭД "Сведения о поступивших от юридических лиц платежах" № 14 ID= 1000224841. 
2024.05.23 16:26:25, Добавление строки. Связывание со входящим документом № 17 ЭД "Сведения о поступивших от юридических лиц платежах" № 14 ID= 1000224841. 
2024.05.23 16:26:43, Добавление строки. Связывание со входящим документом № 17 ЭД "Сведения о поступивших от юридических лиц платежах" № 14 ID= 1000224841. 
2024.05.23 16:27:01, Добавление строки. Связывание со входящим документом № 17 ЭД "Сведения о поступивших от юридических лиц платежах" № 14 ID= 1000224841. 
2024.05.23 16:27:20, Добавление строки. Связывание со входящим документом № 17 ЭД "Сведения о поступивших от юридических лиц платежах" № 14 ID= 1000224841. 
2024.05.23 16:27:40, Добавление строки. Связывание со входящим документом № 17 ЭД "Сведения о поступивших от юридических лиц платежах" № 14 ID= 1000224841. 
2024.05.23 16:27:59, Добавление строки. Связывание со входящим документом № 17 ЭД "Сведения о поступивших от юридических лиц платежах" № 14 ID= 1000224841. 
2024.05.23 16:28:17, Добавление строки. Связывание со входящим документом № 17 ЭД "Сведения о поступивших от юридических лиц платежах" № 14 ID= 1000224841. 
2024.05.23 16:28:36, Добавление строки. Связывание со входящим документом № 17 ЭД "Сведения о поступивших от юридических лиц платежах" № 14 ID= 1000224841. 
2024.05.23 16:28:54, Добавление строки. Связывание со входящим документом № 17 ЭД "Сведения о поступивших от юридических лиц платежах" № 14 ID= 1000224841. 
2024.05.23 16:29:12, Добавление строки. Связывание со входящим документом № 17 ЭД "Сведения о поступивших от юридических лиц платежах" № 14 ID= 1000224841. 
2024.05.23 16:29:30, Добавление строки. Связывание со входящим документом № 17 ЭД "Сведения о поступивших от юридических лиц платежах" № 14 ID= 1000224841. 
2024.05.23 16:29:49, Добавление строки. Связывание со входящим документом № 17 ЭД "Сведения о поступивших от юридических лиц платежах" № 14 ID= 1000224841. 
2024.05.23 16:30:07, Добавление строки. Связывание со входящим документом № 17 ЭД "Сведения о поступивших от юридических лиц платежах" № 14 ID= 1000224841. 
2024.05.23 16:30:26, Добавление строки. Связывание со входящим документом № 17 ЭД "Сведения о поступивших от юридических лиц платежах" № 14 ID= 1000224841. 
2024.05.23 16:30:45, Добавление строки. Связывание со входящим документом № 17 ЭД "Сведения о поступивших от юридических лиц платежах" № 14 ID= 1000224841. 
2024.05.23 16:31:04, Добавление строки. Связывание со входящим документом № 17 ЭД "Сведения о поступивших от юридических лиц платежах" № 14 ID= 1000224841. 
2024.05.23 16:31:23, Добавление строки. Связывание со входящим документом № 17 ЭД "Сведения о поступивших от юридических лиц платежах" № 14 ID= 1000224841. 
2024.05.23 16:31:41, Добавление строки. Связывание со входящим документом № 17 ЭД "Сведения о поступивших от юридических лиц платежах" № 14 ID= 1000224841. 
2024.05.23 16:32:00, Добавление строки. Связывание со входящим документом № 17 ЭД "Сведения о поступивших от юридических лиц платежах" № 14 ID= 1000224841. 
2024.05.23 16:32:18, Добавление строки. Связывание со входящим документом № 17 ЭД "Сведения о поступивших от юридических лиц платежах" № 14 ID= 1000224841. 
2024.05.23 16:32:37, Добавление строки. Связывание со входящим документом № 17 ЭД "Сведения о поступивших от юридических лиц платежах" № 14 ID= 1000224841. 
2024.05.23 16:32:56, Добавление строки. Связывание со входящим документом № 17 ЭД "Сведения о поступивших от юридических лиц платежах" № 14 ID= 1000224841. 
2024.05.23 16:33:14, Добавление строки. Связывание со входящим документом № 17 ЭД "Сведения о поступивших от юридических лиц платежах" № 14 ID= 1000224841. 
2024.05.23 16:33:37, Добавление строки. Связывание со входящим документом № 17 ЭД "Сведения о поступивших от юридических лиц платежах" № 14 ID= 1000224841. 
2024.05.23 16:33:57, Добавление строки. Связывание со входящим документом № 17 ЭД "Сведения о поступивших от юридических лиц платежах" № 14 ID= 1000224841. 
2024.05.23 16:34:18, Добавление строки. Связывание со входящим документом № 17 ЭД "Сведения о поступивших от юридических лиц платежах" № 14 ID= 1000224841. 
2024.05.23 16:34:37, Добавление строки. Связывание со входящим документом № 17 ЭД "Сведения о поступивших от юридических лиц платежах" № 14 ID= 1000224841. 
2024.05.23 16:34:58, Добавление строки. Связывание со входящим документом № 17 ЭД "Сведения о поступивших от юридических лиц платежах" № 14 ID= 1000224841. 
2024.05.23 16:35:22, Добавление строки. Связывание со входящим документом № 17 ЭД "Сведения о поступивших от юридических лиц платежах" № 14 ID= 1000224841. 
2024.05.23 16:35:45, Добавление строки. Связывание со входящим документом № 17 ЭД "Сведения о поступивших от юридических лиц платежах" № 14 ID= 1000224841. 
2024.05.23 16:36:07, Добавление строки. Связывание со входящим документом № 17 ЭД "Сведения о поступивших от юридических лиц платежах" № 14 ID= 1000224841. 
2024.05.23 16:36:27, Добавление строки. Связывание со входящим документом № 17 ЭД "Сведения о поступивших от юридических лиц платежах" № 14 ID= 1000224841. 
2024.05.23 16:36:47, Добавление строки. Связывание со входящим документом № 17 ЭД "Сведения о поступивших от юридических лиц платежах" № 14 ID= 1000224841. 
2024.05.23 16:37:07, Добавление строки. Связывание со входящим документом № 17 ЭД "Сведения о поступивших от юридических лиц платежах" № 14 ID= 1000224841. 
2024.05.23 16:37:27, Добавление строки. Связывание со входящим документом № 17 ЭД "Сведения о поступивших от юридических лиц платежах" № 14 ID= 1000224841. 
2024.05.23 16:37:47, Добавление строки. Связывание со входящим документом № 17 ЭД "Сведения о поступивших от юридических лиц платежах" № 14 ID= 1000224841. 
2024.05.23 16:38:06, Добавление строки. Связывание со входящим документом № 17 ЭД "Сведения о поступивших от юридических лиц платежах" № 14 ID= 1000224841. 
2024.05.23 16:38:24, Добавление строки. Связывание со входящим документом № 17 ЭД "Сведения о поступивших от юридических лиц платежах" № 14 ID= 1000224841. 
2024.05.23 16:38:43, Добавление строки. Связывание со входящим документом № 17 ЭД "Сведения о поступивших от юридических лиц платежах" № 14 ID= 1000224841. 
2024.05.23 16:39:02, Добавление строки. Связывание со входящим документом № 17 ЭД "Сведения о поступивших от юридических лиц платежах" № 14 ID= 1000224841. 
2024.05.23 16:39:22, Добавление строки. Связывание со входящим документом № 17 ЭД "Сведения о поступивших от юридических лиц платежах" № 14 ID= 1000224841. 
2024.05.23 16:39:41, Добавление строки. Связывание со входящим документом № 17 ЭД "Сведения о поступивших от юридических лиц платежах" № 14 ID= 1000224841. 
2024.05.23 16:40:01, Добавление строки. Связывание со входящим документом № 17 ЭД "Сведения о поступивших от юридических лиц платежах" № 14 ID= 1000224841. 
2024.05.23 16:40:20, Добавление строки. Связывание со входящим документом № 17 ЭД "Сведения о поступивших от юридических лиц платежах" № 14 ID= 1000224841. 
2024.05.23 16:40:39, Добавление строки. Связывание со входящим документом № 17 ЭД "Сведения о поступивших от юридических лиц платежах" № 14 ID= 1000224841. 
2024.05.23 16:40:58, Добавление строки. Связывание со входящим документом № 17 ЭД "Сведения о поступивших от юридических лиц платежах" № 14 ID= 1000224841. 
2024.05.23 16:41:18, Добавление строки. Связывание со входящим документом № 17 ЭД "Сведения о поступивших от юридических лиц платежах" № 14 ID= 1000224841. 
2024.05.23 16:41:37, Добавление строки. Связывание со входящим документом № 17 ЭД "Сведения о поступивших от юридических лиц платежах" № 14 ID= 1000224841. 
2024.05.23 16:41:57, Добавление строки. Связывание со входящим документом № 17 ЭД "Сведения о поступивших от юридических лиц платежах" № 14 ID= 1000224841. 
2024.05.23 16:42:15, Добавление строки. Связывание со входящим документом № 17 ЭД "Сведения о поступивших от юридических лиц платежах" № 14 ID= 1000224841. 
2024.05.23 16:42:34, Добавление строки. Связывание со входящим документом № 17 ЭД "Сведения о поступивших от юридических лиц платежах" № 14 ID= 1000224841. 
2024.05.23 16:42:53, Добавление строки. Связывание со входящим документом № 17 ЭД "Сведения о поступивших от юридических лиц платежах" № 14 ID= 1000224841. 
2024.05.23 16:43:12, Добавление строки. Связывание со входящим документом № 17 ЭД "Сведения о поступивших от юридических лиц платежах" № 14 ID= 1000224841. 
2024.05.23 16:43:31, Добавление строки. Связывание со входящим документом № 17 ЭД "Сведения о поступивших от юридических лиц платежах" № 14 ID= 1000224841. 
2024.05.23 16:43:50, Добавление строки. Связывание со входящим документом № 17 ЭД "Сведения о поступивших от юридических лиц платежах" № 14 ID= 1000224841. 
2024.05.23 16:44:09, Добавление строки. Связывание со входящим документом № 17 ЭД "Сведения о поступивших от юридических лиц платежах" № 14 ID= 1000224841. 
2024.05.23 16:44:28, Добавление строки. Связывание со входящим документом № 17 ЭД "Сведения о поступивших от юридических лиц платежах" № 14 ID= 1000224841. 
2024.05.23 16:44:48, Добавление строки. Связывание со входящим документом № 17 ЭД "Сведения о поступивших от юридических лиц платежах" № 14 ID= 1000224841. 
2024.05.23 16:45:08, Добавление строки. Связывание со входящим документом № 17 ЭД "Сведения о поступивших от юридических лиц платежах" № 14 ID= 1000224841. 
2024.05.23 16:45:27, Добавление строки. Связывание со входящим документом № 17 ЭД "Сведения о поступивших от юридических лиц платежах" № 14 ID= 1000224841. 
2024.05.23 16:45:45, Добавление строки. Связывание со входящим документом № 17 ЭД "Сведения о поступивших от юридических лиц платежах" № 14 ID= 1000224841. 
2024.05.23 16:46:04, Добавление строки. Связывание со входящим документом № 17 ЭД "Сведения о поступивших от юридических лиц платежах" № 14 ID= 1000224841. 
2024.05.23 16:46:23, Добавление строки. Связывание со входящим документом № 17 ЭД "Сведения о поступивших от юридических лиц платежах" № 14 ID= 1000224841. 
2024.05.23 16:46:42, Добавление строки. Связывание со входящим документом № 17 ЭД "Сведения о поступивших от юридических лиц платежах" № 14 ID= 1000224841. 
2024.05.23 16:47:02, Добавление строки. Связывание со входящим документом № 17 ЭД "Сведения о поступивших от юридических лиц платежах" № 14 ID= 1000224841. 
2024.05.23 16:47:21, Добавление строки. Связывание со входящим документом № 17 ЭД "Сведения о поступивших от юридических лиц платежах" № 14 ID= 1000224841. 
2024.05.23 16:47:40, Добавление строки. Связывание со входящим документом № 17 ЭД "Сведения о поступивших от юридических лиц платежах" № 14 ID= 1000224841. 
2024.05.23 16:47:59, Добавление строки. Связывание со входящим документом № 17 ЭД "Сведения о поступивших от юридических лиц платежах" № 14 ID= 1000224841. 
2024.05.23 16:48:18, Добавление строки. Связывание со входящим документом № 17 ЭД "Сведения о поступивших от юридических лиц платежах" № 14 ID= 1000224841. 
2024.05.23 16:48:37, Добавление строки. Связывание со входящим документом № 17 ЭД "Сведения о поступивших от юридических лиц платежах" № 14 ID= 1000224841. 
2024.05.23 16:48:57, Добавление строки. Связывание со входящим документом № 17 ЭД "Сведения о поступивших от юридических лиц платежах" № 14 ID= 1000224841. 
2024.05.23 16:49:19, Добавление строки. Связывание со входящим документом № 17 ЭД "Сведения о поступивших от юридических лиц платежах" № 14 ID= 1000224841. 
2024.05.23 16:49:39, Добавление строки. Связывание со входящим документом № 17 ЭД "Сведения о поступивших от юридических лиц платежах" № 14 ID= 1000224841. 
2024.05.23 16:49:58, Добавление строки. Связывание со входящим документом № 17 ЭД "Сведения о поступивших от юридических лиц платежах" № 14 ID= 1000224841. 
2024.05.23 16:50:19, Добавление строки. Связывание со входящим документом № 17 ЭД "Сведения о поступивших от юридических лиц платежах" № 14 ID= 1000224841. 
2024.05.23 16:50:38, Добавление строки. Связывание со входящим документом № 17 ЭД "Сведения о поступивших от юридических лиц платежах" № 14 ID= 1000224841. 
2024.05.23 16:50:57, Добавление строки. Связывание со входящим документом № 17 ЭД "Сведения о поступивших от юридических лиц платежах" № 14 ID= 1000224841. 
2024.05.23 16:51:17, Добавление строки. Связывание со входящим документом № 17 ЭД "Сведения о поступивших от юридических лиц платежах" № 14 ID= 1000224841. 
2024.05.23 16:51:37, Добавление строки. Связывание со входящим документом № 17 ЭД "Сведения о поступивших от юридических лиц платежах" № 14 ID= 1000224841. 
2024.05.23 16:51:56, Добавление строки. Связывание со входящим документом № 17 ЭД "Сведения о поступивших от юридических лиц платежах" № 14 ID= 1000224841. 
2024.05.23 16:52:15, Добавление строки. Связывание со входящим документом № 17 ЭД "Сведения о поступивших от юридических лиц платежах" № 14 ID= 1000224841. 
2024.05.23 16:52:35, Добавление строки. Связывание со входящим документом № 17 ЭД "Сведения о поступивших от юридических лиц платежах" № 14 ID= 1000224841. 
2024.05.23 16:52:54, Добавление строки. Связывание со входящим документом № 17 ЭД "Сведения о поступивших от юридических лиц платежах" № 14 ID= 1000224841. 
2024.05.23 16:53:13, Добавление строки. Связывание со входящим документом № 17 ЭД "Сведения о поступивших от юридических лиц платежах" № 14 ID= 1000224841. 
2024.05.23 16:53:33, Добавление строки. Связывание со входящим документом № 17 ЭД "Сведения о поступивших от юридических лиц платежах" № 14 ID= 1000224841. 
2024.05.23 16:53:52, Добавление строки. Связывание со входящим документом № 17 ЭД "Сведения о поступивших от юридических лиц платежах" № 14 ID= 1000224841. 
2024.05.23 16:54:12, Добавление строки. Связывание со входящим документом № 17 ЭД "Сведения о поступивших от юридических лиц платежах" № 14 ID= 1000224841. 
2024.05.23 16:54:31, Добавление строки. Связывание со входящим документом № 17 ЭД "Сведения о поступивших от юридических лиц платежах" № 14 ID= 1000224841. 
2024.05.23 16:54:53, Добавление строки. Связывание со входящим документом № 17 ЭД "Сведения о поступивших от юридических лиц платежах" № 14 ID= 1000224841. 
2024.05.23 16:55:13, Добавление строки. Связывание со входящим документом № 17 ЭД "Сведения о поступивших от юридических лиц платежах" № 14 ID= 1000224841. 
2024.05.23 16:55:33, Добавление строки. Связывание со входящим документом № 17 ЭД "Сведения о поступивших от юридических лиц платежах" № 14 ID= 1000224841. 
2024.05.23 16:55:56, Добавление строки. Связывание со входящим документом № 17 ЭД "Сведения о поступивших от юридических лиц платежах" № 14 ID= 1000224841. 
2024.05.23 16:56:15, Добавление строки. Связывание со входящим документом № 17 ЭД "Сведения о поступивших от юридических лиц платежах" № 14 ID= 1000224841. 
2024.05.23 16:56:35, Добавление строки. Связывание со входящим документом № 17 ЭД "Сведения о поступивших от юридических лиц платежах" № 14 ID= 1000224841. 
2024.05.23 16:56:54, Добавление строки. Связывание со входящим документом № 17 ЭД "Сведения о поступивших от юридических лиц платежах" № 14 ID= 1000224841. 
2024.05.23 16:57:13, Добавление строки. Связывание со входящим документом № 17 ЭД "Сведения о поступивших от юридических лиц платежах" № 14 ID= 1000224841. 
2024.05.23 16:57:33, Добавление строки. Связывание со входящим документом № 17 ЭД "Сведения о поступивших от юридических лиц платежах" № 14 ID= 1000224841. 
2024.05.23 16:57:52, Добавление строки. Связывание со входящим документом № 17 ЭД "Сведения о поступивших от юридических лиц платежах" № 14 ID= 1000224841. 
2024.05.23 16:58:11, Добавление строки. Связывание со входящим документом № 17 ЭД "Сведения о поступивших от юридических лиц платежах" № 14 ID= 1000224841. 
2024.05.23 16:58:31, Добавление строки. Связывание со входящим документом № 17 ЭД "Сведения о поступивших от юридических лиц платежах" № 14 ID= 1000224841. 
2024.05.23 16:58:51, Добавление строки. Связывание со входящим документом № 17 ЭД "Сведения о поступивших от юридических лиц платежах" № 14 ID= 1000224841. 
2024.05.23 16:59:09, Добавление строки. Связывание со входящим документом № 17 ЭД "Сведения о поступивших от юридических лиц платежах" № 14 ID= 1000224841. 
2024.05.23 16:59:28, Добавление строки. Связывание со входящим документом № 17 ЭД "Сведения о поступивших от юридических лиц платежах" № 14 ID= 1000224841. 
2024.05.23 16:59:47, Добавление строки. Связывание со входящим документом № 17 ЭД "Сведения о поступивших от юридических лиц платежах" № 14 ID= 1000224841. 
2024.05.23 17:00:07, Добавление строки. Связывание со входящим документом № 17 ЭД "Сведения о поступивших от юридических лиц платежах" № 14 ID= 1000224841. 
2024.05.23 17:00:27, Добавление строки. Связывание со входящим документом № 17 ЭД "Сведения о поступивших от юридических лиц платежах" № 14 ID= 1000224841. 
2024.05.23 17:00:46, Добавление строки. Связывание со входящим документом № 17 ЭД "Сведения о поступивших от юридических лиц платежах" № 14 ID= 1000224841. 
2024.05.23 17:01:07, Добавление строки. Связывание со входящим документом № 17 ЭД "Сведения о поступивших от юридических лиц платежах" № 14 ID= 1000224841. 
2024.05.23 17:01:27, Добавление строки. Связывание со входящим документом № 17 ЭД "Сведения о поступивших от юридических лиц платежах" № 14 ID= 1000224841. 
2024.05.23 17:01:46, Добавление строки. Связывание со входящим документом № 17 ЭД "Сведения о поступивших от юридических лиц платежах" № 14 ID= 1000224841. 
2024.05.23 17:02:04, Добавление строки. Связывание со входящим документом № 17 ЭД "Сведения о поступивших от юридических лиц платежах" № 14 ID= 1000224841. 
2024.05.23 17:02:23, Добавление строки. Связывание со входящим документом № 17 ЭД "Сведения о поступивших от юридических лиц платежах" № 14 ID= 1000224841. 
2024.05.23 17:02:43, Добавление строки. Связывание со входящим документом № 17 ЭД "Сведения о поступивших от юридических лиц платежах" № 14 ID= 1000224841. 
2024.05.23 17:03:02, Добавление строки. Связывание со входящим документом № 17 ЭД "Сведения о поступивших от юридических лиц платежах" № 14 ID= 1000224841. 
2024.05.23 17:03:20, Добавление строки. Связывание со входящим документом № 17 ЭД "Сведения о поступивших от юридических лиц платежах" № 14 ID= 1000224841. 
2024.05.23 17:03:40, Добавление строки. Связывание со входящим документом № 17 ЭД "Сведения о поступивших от юридических лиц платежах" № 14 ID= 1000224841. 
2024.05.23 17:04:00, Добавление строки. Связывание со входящим документом № 17 ЭД "Сведения о поступивших от юридических лиц платежах" № 14 ID= 1000224841. 
2024.05.23 17:04:18, Добавление строки. Связывание со входящим документом № 17 ЭД "Сведения о поступивших от юридических лиц платежах" № 14 ID= 1000224841. 
2024.05.23 17:04:37, Добавление строки. Связывание со входящим документом № 17 ЭД "Сведения о поступивших от юридических лиц платежах" № 14 ID= 1000224841. 
2024.05.23 17:04:56, Добавление строки. Связывание со входящим документом № 17 ЭД "Сведения о поступивших от юридических лиц платежах" № 14 ID= 1000224841. 
2024.05.23 17:05:15, Добавление строки. Связывание со входящим документом № 17 ЭД "Сведения о поступивших от юридических лиц платежах" № 14 ID= 1000224841. 
2024.05.23 17:05:34, Добавление строки. Связывание со входящим документом № 17 ЭД "Сведения о поступивших от юридических лиц платежах" № 14 ID= 1000224841. 
2024.05.23 17:05:53, Добавление строки. Связывание со входящим документом № 17 ЭД "Сведения о поступивших от юридических лиц платежах" № 14 ID= 1000224841. 
2024.05.23 17:06:11, Добавление строки. Связывание со входящим документом № 17 ЭД "Сведения о поступивших от юридических лиц платежах" № 14 ID= 1000224841. 
2024.05.23 17:06:30, Добавление строки. Связывание со входящим документом № 17 ЭД "Сведения о поступивших от юридических лиц платежах" № 14 ID= 1000224841. 
2024.05.23 17:06:55, Добавление строки. Связывание со входящим документом № 17 ЭД "Сведения о поступивших от юридических лиц платежах" № 14 ID= 1000224841. 
2024.05.23 17:07:15, Добавление строки. Связывание со входящим документом № 17 ЭД "Сведения о поступивших от юридических лиц платежах" № 14 ID= 1000224841. 
2024.05.23 17:07:35, Добавление строки. Связывание со входящим документом № 17 ЭД "Сведения о поступивших от юридических лиц платежах" № 14 ID= 1000224841. 
2024.05.23 17:07:55, Добавление строки. Связывание со входящим документом № 17 ЭД "Сведения о поступивших от юридических лиц платежах" № 14 ID= 1000224841. 
2024.05.23 17:08:15, Добавление строки. Связывание со входящим документом № 17 ЭД "Сведения о поступивших от юридических лиц платежах" № 14 ID= 1000224841. 
2024.05.23 17:08:36, Добавление строки. Связывание со входящим документом № 17 ЭД "Сведения о поступивших от юридических лиц платежах" № 14 ID= 1000224841. 
2024.05.23 17:08:56, Добавление строки. Связывание со входящим документом № 17 ЭД "Сведения о поступивших от юридических лиц платежах" № 14 ID= 1000224841. 
2024.05.23 17:09:16, Добавление строки. Связывание со входящим документом № 17 ЭД "Сведения о поступивших от юридических лиц платежах" № 14 ID= 1000224841. 
2024.05.23 17:09:38, Добавление строки. Связывание со входящим документом № 17 ЭД "Сведения о поступивших от юридических лиц платежах" № 14 ID= 1000224841. 
2024.05.23 17:10:02, Добавление строки. Связывание со входящим документом № 17 ЭД "Сведения о поступивших от юридических лиц платежах" № 14 ID= 1000224841. 
2024.05.23 17:10:22, Добавление строки. Связывание со входящим документом № 17 ЭД "Сведения о поступивших от юридических лиц платежах" № 14 ID= 1000224841. 
2024.05.23 17:10:41, Добавление строки. Связывание со входящим документом № 17 ЭД "Сведения о поступивших от юридических лиц платежах" № 14 ID= 1000224841. 
2024.05.23 17:11:04, Добавление строки. Связывание со входящим документом № 17 ЭД "Сведения о поступивших от юридических лиц платежах" № 14 ID= 1000224841. 
2024.05.23 17:11:26, Добавление строки. Связывание со входящим документом № 17 ЭД "Сведения о поступивших от юридических лиц платежах" № 14 ID= 1000224841. 
2024.05.23 17:11:47, Добавление строки. Связывание со входящим документом № 17 ЭД "Сведения о поступивших от юридических лиц платежах" № 14 ID= 1000224841. 
2024.05.23 17:12:07, Добавление строки. Связывание со входящим документом № 17 ЭД "Сведения о поступивших от юридических лиц платежах" № 14 ID= 1000224841. 
2024.05.23 17:12:27, Добавление строки. Связывание со входящим документом № 17 ЭД "Сведения о поступивших от юридических лиц платежах" № 14 ID= 1000224841. 
2024.05.23 17:12:46, Добавление строки. Связывание со входящим документом № 17 ЭД "Сведения о поступивших от юридических лиц платежах" № 14 ID= 1000224841. 
2024.05.23 17:13:05, Добавление строки. Связывание со входящим документом № 17 ЭД "Сведения о поступивших от юридических лиц платежах" № 14 ID= 1000224841. 
2024.05.23 17:13:25, Добавление строки. Связывание со входящим документом № 17 ЭД "Сведения о поступивших от юридических лиц платежах" № 14 ID= 1000224841. 
2024.05.23 17:13:44, Добавление строки. Связывание со входящим документом № 17 ЭД "Сведения о поступивших от юридических лиц платежах" № 14 ID= 1000224841. 
2024.05.23 17:14:03, Добавление строки. Связывание со входящим документом № 17 ЭД "Сведения о поступивших от юридических лиц платежах" № 14 ID= 1000224841. 
2024.05.23 17:14:22, Добавление строки. Связывание со входящим документом № 17 ЭД "Сведения о поступивших от юридических лиц платежах" № 14 ID= 1000224841. 
2024.05.23 17:14:41, Добавление строки. Связывание со входящим документом № 17 ЭД "Сведения о поступивших от юридических лиц платежах" № 14 ID= 1000224841. 
2024.05.23 17:15:00, Добавление строки. Связывание со входящим документом № 17 ЭД "Сведения о поступивших от юридических лиц платежах" № 14 ID= 1000224841. 
2024.05.23 17:15:19, Добавление строки. Связывание со входящим документом № 17 ЭД "Сведения о поступивших от юридических лиц платежах" № 14 ID= 1000224841. 
2024.05.23 17:15:38, Добавление строки. Связывание со входящим документом № 17 ЭД "Сведения о поступивших от юридических лиц платежах" № 14 ID= 1000224841. 
2024.05.23 17:15:57, Добавление строки. Связывание со входящим документом № 17 ЭД "Сведения о поступивших от юридических лиц платежах" № 14 ID= 1000224841. 
2024.05.23 17:16:16, Добавление строки. Связывание со входящим документом № 17 ЭД "Сведения о поступивших от юридических лиц платежах" № 14 ID= 1000224841. 
2024.05.23 17:16:35, Добавление строки. Связывание со входящим документом № 17 ЭД "Сведения о поступивших от юридических лиц платежах" № 14 ID= 1000224841. 
2024.05.23 17:16:56, Добавление строки. Связывание со входящим документом № 17 ЭД "Сведения о поступивших от юридических лиц платежах" № 14 ID= 1000224841. 
2024.05.23 17:17:16, Добавление строки. Связывание со входящим документом № 17 ЭД "Сведения о поступивших от юридических лиц платежах" № 14 ID= 1000224841. 
2024.05.23 17:17:37, Добавление строки. Связывание со входящим документом № 17 ЭД "Сведения о поступивших от юридических лиц платежах" № 14 ID= 1000224841. 
2024.05.23 17:17:56, Добавление строки. Связывание со входящим документом № 17 ЭД "Сведения о поступивших от юридических лиц платежах" № 14 ID= 1000224841. 
2024.05.23 17:18:17, Добавление строки. Связывание со входящим документом № 17 ЭД "Сведения о поступивших от юридических лиц платежах" № 14 ID= 1000224841. 
2024.05.23 17:18:37, Добавление строки. Связывание со входящим документом № 17 ЭД "Сведения о поступивших от юридических лиц платежах" № 14 ID= 1000224841. 
2024.05.23 17:18:56, Добавление строки. Связывание со входящим документом № 17 ЭД "Сведения о поступивших от юридических лиц платежах" № 14 ID= 1000224841. 
2024.05.23 17:19:16, Добавление строки. Связывание со входящим документом № 17 ЭД "Сведения о поступивших от юридических лиц платежах" № 14 ID= 1000224841. 
2024.05.23 17:19:35, Добавление строки. Связывание со входящим документом № 17 ЭД "Сведения о поступивших от юридических лиц платежах" № 14 ID= 1000224841. 
2024.05.23 17:19:55, Добавление строки. Связывание со входящим документом № 17 ЭД "Сведения о поступивших от юридических лиц платежах" № 14 ID= 1000224841. 
2024.05.23 17:20:14, Добавление строки. Связывание со входящим документом № 17 ЭД "Сведения о поступивших от юридических лиц платежах" № 14 ID= 1000224841. 
2024.05.23 17:20:33, Добавление строки. Связывание со входящим документом № 17 ЭД "Сведения о поступивших от юридических лиц платежах" № 14 ID= 1000224841. 
2024.05.23 17:20:55, Добавление строки. Связывание со входящим документом № 17 ЭД "Сведения о поступивших от юридических лиц платежах" № 14 ID= 1000224841. 
2024.05.23 17:21:17, Добавление строки. Связывание со входящим документом № 17 ЭД "Сведения о поступивших от юридических лиц платежах" № 14 ID= 1000224841. 
2024.05.23 17:21:38, Добавление строки. Связывание со входящим документом № 17 ЭД "Сведения о поступивших от юридических лиц платежах" № 14 ID= 1000224841. 
2024.05.23 17:21:59, Добавление строки. Связывание со входящим документом № 17 ЭД "Сведения о поступивших от юридических лиц платежах" № 14 ID= 1000224841. 
2024.05.23 17:22:21, Добавление строки. Связывание со входящим документом № 17 ЭД "Сведения о поступивших от юридических лиц платежах" № 14 ID= 1000224841. 
2024.05.23 17:22:46, Добавление строки. Связывание со входящим документом № 17 ЭД "Сведения о поступивших от юридических лиц платежах" № 14 ID= 1000224841. 
2024.05.23 17:23:08, Добавление строки. Связывание со входящим документом № 17 ЭД "Сведения о поступивших от юридических лиц платежах" № 14 ID= 1000224841. 
2024.05.23 17:23:31, Добавление строки. Связывание со входящим документом № 17 ЭД "Сведения о поступивших от юридических лиц платежах" № 14 ID= 1000224841. 
2024.05.23 17:23:52, Добавление строки. Связывание со входящим документом № 17 ЭД "Сведения о поступивших от юридических лиц платежах" № 14 ID= 1000224841. 
2024.05.23 17:24:15, Добавление строки. Связывание со входящим документом № 17 ЭД "Сведения о поступивших от юридических лиц платежах" № 14 ID= 1000224841. 
2024.05.23 17:24:36, Добавление строки. Связывание со входящим документом № 17 ЭД "Сведения о поступивших от юридических лиц платежах" № 14 ID= 1000224841. 
2024.05.23 17:24:58, Добавление строки. Связывание со входящим документом № 17 ЭД "Сведения о поступивших от юридических лиц платежах" № 14 ID= 1000224841. 
2024.05.23 17:25:19, Добавление строки. Связывание со входящим документом № 17 ЭД "Сведения о поступивших от юридических лиц платежах" № 14 ID= 1000224841. 
2024.05.23 17:25:41, Добавление строки. Связывание со входящим документом № 17 ЭД "Сведения о поступивших от юридических лиц платежах" № 14 ID= 1000224841. 
2024.05.23 17:26:02, Добавление строки. Связывание со входящим документом № 17 ЭД "Сведения о поступивших от юридических лиц платежах" № 14 ID= 1000224841. 
2024.05.23 17:26:24, Добавление строки. Связывание со входящим документом № 17 ЭД "Сведения о поступивших от юридических лиц платежах" № 14 ID= 1000224841. 
2024.05.23 17:26:46, Добавление строки. Связывание со входящим документом № 17 ЭД "Сведения о поступивших от юридических лиц платежах" № 14 ID= 1000224841. 
2024.05.23 17:27:08, Добавление строки. Связывание со входящим документом № 17 ЭД "Сведения о поступивших от юридических лиц платежах" № 14 ID= 1000224841. 
2024.05.23 17:27:32, Добавление строки. Связывание со входящим документом № 17 ЭД "Сведения о поступивших от юридических лиц платежах" № 14 ID= 1000224841. 
2024.05.23 17:27:54, Добавление строки. Связывание со входящим документом № 17 ЭД "Сведения о поступивших от юридических лиц платежах" № 14 ID= 1000224841. 
2024.05.23 17:28:16, Добавление строки. Связывание со входящим документом № 17 ЭД "Сведения о поступивших от юридических лиц платежах" № 14 ID= 1000224841. 
2024.05.23 17:28:37, Добавление строки. Связывание со входящим документом № 17 ЭД "Сведения о поступивших от юридических лиц платежах" № 14 ID= 1000224841. 
2024.05.23 17:28:59, Добавление строки. Связывание со входящим документом № 17 ЭД "Сведения о поступивших от юридических лиц платежах" № 14 ID= 1000224841. 
2024.05.23 17:29:21, Добавление строки. Связывание со входящим документом № 17 ЭД "Сведения о поступивших от юридических лиц платежах" № 14 ID= 1000224841. 
2024.05.23 17:29:43, Добавление строки. Связывание со входящим документом № 17 ЭД "Сведения о поступивших от юридических лиц платежах" № 14 ID= 1000224841. 
2024.05.23 17:30:06, Добавление строки. Связывание со входящим документом № 17 ЭД "Сведения о поступивших от юридических лиц платежах" № 14 ID= 1000224841. 
2024.05.23 17:30:27, Добавление строки. Связывание со входящим документом № 17 ЭД "Сведения о поступивших от юридических лиц платежах" № 14 ID= 1000224841. 
2024.05.23 17:30:50, Добавление строки. Связывание со входящим документом № 17 ЭД "Сведения о поступивших от юридических лиц платежах" № 14 ID= 1000224841. 
2024.05.23 17:31:19, Добавление строки. Связывание со входящим документом № 17 ЭД "Сведения о поступивших от юридических лиц платежах" № 14 ID= 1000224841. 
2024.05.23 17:31:44, Добавление строки. Связывание со входящим документом № 17 ЭД "Сведения о поступивших от юридических лиц платежах" № 14 ID= 1000224841. 
2024.05.23 17:32:05, Добавление строки. Связывание со входящим документом № 17 ЭД "Сведения о поступивших от юридических лиц платежах" № 14 ID= 1000224841. 
2024.05.23 17:32:26, Добавление строки. Связывание со входящим документом № 17 ЭД "Сведения о поступивших от юридических лиц платежах" № 14 ID= 1000224841. 
2024.05.23 17:32:48, Добавление строки. Связывание со входящим документом № 17 ЭД "Сведения о поступивших от юридических лиц платежах" № 14 ID= 1000224841. 
2024.05.23 17:33:09, Добавление строки. Связывание со входящим документом № 17 ЭД "Сведения о поступивших от юридических лиц платежах" № 14 ID= 1000224841. 
2024.05.23 17:33:30, Добавление строки. Связывание со входящим документом № 17 ЭД "Сведения о поступивших от юридических лиц платежах" № 14 ID= 1000224841. 
2024.05.23 17:33:52, Добавление строки. Связывание со входящим документом № 17 ЭД "Сведения о поступивших от юридических лиц платежах" № 14 ID= 1000224841. 
2024.05.23 17:34:13, Добавление строки. Связывание со входящим документом № 17 ЭД "Сведения о поступивших от юридических лиц платежах" № 14 ID= 1000224841. 
2024.05.23 17:34:35, Добавление строки. Связывание со входящим документом № 17 ЭД "Сведения о поступивших от юридических лиц платежах" № 14 ID= 1000224841. 
2024.05.23 17:34:57, Добавление строки. Связывание со входящим документом № 17 ЭД "Сведения о поступивших от юридических лиц платежах" № 14 ID= 1000224841. 
2024.05.23 17:35:19, Добавление строки. Связывание со входящим документом № 17 ЭД "Сведения о поступивших от юридических лиц платежах" № 14 ID= 1000224841. 
2024.05.23 17:35:43, Добавление строки. Связывание со входящим документом № 17 ЭД "Сведения о поступивших от юридических лиц платежах" № 14 ID= 1000224841. 
2024.05.23 17:36:07, Добавление строки. Связывание со входящим документом № 17 ЭД "Сведения о поступивших от юридических лиц платежах" № 14 ID= 1000224841. 
2024.05.23 17:36:29, Добавление строки. Связывание со входящим документом № 17 ЭД "Сведения о поступивших от юридических лиц платежах" № 14 ID= 1000224841. 
2024.05.23 17:36:52, Добавление строки. Связывание со входящим документом № 17 ЭД "Сведения о поступивших от юридических лиц платежах" № 14 ID= 1000224841. 
2024.05.23 17:37:14, Добавление строки. Связывание со входящим документом № 17 ЭД "Сведения о поступивших от юридических лиц платежах" № 14 ID= 1000224841. 
2024.05.23 17:37:36, Добавление строки. Связывание со входящим документом № 17 ЭД "Сведения о поступивших от юридических лиц платежах" № 14 ID= 1000224841. 
2024.05.23 17:37:58, Добавление строки. Связывание со входящим документом № 17 ЭД "Сведения о поступивших от юридических лиц платежах" № 14 ID= 1000224841. 
2024.05.23 17:38:19, Добавление строки. Связывание со входящим документом № 17 ЭД "Сведения о поступивших от юридических лиц платежах" № 14 ID= 1000224841. 
2024.05.23 17:38:41, Добавление строки. Связывание со входящим документом № 17 ЭД "Сведения о поступивших от юридических лиц платежах" № 14 ID= 1000224841. 
2024.05.23 17:39:03, Добавление строки. Связывание со входящим документом № 17 ЭД "Сведения о поступивших от юридических лиц платежах" № 14 ID= 1000224841. 
2024.05.23 17:39:25, Добавление строки. Связывание со входящим документом № 17 ЭД "Сведения о поступивших от юридических лиц платежах" № 14 ID= 1000224841. 
2024.05.23 17:39:48, Добавление строки. Связывание со входящим документом № 17 ЭД "Сведения о поступивших от юридических лиц платежах" № 14 ID= 1000224841. 
2024.05.23 17:40:11, Добавление строки. Связывание со входящим документом № 17 ЭД "Сведения о поступивших от юридических лиц платежах" № 14 ID= 1000224841. 
2024.05.23 17:40:35, Добавление строки. Связывание со входящим документом № 17 ЭД "Сведения о поступивших от юридических лиц платежах" № 14 ID= 1000224841. 
2024.05.23 17:40:58, Добавление строки. Связывание со входящим документом № 17 ЭД "Сведения о поступивших от юридических лиц платежах" № 14 ID= 1000224841. 
2024.05.23 17:41:21, Добавление строки. Связывание со входящим документом № 17 ЭД "Сведения о поступивших от юридических лиц платежах" № 14 ID= 1000224841. 
2024.05.23 17:41:43, Добавление строки. Связывание со входящим документом № 17 ЭД "Сведения о поступивших от юридических лиц платежах" № 14 ID= 1000224841. 
2024.05.23 17:42:05, Добавление строки. Связывание со входящим документом № 17 ЭД "Сведения о поступивших от юридических лиц платежах" № 14 ID= 1000224841. 
2024.05.23 17:42:27, Добавление строки. Связывание со входящим документом № 17 ЭД "Сведения о поступивших от юридических лиц платежах" № 14 ID= 1000224841. 
2024.05.23 17:42:49, Добавление строки. Связывание со входящим документом № 17 ЭД "Сведения о поступивших от юридических лиц платежах" № 14 ID= 1000224841. 
2024.05.23 17:43:11, Добавление строки. Связывание со входящим документом № 17 ЭД "Сведения о поступивших от юридических лиц платежах" № 14 ID= 1000224841. 
2024.05.23 17:43:34, Добавление строки. Связывание со входящим документом № 17 ЭД "Сведения о поступивших от юридических лиц платежах" № 14 ID= 1000224841. 
2024.05.23 17:43:55, Добавление строки. Связывание со входящим документом № 17 ЭД "Сведения о поступивших от юридических лиц платежах" № 14 ID= 1000224841. 
2024.05.23 17:44:17, Добавление строки. Связывание со входящим документом № 17 ЭД "Сведения о поступивших от юридических лиц платежах" № 14 ID= 1000224841. 
2024.05.23 17:44:39, Добавление строки. Связывание со входящим документом № 17 ЭД "Сведения о поступивших от юридических лиц платежах" № 14 ID= 1000224841. 
2024.05.23 17:45:01, Добавление строки. Связывание со входящим документом № 17 ЭД "Сведения о поступивших от юридических лиц платежах" № 14 ID= 1000224841. 
2024.05.23 17:45:23, Добавление строки. Связывание со входящим документом № 17 ЭД "Сведения о поступивших от юридических лиц платежах" № 14 ID= 1000224841. 
2024.05.23 17:45:47, Добавление строки. Связывание со входящим документом № 17 ЭД "Сведения о поступивших от юридических лиц платежах" № 14 ID= 1000224841. 
2024.05.23 17:46:09, Добавление строки. Связывание со входящим документом № 17 ЭД "Сведения о поступивших от юридических лиц платежах" № 14 ID= 1000224841. 
2024.05.23 17:46:30, Добавление строки. Связывание со входящим документом № 17 ЭД "Сведения о поступивших от юридических лиц платежах" № 14 ID= 1000224841. 
2024.05.23 17:46:54, Добавление строки. Связывание со входящим документом № 17 ЭД "Сведения о поступивших от юридических лиц платежах" № 14 ID= 1000224841. 
2024.05.23 17:47:15, Добавление строки. Связывание со входящим документом № 17 ЭД "Сведения о поступивших от юридических лиц платежах" № 14 ID= 1000224841. 
2024.05.23 17:47:38, Добавление строки. Связывание со входящим документом № 17 ЭД "Сведения о поступивших от юридических лиц платежах" № 14 ID= 1000224841. 
2024.05.23 17:48:00, Добавление строки. Связывание со входящим документом № 17 ЭД "Сведения о поступивших от юридических лиц платежах" № 14 ID= 1000224841. 
2024.05.23 17:48:22, Добавление строки. Связывание со входящим документом № 17 ЭД "Сведения о поступивших от юридических лиц платежах" № 14 ID= 1000224841. 
2024.05.23 17:48:44, Добавление строки. Связывание со входящим документом № 17 ЭД "Сведения о поступивших от юридических лиц платежах" № 14 ID= 1000224841. 
2024.05.23 17:49:06, Добавление строки. Связывание со входящим документом № 17 ЭД "Сведения о поступивших от юридических лиц платежах" № 14 ID= 1000224841. 
2024.05.23 17:49:27, Добавление строки. Связывание со входящим документом № 17 ЭД "Сведения о поступивших от юридических лиц платежах" № 14 ID= 1000224841. 
2024.05.23 17:49:48, Добавление строки. Связывание со входящим документом № 17 ЭД "Сведения о поступивших от юридических лиц платежах" № 14 ID= 1000224841. 
2024.05.23 17:50:10, Добавление строки. Связывание со входящим документом № 17 ЭД "Сведения о поступивших от юридических лиц платежах" № 14 ID= 1000224841. 
2024.05.23 17:50:31, Добавление строки. Связывание со входящим документом № 17 ЭД "Сведения о поступивших от юридических лиц платежах" № 14 ID= 1000224841. 
2024.05.23 17:50:53, Добавление строки. Связывание со входящим документом № 17 ЭД "Сведения о поступивших от юридических лиц платежах" № 14 ID= 1000224841. 
2024.05.23 17:51:15, Добавление строки. Связывание со входящим документом № 17 ЭД "Сведения о поступивших от юридических лиц платежах" № 14 ID= 1000224841. 
2024.05.23 17:51:36, Добавление строки. Связывание со входящим документом № 17 ЭД "Сведения о поступивших от юридических лиц платежах" № 14 ID= 1000224841. 
2024.05.23 17:51:58, Добавление строки. Связывание со входящим документом № 17 ЭД "Сведения о поступивших от юридических лиц платежах" № 14 ID= 1000224841. 
2024.05.23 17:52:19, Добавление строки. Связывание со входящим документом № 17 ЭД "Сведения о поступивших от юридических лиц платежах" № 14 ID= 1000224841. 
2024.05.23 17:52:41, Добавление строки. Связывание со входящим документом № 17 ЭД "Сведения о поступивших от юридических лиц платежах" № 14 ID= 1000224841. 
2024.05.23 17:53:02, Добавление строки. Связывание со входящим документом № 17 ЭД "Сведения о поступивших от юридических лиц платежах" № 14 ID= 1000224841. 
2024.05.23 17:53:24, Добавление строки. Связывание со входящим документом № 17 ЭД "Сведения о поступивших от юридических лиц платежах" № 14 ID= 1000224841. 
2024.05.23 17:53:45, Добавление строки. Связывание со входящим документом № 17 ЭД "Сведения о поступивших от юридических лиц платежах" № 14 ID= 1000224841. 
2024.05.23 17:54:07, Добавление строки. Связывание со входящим документом № 17 ЭД "Сведения о поступивших от юридических лиц платежах" № 14 ID= 1000224841. 
2024.05.23 17:54:28, Добавление строки. Связывание со входящим документом № 17 ЭД "Сведения о поступивших от юридических лиц платежах" № 14 ID= 1000224841. 
2024.05.23 17:54:50, Добавление строки. Связывание со входящим документом № 17 ЭД "Сведения о поступивших от юридических лиц платежах" № 14 ID= 1000224841. 
2024.05.23 17:55:11, Добавление строки. Связывание со входящим документом № 17 ЭД "Сведения о поступивших от юридических лиц платежах" № 14 ID= 1000224841. 
2024.05.23 17:55:33, Добавление строки. Связывание со входящим документом № 17 ЭД "Сведения о поступивших от юридических лиц платежах" № 14 ID= 1000224841. 
2024.05.23 17:55:57, Добавление строки. Связывание со входящим документом № 17 ЭД "Сведения о поступивших от юридических лиц платежах" № 14 ID= 1000224841. 
2024.05.23 17:56:19, Добавление строки. Связывание со входящим документом № 17 ЭД "Сведения о поступивших от юридических лиц платежах" № 14 ID= 1000224841. 
2024.05.23 17:56:43, Добавление строки. Связывание со входящим документом № 17 ЭД "Сведения о поступивших от юридических лиц платежах" № 14 ID= 1000224841. 
2024.05.23 17:57:05, Добавление строки. Связывание со входящим документом № 17 ЭД "Сведения о поступивших от юридических лиц платежах" № 14 ID= 1000224841. 
2024.05.23 17:57:27, Добавление строки. Связывание со входящим документом № 17 ЭД "Сведения о поступивших от юридических лиц платежах" № 14 ID= 1000224841. 
2024.05.23 17:57:49, Добавление строки. Связывание со входящим документом № 17 ЭД "Сведения о поступивших от юридических лиц платежах" № 14 ID= 1000224841. 
2024.05.23 17:58:10, Добавление строки. Связывание со входящим документом № 17 ЭД "Сведения о поступивших от юридических лиц платежах" № 14 ID= 1000224841. 
2024.05.23 17:58:31, Добавление строки. Связывание со входящим документом № 17 ЭД "Сведения о поступивших от юридических лиц платежах" № 14 ID= 1000224841. 
2024.05.23 17:58:52, Добавление строки. Связывание со входящим документом № 17 ЭД "Сведения о поступивших от юридических лиц платежах" № 14 ID= 1000224841. 
2024.05.23 17:59:14, Добавление строки. Связывание со входящим документом № 17 ЭД "Сведения о поступивших от юридических лиц платежах" № 14 ID= 1000224841. 
2024.05.23 17:59:35, Добавление строки. Связывание со входящим документом № 17 ЭД "Сведения о поступивших от юридических лиц платежах" № 14 ID= 1000224841. 
2024.05.23 17:59:56, Добавление строки. Связывание со входящим документом № 17 ЭД "Сведения о поступивших от юридических лиц платежах" № 14 ID= 1000224841. 
2024.05.23 18:00:18, Добавление строки. Связывание со входящим документом № 17 ЭД "Сведения о поступивших от юридических лиц платежах" № 14 ID= 1000224841. 
2024.05.23 18:00:39, Добавление строки. Связывание со входящим документом № 17 ЭД "Сведения о поступивших от юридических лиц платежах" № 14 ID= 1000224841. 
2024.05.23 18:01:00, Добавление строки. Связывание со входящим документом № 17 ЭД "Сведения о поступивших от юридических лиц платежах" № 14 ID= 1000224841. 
2024.05.23 18:01:22, Добавление строки. Связывание со входящим документом № 17 ЭД "Сведения о поступивших от юридических лиц платежах" № 14 ID= 1000224841. 
2024.05.23 18:01:44, Добавление строки. Связывание со входящим документом № 17 ЭД "Сведения о поступивших от юридических лиц платежах" № 14 ID= 1000224841. 
2024.05.23 18:02:05, Добавление строки. Связывание со входящим документом № 17 ЭД "Сведения о поступивших от юридических лиц платежах" № 14 ID= 1000224841. 
2024.05.23 18:02:26, Добавление строки. Связывание со входящим документом № 17 ЭД "Сведения о поступивших от юридических лиц платежах" № 14 ID= 1000224841. 
2024.05.23 18:02:48, Добавление строки. Связывание со входящим документом № 17 ЭД "Сведения о поступивших от юридических лиц платежах" № 14 ID= 1000224841. 
2024.05.23 18:03:09, Добавление строки. Связывание со входящим документом № 17 ЭД "Сведения о поступивших от юридических лиц платежах" № 14 ID= 1000224841. 
2024.05.23 18:03:30, Добавление строки. Связывание со входящим документом № 17 ЭД "Сведения о поступивших от юридических лиц платежах" № 14 ID= 1000224841. 
2024.05.23 18:03:51, Добавление строки. Связывание со входящим документом № 17 ЭД "Сведения о поступивших от юридических лиц платежах" № 14 ID= 1000224841. 
2024.05.23 18:04:13, Добавление строки. Связывание со входящим документом № 17 ЭД "Сведения о поступивших от юридических лиц платежах" № 14 ID= 1000224841. 
2024.05.23 18:04:34, Добавление строки. Связывание со входящим документом № 17 ЭД "Сведения о поступивших от юридических лиц платежах" № 14 ID= 1000224841. 
2024.05.23 18:04:55, Добавление строки. Связывание со входящим документом № 17 ЭД "Сведения о поступивших от юридических лиц платежах" № 14 ID= 1000224841. 
2024.05.23 18:05:16, Добавление строки. Связывание со входящим документом № 17 ЭД "Сведения о поступивших от юридических лиц платежах" № 14 ID= 1000224841. 
2024.05.23 18:05:37, Добавление строки. Связывание со входящим документом № 17 ЭД "Сведения о поступивших от юридических лиц платежах" № 14 ID= 1000224841. 
2024.05.23 18:05:59, Добавление строки. Связывание со входящим документом № 17 ЭД "Сведения о поступивших от юридических лиц платежах" № 14 ID= 1000224841. 
2024.05.23 18:06:20, Добавление строки. Связывание со входящим документом № 17 ЭД "Сведения о поступивших от юридических лиц платежах" № 14 ID= 1000224841. 
2024.05.23 18:06:41, Добавление строки. Связывание со входящим документом № 17 ЭД "Сведения о поступивших от юридических лиц платежах" № 14 ID= 1000224841. 
2024.05.23 18:07:02, Добавление строки. Связывание со входящим документом № 17 ЭД "Сведения о поступивших от юридических лиц платежах" № 14 ID= 1000224841. 
2024.05.23 18:07:24, Добавление строки. Связывание со входящим документом № 17 ЭД "Сведения о поступивших от юридических лиц платежах" № 14 ID= 1000224841. 
2024.05.23 18:07:45, Добавление строки. Связывание со входящим документом № 17 ЭД "Сведения о поступивших от юридических лиц платежах" № 14 ID= 1000224841. 
2024.05.23 18:08:06, Добавление строки. Связывание со входящим документом № 17 ЭД "Сведения о поступивших от юридических лиц платежах" № 14 ID= 1000224841. 
2024.05.23 18:08:27, Добавление строки. Связывание со входящим документом № 17 ЭД "Сведения о поступивших от юридических лиц платежах" № 14 ID= 1000224841. 
2024.05.23 18:08:49, Добавление строки. Связывание со входящим документом № 17 ЭД "Сведения о поступивших от юридических лиц платежах" № 14 ID= 1000224841. 
2024.05.23 18:09:10, Добавление строки. Связывание со входящим документом № 17 ЭД "Сведения о поступивших от юридических лиц платежах" № 14 ID= 1000224841. 
2024.05.23 18:09:31, Добавление строки. Связывание со входящим документом № 17 ЭД "Сведения о поступивших от юридических лиц платежах" № 14 ID= 1000224841. 
2024.05.23 18:09:52, Добавление строки. Связывание со входящим документом № 17 ЭД "Сведения о поступивших от юридических лиц платежах" № 14 ID= 1000224841. 
2024.05.23 18:10:14, Добавление строки. Связывание со входящим документом № 17 ЭД "Сведения о поступивших от юридических лиц платежах" № 14 ID= 1000224841. 
2024.05.23 18:10:35, Добавление строки. Связывание со входящим документом № 17 ЭД "Сведения о поступивших от юридических лиц платежах" № 14 ID= 1000224841. 
2024.05.23 18:10:56, Добавление строки. Связывание со входящим документом № 17 ЭД "Сведения о поступивших от юридических лиц платежах" № 14 ID= 1000224841. 
2024.05.23 18:11:17, Добавление строки. Связывание со входящим документом № 17 ЭД "Сведения о поступивших от юридических лиц платежах" № 14 ID= 1000224841. 
2024.05.23 18:11:39, Добавление строки. Связывание со входящим документом № 17 ЭД "Сведения о поступивших от юридических лиц платежах" № 14 ID= 1000224841. 
2024.05.23 18:12:00, Добавление строки. Связывание со входящим документом № 17 ЭД "Сведения о поступивших от юридических лиц платежах" № 14 ID= 1000224841. 
2024.05.23 18:12:21, Добавление строки. Связывание со входящим документом № 17 ЭД "Сведения о поступивших от юридических лиц платежах" № 14 ID= 1000224841. 
2024.05.23 18:12:42, Добавление строки. Связывание со входящим документом № 17 ЭД "Сведения о поступивших от юридических лиц платежах" № 14 ID= 1000224841. 
2024.05.23 18:13:04, Добавление строки. Связывание со входящим документом № 17 ЭД "Сведения о поступивших от юридических лиц платежах" № 14 ID= 1000224841. 
2024.05.23 18:13:25, Добавление строки. Связывание со входящим документом № 17 ЭД "Сведения о поступивших от юридических лиц платежах" № 14 ID= 1000224841. 
2024.05.23 18:13:46, Добавление строки. Связывание со входящим документом № 17 ЭД "Сведения о поступивших от юридических лиц платежах" № 14 ID= 1000224841. 
2024.05.23 18:14:07, Добавление строки. Связывание со входящим документом № 17 ЭД "Сведения о поступивших от юридических лиц платежах" № 14 ID= 1000224841. 
2024.05.23 18:14:29, Добавление строки. Связывание со входящим документом № 17 ЭД "Сведения о поступивших от юридических лиц платежах" № 14 ID= 1000224841. 
2024.05.23 18:14:50, Добавление строки. Связывание со входящим документом № 17 ЭД "Сведения о поступивших от юридических лиц платежах" № 14 ID= 1000224841. 
2024.05.23 18:15:11, Добавление строки. Связывание со входящим документом № 17 ЭД "Сведения о поступивших от юридических лиц платежах" № 14 ID= 1000224841. 
2024.05.23 18:15:32, Добавление строки. Связывание со входящим документом № 17 ЭД "Сведения о поступивших от юридических лиц платежах" № 14 ID= 1000224841. 
2024.05.23 18:15:54, Добавление строки. Связывание со входящим документом № 17 ЭД "Сведения о поступивших от юридических лиц платежах" № 14 ID= 1000224841. 
2024.05.23 18:16:15, Добавление строки. Связывание со входящим документом № 17 ЭД "Сведения о поступивших от юридических лиц платежах" № 14 ID= 1000224841. 
2024.05.23 18:16:36, Добавление строки. Связывание со входящим документом № 17 ЭД "Сведения о поступивших от юридических лиц платежах" № 14 ID= 1000224841. 
2024.05.23 18:16:57, Добавление строки. Связывание со входящим документом № 17 ЭД "Сведения о поступивших от юридических лиц платежах" № 14 ID= 1000224841. 
2024.05.23 18:17:18, Добавление строки. Связывание со входящим документом № 17 ЭД "Сведения о поступивших от юридических лиц платежах" № 14 ID= 1000224841. 
2024.05.23 18:17:40, Добавление строки. Связывание со входящим документом № 17 ЭД "Сведения о поступивших от юридических лиц платежах" № 14 ID= 1000224841. 
2024.05.23 18:18:01, Добавление строки. Связывание со входящим документом № 17 ЭД "Сведения о поступивших от юридических лиц платежах" № 14 ID= 1000224841. 
2024.05.23 18:18:23, Добавление строки. Связывание со входящим документом № 17 ЭД "Сведения о поступивших от юридических лиц платежах" № 14 ID= 1000224841. 
2024.05.23 18:18:44, Добавление строки. Связывание со входящим документом № 17 ЭД "Сведения о поступивших от юридических лиц платежах" № 14 ID= 1000224841. 
2024.05.23 18:19:05, Добавление строки. Связывание со входящим документом № 17 ЭД "Сведения о поступивших от юридических лиц платежах" № 14 ID= 1000224841. 
2024.05.23 18:19:26, Добавление строки. Связывание со входящим документом № 17 ЭД "Сведения о поступивших от юридических лиц платежах" № 14 ID= 1000224841. 
2024.05.23 18:19:48, Добавление строки. Связывание со входящим документом № 17 ЭД "Сведения о поступивших от юридических лиц платежах" № 14 ID= 1000224841. 
2024.05.23 18:20:09, Добавление строки. Связывание со входящим документом № 17 ЭД "Сведения о поступивших от юридических лиц платежах" № 14 ID= 1000224841. 
2024.05.23 18:20:30, Добавление строки. Связывание со входящим документом № 17 ЭД "Сведения о поступивших от юридических лиц платежах" № 14 ID= 1000224841. 
2024.05.23 18:20:52, Добавление строки. Связывание со входящим документом № 17 ЭД "Сведения о поступивших от юридических лиц платежах" № 14 ID= 1000224841. 
2024.05.23 18:21:13, Добавление строки. Связывание со входящим документом № 17 ЭД "Сведения о поступивших от юридических лиц платежах" № 14 ID= 1000224841. 
2024.05.23 18:21:34, Добавление строки. Связывание со входящим документом № 17 ЭД "Сведения о поступивших от юридических лиц платежах" № 14 ID= 1000224841. 
2024.05.23 18:21:55, Добавление строки. Связывание со входящим документом № 17 ЭД "Сведения о поступивших от юридических лиц платежах" № 14 ID= 1000224841. 
2024.05.23 18:22:17, Добавление строки. Связывание со входящим документом № 17 ЭД "Сведения о поступивших от юридических лиц платежах" № 14 ID= 1000224841. 
2024.05.23 18:22:38, Добавление строки. Связывание со входящим документом № 17 ЭД "Сведения о поступивших от юридических лиц платежах" № 14 ID= 1000224841. 
2024.05.23 18:23:00, Добавление строки. Связывание со входящим документом № 17 ЭД "Сведения о поступивших от юридических лиц платежах" № 14 ID= 1000224841. 
2024.05.23 18:23:21, Добавление строки. Связывание со входящим документом № 17 ЭД "Сведения о поступивших от юридических лиц платежах" № 14 ID= 1000224841. 
2024.05.23 18:23:42, Добавление строки. Связывание со входящим документом № 17 ЭД "Сведения о поступивших от юридических лиц платежах" № 14 ID= 1000224841. 
2024.05.23 18:24:04, Добавление строки. Связывание со входящим документом № 17 ЭД "Сведения о поступивших от юридических лиц платежах" № 14 ID= 1000224841. 
2024.05.23 18:24:25, Добавление строки. Связывание со входящим документом № 17 ЭД "Сведения о поступивших от юридических лиц платежах" № 14 ID= 1000224841. 
2024.05.23 18:24:46, Добавление строки. Связывание со входящим документом № 17 ЭД "Сведения о поступивших от юридических лиц платежах" № 14 ID= 1000224841. 
2024.05.23 18:25:08, Добавление строки. Связывание со входящим документом № 17 ЭД "Сведения о поступивших от юридических лиц платежах" № 14 ID= 1000224841. 
2024.05.23 18:25:29, Добавление строки. Связывание со входящим документом № 17 ЭД "Сведения о поступивших от юридических лиц платежах" № 14 ID= 1000224841. 
2024.05.23 18:25:50, Добавление строки. Связывание со входящим документом № 17 ЭД "Сведения о поступивших от юридических лиц платежах" № 14 ID= 1000224841. 
2024.05.23 18:26:12, Добавление строки. Связывание со входящим документом № 17 ЭД "Сведения о поступивших от юридических лиц платежах" № 14 ID= 1000224841. 
2024.05.23 18:26:33, Добавление строки. Связывание со входящим документом № 17 ЭД "Сведения о поступивших от юридических лиц платежах" № 14 ID= 1000224841. 
2024.05.23 18:26:54, Добавление строки. Связывание со входящим документом № 17 ЭД "Сведения о поступивших от юридических лиц платежах" № 14 ID= 1000224841. 
2024.05.23 18:27:15, Добавление строки. Связывание со входящим документом № 17 ЭД "Сведения о поступивших от юридических лиц платежах" № 14 ID= 1000224841. 
2024.05.23 18:27:37, Добавление строки. Связывание со входящим документом № 17 ЭД "Сведения о поступивших от юридических лиц платежах" № 14 ID= 1000224841. 
2024.05.23 18:27:58, Добавление строки. Связывание со входящим документом № 17 ЭД "Сведения о поступивших от юридических лиц платежах" № 14 ID= 1000224841. 
2024.05.23 18:28:20, Добавление строки. Связывание со входящим документом № 17 ЭД "Сведения о поступивших от юридических лиц платежах" № 14 ID= 1000224841. 
2024.05.23 18:28:41, Добавление строки. Связывание со входящим документом № 17 ЭД "Сведения о поступивших от юридических лиц платежах" № 14 ID= 1000224841. 
2024.05.23 18:29:02, Добавление строки. Связывание со входящим документом № 17 ЭД "Сведения о поступивших от юридических лиц платежах" № 14 ID= 1000224841. 
2024.05.23 18:29:24, Добавление строки. Связывание со входящим документом № 17 ЭД "Сведения о поступивших от юридических лиц платежах" № 14 ID= 1000224841. 
2024.05.23 18:29:45, Добавление строки. Связывание со входящим документом № 17 ЭД "Сведения о поступивших от юридических лиц платежах" № 14 ID= 1000224841. 
2024.05.23 18:30:06, Добавление строки. Связывание со входящим документом № 17 ЭД "Сведения о поступивших от юридических лиц платежах" № 14 ID= 1000224841. 
2024.05.23 18:30:28, Добавление строки. Связывание со входящим документом № 17 ЭД "Сведения о поступивших от юридических лиц платежах" № 14 ID= 1000224841. 
2024.05.23 18:30:49, Добавление строки. Связывание со входящим документом № 17 ЭД "Сведения о поступивших от юридических лиц платежах" № 14 ID= 1000224841. 
2024.05.23 18:31:10, Добавление строки. Связывание со входящим документом № 17 ЭД "Сведения о поступивших от юридических лиц платежах" № 14 ID= 1000224841. 
2024.05.23 18:31:32, Добавление строки. Связывание со входящим документом № 17 ЭД "Сведения о поступивших от юридических лиц платежах" № 14 ID= 1000224841. 
2024.05.23 18:31:53, Добавление строки. Связывание со входящим документом № 17 ЭД "Сведения о поступивших от юридических лиц платежах" № 14 ID= 1000224841. 
2024.05.23 18:32:14, Добавление строки. Связывание со входящим документом № 17 ЭД "Сведения о поступивших от юридических лиц платежах" № 14 ID= 1000224841. 
2024.05.23 18:32:36, Добавление строки. Связывание со входящим документом № 17 ЭД "Сведения о поступивших от юридических лиц платежах" № 14 ID= 1000224841. 
2024.05.23 18:32:57, Добавление строки. Связывание со входящим документом № 17 ЭД "Сведения о поступивших от юридических лиц платежах" № 14 ID= 1000224841. 
2024.05.23 18:33:18, Добавление строки. Связывание со входящим документом № 17 ЭД "Сведения о поступивших от юридических лиц платежах" № 14 ID= 1000224841. 
2024.05.23 18:33:40, Добавление строки. Связывание со входящим документом № 17 ЭД "Сведения о поступивших от юридических лиц платежах" № 14 ID= 1000224841. 
2024.05.23 18:34:01, Добавление строки. Связывание со входящим документом № 17 ЭД "Сведения о поступивших от юридических лиц платежах" № 14 ID= 1000224841. 
2024.05.23 18:34:22, Добавление строки. Связывание со входящим документом № 17 ЭД "Сведения о поступивших от юридических лиц платежах" № 14 ID= 1000224841. 
2024.05.23 18:34:44, Добавление строки. Связывание со входящим документом № 17 ЭД "Сведения о поступивших от юридических лиц платежах" № 14 ID= 1000224841. 
2024.05.23 18:35:05, Добавление строки. Связывание со входящим документом № 17 ЭД "Сведения о поступивших от юридических лиц платежах" № 14 ID= 1000224841. 
2024.05.23 18:35:27, Добавление строки. Связывание со входящим документом № 17 ЭД "Сведения о поступивших от юридических лиц платежах" № 14 ID= 1000224841. 
2024.05.23 18:35:48, Добавление строки. Связывание со входящим документом № 17 ЭД "Сведения о поступивших от юридических лиц платежах" № 14 ID= 1000224841. 
2024.05.23 18:36:10, Добавление строки. Связывание со входящим документом № 17 ЭД "Сведения о поступивших от юридических лиц платежах" № 14 ID= 1000224841. 
2024.05.23 18:36:31, Добавление строки. Связывание со входящим документом № 17 ЭД "Сведения о поступивших от юридических лиц платежах" № 14 ID= 1000224841. 
2024.05.23 18:36:53, Добавление строки. Связывание со входящим документом № 17 ЭД "Сведения о поступивших от юридических лиц платежах" № 14 ID= 1000224841. 
2024.05.23 18:37:14, Добавление строки. Связывание со входящим документом № 17 ЭД "Сведения о поступивших от юридических лиц платежах" № 14 ID= 1000224841. 
2024.05.23 18:37:36, Добавление строки. Связывание со входящим документом № 17 ЭД "Сведения о поступивших от юридических лиц платежах" № 14 ID= 1000224841. 
2024.05.23 18:37:57, Добавление строки. Связывание со входящим документом № 17 ЭД "Сведения о поступивших от юридических лиц платежах" № 14 ID= 1000224841. 
2024.05.23 18:38:18, Добавление строки. Связывание со входящим документом № 17 ЭД "Сведения о поступивших от юридических лиц платежах" № 14 ID= 1000224841. 
2024.05.23 18:38:40, Добавление строки. Связывание со входящим документом № 17 ЭД "Сведения о поступивших от юридических лиц платежах" № 14 ID= 1000224841. 
2024.05.23 18:39:01, Добавление строки. Связывание со входящим документом № 17 ЭД "Сведения о поступивших от юридических лиц платежах" № 14 ID= 1000224841. 
2024.05.23 18:39:22, Добавление строки. Связывание со входящим документом № 17 ЭД "Сведения о поступивших от юридических лиц платежах" № 14 ID= 1000224841. 
2024.05.23 18:39:44, Добавление строки. Связывание со входящим документом № 17 ЭД "Сведения о поступивших от юридических лиц платежах" № 14 ID= 1000224841. 
2024.05.23 18:40:05, Добавление строки. Связывание со входящим документом № 17 ЭД "Сведения о поступивших от юридических лиц платежах" № 14 ID= 1000224841. 
2024.05.23 18:40:27, Добавление строки. Связывание со входящим документом № 17 ЭД "Сведения о поступивших от юридических лиц платежах" № 14 ID= 1000224841. 
2024.05.23 18:40:48, Добавление строки. Связывание со входящим документом № 17 ЭД "Сведения о поступивших от юридических лиц платежах" № 14 ID= 1000224841. 
2024.05.23 18:41:10, Добавление строки. Связывание со входящим документом № 17 ЭД "Сведения о поступивших от юридических лиц платежах" № 14 ID= 1000224841. 
2024.05.23 18:41:31, Добавление строки. Связывание со входящим документом № 17 ЭД "Сведения о поступивших от юридических лиц платежах" № 14 ID= 1000224841. 
2024.05.23 18:41:53, Добавление строки. Связывание со входящим документом № 17 ЭД "Сведения о поступивших от юридических лиц платежах" № 14 ID= 1000224841. 
2024.05.23 18:42:14, Добавление строки. Связывание со входящим документом № 17 ЭД "Сведения о поступивших от юридических лиц платежах" № 14 ID= 1000224841. 
2024.05.23 18:42:35, Добавление строки. Связывание со входящим документом № 17 ЭД "Сведения о поступивших от юридических лиц платежах" № 14 ID= 1000224841. 
2024.05.23 18:42:57, Добавление строки. Связывание со входящим документом № 17 ЭД "Сведения о поступивших от юридических лиц платежах" № 14 ID= 1000224841. 
2024.05.23 18:43:18, Добавление строки. Связывание со входящим документом № 17 ЭД "Сведения о поступивших от юридических лиц платежах" № 14 ID= 1000224841. 
2024.05.23 18:43:40, Добавление строки. Связывание со входящим документом № 17 ЭД "Сведения о поступивших от юридических лиц платежах" № 14 ID= 1000224841. 
2024.05.23 18:44:01, Добавление строки. Связывание со входящим документом № 17 ЭД "Сведения о поступивших от юридических лиц платежах" № 14 ID= 1000224841. 
2024.05.23 18:44:23, Добавление строки. Связывание со входящим документом № 17 ЭД "Сведения о поступивших от юридических лиц платежах" № 14 ID= 1000224841. 
2024.05.23 18:44:44, Добавление строки. Связывание со входящим документом № 17 ЭД "Сведения о поступивших от юридических лиц платежах" № 14 ID= 1000224841. 
2024.05.23 18:45:05, Добавление строки. Связывание со входящим документом № 17 ЭД "Сведения о поступивших от юридических лиц платежах" № 14 ID= 1000224841. 
2024.05.23 18:45:27, Добавление строки. Связывание со входящим документом № 17 ЭД "Сведения о поступивших от юридических лиц платежах" № 14 ID= 1000224841. 
2024.05.23 18:45:48, Добавление строки. Связывание со входящим документом № 17 ЭД "Сведения о поступивших от юридических лиц платежах" № 14 ID= 1000224841. 
2024.05.23 18:46:10, Добавление строки. Связывание со входящим документом № 17 ЭД "Сведения о поступивших от юридических лиц платежах" № 14 ID= 1000224841. 
2024.05.23 18:46:31, Добавление строки. Связывание со входящим документом № 17 ЭД "Сведения о поступивших от юридических лиц платежах" № 14 ID= 1000224841. 
2024.05.23 18:46:53, Добавление строки. Связывание со входящим документом № 17 ЭД "Сведения о поступивших от юридических лиц платежах" № 14 ID= 1000224841. 
2024.05.23 18:47:14, Добавление строки. Связывание со входящим документом № 17 ЭД "Сведения о поступивших от юридических лиц платежах" № 14 ID= 1000224841. 
2024.05.23 18:47:36, Добавление строки. Связывание со входящим документом № 17 ЭД "Сведения о поступивших от юридических лиц платежах" № 14 ID= 1000224841. 
2024.05.23 18:47:58, Добавление строки. Связывание со входящим документом № 17 ЭД "Сведения о поступивших от юридических лиц платежах" № 14 ID= 1000224841. 
2024.05.23 18:48:19, Добавление строки. Связывание со входящим документом № 17 ЭД "Сведения о поступивших от юридических лиц платежах" № 14 ID= 1000224841. 
2024.05.23 18:48:41, Добавление строки. Связывание со входящим документом № 17 ЭД "Сведения о поступивших от юридических лиц платежах" № 14 ID= 1000224841. 
2024.05.23 18:49:02, Добавление строки. Связывание со входящим документом № 17 ЭД "Сведения о поступивших от юридических лиц платежах" № 14 ID= 1000224841. 
2024.05.23 18:49:23, Добавление строки. Связывание со входящим документом № 17 ЭД "Сведения о поступивших от юридических лиц платежах" № 14 ID= 1000224841. 
2024.05.23 18:49:45, Добавление строки. Связывание со входящим документом № 17 ЭД "Сведения о поступивших от юридических лиц платежах" № 14 ID= 1000224841. 
2024.05.23 18:50:06, Добавление строки. Связывание со входящим документом № 17 ЭД "Сведения о поступивших от юридических лиц платежах" № 14 ID= 1000224841. 
2024.05.23 18:50:28, Добавление строки. Связывание со входящим документом № 17 ЭД "Сведения о поступивших от юридических лиц платежах" № 14 ID= 1000224841. 
2024.05.23 18:50:49, Добавление строки. Связывание со входящим документом № 17 ЭД "Сведения о поступивших от юридических лиц платежах" № 14 ID= 1000224841. 
2024.05.23 18:51:11, Добавление строки. Связывание со входящим документом № 17 ЭД "Сведения о поступивших от юридических лиц платежах" № 14 ID= 1000224841. 
2024.05.23 18:51:32, Добавление строки. Связывание со входящим документом № 17 ЭД "Сведения о поступивших от юридических лиц платежах" № 14 ID= 1000224841. 
2024.05.23 18:51:54, Добавление строки. Связывание со входящим документом № 17 ЭД "Сведения о поступивших от юридических лиц платежах" № 14 ID= 1000224841. 
2024.05.23 18:52:15, Добавление строки. Связывание со входящим документом № 17 ЭД "Сведения о поступивших от юридических лиц платежах" № 14 ID= 1000224841. 
2024.05.23 18:52:37, Добавление строки. Связывание со входящим документом № 17 ЭД "Сведения о поступивших от юридических лиц платежах" № 14 ID= 1000224841. 
2024.05.23 18:52:58, Добавление строки. Связывание со входящим документом № 17 ЭД "Сведения о поступивших от юридических лиц платежах" № 14 ID= 1000224841. 
2024.05.23 18:53:20, Добавление строки. Связывание со входящим документом № 17 ЭД "Сведения о поступивших от юридических лиц платежах" № 14 ID= 1000224841. 
2024.05.23 18:53:42, Добавление строки. Связывание со входящим документом № 17 ЭД "Сведения о поступивших от юридических лиц платежах" № 14 ID= 1000224841. 
2024.05.23 18:54:04, Добавление строки. Связывание со входящим документом № 17 ЭД "Сведения о поступивших от юридических лиц платежах" № 14 ID= 1000224841. 
2024.05.23 18:54:04, Обработка входящего документа № 17, ЭД "Сведения о поступивших от юридических лиц платежах" № 14 ID = 1174862761. 
2024.05.23 18:55:01, В системе найден ЭД "Сведения о поступивших от юридических лиц платежах" №14 от 2024-05-14 на сумму 414101329.15, обработка завершена.
2024.05.23 18:55:01, Сформированы следующие входящие документы:
№17 от 2024-05-22 на статусе Обработка завершена;

2024.05.23 18:55:01, №14 от 2024-05-14 на статусе Обработка завершена;

